node=tycho58  gpus=2
[seed] global seed=0 deterministic=True
Stage1 arm=cnn_vmim_/n1_jitter/seed_s0 split_seed=42 init_seed=0
--> usable cores=4  num_workers=3
sigma floor for each parm: tensor([0.0100, 0.0100, 0.0100, 0.0100]) jitter for each parm {2: 0.1}
[MODE] pure VMIM from epoch 0.
[PHASE] pure VMIM begins at epoch 1: arming probe-based early stopping from here.
Epoch 001 [VMIM] LR:2.00e-04 | train -1.515665 | val -1.243946
  saved best-by-loss.
Epoch 002 [VMIM] LR:2.00e-04 | train -2.523346 | val -2.651901
  saved best-by-loss.
Epoch 003 [VMIM] LR:2.00e-04 | train -2.875067 | val -3.244792
  saved best-by-loss.
Epoch 004 [VMIM] LR:2.00e-04 | train -2.981999 | val -3.241121
Epoch 005 [VMIM] LR:2.00e-04 | train -3.175689 | val -3.048558
Epoch 006 [VMIM] LR:2.00e-04 | train -3.253116 | val -3.234713
Epoch 007 [VMIM] LR:2.00e-04 | train -3.403420 | val -3.886777
  saved best-by-loss.
Epoch 008 [VMIM] LR:2.00e-04 | train -3.440620 | val -3.595063
Epoch 009 [VMIM] LR:2.00e-04 | train -3.378927 | val -3.593175
Epoch 010 [VMIM] LR:2.00e-04 | train -3.492606 | val -3.628426
[RF R2]  t0:0.936 | t1:0.286 | t2:-0.106 | t3:0.753
[q sigma] t0:0.091 | t1:0.227 | t2:0.367 | t3:0.162   (prior sigma ~0.29; floor = head.sigma_floor)
  saved best-by-probe (mean R2 0.467, pure-VMIM).
Epoch 011 [VMIM] LR:2.00e-04 | train -3.616568 | val -4.278653
  saved best-by-loss.
Epoch 012 [VMIM] LR:2.00e-04 | train -3.727093 | val -4.070352
Epoch 013 [VMIM] LR:2.00e-04 | train -3.844988 | val -4.281637
  saved best-by-loss.
Epoch 014 [VMIM] LR:2.00e-04 | train -4.251649 | val -4.000537
Epoch 015 [VMIM] LR:2.00e-04 | train -4.365747 | val -5.119623
  saved best-by-loss.
Epoch 016 [VMIM] LR:2.00e-04 | train -4.614770 | val -5.190981
  saved best-by-loss.
Epoch 017 [VMIM] LR:2.00e-04 | train -4.557439 | val -4.965970
Epoch 018 [VMIM] LR:2.00e-04 | train -4.751189 | val -5.124016
Epoch 019 [VMIM] LR:2.00e-04 | train -4.842510 | val -5.344092
  saved best-by-loss.
Epoch 020 [VMIM] LR:2.00e-04 | train -4.856820 | val -4.657863
[RF R2]  t0:0.958 | t1:0.860 | t2:0.066 | t3:0.928
[q sigma] t0:0.059 | t1:0.124 | t2:0.330 | t3:0.083   (prior sigma ~0.29; floor = head.sigma_floor)
  saved best-by-probe (mean R2 0.703, pure-VMIM).
Epoch 021 [VMIM] LR:2.00e-04 | train -4.897883 | val -5.393235
  saved best-by-loss.
Epoch 022 [VMIM] LR:2.00e-04 | train -4.949756 | val -5.218646
Epoch 023 [VMIM] LR:2.00e-04 | train -5.140364 | val -5.501214
  saved best-by-loss.
Epoch 024 [VMIM] LR:2.00e-04 | train -5.087640 | val -4.819996
Epoch 025 [VMIM] LR:2.00e-04 | train -5.094269 | val -5.295716
Epoch 026 [VMIM] LR:2.00e-04 | train -5.244301 | val -5.874925
  saved best-by-loss.
Epoch 027 [VMIM] LR:2.00e-04 | train -5.271364 | val -5.494555
Epoch 028 [VMIM] LR:2.00e-04 | train -5.281873 | val -3.685214
Epoch 029 [VMIM] LR:2.00e-04 | train -5.333548 | val -5.468174
Epoch 030 [VMIM] LR:2.00e-04 | train -5.356820 | val -5.625734
[RF R2]  t0:0.959 | t1:0.896 | t2:-0.023 | t3:0.931
[q sigma] t0:0.059 | t1:0.078 | t2:0.397 | t3:0.070   (prior sigma ~0.29; floor = head.sigma_floor)
Epoch 031 [VMIM] LR:2.00e-04 | train -5.433082 | val -5.525773
Epoch 032 [VMIM] LR:2.00e-04 | train -5.367052 | val -5.687755
Epoch 033 [VMIM] LR:2.00e-04 | train -5.497296 | val -5.842597
Epoch 034 [VMIM] LR:2.00e-04 | train -5.504175 | val -5.810132
Epoch 035 [VMIM] LR:2.00e-04 | train -5.525673 | val -5.757252
Epoch 036 [VMIM] LR:2.00e-04 | train -5.631560 | val -5.325062
Epoch 037 [VMIM] LR:2.00e-04 | train -5.580619 | val -5.407326
Epoch 038 [VMIM] LR:2.00e-04 | train -5.672291 | val -6.080757
  saved best-by-loss.
Epoch 039 [VMIM] LR:2.00e-04 | train -5.644134 | val -5.989928
Epoch 040 [VMIM] LR:2.00e-04 | train -5.757843 | val -6.572691
[RF R2]  t0:0.960 | t1:0.918 | t2:-0.026 | t3:0.926
[q sigma] t0:0.057 | t1:0.072 | t2:0.401 | t3:0.060   (prior sigma ~0.29; floor = head.sigma_floor)
  saved best-by-loss.
Epoch 041 [VMIM] LR:2.00e-04 | train -5.732231 | val -6.313794
Epoch 042 [VMIM] LR:2.00e-04 | train -5.728603 | val -6.489826
Epoch 043 [VMIM] LR:2.00e-04 | train -5.816180 | val -5.972048
Epoch 044 [VMIM] LR:2.00e-04 | train -5.826481 | val -5.960511
Epoch 045 [VMIM] LR:2.00e-04 | train -5.837467 | val -6.026586
Epoch 046 [VMIM] LR:2.00e-04 | train -5.955374 | val -6.946802
  saved best-by-loss.
Epoch 047 [VMIM] LR:2.00e-04 | train -5.861829 | val -6.172542
Epoch 048 [VMIM] LR:2.00e-04 | train -5.946719 | val -6.693608
Epoch 049 [VMIM] LR:2.00e-04 | train -5.893974 | val -6.247480
Epoch 050 [VMIM] LR:2.00e-04 | train -5.872751 | val -6.251831
[RF R2]  t0:0.969 | t1:0.922 | t2:-0.003 | t3:0.943
[q sigma] t0:0.058 | t1:0.065 | t2:0.401 | t3:0.058   (prior sigma ~0.29; floor = head.sigma_floor)
  saved best-by-probe (mean R2 0.708, pure-VMIM).
Epoch 051 [VMIM] LR:2.00e-04 | train -6.011273 | val -5.996319
Epoch 052 [VMIM] LR:2.00e-04 | train -6.024548 | val -6.758747
Epoch 053 [VMIM] LR:2.00e-04 | train -6.071821 | val -6.314889
Epoch 054 [VMIM] LR:2.00e-04 | train -6.048373 | val -6.302814
Epoch 055 [VMIM] LR:2.00e-04 | train -6.135455 | val -6.719828
Epoch 056 [VMIM] LR:2.00e-04 | train -6.122942 | val -6.495259
Epoch 057 [VMIM] LR:2.00e-04 | train -6.136010 | val -6.698798
Epoch 058 [VMIM] LR:2.00e-04 | train -6.146706 | val -6.789659
Epoch 059 [VMIM] LR:2.00e-04 | train -6.160904 | val -6.520109
Epoch 060 [VMIM] LR:2.00e-04 | train -6.188838 | val -6.346258
[RF R2]  t0:0.972 | t1:0.919 | t2:-0.083 | t3:0.932
[q sigma] t0:0.046 | t1:0.051 | t2:0.377 | t3:0.058   (prior sigma ~0.29; floor = head.sigma_floor)
Epoch 061 [VMIM] LR:2.00e-04 | train -6.187151 | val -6.037436
Epoch 062 [VMIM] LR:1.00e-04 | train -6.222865 | val -6.807827
Epoch 063 [VMIM] LR:1.00e-04 | train -7.016235 | val -7.614115
  saved best-by-loss.
Epoch 064 [VMIM] LR:1.00e-04 | train -7.017152 | val -7.670506
  saved best-by-loss.
Epoch 065 [VMIM] LR:1.00e-04 | train -7.170003 | val -7.288283
Epoch 066 [VMIM] LR:1.00e-04 | train -7.078928 | val -7.662205
Epoch 067 [VMIM] LR:1.00e-04 | train -7.129406 | val -7.467022
Epoch 068 [VMIM] LR:1.00e-04 | train -7.133960 | val -7.712238
  saved best-by-loss.
Epoch 069 [VMIM] LR:1.00e-04 | train -7.165561 | val -7.631181
Epoch 070 [VMIM] LR:1.00e-04 | train -7.271212 | val -7.501963
[RF R2]  t0:0.981 | t1:0.931 | t2:0.265 | t3:0.945
[q sigma] t0:0.038 | t1:0.044 | t2:0.313 | t3:0.046   (prior sigma ~0.29; floor = head.sigma_floor)
  saved best-by-probe (mean R2 0.780, pure-VMIM).
Epoch 071 [VMIM] LR:1.00e-04 | train -7.337161 | val -7.628856
Epoch 072 [VMIM] LR:1.00e-04 | train -7.441640 | val -8.191879
  saved best-by-loss.
Epoch 073 [VMIM] LR:1.00e-04 | train -7.511281 | val -8.369859
  saved best-by-loss.
Epoch 074 [VMIM] LR:1.00e-04 | train -7.718273 | val -8.304545
Epoch 075 [VMIM] LR:1.00e-04 | train -7.774203 | val -8.730083
  saved best-by-loss.
Epoch 076 [VMIM] LR:1.00e-04 | train -7.871804 | val -8.651789
Epoch 077 [VMIM] LR:1.00e-04 | train -7.996894 | val -8.125594
Epoch 078 [VMIM] LR:1.00e-04 | train -7.951271 | val -8.667573
Epoch 079 [VMIM] LR:1.00e-04 | train -8.014419 | val -8.489545
Epoch 080 [VMIM] LR:1.00e-04 | train -8.073271 | val -8.722926
[RF R2]  t0:0.987 | t1:0.921 | t2:0.800 | t3:0.932
[q sigma] t0:0.023 | t1:0.035 | t2:0.143 | t3:0.034   (prior sigma ~0.29; floor = head.sigma_floor)
  saved best-by-probe (mean R2 0.910, pure-VMIM).
Epoch 081 [VMIM] LR:1.00e-04 | train -8.128581 | val -8.944697
  saved best-by-loss.
Epoch 082 [VMIM] LR:1.00e-04 | train -8.080732 | val -8.966804
  saved best-by-loss.
Epoch 083 [VMIM] LR:1.00e-04 | train -8.149642 | val -9.192720
  saved best-by-loss.
Epoch 084 [VMIM] LR:1.00e-04 | train -8.140608 | val -8.673455
Epoch 085 [VMIM] LR:1.00e-04 | train -8.191481 | val -9.155718
Epoch 086 [VMIM] LR:1.00e-04 | train -8.163238 | val -8.607393
Epoch 087 [VMIM] LR:1.00e-04 | train -8.236948 | val -9.100486
Epoch 088 [VMIM] LR:1.00e-04 | train -8.250244 | val -9.246804
  saved best-by-loss.
Epoch 089 [VMIM] LR:1.00e-04 | train -8.258597 | val -9.272174
  saved best-by-loss.
Epoch 090 [VMIM] LR:1.00e-04 | train -8.268350 | val -9.287986
[RF R2]  t0:0.982 | t1:0.946 | t2:0.844 | t3:0.941
[q sigma] t0:0.022 | t1:0.035 | t2:0.129 | t3:0.036   (prior sigma ~0.29; floor = head.sigma_floor)
  saved best-by-probe (mean R2 0.928, pure-VMIM).
  saved best-by-loss.
Epoch 091 [VMIM] LR:1.00e-04 | train -8.328017 | val -9.234303
Epoch 092 [VMIM] LR:1.00e-04 | train -8.379888 | val -9.114077
Epoch 093 [VMIM] LR:1.00e-04 | train -8.362811 | val -9.282370
Epoch 094 [VMIM] LR:1.00e-04 | train -8.369583 | val -8.651932
Epoch 095 [VMIM] LR:1.00e-04 | train -8.327114 | val -8.578740
Epoch 096 [VMIM] LR:1.00e-04 | train -8.383789 | val -9.316603
  saved best-by-loss.
Epoch 097 [VMIM] LR:1.00e-04 | train -8.441110 | val -8.254323
Epoch 098 [VMIM] LR:1.00e-04 | train -8.418924 | val -9.457190
  saved best-by-loss.
Epoch 099 [VMIM] LR:1.00e-04 | train -8.500452 | val -9.396171
Epoch 100 [VMIM] LR:1.00e-04 | train -8.457634 | val -9.524074
[RF R2]  t0:0.980 | t1:0.942 | t2:0.859 | t3:0.950
[q sigma] t0:0.021 | t1:0.031 | t2:0.119 | t3:0.034   (prior sigma ~0.29; floor = head.sigma_floor)
  saved best-by-probe (mean R2 0.933, pure-VMIM).
  saved best-by-loss.
Epoch 101 [VMIM] LR:1.00e-04 | train -8.475222 | val -9.046388
Epoch 102 [VMIM] LR:1.00e-04 | train -8.454057 | val -9.074161
Epoch 103 [VMIM] LR:1.00e-04 | train -8.504531 | val -9.420645
Epoch 104 [VMIM] LR:1.00e-04 | train -8.508990 | val -8.902394
Epoch 105 [VMIM] LR:1.00e-04 | train -8.560863 | val -9.326674
Epoch 106 [VMIM] LR:1.00e-04 | train -8.562648 | val -8.809727
Epoch 107 [VMIM] LR:1.00e-04 | train -8.543325 | val -9.500157
Epoch 108 [VMIM] LR:1.00e-04 | train -8.576812 | val -9.459803
Epoch 109 [VMIM] LR:1.00e-04 | train -8.622320 | val -9.595890
  saved best-by-loss.
Epoch 110 [VMIM] LR:1.00e-04 | train -8.600407 | val -8.640693
[RF R2]  t0:0.982 | t1:0.944 | t2:0.859 | t3:0.950
[q sigma] t0:0.020 | t1:0.037 | t2:0.105 | t3:0.039   (prior sigma ~0.29; floor = head.sigma_floor)
  saved best-by-probe (mean R2 0.934, pure-VMIM).
Epoch 111 [VMIM] LR:1.00e-04 | train -8.614591 | val -9.680289
  saved best-by-loss.
Epoch 112 [VMIM] LR:1.00e-04 | train -8.629445 | val -9.538168
Epoch 113 [VMIM] LR:1.00e-04 | train -8.608065 | val -9.574050
Epoch 114 [VMIM] LR:1.00e-04 | train -8.555260 | val -9.568047
Epoch 115 [VMIM] LR:1.00e-04 | train -8.689772 | val -9.232144
Epoch 116 [VMIM] LR:1.00e-04 | train -8.634225 | val -9.466827
Epoch 117 [VMIM] LR:1.00e-04 | train -8.608236 | val -9.745702
  saved best-by-loss.
Epoch 118 [VMIM] LR:1.00e-04 | train -8.711282 | val -9.778632
  saved best-by-loss.
Epoch 119 [VMIM] LR:1.00e-04 | train -8.755748 | val -8.962969
Epoch 120 [VMIM] LR:1.00e-04 | train -8.620448 | val -9.380398
[RF R2]  t0:0.978 | t1:0.923 | t2:0.884 | t3:0.935
[q sigma] t0:0.021 | t1:0.034 | t2:0.115 | t3:0.036   (prior sigma ~0.29; floor = head.sigma_floor)
Epoch 121 [VMIM] LR:1.00e-04 | train -8.738355 | val -9.492112
Epoch 122 [VMIM] LR:1.00e-04 | train -8.677588 | val -8.905660
Epoch 123 [VMIM] LR:1.00e-04 | train -8.685231 | val -9.661377
Epoch 124 [VMIM] LR:1.00e-04 | train -8.678159 | val -9.224585
Epoch 125 [VMIM] LR:1.00e-04 | train -8.799056 | val -9.558012
Epoch 126 [VMIM] LR:1.00e-04 | train -8.737229 | val -9.591663
Epoch 127 [VMIM] LR:1.00e-04 | train -8.745538 | val -9.708741
Epoch 128 [VMIM] LR:1.00e-04 | train -8.786316 | val -9.547528
Epoch 129 [VMIM] LR:1.00e-04 | train -8.646735 | val -9.605674
Epoch 130 [VMIM] LR:1.00e-04 | train -8.784890 | val -9.413939
[RF R2]  t0:0.972 | t1:0.939 | t2:0.866 | t3:0.930
[q sigma] t0:0.021 | t1:0.033 | t2:0.108 | t3:0.031   (prior sigma ~0.29; floor = head.sigma_floor)
Epoch 131 [VMIM] LR:1.00e-04 | train -8.817674 | val -9.708698
Epoch 132 [VMIM] LR:1.00e-04 | train -8.907628 | val -9.962283
  saved best-by-loss.
Epoch 133 [VMIM] LR:1.00e-04 | train -8.801914 | val -9.108820
Epoch 134 [VMIM] LR:1.00e-04 | train -8.737279 | val -9.620296
Epoch 135 [VMIM] LR:1.00e-04 | train -8.875446 | val -9.755666
Epoch 136 [VMIM] LR:1.00e-04 | train -8.847453 | val -9.524915
Epoch 137 [VMIM] LR:1.00e-04 | train -8.835234 | val -9.618187
Epoch 138 [VMIM] LR:1.00e-04 | train -8.867631 | val -9.669955
Epoch 139 [VMIM] LR:1.00e-04 | train -8.874861 | val -9.700125
Epoch 140 [VMIM] LR:1.00e-04 | train -8.907728 | val -9.998538
[RF R2]  t0:0.975 | t1:0.931 | t2:0.872 | t3:0.919
[q sigma] t0:0.019 | t1:0.031 | t2:0.097 | t3:0.030   (prior sigma ~0.29; floor = head.sigma_floor)
  saved best-by-loss.
Epoch 141 [VMIM] LR:1.00e-04 | train -8.901673 | val -9.327441
Epoch 142 [VMIM] LR:1.00e-04 | train -8.872551 | val -9.676837
Epoch 143 [VMIM] LR:1.00e-04 | train -8.973818 | val -9.249719
Epoch 144 [VMIM] LR:1.00e-04 | train -8.913984 | val -9.176100
Epoch 145 [VMIM] LR:1.00e-04 | train -8.918468 | val -9.906458
Epoch 146 [VMIM] LR:1.00e-04 | train -8.947102 | val -9.585001
Epoch 147 [VMIM] LR:1.00e-04 | train -8.896787 | val -9.793458
Epoch 148 [VMIM] LR:1.00e-04 | train -8.951557 | val -9.587139
Epoch 149 [VMIM] LR:1.00e-04 | train -8.955749 | val -9.668196
Epoch 150 [VMIM] LR:1.00e-04 | train -8.874203 | val -9.562012
[RF R2]  t0:0.975 | t1:0.941 | t2:0.866 | t3:0.951
[q sigma] t0:0.019 | t1:0.031 | t2:0.114 | t3:0.034   (prior sigma ~0.29; floor = head.sigma_floor)
Epoch 151 [VMIM] LR:1.00e-04 | train -8.870320 | val -9.727900
Epoch 152 [VMIM] LR:1.00e-04 | train -9.001734 | val -9.644511
Epoch 153 [VMIM] LR:1.00e-04 | train -8.949115 | val -9.723759
Epoch 154 [VMIM] LR:1.00e-04 | train -8.996161 | val -9.888925
Epoch 155 [VMIM] LR:1.00e-04 | train -9.023727 | val -9.830334
Epoch 156 [VMIM] LR:5.00e-05 | train -9.038374 | val -9.985205
Epoch 157 [VMIM] LR:5.00e-05 | train -9.641894 | val -10.659490
  saved best-by-loss.
Epoch 158 [VMIM] LR:5.00e-05 | train -9.703038 | val -10.633196
Epoch 159 [VMIM] LR:5.00e-05 | train -9.672045 | val -10.671003
  saved best-by-loss.
Epoch 160 [VMIM] LR:5.00e-05 | train -9.719837 | val -10.617860
[RF R2]  t0:0.977 | t1:0.916 | t2:0.846 | t3:0.937
[q sigma] t0:0.015 | t1:0.023 | t2:0.094 | t3:0.022   (prior sigma ~0.29; floor = head.sigma_floor)
Epoch 161 [VMIM] LR:5.00e-05 | train -9.751293 | val -10.678816
  saved best-by-loss.
Epoch 162 [VMIM] LR:5.00e-05 | train -9.737870 | val -10.803114
  saved best-by-loss.
Epoch 163 [VMIM] LR:5.00e-05 | train -9.739022 | val -10.731519
Epoch 164 [VMIM] LR:5.00e-05 | train -9.793004 | val -10.760950
Epoch 165 [VMIM] LR:5.00e-05 | train -9.767214 | val -10.726257
Epoch 166 [VMIM] LR:5.00e-05 | train -9.804569 | val -10.859317
  saved best-by-loss.
Epoch 167 [VMIM] LR:5.00e-05 | train -9.714421 | val -10.660561
Epoch 168 [VMIM] LR:5.00e-05 | train -9.814044 | val -10.496947
Epoch 169 [VMIM] LR:5.00e-05 | train -9.813162 | val -10.408686
Epoch 170 [VMIM] LR:5.00e-05 | train -9.813140 | val -10.425178
[RF R2]  t0:0.975 | t1:0.928 | t2:0.866 | t3:0.927
[q sigma] t0:0.015 | t1:0.024 | t2:0.091 | t3:0.026   (prior sigma ~0.29; floor = head.sigma_floor)
Epoch 171 [VMIM] LR:5.00e-05 | train -9.775492 | val -10.818859
Epoch 172 [VMIM] LR:5.00e-05 | train -9.756822 | val -10.830124
Epoch 173 [VMIM] LR:5.00e-05 | train -9.839763 | val -10.753246
Epoch 174 [VMIM] LR:5.00e-05 | train -9.838346 | val -10.642748
Epoch 175 [VMIM] LR:5.00e-05 | train -9.789980 | val -10.710007
Epoch 176 [VMIM] LR:5.00e-05 | train -9.825837 | val -10.450160
Epoch 177 [VMIM] LR:5.00e-05 | train -9.884388 | val -10.665111
Epoch 178 [VMIM] LR:5.00e-05 | train -9.826362 | val -10.687899
Epoch 179 [VMIM] LR:5.00e-05 | train -9.862849 | val -10.760038
Epoch 180 [VMIM] LR:5.00e-05 | train -9.902975 | val -10.760389
[RF R2]  t0:0.976 | t1:0.923 | t2:0.865 | t3:0.933
[q sigma] t0:0.014 | t1:0.022 | t2:0.088 | t3:0.023   (prior sigma ~0.29; floor = head.sigma_floor)
Epoch 181 [VMIM] LR:5.00e-05 | train -9.903927 | val -10.796833
Epoch 182 [VMIM] LR:5.00e-05 | train -9.939116 | val -10.980641
  saved best-by-loss.
Epoch 183 [VMIM] LR:5.00e-05 | train -9.862745 | val -10.815764
Epoch 184 [VMIM] LR:5.00e-05 | train -9.915799 | val -10.463260
Epoch 185 [VMIM] LR:5.00e-05 | train -9.871897 | val -10.853832
Epoch 186 [VMIM] LR:5.00e-05 | train -9.918926 | val -10.469204
Epoch 187 [VMIM] LR:5.00e-05 | train -9.931551 | val -10.812457
Epoch 188 [VMIM] LR:5.00e-05 | train -9.914308 | val -10.827075
Epoch 189 [VMIM] LR:5.00e-05 | train -9.977148 | val -11.026809
  saved best-by-loss.
Epoch 190 [VMIM] LR:5.00e-05 | train -9.923874 | val -10.880396
[RF R2]  t0:0.979 | t1:0.921 | t2:0.887 | t3:0.934
[q sigma] t0:0.014 | t1:0.023 | t2:0.095 | t3:0.024   (prior sigma ~0.29; floor = head.sigma_floor)
Epoch 191 [VMIM] LR:5.00e-05 | train -9.939639 | val -10.941665
Epoch 192 [VMIM] LR:5.00e-05 | train -9.916148 | val -10.733164
Epoch 193 [VMIM] LR:5.00e-05 | train -9.978424 | val -10.659746
Epoch 194 [VMIM] LR:5.00e-05 | train -9.880217 | val -10.864625
Epoch 195 [VMIM] LR:5.00e-05 | train -9.975175 | val -10.705821
Epoch 196 [VMIM] LR:5.00e-05 | train -9.913457 | val -11.013309
Epoch 197 [VMIM] LR:5.00e-05 | train -9.972635 | val -10.992054
Epoch 198 [VMIM] LR:5.00e-05 | train -9.897590 | val -10.923285
Epoch 199 [VMIM] LR:5.00e-05 | train -9.974730 | val -10.536734
Epoch 200 [VMIM] LR:5.00e-05 | train -9.972396 | val -10.961935
[RF R2]  t0:0.977 | t1:0.927 | t2:0.855 | t3:0.929
[q sigma] t0:0.014 | t1:0.021 | t2:0.087 | t3:0.022   (prior sigma ~0.29; floor = head.sigma_floor)
[TIMER] train 7749.2s
[WARN] requested learned_compressor_bestprobe.pt missing; falling back to learned_compressor.pt
exporting from checkpoint: /gscratch/ddehiwalage-don/sbi_master/cnn_vmim_/n1_jitter/seed_s0/nle/learned_compressor.pt
  export 1,024/9,120,000
  export 103,424/9,120,000
  export 205,824/9,120,000
  export 308,224/9,120,000
  export 410,624/9,120,000
  export 513,024/9,120,000
  export 615,424/9,120,000
  export 717,824/9,120,000
  export 820,224/9,120,000
  export 922,624/9,120,000
  export 1,025,024/9,120,000
  export 1,127,424/9,120,000
  export 1,229,824/9,120,000
  export 1,332,224/9,120,000
  export 1,434,624/9,120,000
  export 1,537,024/9,120,000
  export 1,639,424/9,120,000
  export 1,741,824/9,120,000
  export 1,844,224/9,120,000
  export 1,946,624/9,120,000
  export 2,049,024/9,120,000
  export 2,151,424/9,120,000
  export 2,253,824/9,120,000
  export 2,356,224/9,120,000
  export 2,458,624/9,120,000
  export 2,561,024/9,120,000
  export 2,663,424/9,120,000
  export 2,765,824/9,120,000
  export 2,868,224/9,120,000
  export 2,970,624/9,120,000
  export 3,073,024/9,120,000
  export 3,175,424/9,120,000
  export 3,277,824/9,120,000
  export 3,380,224/9,120,000
  export 3,482,624/9,120,000
  export 3,585,024/9,120,000
  export 3,687,424/9,120,000
  export 3,789,824/9,120,000
  export 3,892,224/9,120,000
  export 3,994,624/9,120,000
  export 4,097,024/9,120,000
  export 4,199,424/9,120,000
  export 4,301,824/9,120,000
  export 4,404,224/9,120,000
  export 4,506,624/9,120,000
  export 4,609,024/9,120,000
  export 4,711,424/9,120,000
  export 4,813,824/9,120,000
  export 4,916,224/9,120,000
  export 5,018,624/9,120,000
  export 5,121,024/9,120,000
  export 5,223,424/9,120,000
  export 5,325,824/9,120,000
  export 5,428,224/9,120,000
  export 5,530,624/9,120,000
  export 5,633,024/9,120,000
  export 5,735,424/9,120,000
  export 5,837,824/9,120,000
  export 5,940,224/9,120,000
  export 6,042,624/9,120,000
  export 6,145,024/9,120,000
  export 6,247,424/9,120,000
  export 6,349,824/9,120,000
  export 6,452,224/9,120,000
  export 6,554,624/9,120,000
  export 6,657,024/9,120,000
  export 6,759,424/9,120,000
  export 6,861,824/9,120,000
  export 6,964,224/9,120,000
  export 7,066,624/9,120,000
  export 7,169,024/9,120,000
  export 7,271,424/9,120,000
  export 7,373,824/9,120,000
  export 7,476,224/9,120,000
  export 7,578,624/9,120,000
  export 7,681,024/9,120,000
  export 7,783,424/9,120,000
  export 7,885,824/9,120,000
  export 7,988,224/9,120,000
  export 8,090,624/9,120,000
  export 8,193,024/9,120,000
  export 8,295,424/9,120,000
  export 8,397,824/9,120,000
  export 8,500,224/9,120,000
  export 8,602,624/9,120,000
  export 8,705,024/9,120,000
  export 8,807,424/9,120,000
  export 8,909,824/9,120,000
  export 9,012,224/9,120,000
  export 9,114,624/9,120,000
exported summaries -> /gscratch/ddehiwalage-don/sbi_master/cnn_vmim_/n1_jitter/seed_s0/summaries  t (9120000, 4)
