node=tycho58  gpus=0
[seed] global seed=0 deterministic=True
Stage1 arm=cnn_vmim_/n4/seed_s0 split_seed=42 init_seed=0
--> usable cores=4  num_workers=3
sigma floor for each parm: tensor([0., 0., 0., 0.]) jitter for each parm {}
[MODE] pure VMIM from epoch 0.
[PHASE] pure VMIM begins at epoch 1: arming probe-based early stopping from here.
Epoch 001 [VMIM] LR:2.00e-04 | train -0.958359 | val -2.312617
  saved best-by-loss.
Epoch 002 [VMIM] LR:2.00e-04 | train -2.419462 | val -3.450898
  saved best-by-loss.
Epoch 003 [VMIM] LR:2.00e-04 | train -2.746533 | val -3.034095
Epoch 004 [VMIM] LR:2.00e-04 | train -2.896166 | val -2.594488
Epoch 005 [VMIM] LR:2.00e-04 | train -3.114713 | val -3.625024
[RF R2]  t0:0.929 | t1:0.080 | t2:-0.071 | t3:0.629
[q sigma] t0:0.089 | t1:0.237 | t2:0.356 | t3:0.224   (prior sigma ~0.29; floor = head.sigma_floor)
  saved best-by-probe (mean R2 0.392, pure-VMIM).
  saved best-by-loss.
Epoch 006 [VMIM] LR:2.00e-04 | train -3.300070 | val -3.650663
  saved best-by-loss.
Epoch 007 [VMIM] LR:2.00e-04 | train -3.477528 | val -2.675305
Epoch 008 [VMIM] LR:2.00e-04 | train -3.506821 | val -2.947033
Epoch 009 [VMIM] LR:2.00e-04 | train -3.579761 | val -3.793759
  saved best-by-loss.
Epoch 010 [VMIM] LR:2.00e-04 | train -3.718487 | val -4.345033
[RF R2]  t0:0.927 | t1:0.379 | t2:-0.019 | t3:0.744
[q sigma] t0:0.099 | t1:0.215 | t2:0.351 | t3:0.179   (prior sigma ~0.29; floor = head.sigma_floor)
  saved best-by-probe (mean R2 0.508, pure-VMIM).
  saved best-by-loss.
Epoch 011 [VMIM] LR:2.00e-04 | train -3.877257 | val -4.177378
Epoch 012 [VMIM] LR:2.00e-04 | train -4.036084 | val -4.074375
Epoch 013 [VMIM] LR:2.00e-04 | train -4.343573 | val -4.380572
  saved best-by-loss.
Epoch 014 [VMIM] LR:2.00e-04 | train -4.501125 | val -4.938386
  saved best-by-loss.
Epoch 015 [VMIM] LR:2.00e-04 | train -4.779085 | val -5.140254
[RF R2]  t0:0.931 | t1:0.880 | t2:-0.000 | t3:0.927
[q sigma] t0:0.081 | t1:0.101 | t2:0.328 | t3:0.084   (prior sigma ~0.29; floor = head.sigma_floor)
  saved best-by-probe (mean R2 0.684, pure-VMIM).
  saved best-by-loss.
Epoch 016 [VMIM] LR:2.00e-04 | train -4.879531 | val -5.287720
  saved best-by-loss.
Epoch 017 [VMIM] LR:2.00e-04 | train -4.930062 | val -4.677762
Epoch 018 [VMIM] LR:2.00e-04 | train -5.143101 | val -5.948339
  saved best-by-loss.
Epoch 019 [VMIM] LR:2.00e-04 | train -5.106960 | val -5.873965
Epoch 020 [VMIM] LR:2.00e-04 | train -5.389222 | val -5.439643
[RF R2]  t0:0.932 | t1:0.914 | t2:-0.004 | t3:0.941
[q sigma] t0:0.088 | t1:0.073 | t2:0.373 | t3:0.058   (prior sigma ~0.29; floor = head.sigma_floor)
  saved best-by-probe (mean R2 0.696, pure-VMIM).
Epoch 021 [VMIM] LR:2.00e-04 | train -5.269593 | val -4.615757
Epoch 022 [VMIM] LR:2.00e-04 | train -5.414704 | val -5.671236
Epoch 023 [VMIM] LR:2.00e-04 | train -5.485275 | val -6.425485
  saved best-by-loss.
Epoch 024 [VMIM] LR:2.00e-04 | train -5.525690 | val -6.242821
Epoch 025 [VMIM] LR:2.00e-04 | train -5.575097 | val -5.974411
[RF R2]  t0:0.928 | t1:0.908 | t2:-0.054 | t3:0.935
[q sigma] t0:0.081 | t1:0.076 | t2:0.331 | t3:0.066   (prior sigma ~0.29; floor = head.sigma_floor)
Epoch 026 [VMIM] LR:2.00e-04 | train -5.571536 | val -5.919288
Epoch 027 [VMIM] LR:2.00e-04 | train -5.656497 | val -5.525698
Epoch 028 [VMIM] LR:2.00e-04 | train -5.616099 | val -5.624351
Epoch 029 [VMIM] LR:2.00e-04 | train -5.659193 | val -5.346733
Epoch 030 [VMIM] LR:2.00e-04 | train -5.735183 | val -4.885073
[RF R2]  t0:0.925 | t1:0.909 | t2:-0.019 | t3:0.939
[q sigma] t0:0.083 | t1:0.053 | t2:0.310 | t3:0.060   (prior sigma ~0.29; floor = head.sigma_floor)
Epoch 031 [VMIM] LR:2.00e-04 | train -5.706508 | val -6.123096
Epoch 032 [VMIM] LR:2.00e-04 | train -5.755853 | val -5.743292
Epoch 033 [VMIM] LR:2.00e-04 | train -5.792813 | val -6.538391
  saved best-by-loss.
Epoch 034 [VMIM] LR:2.00e-04 | train -5.835922 | val -5.930365
Epoch 035 [VMIM] LR:2.00e-04 | train -5.880608 | val -6.524049
[RF R2]  t0:0.924 | t1:0.912 | t2:-0.032 | t3:0.939
[q sigma] t0:0.091 | t1:0.052 | t2:0.422 | t3:0.064   (prior sigma ~0.29; floor = head.sigma_floor)
Epoch 036 [VMIM] LR:2.00e-04 | train -5.819418 | val -5.923102
Epoch 037 [VMIM] LR:2.00e-04 | train -5.860391 | val -6.364183
Epoch 038 [VMIM] LR:2.00e-04 | train -5.856823 | val -6.414048
Epoch 039 [VMIM] LR:2.00e-04 | train -5.997369 | val -5.805747
Epoch 040 [VMIM] LR:2.00e-04 | train -6.005645 | val -6.253959
[RF R2]  t0:0.930 | t1:0.934 | t2:-0.032 | t3:0.945
[q sigma] t0:0.081 | t1:0.064 | t2:0.367 | t3:0.061   (prior sigma ~0.29; floor = head.sigma_floor)
Epoch 041 [VMIM] LR:2.00e-04 | train -6.010208 | val -6.669525
  saved best-by-loss.
Epoch 042 [VMIM] LR:2.00e-04 | train -6.077378 | val -6.223112
Epoch 043 [VMIM] LR:2.00e-04 | train -6.055511 | val -6.706322
  saved best-by-loss.
Epoch 044 [VMIM] LR:2.00e-04 | train -6.056576 | val -6.464739
Epoch 045 [VMIM] LR:2.00e-04 | train -6.102862 | val -6.395542
[RF R2]  t0:0.926 | t1:0.929 | t2:-0.005 | t3:0.931
[q sigma] t0:0.091 | t1:0.055 | t2:0.389 | t3:0.048   (prior sigma ~0.29; floor = head.sigma_floor)
Epoch 046 [VMIM] LR:2.00e-04 | train -6.078566 | val -6.949805
  saved best-by-loss.
Epoch 047 [VMIM] LR:2.00e-04 | train -6.165660 | val -6.511492
Epoch 048 [VMIM] LR:2.00e-04 | train -6.221512 | val -6.555350
Epoch 049 [VMIM] LR:2.00e-04 | train -6.287320 | val -6.988649
  saved best-by-loss.
Epoch 050 [VMIM] LR:2.00e-04 | train -6.270088 | val -6.498902
[RF R2]  t0:0.928 | t1:0.931 | t2:-0.058 | t3:0.946
[q sigma] t0:0.085 | t1:0.052 | t2:0.340 | t3:0.056   (prior sigma ~0.29; floor = head.sigma_floor)
Epoch 051 [VMIM] LR:2.00e-04 | train -6.285288 | val -6.735689
Epoch 052 [VMIM] LR:2.00e-04 | train -6.160709 | val -6.073739
Epoch 053 [VMIM] LR:2.00e-04 | train -6.292201 | val -6.732251
Epoch 054 [VMIM] LR:2.00e-04 | train -6.308185 | val -6.706493
Epoch 055 [VMIM] LR:2.00e-04 | train -6.212007 | val -6.609341
[RF R2]  t0:0.924 | t1:0.927 | t2:-0.051 | t3:0.928
[q sigma] t0:0.078 | t1:0.054 | t2:0.361 | t3:0.050   (prior sigma ~0.29; floor = head.sigma_floor)
Epoch 056 [VMIM] LR:2.00e-04 | train -6.383225 | val -6.546753
Epoch 057 [VMIM] LR:2.00e-04 | train -6.429827 | val -6.562588
Epoch 058 [VMIM] LR:2.00e-04 | train -6.348298 | val -6.837808
Epoch 059 [VMIM] LR:2.00e-04 | train -6.468580 | val -6.690385
Epoch 060 [VMIM] LR:2.00e-04 | train -6.472572 | val -6.403482
[RF R2]  t0:0.927 | t1:0.936 | t2:-0.045 | t3:0.944
[q sigma] t0:0.075 | t1:0.044 | t2:0.335 | t3:0.051   (prior sigma ~0.29; floor = head.sigma_floor)
Epoch 061 [VMIM] LR:2.00e-04 | train -6.418171 | val -5.679495
Epoch 062 [VMIM] LR:2.00e-04 | train -6.451504 | val -6.914938
Epoch 063 [VMIM] LR:2.00e-04 | train -6.548909 | val -6.961575
Epoch 064 [VMIM] LR:2.00e-04 | train -6.559255 | val -7.039275
  saved best-by-loss.
Epoch 065 [VMIM] LR:2.00e-04 | train -6.613199 | val -6.756483
[RF R2]  t0:0.931 | t1:0.933 | t2:-0.003 | t3:0.950
[q sigma] t0:0.079 | t1:0.051 | t2:0.321 | t3:0.049   (prior sigma ~0.29; floor = head.sigma_floor)
  saved best-by-probe (mean R2 0.702, pure-VMIM).
Epoch 066 [VMIM] LR:2.00e-04 | train -6.569729 | val -7.016009
Epoch 067 [VMIM] LR:2.00e-04 | train -6.610195 | val -7.094908
  saved best-by-loss.
Epoch 068 [VMIM] LR:2.00e-04 | train -6.583826 | val -7.024476
Epoch 069 [VMIM] LR:2.00e-04 | train -6.584734 | val -7.373675
  saved best-by-loss.
Epoch 070 [VMIM] LR:2.00e-04 | train -6.634085 | val -6.722535
[RF R2]  t0:0.932 | t1:0.926 | t2:-0.065 | t3:0.947
[q sigma] t0:0.072 | t1:0.044 | t2:0.345 | t3:0.050   (prior sigma ~0.29; floor = head.sigma_floor)
Epoch 071 [VMIM] LR:2.00e-04 | train -6.671790 | val -7.083651
Epoch 072 [VMIM] LR:2.00e-04 | train -6.676347 | val -7.188576
Epoch 073 [VMIM] LR:2.00e-04 | train -6.713057 | val -7.299449
Epoch 074 [VMIM] LR:2.00e-04 | train -6.655219 | val -6.633171
Epoch 075 [VMIM] LR:2.00e-04 | train -6.717884 | val -7.187252
[RF R2]  t0:0.926 | t1:0.933 | t2:-0.041 | t3:0.941
[q sigma] t0:0.077 | t1:0.042 | t2:0.335 | t3:0.042   (prior sigma ~0.29; floor = head.sigma_floor)
Epoch 076 [VMIM] LR:2.00e-04 | train -6.736916 | val -6.864992
Epoch 077 [VMIM] LR:2.00e-04 | train -6.749591 | val -7.255509
Epoch 078 [VMIM] LR:2.00e-04 | train -6.802363 | val -7.363796
Epoch 079 [VMIM] LR:2.00e-04 | train -6.846644 | val -7.131870
Epoch 080 [VMIM] LR:2.00e-04 | train -6.829348 | val -7.395502
[RF R2]  t0:0.937 | t1:0.929 | t2:-0.058 | t3:0.948
[q sigma] t0:0.075 | t1:0.038 | t2:0.342 | t3:0.039   (prior sigma ~0.29; floor = head.sigma_floor)
  saved best-by-loss.
Epoch 081 [VMIM] LR:2.00e-04 | train -6.778254 | val -7.118207
Epoch 082 [VMIM] LR:2.00e-04 | train -6.856875 | val -7.303657
Epoch 083 [VMIM] LR:2.00e-04 | train -6.834722 | val -7.314983
Epoch 084 [VMIM] LR:2.00e-04 | train -6.888930 | val -7.681639
  saved best-by-loss.
Epoch 085 [VMIM] LR:2.00e-04 | train -6.863948 | val -7.240779
[RF R2]  t0:0.937 | t1:0.909 | t2:-0.029 | t3:0.937
[q sigma] t0:0.072 | t1:0.041 | t2:0.330 | t3:0.037   (prior sigma ~0.29; floor = head.sigma_floor)
Epoch 086 [VMIM] LR:2.00e-04 | train -6.935627 | val -7.496019
Epoch 087 [VMIM] LR:2.00e-04 | train -6.963812 | val -7.630098
Epoch 088 [VMIM] LR:2.00e-04 | train -6.952523 | val -7.021168
Epoch 089 [VMIM] LR:2.00e-04 | train -6.966317 | val -6.845063
Epoch 090 [VMIM] LR:2.00e-04 | train -6.974879 | val -7.223956
[RF R2]  t0:0.937 | t1:0.927 | t2:-0.041 | t3:0.941
[q sigma] t0:0.075 | t1:0.042 | t2:0.366 | t3:0.044   (prior sigma ~0.29; floor = head.sigma_floor)
Epoch 091 [VMIM] LR:2.00e-04 | train -7.041045 | val -7.428021
Epoch 092 [VMIM] LR:2.00e-04 | train -6.945072 | val -7.330616
Epoch 093 [VMIM] LR:2.00e-04 | train -7.121131 | val -7.604550
Epoch 094 [VMIM] LR:2.00e-04 | train -7.150979 | val -7.256639
Epoch 095 [VMIM] LR:2.00e-04 | train -7.109179 | val -7.392283
[RF R2]  t0:0.942 | t1:0.938 | t2:-0.051 | t3:0.952
[q sigma] t0:0.066 | t1:0.035 | t2:0.323 | t3:0.042   (prior sigma ~0.29; floor = head.sigma_floor)
Epoch 096 [VMIM] LR:2.00e-04 | train -7.100946 | val -7.307141
Epoch 097 [VMIM] LR:2.00e-04 | train -7.134858 | val -7.527247
Epoch 098 [VMIM] LR:2.00e-04 | train -7.160449 | val -7.313437
Epoch 099 [VMIM] LR:2.00e-04 | train -7.192617 | val -7.101873
Epoch 100 [VMIM] LR:2.00e-04 | train -7.199270 | val -7.686828
[RF R2]  t0:0.938 | t1:0.916 | t2:-0.101 | t3:0.934
[q sigma] t0:0.065 | t1:0.036 | t2:0.324 | t3:0.042   (prior sigma ~0.29; floor = head.sigma_floor)
  saved best-by-loss.
Epoch 101 [VMIM] LR:2.00e-04 | train -7.232746 | val -7.275717
Epoch 102 [VMIM] LR:2.00e-04 | train -7.130090 | val -7.684219
Epoch 103 [VMIM] LR:2.00e-04 | train -7.282338 | val -6.861112
Epoch 104 [VMIM] LR:2.00e-04 | train -7.202651 | val -7.899181
  saved best-by-loss.
Epoch 105 [VMIM] LR:2.00e-04 | train -7.272306 | val -7.354971
[RF R2]  t0:0.940 | t1:0.929 | t2:-0.062 | t3:0.940
[q sigma] t0:0.067 | t1:0.032 | t2:0.348 | t3:0.035   (prior sigma ~0.29; floor = head.sigma_floor)
Epoch 106 [VMIM] LR:2.00e-04 | train -7.258702 | val -7.310360
Epoch 107 [VMIM] LR:2.00e-04 | train -7.261030 | val -7.740925
Epoch 108 [VMIM] LR:2.00e-04 | train -7.378057 | val -7.301861
Epoch 109 [VMIM] LR:2.00e-04 | train -7.280653 | val -7.944200
  saved best-by-loss.
Epoch 110 [VMIM] LR:2.00e-04 | train -7.341182 | val -7.470486
[RF R2]  t0:0.947 | t1:0.935 | t2:-0.039 | t3:0.936
[q sigma] t0:0.063 | t1:0.038 | t2:0.334 | t3:0.034   (prior sigma ~0.29; floor = head.sigma_floor)
Epoch 111 [VMIM] LR:2.00e-04 | train -7.449022 | val -7.075578
Epoch 112 [VMIM] LR:2.00e-04 | train -7.341874 | val -7.846658
Epoch 113 [VMIM] LR:2.00e-04 | train -7.337940 | val -7.664873
Epoch 114 [VMIM] LR:2.00e-04 | train -7.387430 | val -8.109122
  saved best-by-loss.
Epoch 115 [VMIM] LR:2.00e-04 | train -7.355100 | val -8.007526
[RF R2]  t0:0.942 | t1:0.929 | t2:-0.072 | t3:0.941
[q sigma] t0:0.064 | t1:0.044 | t2:0.356 | t3:0.044   (prior sigma ~0.29; floor = head.sigma_floor)
Epoch 116 [VMIM] LR:2.00e-04 | train -7.403463 | val -8.238724
  saved best-by-loss.
Epoch 117 [VMIM] LR:2.00e-04 | train -7.379030 | val -7.815011
Epoch 118 [VMIM] LR:2.00e-04 | train -7.394152 | val -8.083954
Epoch 119 [VMIM] LR:2.00e-04 | train -7.447119 | val -7.265620
Epoch 120 [VMIM] LR:2.00e-04 | train -7.484950 | val -8.030113
[RF R2]  t0:0.948 | t1:0.926 | t2:-0.091 | t3:0.944
[q sigma] t0:0.062 | t1:0.036 | t2:0.351 | t3:0.038   (prior sigma ~0.29; floor = head.sigma_floor)
Epoch 121 [VMIM] LR:2.00e-04 | train -7.453219 | val -7.865949
Epoch 122 [VMIM] LR:2.00e-04 | train -7.511258 | val -7.466310
Epoch 123 [VMIM] LR:2.00e-04 | train -7.475622 | val -7.862524
Epoch 124 [VMIM] LR:2.00e-04 | train -7.523382 | val -7.797275
Epoch 125 [VMIM] LR:2.00e-04 | train -7.536153 | val -8.078837
[RF R2]  t0:0.948 | t1:0.933 | t2:-0.087 | t3:0.937
[q sigma] t0:0.062 | t1:0.031 | t2:0.341 | t3:0.038   (prior sigma ~0.29; floor = head.sigma_floor)
Epoch 126 [VMIM] LR:2.00e-04 | train -7.605292 | val -8.489066
  saved best-by-loss.
Epoch 127 [VMIM] LR:2.00e-04 | train -7.480089 | val -7.608883
Epoch 128 [VMIM] LR:2.00e-04 | train -7.585373 | val -8.233247
Epoch 129 [VMIM] LR:2.00e-04 | train -7.513076 | val -7.959328
Epoch 130 [VMIM] LR:2.00e-04 | train -7.539303 | val -7.938254
[RF R2]  t0:0.949 | t1:0.926 | t2:-0.027 | t3:0.939
[q sigma] t0:0.055 | t1:0.036 | t2:0.314 | t3:0.037   (prior sigma ~0.29; floor = head.sigma_floor)
Epoch 131 [VMIM] LR:2.00e-04 | train -7.531874 | val -8.324301
Epoch 132 [VMIM] LR:2.00e-04 | train -7.623524 | val -7.074931
Epoch 133 [VMIM] LR:2.00e-04 | train -7.586321 | val -7.109104
Epoch 134 [VMIM] LR:2.00e-04 | train -7.456656 | val -8.286034
Epoch 135 [VMIM] LR:2.00e-04 | train -7.612303 | val -7.844147
[RF R2]  t0:0.945 | t1:0.925 | t2:-0.073 | t3:0.925
[q sigma] t0:0.061 | t1:0.036 | t2:0.335 | t3:0.040   (prior sigma ~0.29; floor = head.sigma_floor)
Epoch 136 [VMIM] LR:2.00e-04 | train -7.600786 | val -7.980989
Epoch 137 [VMIM] LR:2.00e-04 | train -7.614714 | val -7.932545
Epoch 138 [VMIM] LR:2.00e-04 | train -7.565011 | val -8.175275
Epoch 139 [VMIM] LR:2.00e-04 | train -7.806246 | val -8.132123
Epoch 140 [VMIM] LR:2.00e-04 | train -7.584950 | val -7.883191
[RF R2]  t0:0.946 | t1:0.929 | t2:-0.025 | t3:0.932
[q sigma] t0:0.061 | t1:0.035 | t2:0.357 | t3:0.043   (prior sigma ~0.29; floor = head.sigma_floor)
Epoch 141 [VMIM] LR:2.00e-04 | train -7.644843 | val -7.978555
Epoch 142 [VMIM] LR:2.00e-04 | train -7.575040 | val -7.837328
Epoch 143 [VMIM] LR:2.00e-04 | train -7.659023 | val -7.790005
Epoch 144 [VMIM] LR:2.00e-04 | train -7.606346 | val -8.244732
Epoch 145 [VMIM] LR:2.00e-04 | train -7.688581 | val -8.639497
[RF R2]  t0:0.959 | t1:0.922 | t2:0.190 | t3:0.929
[q sigma] t0:0.053 | t1:0.032 | t2:0.299 | t3:0.036   (prior sigma ~0.29; floor = head.sigma_floor)
  saved best-by-probe (mean R2 0.750, pure-VMIM).
  saved best-by-loss.
Epoch 146 [VMIM] LR:2.00e-04 | train -7.773633 | val -7.387796
Epoch 147 [VMIM] LR:2.00e-04 | train -7.749546 | val -7.887358
Epoch 148 [VMIM] LR:2.00e-04 | train -8.169567 | val -8.590611
Epoch 149 [VMIM] LR:2.00e-04 | train -8.226011 | val -8.945800
  saved best-by-loss.
Epoch 150 [VMIM] LR:2.00e-04 | train -8.321330 | val -9.110712
[RF R2]  t0:0.966 | t1:0.901 | t2:0.633 | t3:0.917
[q sigma] t0:0.034 | t1:0.035 | t2:0.170 | t3:0.041   (prior sigma ~0.29; floor = head.sigma_floor)
  saved best-by-probe (mean R2 0.854, pure-VMIM).
  saved best-by-loss.
Epoch 151 [VMIM] LR:2.00e-04 | train -8.424258 | val -8.776350
Epoch 152 [VMIM] LR:2.00e-04 | train -8.361256 | val -8.552892
Epoch 153 [VMIM] LR:2.00e-04 | train -8.447871 | val -9.000998
Epoch 154 [VMIM] LR:2.00e-04 | train -8.515318 | val -9.151697
  saved best-by-loss.
Epoch 155 [VMIM] LR:2.00e-04 | train -8.619463 | val -9.382763
[RF R2]  t0:0.965 | t1:0.879 | t2:0.674 | t3:0.894
[q sigma] t0:0.031 | t1:0.037 | t2:0.156 | t3:0.041   (prior sigma ~0.29; floor = head.sigma_floor)
  saved best-by-loss.
Epoch 156 [VMIM] LR:2.00e-04 | train -8.653127 | val -9.257632
Epoch 157 [VMIM] LR:2.00e-04 | train -8.631872 | val -9.205878
Epoch 158 [VMIM] LR:2.00e-04 | train -8.679351 | val -9.510767
  saved best-by-loss.
Epoch 159 [VMIM] LR:2.00e-04 | train -8.804119 | val -8.450427
Epoch 160 [VMIM] LR:2.00e-04 | train -8.766026 | val -9.013020
[RF R2]  t0:0.973 | t1:0.892 | t2:0.739 | t3:0.912
[q sigma] t0:0.028 | t1:0.040 | t2:0.133 | t3:0.035   (prior sigma ~0.29; floor = head.sigma_floor)
  saved best-by-probe (mean R2 0.879, pure-VMIM).
Epoch 161 [VMIM] LR:2.00e-04 | train -8.683787 | val -9.621064
  saved best-by-loss.
Epoch 162 [VMIM] LR:2.00e-04 | train -8.786742 | val -9.154213
Epoch 163 [VMIM] LR:2.00e-04 | train -8.821887 | val -9.376105
Epoch 164 [VMIM] LR:2.00e-04 | train -8.805228 | val -9.733632
  saved best-by-loss.
Epoch 165 [VMIM] LR:2.00e-04 | train -8.909136 | val -9.433937
[RF R2]  t0:0.970 | t1:0.879 | t2:0.737 | t3:0.919
[q sigma] t0:0.027 | t1:0.035 | t2:0.116 | t3:0.039   (prior sigma ~0.29; floor = head.sigma_floor)
Epoch 166 [VMIM] LR:2.00e-04 | train -8.885883 | val -9.455742
Epoch 167 [VMIM] LR:2.00e-04 | train -9.007045 | val -9.139382
Epoch 168 [VMIM] LR:2.00e-04 | train -8.921085 | val -9.994740
  saved best-by-loss.
Epoch 169 [VMIM] LR:2.00e-04 | train -9.077471 | val -9.809211
Epoch 170 [VMIM] LR:2.00e-04 | train -8.942618 | val -9.688654
[RF R2]  t0:0.964 | t1:0.906 | t2:0.743 | t3:0.916
[q sigma] t0:0.028 | t1:0.032 | t2:0.125 | t3:0.035   (prior sigma ~0.29; floor = head.sigma_floor)
  saved best-by-probe (mean R2 0.882, pure-VMIM).
Epoch 171 [VMIM] LR:2.00e-04 | train -8.957433 | val -7.874878
Epoch 172 [VMIM] LR:2.00e-04 | train -9.003365 | val -9.449057
Epoch 173 [VMIM] LR:2.00e-04 | train -9.052784 | val -9.103243
Epoch 174 [VMIM] LR:2.00e-04 | train -9.087815 | val -9.147877
Epoch 175 [VMIM] LR:2.00e-04 | train -8.986588 | val -9.080122
[RF R2]  t0:0.968 | t1:0.904 | t2:0.777 | t3:0.923
[q sigma] t0:0.027 | t1:0.034 | t2:0.111 | t3:0.037   (prior sigma ~0.29; floor = head.sigma_floor)
  saved best-by-probe (mean R2 0.893, pure-VMIM).
Epoch 176 [VMIM] LR:2.00e-04 | train -8.980019 | val -8.917591
Epoch 177 [VMIM] LR:2.00e-04 | train -9.047853 | val -9.505696
Epoch 178 [VMIM] LR:2.00e-04 | train -9.084595 | val -9.893662
Epoch 179 [VMIM] LR:2.00e-04 | train -9.116614 | val -10.160995
  saved best-by-loss.
Epoch 180 [VMIM] LR:2.00e-04 | train -9.151725 | val -9.448865
[RF R2]  t0:0.967 | t1:0.906 | t2:0.763 | t3:0.908
[q sigma] t0:0.026 | t1:0.036 | t2:0.133 | t3:0.033   (prior sigma ~0.29; floor = head.sigma_floor)
Epoch 181 [VMIM] LR:2.00e-04 | train -9.149633 | val -9.789695
Epoch 182 [VMIM] LR:2.00e-04 | train -9.062823 | val -10.003764
Epoch 183 [VMIM] LR:2.00e-04 | train -9.038544 | val -9.625781
Epoch 184 [VMIM] LR:2.00e-04 | train -9.236343 | val -10.027537
Epoch 185 [VMIM] LR:2.00e-04 | train -9.176924 | val -9.817808
[RF R2]  t0:0.962 | t1:0.888 | t2:0.734 | t3:0.917
[q sigma] t0:0.024 | t1:0.034 | t2:0.114 | t3:0.034   (prior sigma ~0.29; floor = head.sigma_floor)
Epoch 186 [VMIM] LR:2.00e-04 | train -9.313221 | val -9.041088
Epoch 187 [VMIM] LR:2.00e-04 | train -9.226973 | val -9.405362
Epoch 188 [VMIM] LR:2.00e-04 | train -9.289111 | val -9.296967
Epoch 189 [VMIM] LR:2.00e-04 | train -9.200679 | val -9.837261
Epoch 190 [VMIM] LR:2.00e-04 | train -9.286615 | val -9.624875
[RF R2]  t0:0.972 | t1:0.894 | t2:0.787 | t3:0.908
[q sigma] t0:0.024 | t1:0.035 | t2:0.104 | t3:0.033   (prior sigma ~0.29; floor = head.sigma_floor)
Epoch 191 [VMIM] LR:2.00e-04 | train -9.186882 | val -9.510841
Epoch 192 [VMIM] LR:2.00e-04 | train -9.305886 | val -9.433573
Epoch 193 [VMIM] LR:2.00e-04 | train -9.096521 | val -9.923294
Epoch 194 [VMIM] LR:2.00e-04 | train -9.312867 | val -10.301387
  saved best-by-loss.
Epoch 195 [VMIM] LR:2.00e-04 | train -9.332840 | val -9.507851
[RF R2]  t0:0.969 | t1:0.881 | t2:0.789 | t3:0.905
[q sigma] t0:0.023 | t1:0.034 | t2:0.110 | t3:0.038   (prior sigma ~0.29; floor = head.sigma_floor)
Epoch 196 [VMIM] LR:2.00e-04 | train -9.343012 | val -10.030350
Epoch 197 [VMIM] LR:2.00e-04 | train -9.290636 | val -10.057387
Epoch 198 [VMIM] LR:2.00e-04 | train -9.399033 | val -9.512797
Epoch 199 [VMIM] LR:2.00e-04 | train -9.261118 | val -9.931147
Epoch 200 [VMIM] LR:2.00e-04 | train -9.399256 | val -9.647766
[RF R2]  t0:0.965 | t1:0.880 | t2:0.771 | t3:0.896
[q sigma] t0:0.025 | t1:0.038 | t2:0.094 | t3:0.039   (prior sigma ~0.29; floor = head.sigma_floor)
Epoch 201 [VMIM] LR:2.00e-04 | train -9.351002 | val -10.056748
Epoch 202 [VMIM] LR:2.00e-04 | train -9.524036 | val -9.993566
Epoch 203 [VMIM] LR:2.00e-04 | train -9.495985 | val -9.707318
Epoch 204 [VMIM] LR:2.00e-04 | train -9.302433 | val -9.617493
Epoch 205 [VMIM] LR:2.00e-04 | train -9.425987 | val -10.133466
[RF R2]  t0:0.965 | t1:0.891 | t2:0.782 | t3:0.887
[q sigma] t0:0.023 | t1:0.035 | t2:0.098 | t3:0.039   (prior sigma ~0.29; floor = head.sigma_floor)
Epoch 206 [VMIM] LR:2.00e-04 | train -9.251916 | val -9.740215
Epoch 207 [VMIM] LR:2.00e-04 | train -9.498007 | val -9.628755
Epoch 208 [VMIM] LR:2.00e-04 | train -9.358690 | val -9.744553
Epoch 209 [VMIM] LR:2.00e-04 | train -9.320101 | val -9.856938
Epoch 210 [VMIM] LR:2.00e-04 | train -9.472064 | val -9.906071
[RF R2]  t0:0.968 | t1:0.864 | t2:0.791 | t3:0.889
[q sigma] t0:0.021 | t1:0.032 | t2:0.096 | t3:0.033   (prior sigma ~0.29; floor = head.sigma_floor)
Epoch 211 [VMIM] LR:2.00e-04 | train -9.487209 | val -10.146280
Epoch 212 [VMIM] LR:2.00e-04 | train -9.547255 | val -10.236053
Epoch 213 [VMIM] LR:2.00e-04 | train -9.499557 | val -9.800946
Epoch 214 [VMIM] LR:2.00e-04 | train -9.526933 | val -9.960761
Epoch 215 [VMIM] LR:2.00e-04 | train -9.538620 | val -10.227943
[RF R2]  t0:0.963 | t1:0.901 | t2:0.801 | t3:0.907
[q sigma] t0:0.022 | t1:0.036 | t2:0.094 | t3:0.035   (prior sigma ~0.29; floor = head.sigma_floor)
Epoch 216 [VMIM] LR:2.00e-04 | train -9.556049 | val -10.209638
Epoch 217 [VMIM] LR:2.00e-04 | train -9.543951 | val -10.244097
Epoch 218 [VMIM] LR:2.00e-04 | train -9.669289 | val -10.026116
Epoch 219 [VMIM] LR:2.00e-04 | train -9.579479 | val -10.356760
  saved best-by-loss.
Epoch 220 [VMIM] LR:2.00e-04 | train -9.714087 | val -10.716439
[RF R2]  t0:0.968 | t1:0.892 | t2:0.801 | t3:0.906
[q sigma] t0:0.020 | t1:0.032 | t2:0.095 | t3:0.030   (prior sigma ~0.29; floor = head.sigma_floor)
  saved best-by-loss.
Epoch 221 [VMIM] LR:2.00e-04 | train -9.573342 | val -9.925166
Epoch 222 [VMIM] LR:2.00e-04 | train -9.621487 | val -9.839001
Epoch 223 [VMIM] LR:2.00e-04 | train -9.601631 | val -10.242756
Epoch 224 [VMIM] LR:2.00e-04 | train -9.511692 | val -10.109734
Epoch 225 [VMIM] LR:2.00e-04 | train -9.696818 | val -9.915688
[RF R2]  t0:0.966 | t1:0.872 | t2:0.805 | t3:0.901
[q sigma] t0:0.021 | t1:0.034 | t2:0.086 | t3:0.034   (prior sigma ~0.29; floor = head.sigma_floor)
Epoch 226 [VMIM] LR:2.00e-04 | train -9.660324 | val -10.241932
Epoch 227 [VMIM] LR:2.00e-04 | train -9.772196 | val -9.933793
Epoch 228 [VMIM] LR:2.00e-04 | train -9.557358 | val -9.133216
Epoch 229 [VMIM] LR:2.00e-04 | train -9.615353 | val -10.143108
Epoch 230 [VMIM] LR:2.00e-04 | train -9.491983 | val -9.720878
[RF R2]  t0:0.966 | t1:0.880 | t2:0.792 | t3:0.905
[q sigma] t0:0.023 | t1:0.050 | t2:0.098 | t3:0.051   (prior sigma ~0.29; floor = head.sigma_floor)
Epoch 231 [VMIM] LR:2.00e-04 | train -9.697459 | val -10.159377
Epoch 232 [VMIM] LR:2.00e-04 | train -9.612976 | val -9.203122
Epoch 233 [VMIM] LR:2.00e-04 | train -9.693119 | val -10.471369
Epoch 234 [VMIM] LR:2.00e-04 | train -9.715277 | val -9.514443
Epoch 235 [VMIM] LR:2.00e-04 | train -9.647666 | val -10.037668
[RF R2]  t0:0.971 | t1:0.864 | t2:0.798 | t3:0.871
[q sigma] t0:0.023 | t1:0.035 | t2:0.092 | t3:0.034   (prior sigma ~0.29; floor = head.sigma_floor)
Epoch 236 [VMIM] LR:2.00e-04 | train -9.623528 | val -10.523913
Epoch 237 [VMIM] LR:2.00e-04 | train -9.651551 | val -9.974759
Epoch 238 [VMIM] LR:2.00e-04 | train -9.710954 | val -10.124849
Epoch 239 [VMIM] LR:2.00e-04 | train -9.864450 | val -10.313536
Epoch 240 [VMIM] LR:2.00e-04 | train -9.739407 | val -9.747305
[RF R2]  t0:0.974 | t1:0.897 | t2:0.784 | t3:0.903
[q sigma] t0:0.023 | t1:0.034 | t2:0.099 | t3:0.031   (prior sigma ~0.29; floor = head.sigma_floor)
Epoch 241 [VMIM] LR:2.00e-04 | train -9.749710 | val -10.125146
Epoch 242 [VMIM] LR:2.00e-04 | train -9.831771 | val -10.492150
Epoch 243 [VMIM] LR:2.00e-04 | train -9.597429 | val -10.307409
Epoch 244 [VMIM] LR:2.00e-04 | train -9.607156 | val -10.168221
Epoch 245 [VMIM] LR:2.00e-04 | train -9.822277 | val -10.554844
[RF R2]  t0:0.967 | t1:0.893 | t2:0.787 | t3:0.888
[q sigma] t0:0.020 | t1:0.040 | t2:0.085 | t3:0.038   (prior sigma ~0.29; floor = head.sigma_floor)
Epoch 246 [VMIM] LR:2.00e-04 | train -9.676095 | val -10.150944
Epoch 247 [VMIM] LR:2.00e-04 | train -9.752670 | val -10.089937
Epoch 248 [VMIM] LR:2.00e-04 | train -9.786320 | val -10.294151
Epoch 249 [VMIM] LR:2.00e-04 | train -9.917506 | val -10.294917
Epoch 250 [VMIM] LR:2.00e-04 | train -9.797996 | val -9.825112
[RF R2]  t0:0.978 | t1:0.884 | t2:0.787 | t3:0.900
[q sigma] t0:0.023 | t1:0.041 | t2:0.099 | t3:0.043   (prior sigma ~0.29; floor = head.sigma_floor)
Epoch 251 [VMIM] LR:2.00e-04 | train -9.832774 | val -10.283371
Epoch 252 [VMIM] LR:2.00e-04 | train -9.780622 | val -9.532711
Epoch 253 [VMIM] LR:2.00e-04 | train -9.779401 | val -10.458768
Epoch 254 [VMIM] LR:2.00e-04 | train -9.869063 | val -10.384649
Epoch 255 [VMIM] LR:2.00e-04 | train -9.855347 | val -10.473175
[RF R2]  t0:0.971 | t1:0.905 | t2:0.811 | t3:0.917
[q sigma] t0:0.019 | t1:0.030 | t2:0.079 | t3:0.032   (prior sigma ~0.29; floor = head.sigma_floor)
  saved best-by-probe (mean R2 0.901, pure-VMIM).
Epoch 256 [VMIM] LR:1.00e-04 | train -9.807622 | val -10.036772
Epoch 257 [VMIM] LR:1.00e-04 | train -10.843340 | val -11.838421
  saved best-by-loss.
Epoch 258 [VMIM] LR:1.00e-04 | train -11.068639 | val -11.491935
Epoch 259 [VMIM] LR:1.00e-04 | train -10.979216 | val -11.436441
Epoch 260 [VMIM] LR:1.00e-04 | train -11.091199 | val -11.563568
[RF R2]  t0:0.971 | t1:0.878 | t2:0.801 | t3:0.895
[q sigma] t0:0.016 | t1:0.022 | t2:0.070 | t3:0.024   (prior sigma ~0.29; floor = head.sigma_floor)
Epoch 261 [VMIM] LR:1.00e-04 | train -10.937715 | val -11.685620
Epoch 262 [VMIM] LR:1.00e-04 | train -11.006569 | val -11.956443
  saved best-by-loss.
Epoch 263 [VMIM] LR:1.00e-04 | train -11.094286 | val -11.566582
Epoch 264 [VMIM] LR:1.00e-04 | train -10.961867 | val -11.580833
Epoch 265 [VMIM] LR:1.00e-04 | train -10.985510 | val -11.784289
[RF R2]  t0:0.969 | t1:0.852 | t2:0.789 | t3:0.884
[q sigma] t0:0.015 | t1:0.027 | t2:0.072 | t3:0.027   (prior sigma ~0.29; floor = head.sigma_floor)
Epoch 266 [VMIM] LR:1.00e-04 | train -10.996761 | val -11.545299
Epoch 267 [VMIM] LR:1.00e-04 | train -11.159894 | val -11.706147
Epoch 268 [VMIM] LR:1.00e-04 | train -11.117759 | val -11.686648
Epoch 269 [VMIM] LR:1.00e-04 | train -11.061055 | val -11.797476
Epoch 270 [VMIM] LR:1.00e-04 | train -11.042146 | val -11.674934
[RF R2]  t0:0.969 | t1:0.898 | t2:0.793 | t3:0.919
[q sigma] t0:0.016 | t1:0.025 | t2:0.071 | t3:0.025   (prior sigma ~0.29; floor = head.sigma_floor)
Epoch 271 [VMIM] LR:1.00e-04 | train -11.110355 | val -11.544481
Epoch 272 [VMIM] LR:1.00e-04 | train -11.159460 | val -12.097139
  saved best-by-loss.
Epoch 273 [VMIM] LR:1.00e-04 | train -11.159947 | val -12.142222
  saved best-by-loss.
Epoch 274 [VMIM] LR:1.00e-04 | train -11.181994 | val -12.135947
Epoch 275 [VMIM] LR:1.00e-04 | train -11.152784 | val -11.873987
[RF R2]  t0:0.971 | t1:0.888 | t2:0.813 | t3:0.884
[q sigma] t0:0.016 | t1:0.026 | t2:0.073 | t3:0.030   (prior sigma ~0.29; floor = head.sigma_floor)
Epoch 276 [VMIM] LR:1.00e-04 | train -11.149233 | val -10.885762
Epoch 277 [VMIM] LR:1.00e-04 | train -11.016834 | val -11.314151
Epoch 278 [VMIM] LR:1.00e-04 | train -11.183543 | val -11.998408
Epoch 279 [VMIM] LR:1.00e-04 | train -11.271357 | val -12.206498
  saved best-by-loss.
Epoch 280 [VMIM] LR:1.00e-04 | train -11.250092 | val -11.781870
[RF R2]  t0:0.962 | t1:0.899 | t2:0.782 | t3:0.895
[q sigma] t0:0.016 | t1:0.026 | t2:0.069 | t3:0.027   (prior sigma ~0.29; floor = head.sigma_floor)
Epoch 281 [VMIM] LR:1.00e-04 | train -11.072133 | val -12.021665
Epoch 282 [VMIM] LR:1.00e-04 | train -11.236094 | val -11.842411
Epoch 283 [VMIM] LR:1.00e-04 | train -11.182940 | val -11.785281
Epoch 284 [VMIM] LR:1.00e-04 | train -11.222537 | val -12.116423
Epoch 285 [VMIM] LR:1.00e-04 | train -11.195280 | val -11.992139
[RF R2]  t0:0.970 | t1:0.903 | t2:0.796 | t3:0.901
[q sigma] t0:0.016 | t1:0.024 | t2:0.066 | t3:0.024   (prior sigma ~0.29; floor = head.sigma_floor)
Epoch 286 [VMIM] LR:1.00e-04 | train -11.268802 | val -11.780028
Epoch 287 [VMIM] LR:1.00e-04 | train -11.241457 | val -11.975449
Epoch 288 [VMIM] LR:1.00e-04 | train -11.237081 | val -11.833569
Epoch 289 [VMIM] LR:1.00e-04 | train -11.236460 | val -11.221286
Epoch 290 [VMIM] LR:1.00e-04 | train -11.133926 | val -11.842160
[RF R2]  t0:0.960 | t1:0.873 | t2:0.794 | t3:0.872
[q sigma] t0:0.017 | t1:0.029 | t2:0.071 | t3:0.031   (prior sigma ~0.29; floor = head.sigma_floor)
Epoch 291 [VMIM] LR:1.00e-04 | train -11.173113 | val -11.865319
Epoch 292 [VMIM] LR:1.00e-04 | train -11.221835 | val -11.110761
Epoch 293 [VMIM] LR:1.00e-04 | train -11.193439 | val -11.872784
Epoch 294 [VMIM] LR:1.00e-04 | train -11.237870 | val -12.220883
  saved best-by-loss.
Epoch 295 [VMIM] LR:1.00e-04 | train -11.248282 | val -11.606261
[RF R2]  t0:0.961 | t1:0.891 | t2:0.808 | t3:0.904
[q sigma] t0:0.016 | t1:0.027 | t2:0.068 | t3:0.032   (prior sigma ~0.29; floor = head.sigma_floor)
Epoch 296 [VMIM] LR:1.00e-04 | train -11.216128 | val -12.147567
Epoch 297 [VMIM] LR:1.00e-04 | train -11.277451 | val -11.638698
Epoch 298 [VMIM] LR:1.00e-04 | train -11.297019 | val -12.054908
Epoch 299 [VMIM] LR:1.00e-04 | train -11.234277 | val -12.128846
Epoch 300 [VMIM] LR:1.00e-04 | train -11.200255 | val -11.957022
[RF R2]  t0:0.964 | t1:0.896 | t2:0.807 | t3:0.908
[q sigma] t0:0.015 | t1:0.021 | t2:0.065 | t3:0.023   (prior sigma ~0.29; floor = head.sigma_floor)
Epoch 301 [VMIM] LR:1.00e-04 | train -11.254237 | val -12.091646
Epoch 302 [VMIM] LR:1.00e-04 | train -11.284877 | val -12.258845
  saved best-by-loss.
Epoch 303 [VMIM] LR:1.00e-04 | train -11.272042 | val -11.792556
Epoch 304 [VMIM] LR:1.00e-04 | train -11.335813 | val -11.959614
Epoch 305 [VMIM] LR:1.00e-04 | train -11.162750 | val -12.080555
[RF R2]  t0:0.967 | t1:0.882 | t2:0.824 | t3:0.894
[q sigma] t0:0.016 | t1:0.030 | t2:0.072 | t3:0.029   (prior sigma ~0.29; floor = head.sigma_floor)
Epoch 306 [VMIM] LR:1.00e-04 | train -11.313112 | val -12.253171
Epoch 307 [VMIM] LR:1.00e-04 | train -11.308673 | val -11.745377
Epoch 308 [VMIM] LR:1.00e-04 | train -11.400497 | val -12.125542
Epoch 309 [VMIM] LR:1.00e-04 | train -11.318810 | val -11.988861
Epoch 310 [VMIM] LR:1.00e-04 | train -11.358453 | val -12.263752
[RF R2]  t0:0.969 | t1:0.892 | t2:0.810 | t3:0.902
[q sigma] t0:0.016 | t1:0.026 | t2:0.069 | t3:0.025   (prior sigma ~0.29; floor = head.sigma_floor)
  saved best-by-loss.
Epoch 311 [VMIM] LR:1.00e-04 | train -11.259108 | val -12.037742
Epoch 312 [VMIM] LR:1.00e-04 | train -11.386903 | val -11.521045
Epoch 313 [VMIM] LR:1.00e-04 | train -11.254299 | val -11.970440
Epoch 314 [VMIM] LR:1.00e-04 | train -11.395721 | val -12.157634
Epoch 315 [VMIM] LR:1.00e-04 | train -11.333873 | val -12.261824
[RF R2]  t0:0.968 | t1:0.852 | t2:0.811 | t3:0.853
[q sigma] t0:0.015 | t1:0.023 | t2:0.065 | t3:0.026   (prior sigma ~0.29; floor = head.sigma_floor)
Epoch 316 [VMIM] LR:1.00e-04 | train -11.313569 | val -11.966940
Epoch 317 [VMIM] LR:1.00e-04 | train -11.383090 | val -12.017551
Epoch 318 [VMIM] LR:1.00e-04 | train -11.412737 | val -12.523545
  saved best-by-loss.
Epoch 319 [VMIM] LR:1.00e-04 | train -11.484865 | val -12.334228
Epoch 320 [VMIM] LR:1.00e-04 | train -11.443423 | val -12.269103
[RF R2]  t0:0.973 | t1:0.872 | t2:0.825 | t3:0.885
[q sigma] t0:0.015 | t1:0.024 | t2:0.063 | t3:0.026   (prior sigma ~0.29; floor = head.sigma_floor)
Epoch 321 [VMIM] LR:1.00e-04 | train -11.336225 | val -12.433173
Epoch 322 [VMIM] LR:1.00e-04 | train -11.420294 | val -12.187772
Epoch 323 [VMIM] LR:1.00e-04 | train -11.337085 | val -12.212049
Epoch 324 [VMIM] LR:1.00e-04 | train -11.437136 | val -11.802918
Epoch 325 [VMIM] LR:1.00e-04 | train -11.321599 | val -11.932980
[RF R2]  t0:0.968 | t1:0.882 | t2:0.820 | t3:0.894
[q sigma] t0:0.016 | t1:0.024 | t2:0.068 | t3:0.026   (prior sigma ~0.29; floor = head.sigma_floor)
Epoch 326 [VMIM] LR:1.00e-04 | train -11.453234 | val -11.969134
Epoch 327 [VMIM] LR:1.00e-04 | train -11.459841 | val -11.928458
Epoch 328 [VMIM] LR:1.00e-04 | train -11.488226 | val -11.723001
Epoch 329 [VMIM] LR:1.00e-04 | train -11.331135 | val -11.854032
Epoch 330 [VMIM] LR:1.00e-04 | train -11.393038 | val -11.976318
[RF R2]  t0:0.967 | t1:0.878 | t2:0.805 | t3:0.902
[q sigma] t0:0.015 | t1:0.024 | t2:0.073 | t3:0.025   (prior sigma ~0.29; floor = head.sigma_floor)
Epoch 331 [VMIM] LR:1.00e-04 | train -11.318648 | val -12.288579
Epoch 332 [VMIM] LR:1.00e-04 | train -11.587037 | val -11.689002
Epoch 333 [VMIM] LR:1.00e-04 | train -11.504396 | val -12.246637
Epoch 334 [VMIM] LR:1.00e-04 | train -11.491765 | val -12.207883
Epoch 335 [VMIM] LR:1.00e-04 | train -11.457753 | val -12.008326
[RF R2]  t0:0.968 | t1:0.884 | t2:0.824 | t3:0.899
[q sigma] t0:0.015 | t1:0.023 | t2:0.062 | t3:0.025   (prior sigma ~0.29; floor = head.sigma_floor)
Epoch 336 [VMIM] LR:1.00e-04 | train -11.420580 | val -12.333805
Epoch 337 [VMIM] LR:1.00e-04 | train -11.514767 | val -12.130418
Epoch 338 [VMIM] LR:1.00e-04 | train -11.298369 | val -12.196848
Epoch 339 [VMIM] LR:1.00e-04 | train -11.390553 | val -12.228502
Epoch 340 [VMIM] LR:1.00e-04 | train -11.460751 | val -12.178664
[RF R2]  t0:0.966 | t1:0.875 | t2:0.808 | t3:0.891
[q sigma] t0:0.014 | t1:0.024 | t2:0.065 | t3:0.023   (prior sigma ~0.29; floor = head.sigma_floor)
Epoch 341 [VMIM] LR:1.00e-04 | train -11.495506 | val -12.214941
Epoch 342 [VMIM] LR:1.00e-04 | train -11.412198 | val -12.339641
Epoch 343 [VMIM] LR:1.00e-04 | train -11.451899 | val -12.373840
Epoch 344 [VMIM] LR:1.00e-04 | train -11.470644 | val -12.434330
Epoch 345 [VMIM] LR:1.00e-04 | train -11.411725 | val -11.993359
[RF R2]  t0:0.965 | t1:0.895 | t2:0.792 | t3:0.901
[q sigma] t0:0.016 | t1:0.031 | t2:0.064 | t3:0.031   (prior sigma ~0.29; floor = head.sigma_floor)
Epoch 346 [VMIM] LR:1.00e-04 | train -11.545747 | val -12.156886
Epoch 347 [VMIM] LR:1.00e-04 | train -11.444886 | val -12.341630
Epoch 348 [VMIM] LR:1.00e-04 | train -11.435229 | val -11.561412
Epoch 349 [VMIM] LR:1.00e-04 | train -11.472265 | val -11.828804
Epoch 350 [VMIM] LR:1.00e-04 | train -11.554028 | val -12.223480
[RF R2]  t0:0.970 | t1:0.872 | t2:0.801 | t3:0.892
[q sigma] t0:0.015 | t1:0.025 | t2:0.069 | t3:0.024   (prior sigma ~0.29; floor = head.sigma_floor)
[TIMER] train 13772.1s
[WARN] requested learned_compressor_bestprobe.pt missing; falling back to learned_compressor.pt
exporting from checkpoint: /gscratch/ddehiwalage-don/sbi_master/cnn_vmim_/n4/seed_s0/nle/learned_compressor.pt
  export 256/9,120,000
  export 25,856/9,120,000
  export 51,456/9,120,000
  export 77,056/9,120,000
  export 102,656/9,120,000
  export 128,256/9,120,000
  export 153,856/9,120,000
  export 179,456/9,120,000
  export 205,056/9,120,000
  export 230,656/9,120,000
  export 256,256/9,120,000
  export 281,856/9,120,000
  export 307,456/9,120,000
  export 333,056/9,120,000
  export 358,656/9,120,000
  export 384,256/9,120,000
  export 409,856/9,120,000
  export 435,456/9,120,000
  export 461,056/9,120,000
  export 486,656/9,120,000
  export 512,256/9,120,000
  export 537,856/9,120,000
  export 563,456/9,120,000
  export 589,056/9,120,000
  export 614,656/9,120,000
  export 640,256/9,120,000
  export 665,856/9,120,000
  export 691,456/9,120,000
  export 717,056/9,120,000
  export 742,656/9,120,000
  export 768,256/9,120,000
  export 793,856/9,120,000
  export 819,456/9,120,000
  export 845,056/9,120,000
  export 870,656/9,120,000
  export 896,256/9,120,000
  export 921,856/9,120,000
  export 947,456/9,120,000
  export 973,056/9,120,000
  export 998,656/9,120,000
  export 1,024,256/9,120,000
  export 1,049,856/9,120,000
  export 1,075,456/9,120,000
  export 1,101,056/9,120,000
  export 1,126,656/9,120,000
  export 1,152,256/9,120,000
  export 1,177,856/9,120,000
  export 1,203,456/9,120,000
  export 1,229,056/9,120,000
  export 1,254,656/9,120,000
  export 1,280,256/9,120,000
  export 1,305,856/9,120,000
  export 1,331,456/9,120,000
  export 1,357,056/9,120,000
  export 1,382,656/9,120,000
  export 1,408,256/9,120,000
  export 1,433,856/9,120,000
  export 1,459,456/9,120,000
  export 1,485,056/9,120,000
  export 1,510,656/9,120,000
  export 1,536,256/9,120,000
  export 1,561,856/9,120,000
  export 1,587,456/9,120,000
  export 1,613,056/9,120,000
  export 1,638,656/9,120,000
  export 1,664,256/9,120,000
  export 1,689,856/9,120,000
  export 1,715,456/9,120,000
  export 1,741,056/9,120,000
  export 1,766,656/9,120,000
  export 1,792,256/9,120,000
  export 1,817,856/9,120,000
  export 1,843,456/9,120,000
  export 1,869,056/9,120,000
  export 1,894,656/9,120,000
  export 1,920,256/9,120,000
  export 1,945,856/9,120,000
  export 1,971,456/9,120,000
  export 1,997,056/9,120,000
  export 2,022,656/9,120,000
  export 2,048,256/9,120,000
  export 2,073,856/9,120,000
  export 2,099,456/9,120,000
  export 2,125,056/9,120,000
  export 2,150,656/9,120,000
  export 2,176,256/9,120,000
  export 2,201,856/9,120,000
  export 2,227,456/9,120,000
  export 2,253,056/9,120,000
  export 2,278,656/9,120,000
  export 2,304,256/9,120,000
  export 2,329,856/9,120,000
  export 2,355,456/9,120,000
  export 2,381,056/9,120,000
  export 2,406,656/9,120,000
  export 2,432,256/9,120,000
  export 2,457,856/9,120,000
  export 2,483,456/9,120,000
  export 2,509,056/9,120,000
  export 2,534,656/9,120,000
  export 2,560,256/9,120,000
  export 2,585,856/9,120,000
  export 2,611,456/9,120,000
  export 2,637,056/9,120,000
  export 2,662,656/9,120,000
  export 2,688,256/9,120,000
  export 2,713,856/9,120,000
  export 2,739,456/9,120,000
  export 2,765,056/9,120,000
  export 2,790,656/9,120,000
  export 2,816,256/9,120,000
  export 2,841,856/9,120,000
  export 2,867,456/9,120,000
  export 2,893,056/9,120,000
  export 2,918,656/9,120,000
  export 2,944,256/9,120,000
  export 2,969,856/9,120,000
  export 2,995,456/9,120,000
  export 3,021,056/9,120,000
  export 3,046,656/9,120,000
  export 3,072,256/9,120,000
  export 3,097,856/9,120,000
  export 3,123,456/9,120,000
  export 3,149,056/9,120,000
  export 3,174,656/9,120,000
  export 3,200,256/9,120,000
  export 3,225,856/9,120,000
  export 3,251,456/9,120,000
  export 3,277,056/9,120,000
  export 3,302,656/9,120,000
  export 3,328,256/9,120,000
  export 3,353,856/9,120,000
  export 3,379,456/9,120,000
  export 3,405,056/9,120,000
  export 3,430,656/9,120,000
  export 3,456,256/9,120,000
  export 3,481,856/9,120,000
  export 3,507,456/9,120,000
  export 3,533,056/9,120,000
  export 3,558,656/9,120,000
  export 3,584,256/9,120,000
  export 3,609,856/9,120,000
  export 3,635,456/9,120,000
  export 3,661,056/9,120,000
  export 3,686,656/9,120,000
  export 3,712,256/9,120,000
  export 3,737,856/9,120,000
