node=tycho58  gpus=0
[seed] global seed=0 deterministic=True
Stage1 arm=cnn_vmim_/n1/seed_s0 split_seed=42 init_seed=0
--> usable cores=4  num_workers=3
sigma floor for each parm: tensor([0.0100, 0.0100, 0.0100, 0.0100]) jitter for each parm {}
[MODE] pure VMIM from epoch 0.
[PHASE] pure VMIM begins at epoch 1: arming probe-based early stopping from here.
Epoch 001 [VMIM] LR:2.00e-04 | train -1.593258 | val -2.153341
  saved best-by-loss.
Epoch 002 [VMIM] LR:2.00e-04 | train -2.603279 | val -2.664065
  saved best-by-loss.
Epoch 003 [VMIM] LR:2.00e-04 | train -2.759576 | val -2.651195
Epoch 004 [VMIM] LR:2.00e-04 | train -3.075333 | val -3.490724
  saved best-by-loss.
Epoch 005 [VMIM] LR:2.00e-04 | train -3.261608 | val -3.333421
Epoch 006 [VMIM] LR:2.00e-04 | train -3.390961 | val -3.930448
  saved best-by-loss.
Epoch 007 [VMIM] LR:2.00e-04 | train -3.398635 | val -3.084074
Epoch 008 [VMIM] LR:2.00e-04 | train -3.506024 | val -3.937727
  saved best-by-loss.
Epoch 009 [VMIM] LR:2.00e-04 | train -3.546329 | val -4.462453
  saved best-by-loss.
Epoch 010 [VMIM] LR:2.00e-04 | train -3.682840 | val -3.585955
[RF R2]  t0:0.939 | t1:0.328 | t2:-0.117 | t3:0.769
[q sigma] t0:0.087 | t1:0.222 | t2:0.345 | t3:0.159   (prior sigma ~0.29; floor = head.sigma_floor)
  saved best-by-probe (mean R2 0.480, pure-VMIM).
Epoch 011 [VMIM] LR:2.00e-04 | train -3.744703 | val -3.208594
Epoch 012 [VMIM] LR:2.00e-04 | train -3.775558 | val -3.694164
Epoch 013 [VMIM] LR:2.00e-04 | train -3.858686 | val -4.031556
Epoch 014 [VMIM] LR:2.00e-04 | train -4.079730 | val -4.759998
  saved best-by-loss.
Epoch 015 [VMIM] LR:2.00e-04 | train -4.456618 | val -4.945578
  saved best-by-loss.
Epoch 016 [VMIM] LR:2.00e-04 | train -4.550003 | val -4.756170
Epoch 017 [VMIM] LR:2.00e-04 | train -4.683298 | val -5.436985
  saved best-by-loss.
Epoch 018 [VMIM] LR:2.00e-04 | train -4.827393 | val -5.249152
Epoch 019 [VMIM] LR:2.00e-04 | train -4.879728 | val -5.365154
Epoch 020 [VMIM] LR:2.00e-04 | train -4.932137 | val -4.912286
[RF R2]  t0:0.949 | t1:0.842 | t2:0.055 | t3:0.922
[q sigma] t0:0.069 | t1:0.151 | t2:0.338 | t3:0.110   (prior sigma ~0.29; floor = head.sigma_floor)
  saved best-by-probe (mean R2 0.692, pure-VMIM).
Epoch 021 [VMIM] LR:2.00e-04 | train -5.047308 | val -5.013502
Epoch 022 [VMIM] LR:2.00e-04 | train -5.216647 | val -5.476567
  saved best-by-loss.
Epoch 023 [VMIM] LR:2.00e-04 | train -5.138226 | val -5.030513
Epoch 024 [VMIM] LR:2.00e-04 | train -5.228574 | val -5.559116
  saved best-by-loss.
Epoch 025 [VMIM] LR:2.00e-04 | train -5.132339 | val -5.710256
  saved best-by-loss.
Epoch 026 [VMIM] LR:2.00e-04 | train -5.354892 | val -5.649458
Epoch 027 [VMIM] LR:2.00e-04 | train -5.338296 | val -5.846805
  saved best-by-loss.
Epoch 028 [VMIM] LR:2.00e-04 | train -5.409356 | val -5.380933
Epoch 029 [VMIM] LR:2.00e-04 | train -5.455308 | val -5.921463
  saved best-by-loss.
Epoch 030 [VMIM] LR:2.00e-04 | train -5.469745 | val -5.736358
[RF R2]  t0:0.955 | t1:0.883 | t2:0.085 | t3:0.917
[q sigma] t0:0.063 | t1:0.082 | t2:0.354 | t3:0.071   (prior sigma ~0.29; floor = head.sigma_floor)
  saved best-by-probe (mean R2 0.710, pure-VMIM).
Epoch 031 [VMIM] LR:2.00e-04 | train -5.580371 | val -6.205792
  saved best-by-loss.
Epoch 032 [VMIM] LR:2.00e-04 | train -5.498170 | val -4.696158
Epoch 033 [VMIM] LR:2.00e-04 | train -5.626502 | val -6.415128
  saved best-by-loss.
Epoch 034 [VMIM] LR:2.00e-04 | train -5.654868 | val -6.176022
Epoch 035 [VMIM] LR:2.00e-04 | train -5.764163 | val -5.895337
Epoch 036 [VMIM] LR:2.00e-04 | train -5.705861 | val -6.228832
Epoch 037 [VMIM] LR:2.00e-04 | train -5.740786 | val -6.233278
Epoch 038 [VMIM] LR:2.00e-04 | train -5.811803 | val -6.402741
Epoch 039 [VMIM] LR:2.00e-04 | train -5.870409 | val -6.274695
Epoch 040 [VMIM] LR:2.00e-04 | train -5.930478 | val -6.429317
[RF R2]  t0:0.959 | t1:0.895 | t2:0.038 | t3:0.927
[q sigma] t0:0.066 | t1:0.072 | t2:0.349 | t3:0.062   (prior sigma ~0.29; floor = head.sigma_floor)
  saved best-by-loss.
Epoch 041 [VMIM] LR:2.00e-04 | train -5.938437 | val -6.653011
  saved best-by-loss.
Epoch 042 [VMIM] LR:2.00e-04 | train -5.988695 | val -6.762262
  saved best-by-loss.
Epoch 043 [VMIM] LR:2.00e-04 | train -5.890798 | val -6.023777
Epoch 044 [VMIM] LR:2.00e-04 | train -5.927567 | val -5.541356
Epoch 045 [VMIM] LR:2.00e-04 | train -5.889724 | val -6.172145
Epoch 046 [VMIM] LR:2.00e-04 | train -6.155626 | val -6.349599
Epoch 047 [VMIM] LR:2.00e-04 | train -6.134108 | val -6.636101
Epoch 048 [VMIM] LR:2.00e-04 | train -6.131438 | val -6.683331
Epoch 049 [VMIM] LR:2.00e-04 | train -6.033556 | val -6.946231
  saved best-by-loss.
Epoch 050 [VMIM] LR:2.00e-04 | train -6.071296 | val -6.293170
[RF R2]  t0:0.956 | t1:0.870 | t2:0.040 | t3:0.912
[q sigma] t0:0.056 | t1:0.069 | t2:0.329 | t3:0.061   (prior sigma ~0.29; floor = head.sigma_floor)
Epoch 051 [VMIM] LR:2.00e-04 | train -6.120611 | val -6.846054
Epoch 052 [VMIM] LR:2.00e-04 | train -6.146497 | val -6.701129
Epoch 053 [VMIM] LR:2.00e-04 | train -6.222395 | val -6.448038
Epoch 054 [VMIM] LR:2.00e-04 | train -6.176848 | val -6.365438
Epoch 055 [VMIM] LR:2.00e-04 | train -6.233889 | val -6.860089
Epoch 056 [VMIM] LR:2.00e-04 | train -6.310559 | val -6.746876
Epoch 057 [VMIM] LR:2.00e-04 | train -6.127288 | val -6.825873
Epoch 058 [VMIM] LR:2.00e-04 | train -6.383682 | val -6.717377
Epoch 059 [VMIM] LR:2.00e-04 | train -6.300364 | val -6.555221
Epoch 060 [VMIM] LR:2.00e-04 | train -6.401950 | val -7.191577
[RF R2]  t0:0.957 | t1:0.883 | t2:0.056 | t3:0.923
[q sigma] t0:0.056 | t1:0.067 | t2:0.311 | t3:0.058   (prior sigma ~0.29; floor = head.sigma_floor)
  saved best-by-loss.
Epoch 061 [VMIM] LR:2.00e-04 | train -6.491668 | val -6.018354
Epoch 062 [VMIM] LR:2.00e-04 | train -6.262776 | val -7.303377
  saved best-by-loss.
Epoch 063 [VMIM] LR:2.00e-04 | train -6.284921 | val -6.220454
Epoch 064 [VMIM] LR:2.00e-04 | train -6.404804 | val -7.234735
Epoch 065 [VMIM] LR:2.00e-04 | train -6.432688 | val -6.642172
Epoch 066 [VMIM] LR:2.00e-04 | train -6.346706 | val -6.763268
Epoch 067 [VMIM] LR:2.00e-04 | train -6.436267 | val -6.653273
Epoch 068 [VMIM] LR:2.00e-04 | train -6.437471 | val -6.760710
Epoch 069 [VMIM] LR:2.00e-04 | train -6.473643 | val -7.351294
  saved best-by-loss.
Epoch 070 [VMIM] LR:2.00e-04 | train -6.537448 | val -6.864354
[RF R2]  t0:0.958 | t1:0.879 | t2:0.041 | t3:0.925
[q sigma] t0:0.061 | t1:0.066 | t2:0.337 | t3:0.058   (prior sigma ~0.29; floor = head.sigma_floor)
Epoch 071 [VMIM] LR:2.00e-04 | train -6.597222 | val -7.363739
  saved best-by-loss.
Epoch 072 [VMIM] LR:2.00e-04 | train -6.613610 | val -6.796255
Epoch 073 [VMIM] LR:2.00e-04 | train -6.485912 | val -6.272399
Epoch 074 [VMIM] LR:2.00e-04 | train -6.676220 | val -7.129743
Epoch 075 [VMIM] LR:2.00e-04 | train -6.644210 | val -6.629008
Epoch 076 [VMIM] LR:2.00e-04 | train -6.661258 | val -7.384621
  saved best-by-loss.
Epoch 077 [VMIM] LR:2.00e-04 | train -6.779468 | val -6.706261
Epoch 078 [VMIM] LR:2.00e-04 | train -6.820848 | val -7.211495
Epoch 079 [VMIM] LR:2.00e-04 | train -6.699611 | val -7.170152
Epoch 080 [VMIM] LR:2.00e-04 | train -6.625045 | val -7.348441
[RF R2]  t0:0.970 | t1:0.889 | t2:0.272 | t3:0.931
[q sigma] t0:0.047 | t1:0.060 | t2:0.257 | t3:0.050   (prior sigma ~0.29; floor = head.sigma_floor)
  saved best-by-probe (mean R2 0.765, pure-VMIM).
Epoch 081 [VMIM] LR:2.00e-04 | train -6.790827 | val -7.345259
Epoch 082 [VMIM] LR:2.00e-04 | train -6.797164 | val -7.511028
  saved best-by-loss.
Epoch 083 [VMIM] LR:2.00e-04 | train -7.110616 | val -7.084017
Epoch 084 [VMIM] LR:2.00e-04 | train -7.246511 | val -7.110970
Epoch 085 [VMIM] LR:2.00e-04 | train -7.162678 | val -7.895647
  saved best-by-loss.
Epoch 086 [VMIM] LR:2.00e-04 | train -7.379415 | val -7.963208
  saved best-by-loss.
Epoch 087 [VMIM] LR:2.00e-04 | train -7.384401 | val -7.547209
Epoch 088 [VMIM] LR:2.00e-04 | train -7.480258 | val -8.289062
  saved best-by-loss.
Epoch 089 [VMIM] LR:2.00e-04 | train -7.587808 | val -8.375140
  saved best-by-loss.
Epoch 090 [VMIM] LR:2.00e-04 | train -7.634268 | val -7.991442
[RF R2]  t0:0.978 | t1:0.917 | t2:0.813 | t3:0.931
[q sigma] t0:0.030 | t1:0.047 | t2:0.129 | t3:0.039   (prior sigma ~0.29; floor = head.sigma_floor)
  saved best-by-probe (mean R2 0.910, pure-VMIM).
Epoch 091 [VMIM] LR:2.00e-04 | train -7.694681 | val -7.840581
Epoch 092 [VMIM] LR:2.00e-04 | train -7.607292 | val -5.949548
Epoch 093 [VMIM] LR:2.00e-04 | train -7.801283 | val -8.513843
  saved best-by-loss.
Epoch 094 [VMIM] LR:2.00e-04 | train -7.856791 | val -7.968167
Epoch 095 [VMIM] LR:2.00e-04 | train -7.840514 | val -8.148680
Epoch 096 [VMIM] LR:2.00e-04 | train -7.830109 | val -8.181244
Epoch 097 [VMIM] LR:2.00e-04 | train -7.859532 | val -7.785100
Epoch 098 [VMIM] LR:2.00e-04 | train -8.093747 | val -8.338315
Epoch 099 [VMIM] LR:2.00e-04 | train -8.004647 | val -8.406388
Epoch 100 [VMIM] LR:2.00e-04 | train -7.998498 | val -8.633123
[RF R2]  t0:0.980 | t1:0.938 | t2:0.852 | t3:0.930
[q sigma] t0:0.023 | t1:0.041 | t2:0.109 | t3:0.037   (prior sigma ~0.29; floor = head.sigma_floor)
  saved best-by-probe (mean R2 0.925, pure-VMIM).
  saved best-by-loss.
Epoch 101 [VMIM] LR:2.00e-04 | train -8.060634 | val -8.796049
  saved best-by-loss.
Epoch 102 [VMIM] LR:2.00e-04 | train -8.002370 | val -8.659151
Epoch 103 [VMIM] LR:2.00e-04 | train -8.099119 | val -8.361662
Epoch 104 [VMIM] LR:2.00e-04 | train -8.209090 | val -7.675833
Epoch 105 [VMIM] LR:2.00e-04 | train -8.212002 | val -8.640741
Epoch 106 [VMIM] LR:2.00e-04 | train -8.145245 | val -8.933361
  saved best-by-loss.
Epoch 107 [VMIM] LR:2.00e-04 | train -8.227454 | val -8.477914
Epoch 108 [VMIM] LR:2.00e-04 | train -8.253477 | val -8.762753
Epoch 109 [VMIM] LR:2.00e-04 | train -8.122565 | val -8.602882
Epoch 110 [VMIM] LR:2.00e-04 | train -8.278151 | val -8.895319
[RF R2]  t0:0.983 | t1:0.931 | t2:0.859 | t3:0.927
[q sigma] t0:0.023 | t1:0.043 | t2:0.104 | t3:0.048   (prior sigma ~0.29; floor = head.sigma_floor)
  saved best-by-probe (mean R2 0.925, pure-VMIM).
Epoch 111 [VMIM] LR:2.00e-04 | train -8.352155 | val -8.985551
  saved best-by-loss.
Epoch 112 [VMIM] LR:2.00e-04 | train -8.279313 | val -8.769517
Epoch 113 [VMIM] LR:2.00e-04 | train -8.366092 | val -8.781528
Epoch 114 [VMIM] LR:2.00e-04 | train -8.294643 | val -9.014085
  saved best-by-loss.
Epoch 115 [VMIM] LR:2.00e-04 | train -8.440310 | val -8.148392
Epoch 116 [VMIM] LR:2.00e-04 | train -8.398734 | val -9.163952
  saved best-by-loss.
Epoch 117 [VMIM] LR:2.00e-04 | train -8.388792 | val -8.461705
Epoch 118 [VMIM] LR:2.00e-04 | train -8.426618 | val -9.255573
  saved best-by-loss.
Epoch 119 [VMIM] LR:2.00e-04 | train -8.401711 | val -8.948415
Epoch 120 [VMIM] LR:2.00e-04 | train -8.380901 | val -8.728554
[RF R2]  t0:0.982 | t1:0.925 | t2:0.864 | t3:0.917
[q sigma] t0:0.024 | t1:0.044 | t2:0.082 | t3:0.050   (prior sigma ~0.29; floor = head.sigma_floor)
Epoch 121 [VMIM] LR:2.00e-04 | train -8.497402 | val -9.025447
Epoch 122 [VMIM] LR:2.00e-04 | train -8.660157 | val -9.062431
Epoch 123 [VMIM] LR:2.00e-04 | train -8.488989 | val -8.923825
Epoch 124 [VMIM] LR:2.00e-04 | train -8.518873 | val -8.913067
Epoch 125 [VMIM] LR:2.00e-04 | train -8.638145 | val -9.108154
Epoch 126 [VMIM] LR:2.00e-04 | train -8.524078 | val -9.007588
Epoch 127 [VMIM] LR:2.00e-04 | train -8.609206 | val -9.261401
  saved best-by-loss.
Epoch 128 [VMIM] LR:2.00e-04 | train -8.568064 | val -9.005631
Epoch 129 [VMIM] LR:2.00e-04 | train -8.680112 | val -9.449847
  saved best-by-loss.
Epoch 130 [VMIM] LR:2.00e-04 | train -8.661026 | val -9.150065
[RF R2]  t0:0.979 | t1:0.925 | t2:0.879 | t3:0.936
[q sigma] t0:0.021 | t1:0.047 | t2:0.095 | t3:0.038   (prior sigma ~0.29; floor = head.sigma_floor)
  saved best-by-probe (mean R2 0.930, pure-VMIM).
Epoch 131 [VMIM] LR:2.00e-04 | train -8.694648 | val -9.698719
  saved best-by-loss.
Epoch 132 [VMIM] LR:2.00e-04 | train -8.756831 | val -9.242026
Epoch 133 [VMIM] LR:2.00e-04 | train -8.844631 | val -9.595265
Epoch 134 [VMIM] LR:2.00e-04 | train -8.712353 | val -9.579270
Epoch 135 [VMIM] LR:2.00e-04 | train -8.871193 | val -9.321333
Epoch 136 [VMIM] LR:2.00e-04 | train -8.876542 | val -9.512364
Epoch 137 [VMIM] LR:2.00e-04 | train -8.761029 | val -8.768086
Epoch 138 [VMIM] LR:2.00e-04 | train -8.835689 | val -9.613073
Epoch 139 [VMIM] LR:2.00e-04 | train -8.928375 | val -9.563878
Epoch 140 [VMIM] LR:2.00e-04 | train -8.790436 | val -9.095278
[RF R2]  t0:0.981 | t1:0.923 | t2:0.870 | t3:0.929
[q sigma] t0:0.020 | t1:0.037 | t2:0.076 | t3:0.045   (prior sigma ~0.29; floor = head.sigma_floor)
Epoch 141 [VMIM] LR:2.00e-04 | train -8.833985 | val -9.052909
Epoch 142 [VMIM] LR:2.00e-04 | train -8.955284 | val -9.677960
Epoch 143 [VMIM] LR:2.00e-04 | train -8.937885 | val -9.605285
Epoch 144 [VMIM] LR:2.00e-04 | train -8.920582 | val -9.016036
Epoch 145 [VMIM] LR:2.00e-04 | train -8.920174 | val -9.087796
Epoch 146 [VMIM] LR:2.00e-04 | train -8.996248 | val -9.427872
Epoch 147 [VMIM] LR:1.00e-04 | train -8.968546 | val -8.044920
Epoch 148 [VMIM] LR:1.00e-04 | train -9.822723 | val -10.582310
  saved best-by-loss.
Epoch 149 [VMIM] LR:1.00e-04 | train -9.951211 | val -10.551167
Epoch 150 [VMIM] LR:1.00e-04 | train -9.956195 | val -10.805362
[RF R2]  t0:0.981 | t1:0.917 | t2:0.884 | t3:0.930
[q sigma] t0:0.015 | t1:0.029 | t2:0.056 | t3:0.031   (prior sigma ~0.29; floor = head.sigma_floor)
  saved best-by-loss.
Epoch 151 [VMIM] LR:1.00e-04 | train -9.943101 | val -10.739885
Epoch 152 [VMIM] LR:1.00e-04 | train -10.038266 | val -10.952380
  saved best-by-loss.
Epoch 153 [VMIM] LR:1.00e-04 | train -10.021214 | val -11.034563
  saved best-by-loss.
Epoch 154 [VMIM] LR:1.00e-04 | train -10.072777 | val -10.509452
Epoch 155 [VMIM] LR:1.00e-04 | train -10.071399 | val -10.738484
Epoch 156 [VMIM] LR:1.00e-04 | train -10.062242 | val -10.975207
Epoch 157 [VMIM] LR:1.00e-04 | train -10.076641 | val -11.176856
  saved best-by-loss.
Epoch 158 [VMIM] LR:1.00e-04 | train -10.138663 | val -10.901916
Epoch 159 [VMIM] LR:1.00e-04 | train -10.149855 | val -10.656567
Epoch 160 [VMIM] LR:1.00e-04 | train -10.081683 | val -10.627281
[RF R2]  t0:0.979 | t1:0.911 | t2:0.895 | t3:0.924
[q sigma] t0:0.015 | t1:0.027 | t2:0.057 | t3:0.022   (prior sigma ~0.29; floor = head.sigma_floor)
Epoch 161 [VMIM] LR:1.00e-04 | train -10.156791 | val -11.124202
Epoch 162 [VMIM] LR:1.00e-04 | train -10.195273 | val -10.477575
Epoch 163 [VMIM] LR:1.00e-04 | train -10.127108 | val -10.720831
Epoch 164 [VMIM] LR:1.00e-04 | train -10.186300 | val -10.789689
Epoch 165 [VMIM] LR:1.00e-04 | train -10.152924 | val -10.957789
Epoch 166 [VMIM] LR:1.00e-04 | train -10.171784 | val -10.667772
Epoch 167 [VMIM] LR:1.00e-04 | train -10.180237 | val -11.213552
  saved best-by-loss.
Epoch 168 [VMIM] LR:1.00e-04 | train -10.236716 | val -11.011483
Epoch 169 [VMIM] LR:1.00e-04 | train -10.244695 | val -11.151379
Epoch 170 [VMIM] LR:1.00e-04 | train -10.262700 | val -10.900275
[RF R2]  t0:0.976 | t1:0.929 | t2:0.889 | t3:0.935
[q sigma] t0:0.014 | t1:0.027 | t2:0.052 | t3:0.029   (prior sigma ~0.29; floor = head.sigma_floor)
  saved best-by-probe (mean R2 0.932, pure-VMIM).
Epoch 171 [VMIM] LR:1.00e-04 | train -10.266320 | val -11.059431
Epoch 172 [VMIM] LR:1.00e-04 | train -10.241249 | val -11.049920
Epoch 173 [VMIM] LR:1.00e-04 | train -10.323818 | val -11.074879
Epoch 174 [VMIM] LR:1.00e-04 | train -10.300605 | val -10.901057
Epoch 175 [VMIM] LR:1.00e-04 | train -10.277129 | val -10.963505
Epoch 176 [VMIM] LR:1.00e-04 | train -10.256695 | val -10.683461
Epoch 177 [VMIM] LR:1.00e-04 | train -10.309634 | val -10.867436
Epoch 178 [VMIM] LR:1.00e-04 | train -10.266535 | val -11.330156
  saved best-by-loss.
Epoch 179 [VMIM] LR:1.00e-04 | train -10.302730 | val -10.977273
Epoch 180 [VMIM] LR:1.00e-04 | train -10.391222 | val -10.934809
[RF R2]  t0:0.978 | t1:0.913 | t2:0.887 | t3:0.929
[q sigma] t0:0.014 | t1:0.026 | t2:0.053 | t3:0.028   (prior sigma ~0.29; floor = head.sigma_floor)
Epoch 181 [VMIM] LR:1.00e-04 | train -10.363663 | val -11.314712
Epoch 182 [VMIM] LR:1.00e-04 | train -10.371795 | val -11.384617
  saved best-by-loss.
Epoch 183 [VMIM] LR:1.00e-04 | train -10.402223 | val -11.121339
Epoch 184 [VMIM] LR:1.00e-04 | train -10.333066 | val -10.823361
Epoch 185 [VMIM] LR:1.00e-04 | train -10.373666 | val -10.976537
Epoch 186 [VMIM] LR:1.00e-04 | train -10.361393 | val -10.698826
Epoch 187 [VMIM] LR:1.00e-04 | train -10.456247 | val -11.021636
Epoch 188 [VMIM] LR:1.00e-04 | train -10.500376 | val -10.912846
Epoch 189 [VMIM] LR:1.00e-04 | train -10.433283 | val -11.125761
Epoch 190 [VMIM] LR:1.00e-04 | train -10.441643 | val -10.627699
[RF R2]  t0:0.979 | t1:0.893 | t2:0.886 | t3:0.919
[q sigma] t0:0.013 | t1:0.027 | t2:0.048 | t3:0.030   (prior sigma ~0.29; floor = head.sigma_floor)
Epoch 191 [VMIM] LR:1.00e-04 | train -10.487102 | val -10.786981
Epoch 192 [VMIM] LR:1.00e-04 | train -10.397815 | val -11.246976
Epoch 193 [VMIM] LR:1.00e-04 | train -10.509872 | val -11.382538
Epoch 194 [VMIM] LR:1.00e-04 | train -10.464136 | val -11.300012
Epoch 195 [VMIM] LR:1.00e-04 | train -10.500789 | val -10.795131
Epoch 196 [VMIM] LR:1.00e-04 | train -10.448585 | val -11.092363
Epoch 197 [VMIM] LR:1.00e-04 | train -10.446614 | val -10.987749
Epoch 198 [VMIM] LR:5.00e-05 | train -10.506983 | val -11.194991
Epoch 199 [VMIM] LR:5.00e-05 | train -11.120987 | val -11.872836
  saved best-by-loss.
Epoch 200 [VMIM] LR:5.00e-05 | train -11.126037 | val -12.080950
[RF R2]  t0:0.974 | t1:0.921 | t2:0.897 | t3:0.919
[q sigma] t0:0.012 | t1:0.021 | t2:0.040 | t3:0.023   (prior sigma ~0.29; floor = head.sigma_floor)
  saved best-by-loss.
[TIMER] train 7758.8s
[WARN] requested learned_compressor_bestprobe.pt missing; falling back to learned_compressor.pt
exporting from checkpoint: /gscratch/ddehiwalage-don/sbi_master/cnn_vmim_/n1/seed_s0/nle/learned_compressor.pt
  export 1,024/9,120,000
  export 103,424/9,120,000
  export 205,824/9,120,000
  export 308,224/9,120,000
  export 410,624/9,120,000
  export 513,024/9,120,000
  export 615,424/9,120,000
  export 717,824/9,120,000
  export 820,224/9,120,000
  export 922,624/9,120,000
  export 1,025,024/9,120,000
  export 1,127,424/9,120,000
  export 1,229,824/9,120,000
  export 1,332,224/9,120,000
  export 1,434,624/9,120,000
  export 1,537,024/9,120,000
  export 1,639,424/9,120,000
  export 1,741,824/9,120,000
  export 1,844,224/9,120,000
  export 1,946,624/9,120,000
  export 2,049,024/9,120,000
  export 2,151,424/9,120,000
  export 2,253,824/9,120,000
  export 2,356,224/9,120,000
  export 2,458,624/9,120,000
  export 2,561,024/9,120,000
  export 2,663,424/9,120,000
  export 2,765,824/9,120,000
  export 2,868,224/9,120,000
  export 2,970,624/9,120,000
  export 3,073,024/9,120,000
  export 3,175,424/9,120,000
  export 3,277,824/9,120,000
  export 3,380,224/9,120,000
  export 3,482,624/9,120,000
  export 3,585,024/9,120,000
  export 3,687,424/9,120,000
  export 3,789,824/9,120,000
  export 3,892,224/9,120,000
  export 3,994,624/9,120,000
  export 4,097,024/9,120,000
  export 4,199,424/9,120,000
  export 4,301,824/9,120,000
  export 4,404,224/9,120,000
  export 4,506,624/9,120,000
  export 4,609,024/9,120,000
  export 4,711,424/9,120,000
  export 4,813,824/9,120,000
  export 4,916,224/9,120,000
  export 5,018,624/9,120,000
  export 5,121,024/9,120,000
  export 5,223,424/9,120,000
  export 5,325,824/9,120,000
  export 5,428,224/9,120,000
  export 5,530,624/9,120,000
  export 5,633,024/9,120,000
  export 5,735,424/9,120,000
  export 5,837,824/9,120,000
  export 5,940,224/9,120,000
  export 6,042,624/9,120,000
  export 6,145,024/9,120,000
  export 6,247,424/9,120,000
  export 6,349,824/9,120,000
  export 6,452,224/9,120,000
  export 6,554,624/9,120,000
  export 6,657,024/9,120,000
  export 6,759,424/9,120,000
  export 6,861,824/9,120,000
  export 6,964,224/9,120,000
  export 7,066,624/9,120,000
  export 7,169,024/9,120,000
  export 7,271,424/9,120,000
  export 7,373,824/9,120,000
  export 7,476,224/9,120,000
  export 7,578,624/9,120,000
  export 7,681,024/9,120,000
  export 7,783,424/9,120,000
  export 7,885,824/9,120,000
  export 7,988,224/9,120,000
  export 8,090,624/9,120,000
  export 8,193,024/9,120,000
  export 8,295,424/9,120,000
  export 8,397,824/9,120,000
  export 8,500,224/9,120,000
  export 8,602,624/9,120,000
  export 8,705,024/9,120,000
  export 8,807,424/9,120,000
  export 8,909,824/9,120,000
  export 9,012,224/9,120,000
  export 9,114,624/9,120,000
exported summaries -> /gscratch/ddehiwalage-don/sbi_master/cnn_vmim_/n1/seed_s0/summaries  t (9120000, 4)
