node=tycho91  gpus=0
[seed] global seed=3 deterministic=True
Stage1 arm=cnn_vmim_/n2/seed_s3 split_seed=42 init_seed=3
--> usable cores=4  num_workers=3
sigma floor for each parm: tensor([0.0100, 0.0100, 0.0100, 0.0100]) jitter for each parm {}
[MODE] pure VMIM from epoch 0.
[PHASE] pure VMIM begins at epoch 1: arming probe-based early stopping from here.
Epoch 001 [VMIM] LR:2.00e-04 | train -1.185760 | val -1.594602
  saved best-by-loss.
Epoch 002 [VMIM] LR:2.00e-04 | train -2.507014 | val -2.785053
  saved best-by-loss.
Epoch 003 [VMIM] LR:2.00e-04 | train -2.854214 | val -2.521609
Epoch 004 [VMIM] LR:2.00e-04 | train -2.979277 | val -2.829266
  saved best-by-loss.
Epoch 005 [VMIM] LR:2.00e-04 | train -3.123107 | val -2.877850
  saved best-by-loss.
Epoch 006 [VMIM] LR:2.00e-04 | train -3.302393 | val -3.121850
  saved best-by-loss.
Epoch 007 [VMIM] LR:2.00e-04 | train -3.480388 | val -4.001819
  saved best-by-loss.
Epoch 008 [VMIM] LR:2.00e-04 | train -3.589552 | val -3.089121
Epoch 009 [VMIM] LR:2.00e-04 | train -3.680533 | val -4.202148
  saved best-by-loss.
Epoch 010 [VMIM] LR:2.00e-04 | train -3.771211 | val -3.537027
[RF R2]  t0:0.932 | t1:0.302 | t2:-0.003 | t3:0.744
[q sigma] t0:0.090 | t1:0.216 | t2:0.379 | t3:0.169   (prior sigma ~0.29; floor = head.sigma_floor)
  saved best-by-probe (mean R2 0.494, pure-VMIM).
Epoch 011 [VMIM] LR:2.00e-04 | train -3.856752 | val -3.678056
Epoch 012 [VMIM] LR:2.00e-04 | train -3.969970 | val -4.579213
  saved best-by-loss.
Epoch 013 [VMIM] LR:2.00e-04 | train -4.182080 | val -4.586418
  saved best-by-loss.
Epoch 014 [VMIM] LR:2.00e-04 | train -4.449041 | val -4.897002
  saved best-by-loss.
Epoch 015 [VMIM] LR:2.00e-04 | train -4.680738 | val -5.399346
  saved best-by-loss.
Epoch 016 [VMIM] LR:2.00e-04 | train -4.889903 | val -5.513945
  saved best-by-loss.
Epoch 017 [VMIM] LR:2.00e-04 | train -4.999246 | val -5.224574
Epoch 018 [VMIM] LR:2.00e-04 | train -5.205790 | val -5.311078
Epoch 019 [VMIM] LR:2.00e-04 | train -5.199420 | val -5.426106
Epoch 020 [VMIM] LR:2.00e-04 | train -5.225912 | val -4.904080
[RF R2]  t0:0.935 | t1:0.924 | t2:-0.003 | t3:0.944
[q sigma] t0:0.074 | t1:0.089 | t2:0.359 | t3:0.090   (prior sigma ~0.29; floor = head.sigma_floor)
  saved best-by-probe (mean R2 0.700, pure-VMIM).
Epoch 021 [VMIM] LR:2.00e-04 | train -5.289603 | val -5.813031
  saved best-by-loss.
Epoch 022 [VMIM] LR:2.00e-04 | train -5.420358 | val -5.692733
Epoch 023 [VMIM] LR:2.00e-04 | train -5.565382 | val -6.124142
  saved best-by-loss.
Epoch 024 [VMIM] LR:2.00e-04 | train -5.426231 | val -5.101695
Epoch 025 [VMIM] LR:2.00e-04 | train -5.576724 | val -6.356770
  saved best-by-loss.
Epoch 026 [VMIM] LR:2.00e-04 | train -5.619087 | val -5.533893
Epoch 027 [VMIM] LR:2.00e-04 | train -5.780536 | val -5.982815
Epoch 028 [VMIM] LR:2.00e-04 | train -5.700110 | val -6.410175
  saved best-by-loss.
Epoch 029 [VMIM] LR:2.00e-04 | train -5.770477 | val -5.833167
Epoch 030 [VMIM] LR:2.00e-04 | train -5.841404 | val -5.992004
[RF R2]  t0:0.929 | t1:0.920 | t2:0.033 | t3:0.908
[q sigma] t0:0.083 | t1:0.069 | t2:0.327 | t3:0.063   (prior sigma ~0.29; floor = head.sigma_floor)
Epoch 031 [VMIM] LR:2.00e-04 | train -5.892468 | val -6.293666
Epoch 032 [VMIM] LR:2.00e-04 | train -5.894620 | val -6.460521
  saved best-by-loss.
Epoch 033 [VMIM] LR:2.00e-04 | train -5.977857 | val -6.521998
  saved best-by-loss.
Epoch 034 [VMIM] LR:2.00e-04 | train -6.002361 | val -6.149161
Epoch 035 [VMIM] LR:2.00e-04 | train -6.043536 | val -5.196024
Epoch 036 [VMIM] LR:2.00e-04 | train -6.085478 | val -6.514328
Epoch 037 [VMIM] LR:2.00e-04 | train -6.090753 | val -6.746633
  saved best-by-loss.
Epoch 038 [VMIM] LR:2.00e-04 | train -6.096883 | val -6.407606
Epoch 039 [VMIM] LR:2.00e-04 | train -6.176051 | val -6.415934
Epoch 040 [VMIM] LR:2.00e-04 | train -6.218483 | val -6.578823
[RF R2]  t0:0.928 | t1:0.931 | t2:0.006 | t3:0.934
[q sigma] t0:0.075 | t1:0.059 | t2:0.339 | t3:0.049   (prior sigma ~0.29; floor = head.sigma_floor)
Epoch 041 [VMIM] LR:2.00e-04 | train -6.213453 | val -6.958698
  saved best-by-loss.
Epoch 042 [VMIM] LR:2.00e-04 | train -6.238845 | val -6.596979
Epoch 043 [VMIM] LR:2.00e-04 | train -6.317264 | val -6.348005
Epoch 044 [VMIM] LR:2.00e-04 | train -6.241696 | val -6.870133
Epoch 045 [VMIM] LR:2.00e-04 | train -6.287707 | val -6.723476
Epoch 046 [VMIM] LR:2.00e-04 | train -6.204411 | val -6.884659
Epoch 047 [VMIM] LR:2.00e-04 | train -6.319329 | val -6.935710
Epoch 048 [VMIM] LR:2.00e-04 | train -6.262049 | val -6.461666
Epoch 049 [VMIM] LR:2.00e-04 | train -6.355892 | val -6.929798
Epoch 050 [VMIM] LR:2.00e-04 | train -6.420024 | val -6.569408
[RF R2]  t0:0.940 | t1:0.925 | t2:0.044 | t3:0.935
[q sigma] t0:0.077 | t1:0.053 | t2:0.360 | t3:0.060   (prior sigma ~0.29; floor = head.sigma_floor)
  saved best-by-probe (mean R2 0.711, pure-VMIM).
Epoch 051 [VMIM] LR:2.00e-04 | train -6.428386 | val -6.922884
Epoch 052 [VMIM] LR:2.00e-04 | train -6.476222 | val -7.003316
  saved best-by-loss.
Epoch 053 [VMIM] LR:2.00e-04 | train -6.468412 | val -6.821638
Epoch 054 [VMIM] LR:2.00e-04 | train -6.500664 | val -7.067162
  saved best-by-loss.
Epoch 055 [VMIM] LR:2.00e-04 | train -6.569254 | val -7.194188
  saved best-by-loss.
Epoch 056 [VMIM] LR:2.00e-04 | train -6.593301 | val -7.155532
Epoch 057 [VMIM] LR:2.00e-04 | train -6.587045 | val -7.049587
Epoch 058 [VMIM] LR:2.00e-04 | train -6.585402 | val -7.092363
Epoch 059 [VMIM] LR:2.00e-04 | train -6.599257 | val -6.510051
Epoch 060 [VMIM] LR:2.00e-04 | train -6.537224 | val -7.406623
[RF R2]  t0:0.945 | t1:0.906 | t2:-0.030 | t3:0.912
[q sigma] t0:0.067 | t1:0.045 | t2:0.335 | t3:0.043   (prior sigma ~0.29; floor = head.sigma_floor)
  saved best-by-loss.
Epoch 061 [VMIM] LR:2.00e-04 | train -6.669382 | val -7.218643
Epoch 062 [VMIM] LR:2.00e-04 | train -6.593517 | val -7.086968
Epoch 063 [VMIM] LR:2.00e-04 | train -6.684459 | val -7.265632
Epoch 064 [VMIM] LR:2.00e-04 | train -6.626735 | val -7.307453
Epoch 065 [VMIM] LR:2.00e-04 | train -6.742727 | val -7.166685
Epoch 066 [VMIM] LR:2.00e-04 | train -6.883602 | val -6.986224
Epoch 067 [VMIM] LR:2.00e-04 | train -6.856818 | val -6.789148
Epoch 068 [VMIM] LR:2.00e-04 | train -6.806017 | val -7.270507
Epoch 069 [VMIM] LR:2.00e-04 | train -6.841062 | val -7.104002
Epoch 070 [VMIM] LR:2.00e-04 | train -6.821943 | val -7.401531
[RF R2]  t0:0.946 | t1:0.919 | t2:0.003 | t3:0.931
[q sigma] t0:0.066 | t1:0.049 | t2:0.337 | t3:0.044   (prior sigma ~0.29; floor = head.sigma_floor)
Epoch 071 [VMIM] LR:2.00e-04 | train -6.866659 | val -7.514691
  saved best-by-loss.
Epoch 072 [VMIM] LR:2.00e-04 | train -6.846387 | val -7.317410
Epoch 073 [VMIM] LR:2.00e-04 | train -6.996633 | val -7.671479
  saved best-by-loss.
Epoch 074 [VMIM] LR:2.00e-04 | train -6.883752 | val -6.770695
Epoch 075 [VMIM] LR:2.00e-04 | train -6.946001 | val -6.879556
Epoch 076 [VMIM] LR:2.00e-04 | train -6.940448 | val -6.873030
Epoch 077 [VMIM] LR:2.00e-04 | train -6.982864 | val -7.768577
  saved best-by-loss.
Epoch 078 [VMIM] LR:2.00e-04 | train -6.937373 | val -7.510476
Epoch 079 [VMIM] LR:2.00e-04 | train -7.063372 | val -7.324596
Epoch 080 [VMIM] LR:2.00e-04 | train -7.079470 | val -7.509355
[RF R2]  t0:0.942 | t1:0.911 | t2:-0.049 | t3:0.934
[q sigma] t0:0.066 | t1:0.039 | t2:0.332 | t3:0.035   (prior sigma ~0.29; floor = head.sigma_floor)
Epoch 081 [VMIM] LR:2.00e-04 | train -7.008660 | val -7.728104
Epoch 082 [VMIM] LR:2.00e-04 | train -7.066295 | val -7.288011
Epoch 083 [VMIM] LR:2.00e-04 | train -7.133600 | val -7.582689
Epoch 084 [VMIM] LR:2.00e-04 | train -7.091267 | val -7.702403
Epoch 085 [VMIM] LR:2.00e-04 | train -7.103559 | val -7.632965
Epoch 086 [VMIM] LR:2.00e-04 | train -7.090201 | val -7.549503
Epoch 087 [VMIM] LR:2.00e-04 | train -7.081864 | val -7.580479
Epoch 088 [VMIM] LR:2.00e-04 | train -7.195234 | val -7.717444
Epoch 089 [VMIM] LR:2.00e-04 | train -7.096168 | val -7.553687
Epoch 090 [VMIM] LR:2.00e-04 | train -7.177260 | val -7.478351
[RF R2]  t0:0.946 | t1:0.900 | t2:-0.053 | t3:0.925
[q sigma] t0:0.065 | t1:0.044 | t2:0.338 | t3:0.038   (prior sigma ~0.29; floor = head.sigma_floor)
Epoch 091 [VMIM] LR:2.00e-04 | train -7.227661 | val -7.379776
Epoch 092 [VMIM] LR:2.00e-04 | train -7.212109 | val -7.109233
Epoch 093 [VMIM] LR:1.00e-04 | train -7.250223 | val -7.703508
Epoch 094 [VMIM] LR:1.00e-04 | train -7.896093 | val -8.166540
  saved best-by-loss.
Epoch 095 [VMIM] LR:1.00e-04 | train -7.936690 | val -8.560227
  saved best-by-loss.
Epoch 096 [VMIM] LR:1.00e-04 | train -7.944524 | val -8.378817
Epoch 097 [VMIM] LR:1.00e-04 | train -8.009719 | val -8.544268
Epoch 098 [VMIM] LR:1.00e-04 | train -7.970233 | val -8.468992
Epoch 099 [VMIM] LR:1.00e-04 | train -7.983452 | val -8.620072
  saved best-by-loss.
Epoch 100 [VMIM] LR:1.00e-04 | train -8.008867 | val -8.409661
[RF R2]  t0:0.946 | t1:0.909 | t2:-0.067 | t3:0.924
[q sigma] t0:0.059 | t1:0.029 | t2:0.334 | t3:0.031   (prior sigma ~0.29; floor = head.sigma_floor)
Epoch 101 [VMIM] LR:1.00e-04 | train -8.014168 | val -8.565731
Epoch 102 [VMIM] LR:1.00e-04 | train -8.044094 | val -8.577309
Epoch 103 [VMIM] LR:1.00e-04 | train -8.101948 | val -8.330500
Epoch 104 [VMIM] LR:1.00e-04 | train -8.019655 | val -7.964243
Epoch 105 [VMIM] LR:1.00e-04 | train -8.134209 | val -8.941983
  saved best-by-loss.
Epoch 106 [VMIM] LR:1.00e-04 | train -8.118417 | val -8.531255
Epoch 107 [VMIM] LR:1.00e-04 | train -8.121241 | val -8.816784
Epoch 108 [VMIM] LR:1.00e-04 | train -8.098887 | val -8.594024
Epoch 109 [VMIM] LR:1.00e-04 | train -8.178175 | val -8.671496
Epoch 110 [VMIM] LR:1.00e-04 | train -8.058724 | val -8.766651
[RF R2]  t0:0.950 | t1:0.927 | t2:-0.072 | t3:0.929
[q sigma] t0:0.057 | t1:0.028 | t2:0.341 | t3:0.029   (prior sigma ~0.29; floor = head.sigma_floor)
Epoch 111 [VMIM] LR:1.00e-04 | train -8.174383 | val -8.179586
Epoch 112 [VMIM] LR:1.00e-04 | train -8.127974 | val -8.814941
Epoch 113 [VMIM] LR:1.00e-04 | train -8.167838 | val -8.846283
Epoch 114 [VMIM] LR:1.00e-04 | train -8.196315 | val -8.575602
Epoch 115 [VMIM] LR:1.00e-04 | train -8.133302 | val -8.707171
Epoch 116 [VMIM] LR:1.00e-04 | train -8.162642 | val -8.880169
Epoch 117 [VMIM] LR:1.00e-04 | train -8.137075 | val -8.724022
Epoch 118 [VMIM] LR:1.00e-04 | train -8.193281 | val -8.529126
Epoch 119 [VMIM] LR:1.00e-04 | train -8.164539 | val -8.683689
Epoch 120 [VMIM] LR:1.00e-04 | train -8.180291 | val -8.528822
[RF R2]  t0:0.948 | t1:0.912 | t2:-0.098 | t3:0.932
[q sigma] t0:0.057 | t1:0.029 | t2:0.326 | t3:0.026   (prior sigma ~0.29; floor = head.sigma_floor)
Epoch 121 [VMIM] LR:5.00e-05 | train -8.223171 | val -8.805254
Epoch 122 [VMIM] LR:5.00e-05 | train -8.571717 | val -9.281917
  saved best-by-loss.
Epoch 123 [VMIM] LR:5.00e-05 | train -8.621382 | val -9.339099
  saved best-by-loss.
Epoch 124 [VMIM] LR:5.00e-05 | train -8.671039 | val -9.387786
  saved best-by-loss.
Epoch 125 [VMIM] LR:5.00e-05 | train -8.638718 | val -9.348005
Epoch 126 [VMIM] LR:5.00e-05 | train -8.644298 | val -9.412262
  saved best-by-loss.
Epoch 127 [VMIM] LR:5.00e-05 | train -8.664081 | val -9.295087
Epoch 128 [VMIM] LR:5.00e-05 | train -8.664101 | val -9.294733
Epoch 129 [VMIM] LR:5.00e-05 | train -8.697769 | val -9.235889
Epoch 130 [VMIM] LR:5.00e-05 | train -8.688491 | val -9.468007
[RF R2]  t0:0.945 | t1:0.924 | t2:-0.079 | t3:0.935
[q sigma] t0:0.054 | t1:0.022 | t2:0.315 | t3:0.024   (prior sigma ~0.29; floor = head.sigma_floor)
  saved best-by-loss.
Epoch 131 [VMIM] LR:5.00e-05 | train -8.719780 | val -9.443780
Epoch 132 [VMIM] LR:5.00e-05 | train -8.705720 | val -9.309479
Epoch 133 [VMIM] LR:5.00e-05 | train -8.706632 | val -9.433276
Epoch 134 [VMIM] LR:5.00e-05 | train -8.755965 | val -9.365126
Epoch 135 [VMIM] LR:5.00e-05 | train -8.731091 | val -9.377572
Epoch 136 [VMIM] LR:5.00e-05 | train -8.728543 | val -9.252661
Epoch 137 [VMIM] LR:5.00e-05 | train -8.719676 | val -8.881227
Epoch 138 [VMIM] LR:5.00e-05 | train -8.707854 | val -9.322117
Epoch 139 [VMIM] LR:5.00e-05 | train -8.767874 | val -9.416604
Epoch 140 [VMIM] LR:5.00e-05 | train -8.750719 | val -9.410844
[RF R2]  t0:0.955 | t1:0.921 | t2:-0.119 | t3:0.918
[q sigma] t0:0.053 | t1:0.023 | t2:0.311 | t3:0.022   (prior sigma ~0.29; floor = head.sigma_floor)
Epoch 141 [VMIM] LR:5.00e-05 | train -8.772959 | val -9.412678
Epoch 142 [VMIM] LR:5.00e-05 | train -8.754599 | val -9.370750
Epoch 143 [VMIM] LR:5.00e-05 | train -8.756494 | val -9.348158
Epoch 144 [VMIM] LR:5.00e-05 | train -8.760514 | val -9.410046
Epoch 145 [VMIM] LR:5.00e-05 | train -8.735701 | val -9.422380
Epoch 146 [VMIM] LR:5.00e-05 | train -8.810528 | val -9.507641
  saved best-by-loss.
Epoch 147 [VMIM] LR:5.00e-05 | train -8.774128 | val -9.282536
Epoch 148 [VMIM] LR:5.00e-05 | train -8.779780 | val -9.385820
Epoch 149 [VMIM] LR:5.00e-05 | train -8.787450 | val -9.266132
Epoch 150 [VMIM] LR:5.00e-05 | train -8.799900 | val -9.489063
[RF R2]  t0:0.945 | t1:0.915 | t2:-0.078 | t3:0.915
[q sigma] t0:0.053 | t1:0.022 | t2:0.317 | t3:0.023   (prior sigma ~0.29; floor = head.sigma_floor)
Epoch 151 [VMIM] LR:5.00e-05 | train -8.807840 | val -9.495696
Epoch 152 [VMIM] LR:5.00e-05 | train -8.821778 | val -9.502452
Epoch 153 [VMIM] LR:5.00e-05 | train -8.788836 | val -9.497402
Epoch 154 [VMIM] LR:5.00e-05 | train -8.821204 | val -9.382731
Epoch 155 [VMIM] LR:5.00e-05 | train -8.836858 | val -9.362465
Epoch 156 [VMIM] LR:5.00e-05 | train -8.835985 | val -9.293249
Epoch 157 [VMIM] LR:5.00e-05 | train -8.826409 | val -9.238315
Epoch 158 [VMIM] LR:5.00e-05 | train -8.820556 | val -9.566819
  saved best-by-loss.
Epoch 159 [VMIM] LR:5.00e-05 | train -8.835973 | val -9.353537
Epoch 160 [VMIM] LR:5.00e-05 | train -8.872847 | val -9.251666
[RF R2]  t0:0.950 | t1:0.910 | t2:-0.106 | t3:0.914
[q sigma] t0:0.053 | t1:0.022 | t2:0.328 | t3:0.023   (prior sigma ~0.29; floor = head.sigma_floor)
Epoch 161 [VMIM] LR:5.00e-05 | train -8.854902 | val -9.636564
  saved best-by-loss.
Epoch 162 [VMIM] LR:5.00e-05 | train -8.829565 | val -9.471616
Epoch 163 [VMIM] LR:5.00e-05 | train -8.836066 | val -9.365136
Epoch 164 [VMIM] LR:5.00e-05 | train -8.874773 | val -9.489379
Epoch 165 [VMIM] LR:5.00e-05 | train -8.876143 | val -9.570754
Epoch 166 [VMIM] LR:5.00e-05 | train -8.848398 | val -9.419330
Epoch 167 [VMIM] LR:5.00e-05 | train -8.896780 | val -9.362479
Epoch 168 [VMIM] LR:5.00e-05 | train -8.879643 | val -9.589571
Epoch 169 [VMIM] LR:5.00e-05 | train -8.908220 | val -9.697554
  saved best-by-loss.
Epoch 170 [VMIM] LR:5.00e-05 | train -8.850012 | val -9.666417
[RF R2]  t0:0.945 | t1:0.905 | t2:-0.085 | t3:0.923
[q sigma] t0:0.053 | t1:0.022 | t2:0.324 | t3:0.023   (prior sigma ~0.29; floor = head.sigma_floor)
Epoch 171 [VMIM] LR:5.00e-05 | train -8.901606 | val -9.611147
Epoch 172 [VMIM] LR:5.00e-05 | train -8.868527 | val -9.456011
Epoch 173 [VMIM] LR:5.00e-05 | train -8.895450 | val -9.350688
Epoch 174 [VMIM] LR:5.00e-05 | train -8.906688 | val -9.522490
Epoch 175 [VMIM] LR:5.00e-05 | train -8.887018 | val -9.450474
Epoch 176 [VMIM] LR:5.00e-05 | train -8.929058 | val -9.679875
Epoch 177 [VMIM] LR:5.00e-05 | train -8.938742 | val -9.617793
Epoch 178 [VMIM] LR:5.00e-05 | train -8.951203 | val -9.531439
Epoch 179 [VMIM] LR:5.00e-05 | train -8.928112 | val -9.637204
Epoch 180 [VMIM] LR:5.00e-05 | train -8.928711 | val -9.679435
[RF R2]  t0:0.949 | t1:0.916 | t2:-0.122 | t3:0.919
[q sigma] t0:0.053 | t1:0.022 | t2:0.324 | t3:0.022   (prior sigma ~0.29; floor = head.sigma_floor)
Epoch 181 [VMIM] LR:5.00e-05 | train -8.916943 | val -9.607118
Epoch 182 [VMIM] LR:5.00e-05 | train -8.948500 | val -9.454773
Epoch 183 [VMIM] LR:5.00e-05 | train -8.930196 | val -9.516026
Epoch 184 [VMIM] LR:5.00e-05 | train -8.971862 | val -9.508981
Epoch 185 [VMIM] LR:2.50e-05 | train -8.914529 | val -9.460374
Epoch 186 [VMIM] LR:2.50e-05 | train -9.174423 | val -9.892251
  saved best-by-loss.
Epoch 187 [VMIM] LR:2.50e-05 | train -9.217109 | val -9.769367
Epoch 188 [VMIM] LR:2.50e-05 | train -9.211338 | val -9.899971
  saved best-by-loss.
Epoch 189 [VMIM] LR:2.50e-05 | train -9.225018 | val -9.909331
  saved best-by-loss.
Epoch 190 [VMIM] LR:2.50e-05 | train -9.203324 | val -9.853247
[RF R2]  t0:0.946 | t1:0.923 | t2:-0.048 | t3:0.929
[q sigma] t0:0.053 | t1:0.021 | t2:0.317 | t3:0.022   (prior sigma ~0.29; floor = head.sigma_floor)
Epoch 191 [VMIM] LR:2.50e-05 | train -9.199312 | val -9.754069
Epoch 192 [VMIM] LR:2.50e-05 | train -9.246436 | val -9.918129
  saved best-by-loss.
Epoch 193 [VMIM] LR:2.50e-05 | train -9.202775 | val -9.890212
Epoch 194 [VMIM] LR:2.50e-05 | train -9.219723 | val -9.736814
Epoch 195 [VMIM] LR:2.50e-05 | train -9.203865 | val -9.855867
Epoch 196 [VMIM] LR:2.50e-05 | train -9.221329 | val -9.879708
Epoch 197 [VMIM] LR:2.50e-05 | train -9.220380 | val -9.937239
  saved best-by-loss.
Epoch 198 [VMIM] LR:2.50e-05 | train -9.246642 | val -9.802049
Epoch 199 [VMIM] LR:2.50e-05 | train -9.227890 | val -9.971606
  saved best-by-loss.
Epoch 200 [VMIM] LR:2.50e-05 | train -9.215613 | val -9.865589
[RF R2]  t0:0.952 | t1:0.926 | t2:-0.097 | t3:0.931
[q sigma] t0:0.054 | t1:0.021 | t2:0.321 | t3:0.023   (prior sigma ~0.29; floor = head.sigma_floor)
Early stopping at epoch 200: mean probe R2 stale for 15 probes IN PURE-VMIM PHASE.
[TIMER] train 4382.3s
[WARN] requested learned_compressor_bestprobe.pt missing; falling back to learned_compressor.pt
exporting from checkpoint: /gscratch/ddehiwalage-don/sbi_master/cnn_vmim_/n2/seed_s3/nle/learned_compressor.pt
  export 1,024/9,120,000
  export 103,424/9,120,000
  export 205,824/9,120,000
  export 308,224/9,120,000
  export 410,624/9,120,000
  export 513,024/9,120,000
  export 615,424/9,120,000
  export 717,824/9,120,000
  export 820,224/9,120,000
  export 922,624/9,120,000
  export 1,025,024/9,120,000
  export 1,127,424/9,120,000
  export 1,229,824/9,120,000
  export 1,332,224/9,120,000
  export 1,434,624/9,120,000
  export 1,537,024/9,120,000
  export 1,639,424/9,120,000
  export 1,741,824/9,120,000
  export 1,844,224/9,120,000
  export 1,946,624/9,120,000
  export 2,049,024/9,120,000
  export 2,151,424/9,120,000
  export 2,253,824/9,120,000
  export 2,356,224/9,120,000
  export 2,458,624/9,120,000
  export 2,561,024/9,120,000
  export 2,663,424/9,120,000
  export 2,765,824/9,120,000
  export 2,868,224/9,120,000
  export 2,970,624/9,120,000
  export 3,073,024/9,120,000
  export 3,175,424/9,120,000
  export 3,277,824/9,120,000
  export 3,380,224/9,120,000
  export 3,482,624/9,120,000
  export 3,585,024/9,120,000
  export 3,687,424/9,120,000
  export 3,789,824/9,120,000
  export 3,892,224/9,120,000
  export 3,994,624/9,120,000
  export 4,097,024/9,120,000
  export 4,199,424/9,120,000
  export 4,301,824/9,120,000
  export 4,404,224/9,120,000
  export 4,506,624/9,120,000
  export 4,609,024/9,120,000
  export 4,711,424/9,120,000
  export 4,813,824/9,120,000
  export 4,916,224/9,120,000
  export 5,018,624/9,120,000
  export 5,121,024/9,120,000
  export 5,223,424/9,120,000
  export 5,325,824/9,120,000
  export 5,428,224/9,120,000
  export 5,530,624/9,120,000
  export 5,633,024/9,120,000
  export 5,735,424/9,120,000
  export 5,837,824/9,120,000
  export 5,940,224/9,120,000
  export 6,042,624/9,120,000
  export 6,145,024/9,120,000
  export 6,247,424/9,120,000
  export 6,349,824/9,120,000
  export 6,452,224/9,120,000
  export 6,554,624/9,120,000
  export 6,657,024/9,120,000
  export 6,759,424/9,120,000
  export 6,861,824/9,120,000
  export 6,964,224/9,120,000
  export 7,066,624/9,120,000
  export 7,169,024/9,120,000
  export 7,271,424/9,120,000
  export 7,373,824/9,120,000
  export 7,476,224/9,120,000
  export 7,578,624/9,120,000
  export 7,681,024/9,120,000
  export 7,783,424/9,120,000
  export 7,885,824/9,120,000
  export 7,988,224/9,120,000
  export 8,090,624/9,120,000
  export 8,193,024/9,120,000
  export 8,295,424/9,120,000
  export 8,397,824/9,120,000
  export 8,500,224/9,120,000
  export 8,602,624/9,120,000
  export 8,705,024/9,120,000
  export 8,807,424/9,120,000
  export 8,909,824/9,120,000
  export 9,012,224/9,120,000
  export 9,114,624/9,120,000
exported summaries -> /gscratch/ddehiwalage-don/sbi_master/cnn_vmim_/n2/seed_s3/summaries  t (9120000, 4)
