node=tycho58  gpus=0
[seed] global seed=3 deterministic=True
Stage1 arm=cnn_vmim_/n1/seed_s3 split_seed=42 init_seed=3
--> usable cores=4  num_workers=3
sigma floor for each parm: tensor([0.0100, 0.0100, 0.0100, 0.0100]) jitter for each parm {}
[MODE] pure VMIM from epoch 0.
[PHASE] pure VMIM begins at epoch 1: arming probe-based early stopping from here.
Epoch 001 [VMIM] LR:2.00e-04 | train -1.257530 | val -2.612176
  saved best-by-loss.
Epoch 002 [VMIM] LR:2.00e-04 | train -2.581288 | val -2.659686
  saved best-by-loss.
Epoch 003 [VMIM] LR:2.00e-04 | train -2.801058 | val -2.214186
Epoch 004 [VMIM] LR:2.00e-04 | train -3.143299 | val -3.605489
  saved best-by-loss.
Epoch 005 [VMIM] LR:2.00e-04 | train -3.264019 | val -3.229218
Epoch 006 [VMIM] LR:2.00e-04 | train -3.301285 | val -3.855333
  saved best-by-loss.
Epoch 007 [VMIM] LR:2.00e-04 | train -3.527661 | val -3.610510
Epoch 008 [VMIM] LR:2.00e-04 | train -3.622664 | val -4.274355
  saved best-by-loss.
Epoch 009 [VMIM] LR:2.00e-04 | train -3.611241 | val -3.942409
Epoch 010 [VMIM] LR:2.00e-04 | train -3.746740 | val -3.795828
[RF R2]  t0:0.936 | t1:0.170 | t2:-0.052 | t3:0.708
[q sigma] t0:0.091 | t1:0.255 | t2:0.368 | t3:0.177   (prior sigma ~0.29; floor = head.sigma_floor)
  saved best-by-probe (mean R2 0.440, pure-VMIM).
Epoch 011 [VMIM] LR:2.00e-04 | train -3.821281 | val -3.756950
Epoch 012 [VMIM] LR:2.00e-04 | train -3.889307 | val -4.604915
  saved best-by-loss.
Epoch 013 [VMIM] LR:2.00e-04 | train -3.881949 | val -4.220224
Epoch 014 [VMIM] LR:2.00e-04 | train -4.018234 | val -3.956851
Epoch 015 [VMIM] LR:2.00e-04 | train -4.093191 | val -3.979267
Epoch 016 [VMIM] LR:2.00e-04 | train -4.192287 | val -4.003701
Epoch 017 [VMIM] LR:2.00e-04 | train -4.187337 | val -4.107191
Epoch 018 [VMIM] LR:2.00e-04 | train -4.261453 | val -4.844228
  saved best-by-loss.
Epoch 019 [VMIM] LR:2.00e-04 | train -4.456121 | val -4.872266
  saved best-by-loss.
Epoch 020 [VMIM] LR:2.00e-04 | train -4.710532 | val -4.575297
[RF R2]  t0:0.954 | t1:0.752 | t2:0.056 | t3:0.889
[q sigma] t0:0.067 | t1:0.141 | t2:0.309 | t3:0.114   (prior sigma ~0.29; floor = head.sigma_floor)
  saved best-by-probe (mean R2 0.663, pure-VMIM).
Epoch 021 [VMIM] LR:2.00e-04 | train -4.880825 | val -5.538661
  saved best-by-loss.
Epoch 022 [VMIM] LR:2.00e-04 | train -5.020431 | val -5.288221
Epoch 023 [VMIM] LR:2.00e-04 | train -5.102358 | val -5.406878
Epoch 024 [VMIM] LR:2.00e-04 | train -5.191160 | val -5.807173
  saved best-by-loss.
Epoch 025 [VMIM] LR:2.00e-04 | train -5.316454 | val -5.088398
Epoch 026 [VMIM] LR:2.00e-04 | train -5.476887 | val -5.845996
  saved best-by-loss.
Epoch 027 [VMIM] LR:2.00e-04 | train -5.455110 | val -5.235727
Epoch 028 [VMIM] LR:2.00e-04 | train -5.493535 | val -6.181400
  saved best-by-loss.
Epoch 029 [VMIM] LR:2.00e-04 | train -5.534283 | val -5.717422
Epoch 030 [VMIM] LR:2.00e-04 | train -5.651167 | val -5.504006
[RF R2]  t0:0.950 | t1:0.879 | t2:0.037 | t3:0.923
[q sigma] t0:0.068 | t1:0.095 | t2:0.307 | t3:0.078   (prior sigma ~0.29; floor = head.sigma_floor)
  saved best-by-probe (mean R2 0.697, pure-VMIM).
Epoch 031 [VMIM] LR:2.00e-04 | train -5.738064 | val -6.397553
  saved best-by-loss.
Epoch 032 [VMIM] LR:2.00e-04 | train -5.727727 | val -6.143128
Epoch 033 [VMIM] LR:2.00e-04 | train -5.813950 | val -5.949454
Epoch 034 [VMIM] LR:2.00e-04 | train -5.819083 | val -6.202271
Epoch 035 [VMIM] LR:2.00e-04 | train -5.925165 | val -6.268797
Epoch 036 [VMIM] LR:2.00e-04 | train -5.980303 | val -6.570584
  saved best-by-loss.
Epoch 037 [VMIM] LR:2.00e-04 | train -5.920206 | val -6.208585
Epoch 038 [VMIM] LR:2.00e-04 | train -5.959728 | val -5.944477
Epoch 039 [VMIM] LR:2.00e-04 | train -5.963249 | val -6.354015
Epoch 040 [VMIM] LR:2.00e-04 | train -6.038884 | val -6.749213
[RF R2]  t0:0.955 | t1:0.900 | t2:0.041 | t3:0.929
[q sigma] t0:0.060 | t1:0.077 | t2:0.339 | t3:0.069   (prior sigma ~0.29; floor = head.sigma_floor)
  saved best-by-probe (mean R2 0.706, pure-VMIM).
  saved best-by-loss.
Epoch 041 [VMIM] LR:2.00e-04 | train -6.153266 | val -6.514955
Epoch 042 [VMIM] LR:2.00e-04 | train -6.063151 | val -6.207067
Epoch 043 [VMIM] LR:2.00e-04 | train -6.108522 | val -6.107607
Epoch 044 [VMIM] LR:2.00e-04 | train -6.204002 | val -6.505550
Epoch 045 [VMIM] LR:2.00e-04 | train -6.210421 | val -6.647599
Epoch 046 [VMIM] LR:2.00e-04 | train -6.200516 | val -6.913109
  saved best-by-loss.
Epoch 047 [VMIM] LR:2.00e-04 | train -6.299560 | val -6.110044
Epoch 048 [VMIM] LR:2.00e-04 | train -6.331256 | val -6.498062
Epoch 049 [VMIM] LR:2.00e-04 | train -6.339885 | val -6.509476
Epoch 050 [VMIM] LR:2.00e-04 | train -6.316474 | val -6.860284
[RF R2]  t0:0.956 | t1:0.915 | t2:0.131 | t3:0.936
[q sigma] t0:0.056 | t1:0.061 | t2:0.320 | t3:0.048   (prior sigma ~0.29; floor = head.sigma_floor)
  saved best-by-probe (mean R2 0.734, pure-VMIM).
Epoch 051 [VMIM] LR:2.00e-04 | train -6.381157 | val -6.689848
Epoch 052 [VMIM] LR:2.00e-04 | train -6.398510 | val -6.782811
Epoch 053 [VMIM] LR:2.00e-04 | train -6.482746 | val -6.952793
  saved best-by-loss.
Epoch 054 [VMIM] LR:2.00e-04 | train -6.708512 | val -7.344402
  saved best-by-loss.
Epoch 055 [VMIM] LR:2.00e-04 | train -6.985166 | val -7.846372
  saved best-by-loss.
Epoch 056 [VMIM] LR:2.00e-04 | train -7.049897 | val -7.425098
Epoch 057 [VMIM] LR:2.00e-04 | train -7.258718 | val -7.853745
  saved best-by-loss.
Epoch 058 [VMIM] LR:2.00e-04 | train -7.351621 | val -7.996432
  saved best-by-loss.
Epoch 059 [VMIM] LR:2.00e-04 | train -7.490171 | val -7.959584
Epoch 060 [VMIM] LR:2.00e-04 | train -7.537615 | val -7.958553
[RF R2]  t0:0.972 | t1:0.914 | t2:0.878 | t3:0.919
[q sigma] t0:0.027 | t1:0.065 | t2:0.120 | t3:0.061   (prior sigma ~0.29; floor = head.sigma_floor)
  saved best-by-probe (mean R2 0.921, pure-VMIM).
Epoch 061 [VMIM] LR:2.00e-04 | train -7.644914 | val -7.989183
Epoch 062 [VMIM] LR:2.00e-04 | train -7.604080 | val -8.388801
  saved best-by-loss.
Epoch 063 [VMIM] LR:2.00e-04 | train -7.658972 | val -7.950553
Epoch 064 [VMIM] LR:2.00e-04 | train -7.693718 | val -8.412479
  saved best-by-loss.
Epoch 065 [VMIM] LR:2.00e-04 | train -7.780011 | val -8.219653
Epoch 066 [VMIM] LR:2.00e-04 | train -7.806384 | val -8.242733
Epoch 067 [VMIM] LR:2.00e-04 | train -7.937339 | val -8.427937
  saved best-by-loss.
Epoch 068 [VMIM] LR:2.00e-04 | train -7.858290 | val -8.406134
Epoch 069 [VMIM] LR:2.00e-04 | train -7.891135 | val -8.317724
Epoch 070 [VMIM] LR:2.00e-04 | train -7.928246 | val -8.486054
[RF R2]  t0:0.974 | t1:0.917 | t2:0.902 | t3:0.920
[q sigma] t0:0.025 | t1:0.054 | t2:0.095 | t3:0.046   (prior sigma ~0.29; floor = head.sigma_floor)
  saved best-by-probe (mean R2 0.928, pure-VMIM).
  saved best-by-loss.
Epoch 071 [VMIM] LR:2.00e-04 | train -8.053843 | val -8.770082
  saved best-by-loss.
Epoch 072 [VMIM] LR:2.00e-04 | train -7.951369 | val -8.650469
Epoch 073 [VMIM] LR:2.00e-04 | train -8.087199 | val -8.436846
Epoch 074 [VMIM] LR:2.00e-04 | train -8.040423 | val -8.240501
Epoch 075 [VMIM] LR:2.00e-04 | train -8.133502 | val -8.012981
Epoch 076 [VMIM] LR:2.00e-04 | train -8.136219 | val -8.604159
Epoch 077 [VMIM] LR:2.00e-04 | train -8.183588 | val -8.912000
  saved best-by-loss.
Epoch 078 [VMIM] LR:2.00e-04 | train -8.163382 | val -8.719136
Epoch 079 [VMIM] LR:2.00e-04 | train -8.173892 | val -8.830155
Epoch 080 [VMIM] LR:2.00e-04 | train -8.216946 | val -8.848007
[RF R2]  t0:0.974 | t1:0.902 | t2:0.910 | t3:0.894
[q sigma] t0:0.026 | t1:0.049 | t2:0.100 | t3:0.046   (prior sigma ~0.29; floor = head.sigma_floor)
Epoch 081 [VMIM] LR:2.00e-04 | train -8.277966 | val -8.922565
  saved best-by-loss.
Epoch 082 [VMIM] LR:2.00e-04 | train -8.311637 | val -8.680979
Epoch 083 [VMIM] LR:2.00e-04 | train -8.308616 | val -8.823963
Epoch 084 [VMIM] LR:2.00e-04 | train -8.312473 | val -9.203314
  saved best-by-loss.
Epoch 085 [VMIM] LR:2.00e-04 | train -8.442084 | val -9.101306
Epoch 086 [VMIM] LR:2.00e-04 | train -8.422406 | val -8.743223
Epoch 087 [VMIM] LR:2.00e-04 | train -8.443037 | val -9.046797
Epoch 088 [VMIM] LR:2.00e-04 | train -8.486116 | val -9.187305
Epoch 089 [VMIM] LR:2.00e-04 | train -8.535237 | val -8.920789
Epoch 090 [VMIM] LR:2.00e-04 | train -8.499201 | val -9.034188
[RF R2]  t0:0.966 | t1:0.910 | t2:0.907 | t3:0.922
[q sigma] t0:0.023 | t1:0.049 | t2:0.083 | t3:0.041   (prior sigma ~0.29; floor = head.sigma_floor)
Epoch 091 [VMIM] LR:2.00e-04 | train -8.633915 | val -9.248449
  saved best-by-loss.
Epoch 092 [VMIM] LR:2.00e-04 | train -8.494521 | val -9.071242
Epoch 093 [VMIM] LR:2.00e-04 | train -8.678137 | val -9.122087
Epoch 094 [VMIM] LR:2.00e-04 | train -8.472807 | val -8.300496
Epoch 095 [VMIM] LR:2.00e-04 | train -8.531967 | val -8.670798
Epoch 096 [VMIM] LR:2.00e-04 | train -8.556463 | val -9.426606
  saved best-by-loss.
Epoch 097 [VMIM] LR:2.00e-04 | train -8.683370 | val -9.252810
Epoch 098 [VMIM] LR:2.00e-04 | train -8.642285 | val -9.097696
Epoch 099 [VMIM] LR:2.00e-04 | train -8.777069 | val -9.717621
  saved best-by-loss.
Epoch 100 [VMIM] LR:2.00e-04 | train -8.756667 | val -8.494991
[RF R2]  t0:0.976 | t1:0.915 | t2:0.908 | t3:0.916
[q sigma] t0:0.023 | t1:0.040 | t2:0.077 | t3:0.037   (prior sigma ~0.29; floor = head.sigma_floor)
  saved best-by-probe (mean R2 0.929, pure-VMIM).
Epoch 101 [VMIM] LR:2.00e-04 | train -8.725433 | val -9.720626
  saved best-by-loss.
Epoch 102 [VMIM] LR:2.00e-04 | train -8.816839 | val -9.335941
Epoch 103 [VMIM] LR:2.00e-04 | train -8.733822 | val -9.529435
Epoch 104 [VMIM] LR:2.00e-04 | train -8.828818 | val -9.265571
Epoch 105 [VMIM] LR:2.00e-04 | train -8.820506 | val -9.293377
Epoch 106 [VMIM] LR:2.00e-04 | train -8.866832 | val -8.978082
Epoch 107 [VMIM] LR:2.00e-04 | train -8.817323 | val -9.717759
Epoch 108 [VMIM] LR:2.00e-04 | train -8.877317 | val -9.551024
Epoch 109 [VMIM] LR:2.00e-04 | train -8.861035 | val -9.346912
Epoch 110 [VMIM] LR:2.00e-04 | train -8.860297 | val -9.428835
[RF R2]  t0:0.968 | t1:0.908 | t2:0.914 | t3:0.919
[q sigma] t0:0.021 | t1:0.044 | t2:0.071 | t3:0.045   (prior sigma ~0.29; floor = head.sigma_floor)
Epoch 111 [VMIM] LR:2.00e-04 | train -8.952768 | val -9.595975
Epoch 112 [VMIM] LR:2.00e-04 | train -8.891462 | val -8.961951
Epoch 113 [VMIM] LR:2.00e-04 | train -9.001010 | val -9.651383
Epoch 114 [VMIM] LR:2.00e-04 | train -9.058925 | val -9.273484
Epoch 115 [VMIM] LR:2.00e-04 | train -8.990528 | val -9.024607
Epoch 116 [VMIM] LR:2.00e-04 | train -9.015919 | val -9.286145
Epoch 117 [VMIM] LR:1.00e-04 | train -9.061351 | val -8.740915
Epoch 118 [VMIM] LR:1.00e-04 | train -9.864790 | val -10.841028
  saved best-by-loss.
Epoch 119 [VMIM] LR:1.00e-04 | train -9.908591 | val -10.804388
Epoch 120 [VMIM] LR:1.00e-04 | train -9.934366 | val -10.453238
[RF R2]  t0:0.970 | t1:0.899 | t2:0.913 | t3:0.910
[q sigma] t0:0.016 | t1:0.031 | t2:0.055 | t3:0.029   (prior sigma ~0.29; floor = head.sigma_floor)
Epoch 121 [VMIM] LR:1.00e-04 | train -10.024388 | val -10.686434
Epoch 122 [VMIM] LR:1.00e-04 | train -9.972046 | val -10.659590
Epoch 123 [VMIM] LR:1.00e-04 | train -10.061437 | val -10.621451
Epoch 124 [VMIM] LR:1.00e-04 | train -10.013485 | val -10.562289
Epoch 125 [VMIM] LR:1.00e-04 | train -10.046271 | val -10.895815
  saved best-by-loss.
Epoch 126 [VMIM] LR:1.00e-04 | train -10.017456 | val -10.864420
Epoch 127 [VMIM] LR:1.00e-04 | train -10.050997 | val -10.940717
  saved best-by-loss.
Epoch 128 [VMIM] LR:1.00e-04 | train -10.010174 | val -10.732486
Epoch 129 [VMIM] LR:1.00e-04 | train -10.097964 | val -10.596640
Epoch 130 [VMIM] LR:1.00e-04 | train -10.081457 | val -10.973900
[RF R2]  t0:0.966 | t1:0.901 | t2:0.904 | t3:0.903
[q sigma] t0:0.016 | t1:0.028 | t2:0.050 | t3:0.031   (prior sigma ~0.29; floor = head.sigma_floor)
  saved best-by-loss.
Epoch 131 [VMIM] LR:1.00e-04 | train -10.205864 | val -10.784680
Epoch 132 [VMIM] LR:1.00e-04 | train -10.121766 | val -10.801028
Epoch 133 [VMIM] LR:1.00e-04 | train -10.087983 | val -11.129375
  saved best-by-loss.
Epoch 134 [VMIM] LR:1.00e-04 | train -10.168727 | val -10.303301
Epoch 135 [VMIM] LR:1.00e-04 | train -10.132953 | val -10.483768
Epoch 136 [VMIM] LR:1.00e-04 | train -10.178140 | val -11.015589
Epoch 137 [VMIM] LR:1.00e-04 | train -10.201978 | val -10.721920
Epoch 138 [VMIM] LR:1.00e-04 | train -10.175604 | val -10.930989
Epoch 139 [VMIM] LR:1.00e-04 | train -10.187219 | val -11.146842
  saved best-by-loss.
Epoch 140 [VMIM] LR:1.00e-04 | train -10.288323 | val -10.921029
[RF R2]  t0:0.962 | t1:0.902 | t2:0.901 | t3:0.906
[q sigma] t0:0.015 | t1:0.028 | t2:0.053 | t3:0.028   (prior sigma ~0.29; floor = head.sigma_floor)
Epoch 141 [VMIM] LR:1.00e-04 | train -10.241940 | val -11.025150
Epoch 142 [VMIM] LR:1.00e-04 | train -10.234455 | val -10.885120
Epoch 143 [VMIM] LR:1.00e-04 | train -10.281650 | val -11.116986
Epoch 144 [VMIM] LR:1.00e-04 | train -10.240356 | val -10.899650
Epoch 145 [VMIM] LR:1.00e-04 | train -10.291047 | val -10.917559
Epoch 146 [VMIM] LR:1.00e-04 | train -10.273164 | val -11.134679
Epoch 147 [VMIM] LR:1.00e-04 | train -10.314640 | val -10.894416
Epoch 148 [VMIM] LR:1.00e-04 | train -10.321821 | val -11.004385
Epoch 149 [VMIM] LR:1.00e-04 | train -10.329851 | val -11.079970
Epoch 150 [VMIM] LR:1.00e-04 | train -10.337186 | val -11.036303
[RF R2]  t0:0.965 | t1:0.883 | t2:0.904 | t3:0.902
[q sigma] t0:0.016 | t1:0.028 | t2:0.049 | t3:0.033   (prior sigma ~0.29; floor = head.sigma_floor)
Epoch 151 [VMIM] LR:1.00e-04 | train -10.284298 | val -11.023633
Epoch 152 [VMIM] LR:1.00e-04 | train -10.375216 | val -11.071501
Epoch 153 [VMIM] LR:1.00e-04 | train -10.363067 | val -11.063614
Epoch 154 [VMIM] LR:1.00e-04 | train -10.403157 | val -11.340813
  saved best-by-loss.
Epoch 155 [VMIM] LR:1.00e-04 | train -10.384230 | val -11.030732
Epoch 156 [VMIM] LR:1.00e-04 | train -10.465667 | val -11.178932
Epoch 157 [VMIM] LR:1.00e-04 | train -10.371321 | val -11.288464
Epoch 158 [VMIM] LR:1.00e-04 | train -10.437279 | val -11.006117
Epoch 159 [VMIM] LR:1.00e-04 | train -10.399550 | val -10.906379
Epoch 160 [VMIM] LR:1.00e-04 | train -10.399188 | val -10.981242
[RF R2]  t0:0.964 | t1:0.883 | t2:0.892 | t3:0.888
[q sigma] t0:0.015 | t1:0.027 | t2:0.044 | t3:0.028   (prior sigma ~0.29; floor = head.sigma_floor)
Epoch 161 [VMIM] LR:1.00e-04 | train -10.432953 | val -11.020260
Epoch 162 [VMIM] LR:1.00e-04 | train -10.442369 | val -10.942877
Epoch 163 [VMIM] LR:1.00e-04 | train -10.386813 | val -10.933310
Epoch 164 [VMIM] LR:1.00e-04 | train -10.465628 | val -11.120715
Epoch 165 [VMIM] LR:1.00e-04 | train -10.483585 | val -11.437596
  saved best-by-loss.
Epoch 166 [VMIM] LR:1.00e-04 | train -10.518623 | val -11.181554
Epoch 167 [VMIM] LR:1.00e-04 | train -10.506299 | val -11.098607
Epoch 168 [VMIM] LR:1.00e-04 | train -10.543458 | val -11.136178
Epoch 169 [VMIM] LR:1.00e-04 | train -10.511519 | val -11.250706
Epoch 170 [VMIM] LR:1.00e-04 | train -10.464820 | val -11.233761
[RF R2]  t0:0.965 | t1:0.896 | t2:0.895 | t3:0.892
[q sigma] t0:0.015 | t1:0.030 | t2:0.047 | t3:0.029   (prior sigma ~0.29; floor = head.sigma_floor)
Epoch 171 [VMIM] LR:1.00e-04 | train -10.480953 | val -11.159109
Epoch 172 [VMIM] LR:1.00e-04 | train -10.521857 | val -11.195696
Epoch 173 [VMIM] LR:1.00e-04 | train -10.553247 | val -11.193374
Epoch 174 [VMIM] LR:1.00e-04 | train -10.556367 | val -11.471604
  saved best-by-loss.
Epoch 175 [VMIM] LR:1.00e-04 | train -10.592039 | val -10.990931
Epoch 176 [VMIM] LR:1.00e-04 | train -10.550066 | val -11.268164
Epoch 177 [VMIM] LR:1.00e-04 | train -10.561527 | val -11.308049
Epoch 178 [VMIM] LR:1.00e-04 | train -10.579095 | val -11.277536
Epoch 179 [VMIM] LR:1.00e-04 | train -10.622449 | val -11.315396
Epoch 180 [VMIM] LR:1.00e-04 | train -10.642348 | val -11.394632
[RF R2]  t0:0.962 | t1:0.888 | t2:0.911 | t3:0.889
[q sigma] t0:0.014 | t1:0.027 | t2:0.050 | t3:0.026   (prior sigma ~0.29; floor = head.sigma_floor)
Epoch 181 [VMIM] LR:1.00e-04 | train -10.533233 | val -11.166079
Epoch 182 [VMIM] LR:1.00e-04 | train -10.622973 | val -11.228304
Epoch 183 [VMIM] LR:1.00e-04 | train -10.636973 | val -11.357955
Epoch 184 [VMIM] LR:1.00e-04 | train -10.675132 | val -11.269375
Epoch 185 [VMIM] LR:1.00e-04 | train -10.656782 | val -11.484886
  saved best-by-loss.
Epoch 186 [VMIM] LR:1.00e-04 | train -10.637072 | val -11.255423
Epoch 187 [VMIM] LR:1.00e-04 | train -10.626195 | val -11.234380
Epoch 188 [VMIM] LR:1.00e-04 | train -10.698582 | val -11.158944
Epoch 189 [VMIM] LR:1.00e-04 | train -10.682768 | val -11.340541
Epoch 190 [VMIM] LR:1.00e-04 | train -10.635942 | val -11.368379
[RF R2]  t0:0.961 | t1:0.886 | t2:0.898 | t3:0.897
[q sigma] t0:0.015 | t1:0.026 | t2:0.047 | t3:0.028   (prior sigma ~0.29; floor = head.sigma_floor)
Epoch 191 [VMIM] LR:1.00e-04 | train -10.701088 | val -11.492983
  saved best-by-loss.
Epoch 192 [VMIM] LR:1.00e-04 | train -10.662028 | val -11.602885
  saved best-by-loss.
Epoch 193 [VMIM] LR:1.00e-04 | train -10.663382 | val -11.516793
Epoch 194 [VMIM] LR:1.00e-04 | train -10.706985 | val -11.491089
Epoch 195 [VMIM] LR:1.00e-04 | train -10.693720 | val -11.232620
Epoch 196 [VMIM] LR:1.00e-04 | train -10.779676 | val -11.557735
Epoch 197 [VMIM] LR:1.00e-04 | train -10.740871 | val -11.198599
Epoch 198 [VMIM] LR:1.00e-04 | train -10.704204 | val -11.458866
Epoch 199 [VMIM] LR:1.00e-04 | train -10.785164 | val -11.561568
Epoch 200 [VMIM] LR:1.00e-04 | train -10.783028 | val -11.523655
[RF R2]  t0:0.957 | t1:0.909 | t2:0.893 | t3:0.910
[q sigma] t0:0.014 | t1:0.026 | t2:0.039 | t3:0.028   (prior sigma ~0.29; floor = head.sigma_floor)
[TIMER] train 7757.6s
[WARN] requested learned_compressor_bestprobe.pt missing; falling back to learned_compressor.pt
exporting from checkpoint: /gscratch/ddehiwalage-don/sbi_master/cnn_vmim_/n1/seed_s3/nle/learned_compressor.pt
  export 1,024/9,120,000
  export 103,424/9,120,000
  export 205,824/9,120,000
  export 308,224/9,120,000
  export 410,624/9,120,000
  export 513,024/9,120,000
  export 615,424/9,120,000
  export 717,824/9,120,000
  export 820,224/9,120,000
  export 922,624/9,120,000
  export 1,025,024/9,120,000
  export 1,127,424/9,120,000
  export 1,229,824/9,120,000
  export 1,332,224/9,120,000
  export 1,434,624/9,120,000
  export 1,537,024/9,120,000
  export 1,639,424/9,120,000
  export 1,741,824/9,120,000
  export 1,844,224/9,120,000
  export 1,946,624/9,120,000
  export 2,049,024/9,120,000
  export 2,151,424/9,120,000
  export 2,253,824/9,120,000
  export 2,356,224/9,120,000
  export 2,458,624/9,120,000
  export 2,561,024/9,120,000
  export 2,663,424/9,120,000
  export 2,765,824/9,120,000
  export 2,868,224/9,120,000
  export 2,970,624/9,120,000
  export 3,073,024/9,120,000
  export 3,175,424/9,120,000
  export 3,277,824/9,120,000
  export 3,380,224/9,120,000
  export 3,482,624/9,120,000
  export 3,585,024/9,120,000
  export 3,687,424/9,120,000
  export 3,789,824/9,120,000
  export 3,892,224/9,120,000
  export 3,994,624/9,120,000
  export 4,097,024/9,120,000
  export 4,199,424/9,120,000
  export 4,301,824/9,120,000
  export 4,404,224/9,120,000
  export 4,506,624/9,120,000
  export 4,609,024/9,120,000
  export 4,711,424/9,120,000
  export 4,813,824/9,120,000
  export 4,916,224/9,120,000
  export 5,018,624/9,120,000
  export 5,121,024/9,120,000
  export 5,223,424/9,120,000
  export 5,325,824/9,120,000
  export 5,428,224/9,120,000
  export 5,530,624/9,120,000
  export 5,633,024/9,120,000
  export 5,735,424/9,120,000
  export 5,837,824/9,120,000
  export 5,940,224/9,120,000
  export 6,042,624/9,120,000
  export 6,145,024/9,120,000
  export 6,247,424/9,120,000
  export 6,349,824/9,120,000
  export 6,452,224/9,120,000
  export 6,554,624/9,120,000
  export 6,657,024/9,120,000
  export 6,759,424/9,120,000
  export 6,861,824/9,120,000
  export 6,964,224/9,120,000
  export 7,066,624/9,120,000
  export 7,169,024/9,120,000
  export 7,271,424/9,120,000
  export 7,373,824/9,120,000
  export 7,476,224/9,120,000
  export 7,578,624/9,120,000
  export 7,681,024/9,120,000
  export 7,783,424/9,120,000
  export 7,885,824/9,120,000
  export 7,988,224/9,120,000
  export 8,090,624/9,120,000
  export 8,193,024/9,120,000
  export 8,295,424/9,120,000
  export 8,397,824/9,120,000
  export 8,500,224/9,120,000
  export 8,602,624/9,120,000
  export 8,705,024/9,120,000
  export 8,807,424/9,120,000
  export 8,909,824/9,120,000
  export 9,012,224/9,120,000
  export 9,114,624/9,120,000
exported summaries -> /gscratch/ddehiwalage-don/sbi_master/cnn_vmim_/n1/seed_s3/summaries  t (9120000, 4)
