node=tycho91  gpus=0
[seed] global seed=2 deterministic=True
Stage1 arm=cnn_vmim_/n3/seed_s2 split_seed=42 init_seed=2
--> usable cores=4  num_workers=3
sigma floor for each parm: tensor([0., 0., 0., 0.]) jitter for each parm {}
[MODE] pure VMIM from epoch 0.
[PHASE] pure VMIM begins at epoch 1: arming probe-based early stopping from here.
Epoch 001 [VMIM] LR:2.00e-04 | train -1.008502 | val -2.245882
  saved best-by-loss.
Epoch 002 [VMIM] LR:2.00e-04 | train -2.449875 | val -3.060587
  saved best-by-loss.
Epoch 003 [VMIM] LR:2.00e-04 | train -2.808626 | val -3.317837
  saved best-by-loss.
Epoch 004 [VMIM] LR:2.00e-04 | train -3.050295 | val -3.236270
Epoch 005 [VMIM] LR:2.00e-04 | train -3.317546 | val -3.422406
[RF R2]  t0:0.925 | t1:0.113 | t2:-0.036 | t3:0.654
[q sigma] t0:0.091 | t1:0.234 | t2:0.341 | t3:0.194   (prior sigma ~0.29; floor = head.sigma_floor)
  saved best-by-probe (mean R2 0.414, pure-VMIM).
  saved best-by-loss.
Epoch 006 [VMIM] LR:2.00e-04 | train -3.420584 | val -3.286682
Epoch 007 [VMIM] LR:2.00e-04 | train -3.539252 | val -3.365135
Epoch 008 [VMIM] LR:2.00e-04 | train -3.671551 | val -3.705965
  saved best-by-loss.
Epoch 009 [VMIM] LR:2.00e-04 | train -3.756048 | val -4.378168
  saved best-by-loss.
Epoch 010 [VMIM] LR:2.00e-04 | train -3.830348 | val -4.239288
[RF R2]  t0:0.932 | t1:0.275 | t2:-0.014 | t3:0.712
[q sigma] t0:0.089 | t1:0.222 | t2:0.395 | t3:0.171   (prior sigma ~0.29; floor = head.sigma_floor)
  saved best-by-probe (mean R2 0.477, pure-VMIM).
Epoch 011 [VMIM] LR:2.00e-04 | train -3.934700 | val -3.614677
Epoch 012 [VMIM] LR:2.00e-04 | train -3.940299 | val -4.219076
Epoch 013 [VMIM] LR:2.00e-04 | train -4.145078 | val -4.491654
  saved best-by-loss.
Epoch 014 [VMIM] LR:2.00e-04 | train -4.354520 | val -4.877646
  saved best-by-loss.
Epoch 015 [VMIM] LR:2.00e-04 | train -4.723055 | val -4.697527
[RF R2]  t0:0.928 | t1:0.871 | t2:0.038 | t3:0.927
[q sigma] t0:0.082 | t1:0.108 | t2:0.346 | t3:0.097   (prior sigma ~0.29; floor = head.sigma_floor)
  saved best-by-probe (mean R2 0.691, pure-VMIM).
Epoch 016 [VMIM] LR:2.00e-04 | train -4.847905 | val -5.324786
  saved best-by-loss.
Epoch 017 [VMIM] LR:2.00e-04 | train -5.019649 | val -5.439483
  saved best-by-loss.
Epoch 018 [VMIM] LR:2.00e-04 | train -5.169393 | val -5.088962
Epoch 019 [VMIM] LR:2.00e-04 | train -5.305203 | val -5.932290
  saved best-by-loss.
Epoch 020 [VMIM] LR:2.00e-04 | train -5.446427 | val -6.083298
[RF R2]  t0:0.929 | t1:0.927 | t2:0.025 | t3:0.936
[q sigma] t0:0.074 | t1:0.076 | t2:0.337 | t3:0.062   (prior sigma ~0.29; floor = head.sigma_floor)
  saved best-by-probe (mean R2 0.704, pure-VMIM).
  saved best-by-loss.
Epoch 021 [VMIM] LR:2.00e-04 | train -5.449615 | val -5.897175
Epoch 022 [VMIM] LR:2.00e-04 | train -5.590949 | val -5.502419
Epoch 023 [VMIM] LR:2.00e-04 | train -5.629653 | val -6.186847
  saved best-by-loss.
Epoch 024 [VMIM] LR:2.00e-04 | train -5.632475 | val -6.136447
Epoch 025 [VMIM] LR:2.00e-04 | train -5.737850 | val -5.609060
[RF R2]  t0:0.927 | t1:0.921 | t2:-0.017 | t3:0.937
[q sigma] t0:0.074 | t1:0.065 | t2:0.301 | t3:0.069   (prior sigma ~0.29; floor = head.sigma_floor)
Epoch 026 [VMIM] LR:2.00e-04 | train -5.736400 | val -6.092286
Epoch 027 [VMIM] LR:2.00e-04 | train -5.876779 | val -6.063242
Epoch 028 [VMIM] LR:2.00e-04 | train -5.754661 | val -6.260068
  saved best-by-loss.
Epoch 029 [VMIM] LR:2.00e-04 | train -5.889001 | val -6.144935
Epoch 030 [VMIM] LR:2.00e-04 | train -5.947197 | val -6.543666
[RF R2]  t0:0.932 | t1:0.943 | t2:0.005 | t3:0.941
[q sigma] t0:0.085 | t1:0.053 | t2:0.340 | t3:0.054   (prior sigma ~0.29; floor = head.sigma_floor)
  saved best-by-probe (mean R2 0.705, pure-VMIM).
  saved best-by-loss.
Epoch 031 [VMIM] LR:2.00e-04 | train -5.961086 | val -6.648730
  saved best-by-loss.
Epoch 032 [VMIM] LR:2.00e-04 | train -6.115833 | val -6.484568
Epoch 033 [VMIM] LR:2.00e-04 | train -6.109157 | val -6.292170
Epoch 034 [VMIM] LR:2.00e-04 | train -6.122066 | val -6.642920
Epoch 035 [VMIM] LR:2.00e-04 | train -6.039403 | val -6.824932
[RF R2]  t0:0.938 | t1:0.926 | t2:-0.005 | t3:0.940
[q sigma] t0:0.074 | t1:0.051 | t2:0.332 | t3:0.043   (prior sigma ~0.29; floor = head.sigma_floor)
  saved best-by-loss.
Epoch 036 [VMIM] LR:2.00e-04 | train -6.215247 | val -7.004183
  saved best-by-loss.
Epoch 037 [VMIM] LR:2.00e-04 | train -6.247742 | val -6.539366
Epoch 038 [VMIM] LR:2.00e-04 | train -6.128674 | val -6.874183
Epoch 039 [VMIM] LR:2.00e-04 | train -6.339507 | val -6.698608
Epoch 040 [VMIM] LR:2.00e-04 | train -6.257083 | val -6.667240
[RF R2]  t0:0.937 | t1:0.934 | t2:0.002 | t3:0.957
[q sigma] t0:0.072 | t1:0.055 | t2:0.348 | t3:0.054   (prior sigma ~0.29; floor = head.sigma_floor)
  saved best-by-probe (mean R2 0.708, pure-VMIM).
Epoch 041 [VMIM] LR:2.00e-04 | train -6.336536 | val -6.916130
Epoch 042 [VMIM] LR:2.00e-04 | train -6.426310 | val -6.924744
Epoch 043 [VMIM] LR:2.00e-04 | train -6.409083 | val -6.803069
Epoch 044 [VMIM] LR:2.00e-04 | train -6.430383 | val -6.971090
Epoch 045 [VMIM] LR:2.00e-04 | train -6.431237 | val -6.547861
[RF R2]  t0:0.940 | t1:0.920 | t2:-0.031 | t3:0.942
[q sigma] t0:0.072 | t1:0.052 | t2:0.355 | t3:0.047   (prior sigma ~0.29; floor = head.sigma_floor)
Epoch 046 [VMIM] LR:2.00e-04 | train -6.501686 | val -6.574318
Epoch 047 [VMIM] LR:2.00e-04 | train -6.511991 | val -6.081897
Epoch 048 [VMIM] LR:2.00e-04 | train -6.447130 | val -6.962313
Epoch 049 [VMIM] LR:2.00e-04 | train -6.457551 | val -6.977018
Epoch 050 [VMIM] LR:2.00e-04 | train -6.619760 | val -7.194761
[RF R2]  t0:0.944 | t1:0.938 | t2:-0.025 | t3:0.949
[q sigma] t0:0.063 | t1:0.046 | t2:0.310 | t3:0.039   (prior sigma ~0.29; floor = head.sigma_floor)
  saved best-by-loss.
Epoch 051 [VMIM] LR:2.00e-04 | train -6.546658 | val -6.743002
Epoch 052 [VMIM] LR:2.00e-04 | train -6.555690 | val -7.264743
  saved best-by-loss.
Epoch 053 [VMIM] LR:2.00e-04 | train -6.663517 | val -7.367048
  saved best-by-loss.
Epoch 054 [VMIM] LR:2.00e-04 | train -6.705809 | val -7.261672
Epoch 055 [VMIM] LR:2.00e-04 | train -6.612119 | val -7.154590
[RF R2]  t0:0.943 | t1:0.938 | t2:-0.018 | t3:0.952
[q sigma] t0:0.064 | t1:0.044 | t2:0.319 | t3:0.042   (prior sigma ~0.29; floor = head.sigma_floor)
Epoch 056 [VMIM] LR:2.00e-04 | train -6.697129 | val -7.522744
  saved best-by-loss.
Epoch 057 [VMIM] LR:2.00e-04 | train -6.763578 | val -6.390970
Epoch 058 [VMIM] LR:2.00e-04 | train -6.665909 | val -6.945225
Epoch 059 [VMIM] LR:2.00e-04 | train -6.753830 | val -7.037248
Epoch 060 [VMIM] LR:2.00e-04 | train -6.757510 | val -7.237862
[RF R2]  t0:0.941 | t1:0.928 | t2:-0.024 | t3:0.939
[q sigma] t0:0.066 | t1:0.043 | t2:0.355 | t3:0.041   (prior sigma ~0.29; floor = head.sigma_floor)
Epoch 061 [VMIM] LR:2.00e-04 | train -6.826998 | val -7.331374
Epoch 062 [VMIM] LR:2.00e-04 | train -6.839472 | val -7.342248
Epoch 063 [VMIM] LR:2.00e-04 | train -6.960547 | val -7.659629
  saved best-by-loss.
Epoch 064 [VMIM] LR:2.00e-04 | train -6.921523 | val -7.099120
Epoch 065 [VMIM] LR:2.00e-04 | train -6.925258 | val -6.798791
[RF R2]  t0:0.939 | t1:0.942 | t2:0.092 | t3:0.950
[q sigma] t0:0.063 | t1:0.040 | t2:0.338 | t3:0.037   (prior sigma ~0.29; floor = head.sigma_floor)
  saved best-by-probe (mean R2 0.731, pure-VMIM).
Epoch 066 [VMIM] LR:2.00e-04 | train -6.938456 | val -7.198702
Epoch 067 [VMIM] LR:2.00e-04 | train -6.992522 | val -7.475822
Epoch 068 [VMIM] LR:2.00e-04 | train -7.074013 | val -7.082386
Epoch 069 [VMIM] LR:2.00e-04 | train -7.155129 | val -7.550493
Epoch 070 [VMIM] LR:2.00e-04 | train -7.351145 | val -7.727825
[RF R2]  t0:0.948 | t1:0.915 | t2:0.512 | t3:0.943
[q sigma] t0:0.046 | t1:0.037 | t2:0.271 | t3:0.036   (prior sigma ~0.29; floor = head.sigma_floor)
  saved best-by-probe (mean R2 0.830, pure-VMIM).
  saved best-by-loss.
Epoch 071 [VMIM] LR:2.00e-04 | train -7.430583 | val -7.563337
Epoch 072 [VMIM] LR:2.00e-04 | train -7.598668 | val -8.688568
  saved best-by-loss.
Epoch 073 [VMIM] LR:2.00e-04 | train -7.636950 | val -8.294495
Epoch 074 [VMIM] LR:2.00e-04 | train -7.666854 | val -8.188872
Epoch 075 [VMIM] LR:2.00e-04 | train -7.836855 | val -8.429852
[RF R2]  t0:0.949 | t1:0.924 | t2:0.698 | t3:0.940
[q sigma] t0:0.032 | t1:0.037 | t2:0.148 | t3:0.036   (prior sigma ~0.29; floor = head.sigma_floor)
  saved best-by-probe (mean R2 0.878, pure-VMIM).
Epoch 076 [VMIM] LR:2.00e-04 | train -7.830128 | val -8.212451
Epoch 077 [VMIM] LR:2.00e-04 | train -7.849532 | val -8.644827
Epoch 078 [VMIM] LR:2.00e-04 | train -7.900085 | val -7.876209
Epoch 079 [VMIM] LR:2.00e-04 | train -8.023586 | val -8.424892
Epoch 080 [VMIM] LR:2.00e-04 | train -7.914652 | val -8.553178
[RF R2]  t0:0.960 | t1:0.918 | t2:0.717 | t3:0.935
[q sigma] t0:0.030 | t1:0.038 | t2:0.138 | t3:0.038   (prior sigma ~0.29; floor = head.sigma_floor)
  saved best-by-probe (mean R2 0.882, pure-VMIM).
Epoch 081 [VMIM] LR:2.00e-04 | train -8.024005 | val -8.302948
Epoch 082 [VMIM] LR:2.00e-04 | train -8.097769 | val -8.517797
Epoch 083 [VMIM] LR:2.00e-04 | train -8.069160 | val -8.590236
Epoch 084 [VMIM] LR:2.00e-04 | train -8.073265 | val -8.811397
  saved best-by-loss.
Epoch 085 [VMIM] LR:2.00e-04 | train -8.215402 | val -9.248508
[RF R2]  t0:0.963 | t1:0.903 | t2:0.776 | t3:0.935
[q sigma] t0:0.027 | t1:0.038 | t2:0.129 | t3:0.035   (prior sigma ~0.29; floor = head.sigma_floor)
  saved best-by-probe (mean R2 0.894, pure-VMIM).
  saved best-by-loss.
Epoch 086 [VMIM] LR:2.00e-04 | train -8.167396 | val -8.689014
Epoch 087 [VMIM] LR:2.00e-04 | train -8.256854 | val -8.782964
Epoch 088 [VMIM] LR:2.00e-04 | train -8.143174 | val -8.858651
Epoch 089 [VMIM] LR:2.00e-04 | train -8.216713 | val -8.890522
Epoch 090 [VMIM] LR:2.00e-04 | train -8.255130 | val -8.372276
[RF R2]  t0:0.964 | t1:0.896 | t2:0.752 | t3:0.926
[q sigma] t0:0.025 | t1:0.039 | t2:0.117 | t3:0.044   (prior sigma ~0.29; floor = head.sigma_floor)
Epoch 091 [VMIM] LR:2.00e-04 | train -8.397480 | val -8.621127
Epoch 092 [VMIM] LR:2.00e-04 | train -8.383212 | val -9.030596
Epoch 093 [VMIM] LR:2.00e-04 | train -8.358516 | val -8.561478
Epoch 094 [VMIM] LR:2.00e-04 | train -8.305508 | val -9.121348
Epoch 095 [VMIM] LR:2.00e-04 | train -8.403923 | val -9.268876
[RF R2]  t0:0.959 | t1:0.905 | t2:0.803 | t3:0.936
[q sigma] t0:0.025 | t1:0.040 | t2:0.116 | t3:0.036   (prior sigma ~0.29; floor = head.sigma_floor)
  saved best-by-probe (mean R2 0.901, pure-VMIM).
  saved best-by-loss.
Epoch 096 [VMIM] LR:2.00e-04 | train -8.435111 | val -9.231147
Epoch 097 [VMIM] LR:2.00e-04 | train -8.453409 | val -8.655566
Epoch 098 [VMIM] LR:2.00e-04 | train -8.510483 | val -8.941133
Epoch 099 [VMIM] LR:2.00e-04 | train -8.438996 | val -9.113763
Epoch 100 [VMIM] LR:2.00e-04 | train -8.418549 | val -8.676157
[RF R2]  t0:0.959 | t1:0.904 | t2:0.808 | t3:0.918
[q sigma] t0:0.027 | t1:0.043 | t2:0.112 | t3:0.042   (prior sigma ~0.29; floor = head.sigma_floor)
Epoch 101 [VMIM] LR:2.00e-04 | train -8.569795 | val -8.922275
Epoch 102 [VMIM] LR:2.00e-04 | train -8.533271 | val -9.089255
Epoch 103 [VMIM] LR:2.00e-04 | train -8.586214 | val -8.869004
Epoch 104 [VMIM] LR:2.00e-04 | train -8.574087 | val -9.229713
Epoch 105 [VMIM] LR:2.00e-04 | train -8.661782 | val -9.066934
[RF R2]  t0:0.958 | t1:0.899 | t2:0.831 | t3:0.932
[q sigma] t0:0.026 | t1:0.036 | t2:0.110 | t3:0.035   (prior sigma ~0.29; floor = head.sigma_floor)
  saved best-by-probe (mean R2 0.905, pure-VMIM).
Epoch 106 [VMIM] LR:2.00e-04 | train -8.599755 | val -8.774290
Epoch 107 [VMIM] LR:2.00e-04 | train -8.514988 | val -8.687546
Epoch 108 [VMIM] LR:2.00e-04 | train -8.727457 | val -9.398511
  saved best-by-loss.
Epoch 109 [VMIM] LR:2.00e-04 | train -8.631843 | val -9.343536
Epoch 110 [VMIM] LR:2.00e-04 | train -8.604000 | val -9.450029
[RF R2]  t0:0.958 | t1:0.907 | t2:0.836 | t3:0.929
[q sigma] t0:0.022 | t1:0.036 | t2:0.099 | t3:0.051   (prior sigma ~0.29; floor = head.sigma_floor)
  saved best-by-probe (mean R2 0.908, pure-VMIM).
  saved best-by-loss.
Epoch 111 [VMIM] LR:2.00e-04 | train -8.695678 | val -9.620540
  saved best-by-loss.
Epoch 112 [VMIM] LR:2.00e-04 | train -8.741722 | val -9.452173
Epoch 113 [VMIM] LR:2.00e-04 | train -8.763155 | val -9.430321
Epoch 114 [VMIM] LR:2.00e-04 | train -8.810336 | val -8.691715
Epoch 115 [VMIM] LR:2.00e-04 | train -8.734371 | val -9.444475
[RF R2]  t0:0.962 | t1:0.896 | t2:0.835 | t3:0.909
[q sigma] t0:0.024 | t1:0.032 | t2:0.126 | t3:0.030   (prior sigma ~0.29; floor = head.sigma_floor)
Epoch 116 [VMIM] LR:2.00e-04 | train -8.724770 | val -9.332373
Epoch 117 [VMIM] LR:2.00e-04 | train -8.840365 | val -9.159544
Epoch 118 [VMIM] LR:2.00e-04 | train -8.831957 | val -9.395349
Epoch 119 [VMIM] LR:2.00e-04 | train -8.801462 | val -9.362118
Epoch 120 [VMIM] LR:2.00e-04 | train -8.747123 | val -9.820660
[RF R2]  t0:0.964 | t1:0.895 | t2:0.848 | t3:0.912
[q sigma] t0:0.021 | t1:0.036 | t2:0.102 | t3:0.037   (prior sigma ~0.29; floor = head.sigma_floor)
  saved best-by-loss.
Epoch 121 [VMIM] LR:2.00e-04 | train -8.845536 | val -9.830818
  saved best-by-loss.
Epoch 122 [VMIM] LR:2.00e-04 | train -8.836113 | val -9.504978
Epoch 123 [VMIM] LR:2.00e-04 | train -8.928243 | val -9.779348
Epoch 124 [VMIM] LR:2.00e-04 | train -8.961606 | val -9.151689
Epoch 125 [VMIM] LR:2.00e-04 | train -8.874107 | val -9.097594
[RF R2]  t0:0.963 | t1:0.889 | t2:0.835 | t3:0.920
[q sigma] t0:0.022 | t1:0.037 | t2:0.104 | t3:0.038   (prior sigma ~0.29; floor = head.sigma_floor)
Epoch 126 [VMIM] LR:2.00e-04 | train -8.936937 | val -9.609580
Epoch 127 [VMIM] LR:2.00e-04 | train -9.012173 | val -9.662888
Epoch 128 [VMIM] LR:2.00e-04 | train -8.954388 | val -9.804561
Epoch 129 [VMIM] LR:2.00e-04 | train -9.038747 | val -9.726475
Epoch 130 [VMIM] LR:2.00e-04 | train -9.006106 | val -9.034923
[RF R2]  t0:0.969 | t1:0.896 | t2:0.848 | t3:0.916
[q sigma] t0:0.024 | t1:0.035 | t2:0.087 | t3:0.036   (prior sigma ~0.29; floor = head.sigma_floor)
Epoch 131 [VMIM] LR:2.00e-04 | train -9.043849 | val -9.961321
  saved best-by-loss.
Epoch 132 [VMIM] LR:2.00e-04 | train -8.951815 | val -9.641598
Epoch 133 [VMIM] LR:2.00e-04 | train -9.091854 | val -9.786924
Epoch 134 [VMIM] LR:2.00e-04 | train -9.070526 | val -8.898772
Epoch 135 [VMIM] LR:2.00e-04 | train -8.961471 | val -9.737672
[RF R2]  t0:0.961 | t1:0.898 | t2:0.850 | t3:0.910
[q sigma] t0:0.022 | t1:0.036 | t2:0.088 | t3:0.037   (prior sigma ~0.29; floor = head.sigma_floor)
Epoch 136 [VMIM] LR:2.00e-04 | train -8.984186 | val -9.766866
Epoch 137 [VMIM] LR:2.00e-04 | train -9.150166 | val -9.656404
Epoch 138 [VMIM] LR:2.00e-04 | train -9.103480 | val -9.756687
Epoch 139 [VMIM] LR:2.00e-04 | train -9.022827 | val -9.007883
Epoch 140 [VMIM] LR:2.00e-04 | train -9.150504 | val -9.657845
[RF R2]  t0:0.968 | t1:0.906 | t2:0.850 | t3:0.917
[q sigma] t0:0.021 | t1:0.033 | t2:0.091 | t3:0.032   (prior sigma ~0.29; floor = head.sigma_floor)
  saved best-by-probe (mean R2 0.910, pure-VMIM).
Epoch 141 [VMIM] LR:2.00e-04 | train -9.111899 | val -9.619913
Epoch 142 [VMIM] LR:2.00e-04 | train -9.121019 | val -9.636181
Epoch 143 [VMIM] LR:2.00e-04 | train -9.206717 | val -9.658396
Epoch 144 [VMIM] LR:2.00e-04 | train -9.231559 | val -9.671567
Epoch 145 [VMIM] LR:2.00e-04 | train -9.110168 | val -10.212163
[RF R2]  t0:0.960 | t1:0.899 | t2:0.852 | t3:0.907
[q sigma] t0:0.022 | t1:0.030 | t2:0.096 | t3:0.031   (prior sigma ~0.29; floor = head.sigma_floor)
  saved best-by-loss.
Epoch 146 [VMIM] LR:2.00e-04 | train -9.157428 | val -9.933726
Epoch 147 [VMIM] LR:2.00e-04 | train -9.310077 | val -8.987800
Epoch 148 [VMIM] LR:2.00e-04 | train -9.194023 | val -10.004010
Epoch 149 [VMIM] LR:2.00e-04 | train -9.146372 | val -9.282643
Epoch 150 [VMIM] LR:2.00e-04 | train -9.312288 | val -9.333527
[RF R2]  t0:0.962 | t1:0.899 | t2:0.859 | t3:0.915
[q sigma] t0:0.025 | t1:0.032 | t2:0.095 | t3:0.038   (prior sigma ~0.29; floor = head.sigma_floor)
Epoch 151 [VMIM] LR:2.00e-04 | train -9.214137 | val -9.346913
Epoch 152 [VMIM] LR:2.00e-04 | train -9.267139 | val -9.733466
Epoch 153 [VMIM] LR:2.00e-04 | train -9.364909 | val -9.884681
Epoch 154 [VMIM] LR:2.00e-04 | train -9.155100 | val -8.943889
Epoch 155 [VMIM] LR:2.00e-04 | train -9.352166 | val -9.696250
[RF R2]  t0:0.959 | t1:0.880 | t2:0.838 | t3:0.907
[q sigma] t0:0.020 | t1:0.032 | t2:0.088 | t3:0.037   (prior sigma ~0.29; floor = head.sigma_floor)
Epoch 156 [VMIM] LR:2.00e-04 | train -9.417397 | val -10.257167
  saved best-by-loss.
Epoch 157 [VMIM] LR:2.00e-04 | train -9.357324 | val -9.694068
Epoch 158 [VMIM] LR:2.00e-04 | train -9.376118 | val -10.154549
Epoch 159 [VMIM] LR:2.00e-04 | train -9.421591 | val -9.702172
Epoch 160 [VMIM] LR:2.00e-04 | train -9.402408 | val -10.061170
[RF R2]  t0:0.960 | t1:0.880 | t2:0.863 | t3:0.884
[q sigma] t0:0.020 | t1:0.034 | t2:0.089 | t3:0.033   (prior sigma ~0.29; floor = head.sigma_floor)
Epoch 161 [VMIM] LR:2.00e-04 | train -9.334529 | val -9.981178
Epoch 162 [VMIM] LR:2.00e-04 | train -9.401585 | val -9.564296
Epoch 163 [VMIM] LR:2.00e-04 | train -9.380685 | val -10.258019
  saved best-by-loss.
Epoch 164 [VMIM] LR:2.00e-04 | train -9.497700 | val -9.954735
Epoch 165 [VMIM] LR:2.00e-04 | train -9.435106 | val -9.565619
[RF R2]  t0:0.960 | t1:0.873 | t2:0.879 | t3:0.885
[q sigma] t0:0.019 | t1:0.030 | t2:0.079 | t3:0.033   (prior sigma ~0.29; floor = head.sigma_floor)
Epoch 166 [VMIM] LR:2.00e-04 | train -9.425688 | val -9.825022
Epoch 167 [VMIM] LR:2.00e-04 | train -9.467104 | val -10.086374
Epoch 168 [VMIM] LR:2.00e-04 | train -9.454709 | val -9.869353
Epoch 169 [VMIM] LR:2.00e-04 | train -9.467359 | val -9.597483
Epoch 170 [VMIM] LR:2.00e-04 | train -9.481731 | val -9.746221
[RF R2]  t0:0.961 | t1:0.859 | t2:0.866 | t3:0.876
[q sigma] t0:0.019 | t1:0.029 | t2:0.078 | t3:0.034   (prior sigma ~0.29; floor = head.sigma_floor)
Epoch 171 [VMIM] LR:2.00e-04 | train -9.399474 | val -10.277296
  saved best-by-loss.
Epoch 172 [VMIM] LR:2.00e-04 | train -9.538694 | val -9.676462
Epoch 173 [VMIM] LR:2.00e-04 | train -9.572683 | val -9.494927
Epoch 174 [VMIM] LR:2.00e-04 | train -9.538579 | val -9.517905
Epoch 175 [VMIM] LR:2.00e-04 | train -9.600426 | val -9.621927
[RF R2]  t0:0.960 | t1:0.874 | t2:0.870 | t3:0.919
[q sigma] t0:0.019 | t1:0.033 | t2:0.081 | t3:0.033   (prior sigma ~0.29; floor = head.sigma_floor)
Epoch 176 [VMIM] LR:2.00e-04 | train -9.588355 | val -10.251898
Epoch 177 [VMIM] LR:2.00e-04 | train -9.561396 | val -9.879513
Epoch 178 [VMIM] LR:2.00e-04 | train -9.495295 | val -10.151252
Epoch 179 [VMIM] LR:2.00e-04 | train -9.582881 | val -10.407713
  saved best-by-loss.
Epoch 180 [VMIM] LR:2.00e-04 | train -9.604405 | val -10.174933
[RF R2]  t0:0.967 | t1:0.877 | t2:0.863 | t3:0.908
[q sigma] t0:0.018 | t1:0.028 | t2:0.079 | t3:0.034   (prior sigma ~0.29; floor = head.sigma_floor)
Epoch 181 [VMIM] LR:2.00e-04 | train -9.629593 | val -10.394644
Epoch 182 [VMIM] LR:2.00e-04 | train -9.764830 | val -9.856536
Epoch 183 [VMIM] LR:2.00e-04 | train -9.631073 | val -10.576999
  saved best-by-loss.
Epoch 184 [VMIM] LR:2.00e-04 | train -9.632811 | val -9.902387
Epoch 185 [VMIM] LR:2.00e-04 | train -9.668019 | val -10.551956
[RF R2]  t0:0.962 | t1:0.893 | t2:0.867 | t3:0.918
[q sigma] t0:0.019 | t1:0.027 | t2:0.076 | t3:0.030   (prior sigma ~0.29; floor = head.sigma_floor)
Epoch 186 [VMIM] LR:2.00e-04 | train -9.644919 | val -9.878914
Epoch 187 [VMIM] LR:2.00e-04 | train -9.593711 | val -9.811462
Epoch 188 [VMIM] LR:2.00e-04 | train -9.565668 | val -10.509987
Epoch 189 [VMIM] LR:2.00e-04 | train -9.813729 | val -10.627417
  saved best-by-loss.
Epoch 190 [VMIM] LR:2.00e-04 | train -9.543831 | val -9.592509
[RF R2]  t0:0.960 | t1:0.888 | t2:0.868 | t3:0.914
[q sigma] t0:0.020 | t1:0.030 | t2:0.078 | t3:0.029   (prior sigma ~0.29; floor = head.sigma_floor)
Epoch 191 [VMIM] LR:2.00e-04 | train -9.633888 | val -10.447348
Epoch 192 [VMIM] LR:2.00e-04 | train -9.865826 | val -10.679701
  saved best-by-loss.
Epoch 193 [VMIM] LR:2.00e-04 | train -9.742288 | val -10.083453
Epoch 194 [VMIM] LR:2.00e-04 | train -9.701697 | val -10.184147
Epoch 195 [VMIM] LR:2.00e-04 | train -9.708661 | val -10.429411
[RF R2]  t0:0.961 | t1:0.874 | t2:0.867 | t3:0.908
[q sigma] t0:0.019 | t1:0.031 | t2:0.079 | t3:0.038   (prior sigma ~0.29; floor = head.sigma_floor)
Epoch 196 [VMIM] LR:2.00e-04 | train -9.848803 | val -10.499866
Epoch 197 [VMIM] LR:2.00e-04 | train -9.772316 | val -10.423466
Epoch 198 [VMIM] LR:2.00e-04 | train -9.761296 | val -10.523933
Epoch 199 [VMIM] LR:2.00e-04 | train -9.752755 | val -10.132762
Epoch 200 [VMIM] LR:2.00e-04 | train -9.783361 | val -10.399779
[RF R2]  t0:0.963 | t1:0.887 | t2:0.865 | t3:0.905
[q sigma] t0:0.018 | t1:0.028 | t2:0.066 | t3:0.029   (prior sigma ~0.29; floor = head.sigma_floor)
[TIMER] train 4481.4s
[WARN] requested learned_compressor_bestprobe.pt missing; falling back to learned_compressor.pt
exporting from checkpoint: /gscratch/ddehiwalage-don/sbi_master/cnn_vmim_/n3/seed_s2/nle/learned_compressor.pt
  export 256/9,120,000
  export 25,856/9,120,000
  export 51,456/9,120,000
  export 77,056/9,120,000
  export 102,656/9,120,000
  export 128,256/9,120,000
  export 153,856/9,120,000
  export 179,456/9,120,000
  export 205,056/9,120,000
  export 230,656/9,120,000
  export 256,256/9,120,000
  export 281,856/9,120,000
  export 307,456/9,120,000
  export 333,056/9,120,000
  export 358,656/9,120,000
  export 384,256/9,120,000
  export 409,856/9,120,000
  export 435,456/9,120,000
  export 461,056/9,120,000
  export 486,656/9,120,000
  export 512,256/9,120,000
  export 537,856/9,120,000
  export 563,456/9,120,000
  export 589,056/9,120,000
  export 614,656/9,120,000
  export 640,256/9,120,000
  export 665,856/9,120,000
  export 691,456/9,120,000
  export 717,056/9,120,000
  export 742,656/9,120,000
  export 768,256/9,120,000
  export 793,856/9,120,000
  export 819,456/9,120,000
  export 845,056/9,120,000
  export 870,656/9,120,000
  export 896,256/9,120,000
  export 921,856/9,120,000
  export 947,456/9,120,000
  export 973,056/9,120,000
  export 998,656/9,120,000
  export 1,024,256/9,120,000
  export 1,049,856/9,120,000
  export 1,075,456/9,120,000
  export 1,101,056/9,120,000
  export 1,126,656/9,120,000
  export 1,152,256/9,120,000
  export 1,177,856/9,120,000
  export 1,203,456/9,120,000
  export 1,229,056/9,120,000
  export 1,254,656/9,120,000
  export 1,280,256/9,120,000
  export 1,305,856/9,120,000
  export 1,331,456/9,120,000
  export 1,357,056/9,120,000
  export 1,382,656/9,120,000
  export 1,408,256/9,120,000
  export 1,433,856/9,120,000
  export 1,459,456/9,120,000
  export 1,485,056/9,120,000
  export 1,510,656/9,120,000
  export 1,536,256/9,120,000
  export 1,561,856/9,120,000
  export 1,587,456/9,120,000
  export 1,613,056/9,120,000
  export 1,638,656/9,120,000
  export 1,664,256/9,120,000
  export 1,689,856/9,120,000
  export 1,715,456/9,120,000
  export 1,741,056/9,120,000
  export 1,766,656/9,120,000
  export 1,792,256/9,120,000
  export 1,817,856/9,120,000
  export 1,843,456/9,120,000
  export 1,869,056/9,120,000
  export 1,894,656/9,120,000
  export 1,920,256/9,120,000
  export 1,945,856/9,120,000
  export 1,971,456/9,120,000
  export 1,997,056/9,120,000
  export 2,022,656/9,120,000
  export 2,048,256/9,120,000
  export 2,073,856/9,120,000
  export 2,099,456/9,120,000
  export 2,125,056/9,120,000
  export 2,150,656/9,120,000
  export 2,176,256/9,120,000
  export 2,201,856/9,120,000
  export 2,227,456/9,120,000
  export 2,253,056/9,120,000
  export 2,278,656/9,120,000
  export 2,304,256/9,120,000
  export 2,329,856/9,120,000
  export 2,355,456/9,120,000
  export 2,381,056/9,120,000
  export 2,406,656/9,120,000
  export 2,432,256/9,120,000
  export 2,457,856/9,120,000
  export 2,483,456/9,120,000
  export 2,509,056/9,120,000
  export 2,534,656/9,120,000
  export 2,560,256/9,120,000
  export 2,585,856/9,120,000
  export 2,611,456/9,120,000
  export 2,637,056/9,120,000
  export 2,662,656/9,120,000
  export 2,688,256/9,120,000
  export 2,713,856/9,120,000
  export 2,739,456/9,120,000
  export 2,765,056/9,120,000
  export 2,790,656/9,120,000
  export 2,816,256/9,120,000
  export 2,841,856/9,120,000
  export 2,867,456/9,120,000
  export 2,893,056/9,120,000
  export 2,918,656/9,120,000
  export 2,944,256/9,120,000
  export 2,969,856/9,120,000
  export 2,995,456/9,120,000
  export 3,021,056/9,120,000
  export 3,046,656/9,120,000
  export 3,072,256/9,120,000
  export 3,097,856/9,120,000
  export 3,123,456/9,120,000
  export 3,149,056/9,120,000
  export 3,174,656/9,120,000
  export 3,200,256/9,120,000
  export 3,225,856/9,120,000
  export 3,251,456/9,120,000
  export 3,277,056/9,120,000
  export 3,302,656/9,120,000
  export 3,328,256/9,120,000
  export 3,353,856/9,120,000
  export 3,379,456/9,120,000
  export 3,405,056/9,120,000
  export 3,430,656/9,120,000
  export 3,456,256/9,120,000
  export 3,481,856/9,120,000
  export 3,507,456/9,120,000
  export 3,533,056/9,120,000
  export 3,558,656/9,120,000
  export 3,584,256/9,120,000
  export 3,609,856/9,120,000
  export 3,635,456/9,120,000
  export 3,661,056/9,120,000
  export 3,686,656/9,120,000
  export 3,712,256/9,120,000
  export 3,737,856/9,120,000
  export 3,763,456/9,120,000
  export 3,789,056/9,120,000
  export 3,814,656/9,120,000
  export 3,840,256/9,120,000
  export 3,865,856/9,120,000
  export 3,891,456/9,120,000
  export 3,917,056/9,120,000
  export 3,942,656/9,120,000
  export 3,968,256/9,120,000
  export 3,993,856/9,120,000
  export 4,019,456/9,120,000
  export 4,045,056/9,120,000
  export 4,070,656/9,120,000
  export 4,096,256/9,120,000
  export 4,121,856/9,120,000
  export 4,147,456/9,120,000
  export 4,173,056/9,120,000
  export 4,198,656/9,120,000
  export 4,224,256/9,120,000
  export 4,249,856/9,120,000
  export 4,275,456/9,120,000
  export 4,301,056/9,120,000
  export 4,326,656/9,120,000
  export 4,352,256/9,120,000
  export 4,377,856/9,120,000
  export 4,403,456/9,120,000
  export 4,429,056/9,120,000
  export 4,454,656/9,120,000
  export 4,480,256/9,120,000
  export 4,505,856/9,120,000
  export 4,531,456/9,120,000
  export 4,557,056/9,120,000
  export 4,582,656/9,120,000
  export 4,608,256/9,120,000
  export 4,633,856/9,120,000
  export 4,659,456/9,120,000
  export 4,685,056/9,120,000
  export 4,710,656/9,120,000
  export 4,736,256/9,120,000
  export 4,761,856/9,120,000
  export 4,787,456/9,120,000
  export 4,813,056/9,120,000
  export 4,838,656/9,120,000
  export 4,864,256/9,120,000
  export 4,889,856/9,120,000
  export 4,915,456/9,120,000
  export 4,941,056/9,120,000
  export 4,966,656/9,120,000
  export 4,992,256/9,120,000
  export 5,017,856/9,120,000
  export 5,043,456/9,120,000
  export 5,069,056/9,120,000
  export 5,094,656/9,120,000
  export 5,120,256/9,120,000
  export 5,145,856/9,120,000
  export 5,171,456/9,120,000
  export 5,197,056/9,120,000
  export 5,222,656/9,120,000
  export 5,248,256/9,120,000
  export 5,273,856/9,120,000
  export 5,299,456/9,120,000
  export 5,325,056/9,120,000
  export 5,350,656/9,120,000
  export 5,376,256/9,120,000
  export 5,401,856/9,120,000
  export 5,427,456/9,120,000
  export 5,453,056/9,120,000
  export 5,478,656/9,120,000
  export 5,504,256/9,120,000
  export 5,529,856/9,120,000
  export 5,555,456/9,120,000
  export 5,581,056/9,120,000
  export 5,606,656/9,120,000
  export 5,632,256/9,120,000
  export 5,657,856/9,120,000
  export 5,683,456/9,120,000
  export 5,709,056/9,120,000
  export 5,734,656/9,120,000
  export 5,760,256/9,120,000
  export 5,785,856/9,120,000
  export 5,811,456/9,120,000
  export 5,837,056/9,120,000
  export 5,862,656/9,120,000
  export 5,888,256/9,120,000
  export 5,913,856/9,120,000
  export 5,939,456/9,120,000
  export 5,965,056/9,120,000
  export 5,990,656/9,120,000
  export 6,016,256/9,120,000
  export 6,041,856/9,120,000
  export 6,067,456/9,120,000
  export 6,093,056/9,120,000
  export 6,118,656/9,120,000
  export 6,144,256/9,120,000
  export 6,169,856/9,120,000
  export 6,195,456/9,120,000
  export 6,221,056/9,120,000
  export 6,246,656/9,120,000
  export 6,272,256/9,120,000
  export 6,297,856/9,120,000
  export 6,323,456/9,120,000
  export 6,349,056/9,120,000
  export 6,374,656/9,120,000
  export 6,400,256/9,120,000
  export 6,425,856/9,120,000
  export 6,451,456/9,120,000
  export 6,477,056/9,120,000
  export 6,502,656/9,120,000
  export 6,528,256/9,120,000
  export 6,553,856/9,120,000
  export 6,579,456/9,120,000
  export 6,605,056/9,120,000
  export 6,630,656/9,120,000
  export 6,656,256/9,120,000
  export 6,681,856/9,120,000
  export 6,707,456/9,120,000
  export 6,733,056/9,120,000
  export 6,758,656/9,120,000
  export 6,784,256/9,120,000
  export 6,809,856/9,120,000
  export 6,835,456/9,120,000
  export 6,861,056/9,120,000
  export 6,886,656/9,120,000
  export 6,912,256/9,120,000
  export 6,937,856/9,120,000
  export 6,963,456/9,120,000
  export 6,989,056/9,120,000
  export 7,014,656/9,120,000
  export 7,040,256/9,120,000
  export 7,065,856/9,120,000
  export 7,091,456/9,120,000
  export 7,117,056/9,120,000
  export 7,142,656/9,120,000
  export 7,168,256/9,120,000
  export 7,193,856/9,120,000
  export 7,219,456/9,120,000
  export 7,245,056/9,120,000
  export 7,270,656/9,120,000
  export 7,296,256/9,120,000
  export 7,321,856/9,120,000
  export 7,347,456/9,120,000
  export 7,373,056/9,120,000
  export 7,398,656/9,120,000
  export 7,424,256/9,120,000
  export 7,449,856/9,120,000
  export 7,475,456/9,120,000
  export 7,501,056/9,120,000
  export 7,526,656/9,120,000
  export 7,552,256/9,120,000
  export 7,577,856/9,120,000
  export 7,603,456/9,120,000
  export 7,629,056/9,120,000
  export 7,654,656/9,120,000
  export 7,680,256/9,120,000
  export 7,705,856/9,120,000
  export 7,731,456/9,120,000
  export 7,757,056/9,120,000
  export 7,782,656/9,120,000
  export 7,808,256/9,120,000
  export 7,833,856/9,120,000
  export 7,859,456/9,120,000
  export 7,885,056/9,120,000
  export 7,910,656/9,120,000
  export 7,936,256/9,120,000
  export 7,961,856/9,120,000
  export 7,987,456/9,120,000
  export 8,013,056/9,120,000
  export 8,038,656/9,120,000
  export 8,064,256/9,120,000
  export 8,089,856/9,120,000
  export 8,115,456/9,120,000
  export 8,141,056/9,120,000
  export 8,166,656/9,120,000
  export 8,192,256/9,120,000
  export 8,217,856/9,120,000
  export 8,243,456/9,120,000
  export 8,269,056/9,120,000
  export 8,294,656/9,120,000
  export 8,320,256/9,120,000
  export 8,345,856/9,120,000
  export 8,371,456/9,120,000
  export 8,397,056/9,120,000
  export 8,422,656/9,120,000
  export 8,448,256/9,120,000
  export 8,473,856/9,120,000
  export 8,499,456/9,120,000
  export 8,525,056/9,120,000
  export 8,550,656/9,120,000
  export 8,576,256/9,120,000
  export 8,601,856/9,120,000
  export 8,627,456/9,120,000
  export 8,653,056/9,120,000
  export 8,678,656/9,120,000
  export 8,704,256/9,120,000
  export 8,729,856/9,120,000
  export 8,755,456/9,120,000
  export 8,781,056/9,120,000
  export 8,806,656/9,120,000
  export 8,832,256/9,120,000
  export 8,857,856/9,120,000
  export 8,883,456/9,120,000
  export 8,909,056/9,120,000
  export 8,934,656/9,120,000
  export 8,960,256/9,120,000
  export 8,985,856/9,120,000
  export 9,011,456/9,120,000
  export 9,037,056/9,120,000
  export 9,062,656/9,120,000
  export 9,088,256/9,120,000
  export 9,113,856/9,120,000
exported summaries -> /gscratch/ddehiwalage-don/sbi_master/cnn_vmim_/n3/seed_s2/summaries  t (9120000, 4)
