node=tycho91  gpus=0
[seed] global seed=4 deterministic=True
Stage1 arm=cnn_vmim_/n3/seed_s4 split_seed=42 init_seed=4
--> usable cores=4  num_workers=3
sigma floor for each parm: tensor([0., 0., 0., 0.]) jitter for each parm {}
[MODE] pure VMIM from epoch 0.
[PHASE] pure VMIM begins at epoch 1: arming probe-based early stopping from here.
Epoch 001 [VMIM] LR:2.00e-04 | train -1.438585 | val -3.098898
  saved best-by-loss.
Epoch 002 [VMIM] LR:2.00e-04 | train -2.516819 | val -2.732137
Epoch 003 [VMIM] LR:2.00e-04 | train -2.781171 | val -2.635693
Epoch 004 [VMIM] LR:2.00e-04 | train -3.064542 | val -3.345296
  saved best-by-loss.
Epoch 005 [VMIM] LR:2.00e-04 | train -3.252262 | val -3.659775
[RF R2]  t0:0.932 | t1:0.080 | t2:-0.006 | t3:0.641
[q sigma] t0:0.087 | t1:0.228 | t2:0.368 | t3:0.200   (prior sigma ~0.29; floor = head.sigma_floor)
  saved best-by-probe (mean R2 0.412, pure-VMIM).
  saved best-by-loss.
Epoch 006 [VMIM] LR:2.00e-04 | train -3.395602 | val -3.560417
Epoch 007 [VMIM] LR:2.00e-04 | train -3.570566 | val -4.110938
  saved best-by-loss.
Epoch 008 [VMIM] LR:2.00e-04 | train -3.570260 | val -3.367686
Epoch 009 [VMIM] LR:2.00e-04 | train -3.720151 | val -4.480142
  saved best-by-loss.
Epoch 010 [VMIM] LR:2.00e-04 | train -3.796779 | val -4.168790
[RF R2]  t0:0.935 | t1:0.188 | t2:-0.006 | t3:0.696
[q sigma] t0:0.081 | t1:0.218 | t2:0.334 | t3:0.161   (prior sigma ~0.29; floor = head.sigma_floor)
  saved best-by-probe (mean R2 0.453, pure-VMIM).
Epoch 011 [VMIM] LR:2.00e-04 | train -3.847993 | val -3.264882
Epoch 012 [VMIM] LR:2.00e-04 | train -3.919274 | val -4.216682
Epoch 013 [VMIM] LR:2.00e-04 | train -3.934671 | val -4.561571
  saved best-by-loss.
Epoch 014 [VMIM] LR:2.00e-04 | train -4.170432 | val -4.040314
Epoch 015 [VMIM] LR:2.00e-04 | train -4.356180 | val -4.449835
[RF R2]  t0:0.930 | t1:0.638 | t2:0.035 | t3:0.842
[q sigma] t0:0.083 | t1:0.170 | t2:0.355 | t3:0.152   (prior sigma ~0.29; floor = head.sigma_floor)
  saved best-by-probe (mean R2 0.611, pure-VMIM).
Epoch 016 [VMIM] LR:2.00e-04 | train -4.609486 | val -4.600048
  saved best-by-loss.
Epoch 017 [VMIM] LR:2.00e-04 | train -4.875363 | val -5.522725
  saved best-by-loss.
Epoch 018 [VMIM] LR:2.00e-04 | train -4.988192 | val -5.664976
  saved best-by-loss.
Epoch 019 [VMIM] LR:2.00e-04 | train -5.108851 | val -5.354611
Epoch 020 [VMIM] LR:2.00e-04 | train -5.267553 | val -5.591299
[RF R2]  t0:0.932 | t1:0.911 | t2:0.016 | t3:0.943
[q sigma] t0:0.082 | t1:0.080 | t2:0.345 | t3:0.082   (prior sigma ~0.29; floor = head.sigma_floor)
  saved best-by-probe (mean R2 0.701, pure-VMIM).
Epoch 021 [VMIM] LR:2.00e-04 | train -5.417068 | val -6.011347
  saved best-by-loss.
Epoch 022 [VMIM] LR:2.00e-04 | train -5.494309 | val -5.845654
Epoch 023 [VMIM] LR:2.00e-04 | train -5.501793 | val -6.094297
  saved best-by-loss.
Epoch 024 [VMIM] LR:2.00e-04 | train -5.638810 | val -6.139090
  saved best-by-loss.
Epoch 025 [VMIM] LR:2.00e-04 | train -5.615801 | val -5.545437
[RF R2]  t0:0.929 | t1:0.923 | t2:-0.012 | t3:0.940
[q sigma] t0:0.081 | t1:0.071 | t2:0.344 | t3:0.055   (prior sigma ~0.29; floor = head.sigma_floor)
Epoch 026 [VMIM] LR:2.00e-04 | train -5.686657 | val -6.288075
  saved best-by-loss.
Epoch 027 [VMIM] LR:2.00e-04 | train -5.735436 | val -6.110325
Epoch 028 [VMIM] LR:2.00e-04 | train -5.785997 | val -5.425721
Epoch 029 [VMIM] LR:2.00e-04 | train -5.824145 | val -5.911709
Epoch 030 [VMIM] LR:2.00e-04 | train -5.907345 | val -6.558703
[RF R2]  t0:0.933 | t1:0.929 | t2:-0.045 | t3:0.949
[q sigma] t0:0.080 | t1:0.066 | t2:0.343 | t3:0.057   (prior sigma ~0.29; floor = head.sigma_floor)
  saved best-by-loss.
Epoch 031 [VMIM] LR:2.00e-04 | train -5.960553 | val -5.998721
Epoch 032 [VMIM] LR:2.00e-04 | train -5.893457 | val -6.416839
Epoch 033 [VMIM] LR:2.00e-04 | train -5.997842 | val -6.381109
Epoch 034 [VMIM] LR:2.00e-04 | train -5.992721 | val -6.235415
Epoch 035 [VMIM] LR:2.00e-04 | train -6.016440 | val -6.626153
[RF R2]  t0:0.925 | t1:0.926 | t2:-0.014 | t3:0.956
[q sigma] t0:0.080 | t1:0.059 | t2:0.337 | t3:0.068   (prior sigma ~0.29; floor = head.sigma_floor)
  saved best-by-loss.
Epoch 036 [VMIM] LR:2.00e-04 | train -6.143058 | val -6.664588
  saved best-by-loss.
Epoch 037 [VMIM] LR:2.00e-04 | train -6.108975 | val -6.477122
Epoch 038 [VMIM] LR:2.00e-04 | train -6.143404 | val -6.503035
Epoch 039 [VMIM] LR:2.00e-04 | train -6.158757 | val -5.939885
Epoch 040 [VMIM] LR:2.00e-04 | train -6.185203 | val -6.842445
[RF R2]  t0:0.926 | t1:0.929 | t2:-0.080 | t3:0.954
[q sigma] t0:0.079 | t1:0.051 | t2:0.367 | t3:0.053   (prior sigma ~0.29; floor = head.sigma_floor)
  saved best-by-loss.
Epoch 041 [VMIM] LR:2.00e-04 | train -6.209243 | val -6.065785
Epoch 042 [VMIM] LR:2.00e-04 | train -6.129749 | val -6.339222
Epoch 043 [VMIM] LR:2.00e-04 | train -6.301438 | val -6.396389
Epoch 044 [VMIM] LR:2.00e-04 | train -6.246824 | val -6.309523
Epoch 045 [VMIM] LR:2.00e-04 | train -6.294816 | val -6.393200
[RF R2]  t0:0.926 | t1:0.895 | t2:-0.054 | t3:0.955
[q sigma] t0:0.086 | t1:0.050 | t2:0.344 | t3:0.050   (prior sigma ~0.29; floor = head.sigma_floor)
Epoch 046 [VMIM] LR:2.00e-04 | train -6.312852 | val -6.865346
  saved best-by-loss.
Epoch 047 [VMIM] LR:2.00e-04 | train -6.257441 | val -6.307679
Epoch 048 [VMIM] LR:2.00e-04 | train -6.346223 | val -6.807857
Epoch 049 [VMIM] LR:2.00e-04 | train -6.360974 | val -6.655176
Epoch 050 [VMIM] LR:2.00e-04 | train -6.504342 | val -6.859176
[RF R2]  t0:0.930 | t1:0.932 | t2:-0.037 | t3:0.947
[q sigma] t0:0.077 | t1:0.045 | t2:0.357 | t3:0.042   (prior sigma ~0.29; floor = head.sigma_floor)
Epoch 051 [VMIM] LR:2.00e-04 | train -6.492952 | val -6.925338
  saved best-by-loss.
Epoch 052 [VMIM] LR:2.00e-04 | train -6.453710 | val -6.936210
  saved best-by-loss.
Epoch 053 [VMIM] LR:2.00e-04 | train -6.417383 | val -6.794388
Epoch 054 [VMIM] LR:2.00e-04 | train -6.486888 | val -6.807480
Epoch 055 [VMIM] LR:2.00e-04 | train -6.485071 | val -6.874478
[RF R2]  t0:0.930 | t1:0.939 | t2:-0.046 | t3:0.939
[q sigma] t0:0.082 | t1:0.044 | t2:0.356 | t3:0.050   (prior sigma ~0.29; floor = head.sigma_floor)
Epoch 056 [VMIM] LR:2.00e-04 | train -6.506327 | val -6.634831
Epoch 057 [VMIM] LR:2.00e-04 | train -6.531481 | val -7.110994
  saved best-by-loss.
Epoch 058 [VMIM] LR:2.00e-04 | train -6.529961 | val -6.848623
Epoch 059 [VMIM] LR:2.00e-04 | train -6.589627 | val -7.130908
  saved best-by-loss.
Epoch 060 [VMIM] LR:2.00e-04 | train -6.591309 | val -7.261812
[RF R2]  t0:0.926 | t1:0.925 | t2:0.013 | t3:0.952
[q sigma] t0:0.075 | t1:0.045 | t2:0.349 | t3:0.047   (prior sigma ~0.29; floor = head.sigma_floor)
  saved best-by-probe (mean R2 0.704, pure-VMIM).
  saved best-by-loss.
Epoch 061 [VMIM] LR:2.00e-04 | train -6.626595 | val -6.797921
Epoch 062 [VMIM] LR:2.00e-04 | train -6.636895 | val -6.750393
Epoch 063 [VMIM] LR:2.00e-04 | train -6.694338 | val -7.028002
Epoch 064 [VMIM] LR:2.00e-04 | train -6.639850 | val -7.034101
Epoch 065 [VMIM] LR:2.00e-04 | train -6.575231 | val -6.947591
[RF R2]  t0:0.925 | t1:0.928 | t2:-0.033 | t3:0.953
[q sigma] t0:0.076 | t1:0.045 | t2:0.327 | t3:0.052   (prior sigma ~0.29; floor = head.sigma_floor)
Epoch 066 [VMIM] LR:2.00e-04 | train -6.734079 | val -7.196278
Epoch 067 [VMIM] LR:2.00e-04 | train -6.750039 | val -6.949515
Epoch 068 [VMIM] LR:2.00e-04 | train -6.772745 | val -6.807659
Epoch 069 [VMIM] LR:2.00e-04 | train -6.745097 | val -7.455740
  saved best-by-loss.
Epoch 070 [VMIM] LR:2.00e-04 | train -6.754558 | val -7.206220
[RF R2]  t0:0.926 | t1:0.949 | t2:-0.025 | t3:0.954
[q sigma] t0:0.074 | t1:0.043 | t2:0.341 | t3:0.042   (prior sigma ~0.29; floor = head.sigma_floor)
Epoch 071 [VMIM] LR:2.00e-04 | train -6.730440 | val -7.292932
Epoch 072 [VMIM] LR:2.00e-04 | train -6.775069 | val -7.287184
Epoch 073 [VMIM] LR:2.00e-04 | train -6.858245 | val -6.666027
Epoch 074 [VMIM] LR:2.00e-04 | train -6.844603 | val -7.214498
Epoch 075 [VMIM] LR:2.00e-04 | train -6.877244 | val -7.358914
[RF R2]  t0:0.926 | t1:0.935 | t2:-0.017 | t3:0.955
[q sigma] t0:0.082 | t1:0.041 | t2:0.345 | t3:0.040   (prior sigma ~0.29; floor = head.sigma_floor)
Epoch 076 [VMIM] LR:2.00e-04 | train -6.780608 | val -7.231768
Epoch 077 [VMIM] LR:2.00e-04 | train -6.869640 | val -7.072116
Epoch 078 [VMIM] LR:2.00e-04 | train -6.810136 | val -7.427092
Epoch 079 [VMIM] LR:2.00e-04 | train -6.900130 | val -7.463729
  saved best-by-loss.
Epoch 080 [VMIM] LR:2.00e-04 | train -6.928230 | val -7.620467
[RF R2]  t0:0.928 | t1:0.928 | t2:-0.037 | t3:0.957
[q sigma] t0:0.081 | t1:0.040 | t2:0.354 | t3:0.038   (prior sigma ~0.29; floor = head.sigma_floor)
  saved best-by-loss.
Epoch 081 [VMIM] LR:2.00e-04 | train -6.868008 | val -7.321603
Epoch 082 [VMIM] LR:2.00e-04 | train -6.978582 | val -7.367642
Epoch 083 [VMIM] LR:2.00e-04 | train -6.962295 | val -6.956253
Epoch 084 [VMIM] LR:2.00e-04 | train -6.949419 | val -7.599028
Epoch 085 [VMIM] LR:2.00e-04 | train -6.973265 | val -7.318515
[RF R2]  t0:0.920 | t1:0.938 | t2:-0.028 | t3:0.947
[q sigma] t0:0.078 | t1:0.040 | t2:0.347 | t3:0.046   (prior sigma ~0.29; floor = head.sigma_floor)
Epoch 086 [VMIM] LR:2.00e-04 | train -6.985904 | val -7.160684
Epoch 087 [VMIM] LR:2.00e-04 | train -7.018692 | val -7.606166
Epoch 088 [VMIM] LR:2.00e-04 | train -7.070691 | val -7.193292
Epoch 089 [VMIM] LR:2.00e-04 | train -7.031840 | val -7.615867
Epoch 090 [VMIM] LR:2.00e-04 | train -7.055033 | val -7.247239
[RF R2]  t0:0.935 | t1:0.952 | t2:-0.071 | t3:0.960
[q sigma] t0:0.079 | t1:0.038 | t2:0.368 | t3:0.042   (prior sigma ~0.29; floor = head.sigma_floor)
Epoch 091 [VMIM] LR:2.00e-04 | train -7.054556 | val -6.708484
Epoch 092 [VMIM] LR:2.00e-04 | train -7.080598 | val -7.574007
Epoch 093 [VMIM] LR:2.00e-04 | train -7.073571 | val -7.515685
Epoch 094 [VMIM] LR:2.00e-04 | train -7.069115 | val -7.765951
  saved best-by-loss.
Epoch 095 [VMIM] LR:2.00e-04 | train -7.130266 | val -7.783171
[RF R2]  t0:0.931 | t1:0.925 | t2:-0.042 | t3:0.951
[q sigma] t0:0.074 | t1:0.034 | t2:0.342 | t3:0.034   (prior sigma ~0.29; floor = head.sigma_floor)
  saved best-by-loss.
Epoch 096 [VMIM] LR:2.00e-04 | train -7.067373 | val -7.369760
Epoch 097 [VMIM] LR:2.00e-04 | train -7.166963 | val -7.509555
Epoch 098 [VMIM] LR:2.00e-04 | train -7.067347 | val -7.613678
Epoch 099 [VMIM] LR:2.00e-04 | train -7.128558 | val -7.466020
Epoch 100 [VMIM] LR:2.00e-04 | train -7.102774 | val -7.449032
[RF R2]  t0:0.937 | t1:0.926 | t2:-0.037 | t3:0.952
[q sigma] t0:0.076 | t1:0.040 | t2:0.360 | t3:0.040   (prior sigma ~0.29; floor = head.sigma_floor)
Epoch 101 [VMIM] LR:2.00e-04 | train -7.222820 | val -6.700094
Epoch 102 [VMIM] LR:2.00e-04 | train -7.236515 | val -7.497455
Epoch 103 [VMIM] LR:2.00e-04 | train -7.186608 | val -7.675761
Epoch 104 [VMIM] LR:2.00e-04 | train -7.287774 | val -8.101226
  saved best-by-loss.
Epoch 105 [VMIM] LR:2.00e-04 | train -7.242250 | val -7.769610
[RF R2]  t0:0.943 | t1:0.935 | t2:-0.085 | t3:0.946
[q sigma] t0:0.066 | t1:0.035 | t2:0.336 | t3:0.035   (prior sigma ~0.29; floor = head.sigma_floor)
Epoch 106 [VMIM] LR:2.00e-04 | train -7.152172 | val -7.715778
Epoch 107 [VMIM] LR:2.00e-04 | train -7.255066 | val -7.358855
Epoch 108 [VMIM] LR:2.00e-04 | train -7.243826 | val -7.706956
Epoch 109 [VMIM] LR:2.00e-04 | train -7.307705 | val -7.839656
Epoch 110 [VMIM] LR:2.00e-04 | train -7.286580 | val -7.592306
[RF R2]  t0:0.940 | t1:0.932 | t2:-0.070 | t3:0.950
[q sigma] t0:0.065 | t1:0.040 | t2:0.334 | t3:0.038   (prior sigma ~0.29; floor = head.sigma_floor)
Epoch 111 [VMIM] LR:2.00e-04 | train -7.358150 | val -8.074233
Epoch 112 [VMIM] LR:2.00e-04 | train -7.367203 | val -7.973408
Epoch 113 [VMIM] LR:2.00e-04 | train -7.437126 | val -7.120337
Epoch 114 [VMIM] LR:2.00e-04 | train -7.430386 | val -8.009022
Epoch 115 [VMIM] LR:2.00e-04 | train -7.479625 | val -7.539693
[RF R2]  t0:0.939 | t1:0.928 | t2:-0.050 | t3:0.954
[q sigma] t0:0.068 | t1:0.037 | t2:0.344 | t3:0.038   (prior sigma ~0.29; floor = head.sigma_floor)
Epoch 116 [VMIM] LR:2.00e-04 | train -7.307311 | val -7.832130
Epoch 117 [VMIM] LR:2.00e-04 | train -7.473656 | val -8.049579
Epoch 118 [VMIM] LR:2.00e-04 | train -7.479021 | val -7.469528
Epoch 119 [VMIM] LR:2.00e-04 | train -7.460122 | val -8.027732
Epoch 120 [VMIM] LR:1.00e-04 | train -7.401168 | val -7.891854
[RF R2]  t0:0.945 | t1:0.933 | t2:-0.039 | t3:0.960
[q sigma] t0:0.066 | t1:0.037 | t2:0.363 | t3:0.039   (prior sigma ~0.29; floor = head.sigma_floor)
Epoch 121 [VMIM] LR:1.00e-04 | train -8.299600 | val -8.882939
  saved best-by-loss.
Epoch 122 [VMIM] LR:1.00e-04 | train -8.338557 | val -9.014195
  saved best-by-loss.
Epoch 123 [VMIM] LR:1.00e-04 | train -8.345173 | val -8.680318
Epoch 124 [VMIM] LR:1.00e-04 | train -8.382737 | val -8.915149
Epoch 125 [VMIM] LR:1.00e-04 | train -8.365753 | val -8.919419
[RF R2]  t0:0.947 | t1:0.930 | t2:-0.072 | t3:0.948
[q sigma] t0:0.060 | t1:0.026 | t2:0.332 | t3:0.026   (prior sigma ~0.29; floor = head.sigma_floor)
Epoch 126 [VMIM] LR:1.00e-04 | train -8.301102 | val -9.069378
  saved best-by-loss.
Epoch 127 [VMIM] LR:1.00e-04 | train -8.405751 | val -8.877204
Epoch 128 [VMIM] LR:1.00e-04 | train -8.388545 | val -8.721463
Epoch 129 [VMIM] LR:1.00e-04 | train -8.456488 | val -9.353550
  saved best-by-loss.
Epoch 130 [VMIM] LR:1.00e-04 | train -8.401909 | val -8.982814
[RF R2]  t0:0.945 | t1:0.942 | t2:-0.048 | t3:0.960
[q sigma] t0:0.059 | t1:0.028 | t2:0.342 | t3:0.027   (prior sigma ~0.29; floor = head.sigma_floor)
Epoch 131 [VMIM] LR:1.00e-04 | train -8.424719 | val -9.118754
Epoch 132 [VMIM] LR:1.00e-04 | train -8.464876 | val -9.088970
Epoch 133 [VMIM] LR:1.00e-04 | train -8.471559 | val -8.781542
Epoch 134 [VMIM] LR:1.00e-04 | train -8.470850 | val -8.431929
Epoch 135 [VMIM] LR:1.00e-04 | train -8.492944 | val -9.194184
[RF R2]  t0:0.943 | t1:0.931 | t2:-0.025 | t3:0.953
[q sigma] t0:0.057 | t1:0.025 | t2:0.330 | t3:0.026   (prior sigma ~0.29; floor = head.sigma_floor)
Early stopping at epoch 135: mean probe R2 stale for 15 probes IN PURE-VMIM PHASE.
[TIMER] train 2938.6s
[WARN] requested learned_compressor_bestprobe.pt missing; falling back to learned_compressor.pt
exporting from checkpoint: /gscratch/ddehiwalage-don/sbi_master/cnn_vmim_/n3/seed_s4/nle/learned_compressor.pt
  export 256/9,120,000
  export 25,856/9,120,000
  export 51,456/9,120,000
  export 77,056/9,120,000
  export 102,656/9,120,000
  export 128,256/9,120,000
  export 153,856/9,120,000
  export 179,456/9,120,000
  export 205,056/9,120,000
  export 230,656/9,120,000
  export 256,256/9,120,000
  export 281,856/9,120,000
  export 307,456/9,120,000
  export 333,056/9,120,000
  export 358,656/9,120,000
  export 384,256/9,120,000
  export 409,856/9,120,000
  export 435,456/9,120,000
  export 461,056/9,120,000
  export 486,656/9,120,000
  export 512,256/9,120,000
  export 537,856/9,120,000
  export 563,456/9,120,000
  export 589,056/9,120,000
  export 614,656/9,120,000
  export 640,256/9,120,000
  export 665,856/9,120,000
  export 691,456/9,120,000
  export 717,056/9,120,000
  export 742,656/9,120,000
  export 768,256/9,120,000
  export 793,856/9,120,000
  export 819,456/9,120,000
  export 845,056/9,120,000
  export 870,656/9,120,000
  export 896,256/9,120,000
  export 921,856/9,120,000
  export 947,456/9,120,000
  export 973,056/9,120,000
  export 998,656/9,120,000
  export 1,024,256/9,120,000
  export 1,049,856/9,120,000
  export 1,075,456/9,120,000
  export 1,101,056/9,120,000
  export 1,126,656/9,120,000
  export 1,152,256/9,120,000
  export 1,177,856/9,120,000
  export 1,203,456/9,120,000
  export 1,229,056/9,120,000
  export 1,254,656/9,120,000
  export 1,280,256/9,120,000
  export 1,305,856/9,120,000
  export 1,331,456/9,120,000
  export 1,357,056/9,120,000
  export 1,382,656/9,120,000
  export 1,408,256/9,120,000
  export 1,433,856/9,120,000
  export 1,459,456/9,120,000
  export 1,485,056/9,120,000
  export 1,510,656/9,120,000
  export 1,536,256/9,120,000
  export 1,561,856/9,120,000
  export 1,587,456/9,120,000
  export 1,613,056/9,120,000
  export 1,638,656/9,120,000
  export 1,664,256/9,120,000
  export 1,689,856/9,120,000
  export 1,715,456/9,120,000
  export 1,741,056/9,120,000
  export 1,766,656/9,120,000
  export 1,792,256/9,120,000
  export 1,817,856/9,120,000
  export 1,843,456/9,120,000
  export 1,869,056/9,120,000
  export 1,894,656/9,120,000
  export 1,920,256/9,120,000
  export 1,945,856/9,120,000
  export 1,971,456/9,120,000
  export 1,997,056/9,120,000
  export 2,022,656/9,120,000
  export 2,048,256/9,120,000
  export 2,073,856/9,120,000
  export 2,099,456/9,120,000
  export 2,125,056/9,120,000
  export 2,150,656/9,120,000
  export 2,176,256/9,120,000
  export 2,201,856/9,120,000
  export 2,227,456/9,120,000
  export 2,253,056/9,120,000
  export 2,278,656/9,120,000
  export 2,304,256/9,120,000
  export 2,329,856/9,120,000
  export 2,355,456/9,120,000
  export 2,381,056/9,120,000
  export 2,406,656/9,120,000
  export 2,432,256/9,120,000
  export 2,457,856/9,120,000
  export 2,483,456/9,120,000
  export 2,509,056/9,120,000
  export 2,534,656/9,120,000
  export 2,560,256/9,120,000
  export 2,585,856/9,120,000
  export 2,611,456/9,120,000
  export 2,637,056/9,120,000
  export 2,662,656/9,120,000
  export 2,688,256/9,120,000
  export 2,713,856/9,120,000
  export 2,739,456/9,120,000
  export 2,765,056/9,120,000
  export 2,790,656/9,120,000
  export 2,816,256/9,120,000
  export 2,841,856/9,120,000
  export 2,867,456/9,120,000
  export 2,893,056/9,120,000
  export 2,918,656/9,120,000
  export 2,944,256/9,120,000
  export 2,969,856/9,120,000
  export 2,995,456/9,120,000
  export 3,021,056/9,120,000
  export 3,046,656/9,120,000
  export 3,072,256/9,120,000
  export 3,097,856/9,120,000
  export 3,123,456/9,120,000
  export 3,149,056/9,120,000
  export 3,174,656/9,120,000
  export 3,200,256/9,120,000
  export 3,225,856/9,120,000
  export 3,251,456/9,120,000
  export 3,277,056/9,120,000
  export 3,302,656/9,120,000
  export 3,328,256/9,120,000
  export 3,353,856/9,120,000
  export 3,379,456/9,120,000
  export 3,405,056/9,120,000
  export 3,430,656/9,120,000
  export 3,456,256/9,120,000
  export 3,481,856/9,120,000
  export 3,507,456/9,120,000
  export 3,533,056/9,120,000
  export 3,558,656/9,120,000
  export 3,584,256/9,120,000
  export 3,609,856/9,120,000
  export 3,635,456/9,120,000
  export 3,661,056/9,120,000
  export 3,686,656/9,120,000
  export 3,712,256/9,120,000
  export 3,737,856/9,120,000
  export 3,763,456/9,120,000
  export 3,789,056/9,120,000
  export 3,814,656/9,120,000
  export 3,840,256/9,120,000
  export 3,865,856/9,120,000
  export 3,891,456/9,120,000
  export 3,917,056/9,120,000
  export 3,942,656/9,120,000
  export 3,968,256/9,120,000
  export 3,993,856/9,120,000
  export 4,019,456/9,120,000
  export 4,045,056/9,120,000
  export 4,070,656/9,120,000
  export 4,096,256/9,120,000
  export 4,121,856/9,120,000
  export 4,147,456/9,120,000
  export 4,173,056/9,120,000
  export 4,198,656/9,120,000
  export 4,224,256/9,120,000
  export 4,249,856/9,120,000
  export 4,275,456/9,120,000
  export 4,301,056/9,120,000
  export 4,326,656/9,120,000
  export 4,352,256/9,120,000
  export 4,377,856/9,120,000
  export 4,403,456/9,120,000
  export 4,429,056/9,120,000
  export 4,454,656/9,120,000
  export 4,480,256/9,120,000
  export 4,505,856/9,120,000
  export 4,531,456/9,120,000
  export 4,557,056/9,120,000
  export 4,582,656/9,120,000
  export 4,608,256/9,120,000
  export 4,633,856/9,120,000
  export 4,659,456/9,120,000
  export 4,685,056/9,120,000
  export 4,710,656/9,120,000
  export 4,736,256/9,120,000
  export 4,761,856/9,120,000
  export 4,787,456/9,120,000
  export 4,813,056/9,120,000
  export 4,838,656/9,120,000
  export 4,864,256/9,120,000
  export 4,889,856/9,120,000
  export 4,915,456/9,120,000
  export 4,941,056/9,120,000
  export 4,966,656/9,120,000
  export 4,992,256/9,120,000
  export 5,017,856/9,120,000
  export 5,043,456/9,120,000
  export 5,069,056/9,120,000
  export 5,094,656/9,120,000
  export 5,120,256/9,120,000
  export 5,145,856/9,120,000
  export 5,171,456/9,120,000
  export 5,197,056/9,120,000
  export 5,222,656/9,120,000
  export 5,248,256/9,120,000
  export 5,273,856/9,120,000
  export 5,299,456/9,120,000
  export 5,325,056/9,120,000
  export 5,350,656/9,120,000
  export 5,376,256/9,120,000
  export 5,401,856/9,120,000
  export 5,427,456/9,120,000
  export 5,453,056/9,120,000
  export 5,478,656/9,120,000
  export 5,504,256/9,120,000
  export 5,529,856/9,120,000
  export 5,555,456/9,120,000
  export 5,581,056/9,120,000
  export 5,606,656/9,120,000
  export 5,632,256/9,120,000
  export 5,657,856/9,120,000
  export 5,683,456/9,120,000
  export 5,709,056/9,120,000
  export 5,734,656/9,120,000
  export 5,760,256/9,120,000
  export 5,785,856/9,120,000
  export 5,811,456/9,120,000
  export 5,837,056/9,120,000
  export 5,862,656/9,120,000
  export 5,888,256/9,120,000
  export 5,913,856/9,120,000
  export 5,939,456/9,120,000
  export 5,965,056/9,120,000
  export 5,990,656/9,120,000
  export 6,016,256/9,120,000
  export 6,041,856/9,120,000
  export 6,067,456/9,120,000
  export 6,093,056/9,120,000
  export 6,118,656/9,120,000
  export 6,144,256/9,120,000
  export 6,169,856/9,120,000
  export 6,195,456/9,120,000
  export 6,221,056/9,120,000
  export 6,246,656/9,120,000
  export 6,272,256/9,120,000
  export 6,297,856/9,120,000
  export 6,323,456/9,120,000
  export 6,349,056/9,120,000
  export 6,374,656/9,120,000
  export 6,400,256/9,120,000
  export 6,425,856/9,120,000
  export 6,451,456/9,120,000
  export 6,477,056/9,120,000
  export 6,502,656/9,120,000
  export 6,528,256/9,120,000
  export 6,553,856/9,120,000
  export 6,579,456/9,120,000
  export 6,605,056/9,120,000
  export 6,630,656/9,120,000
  export 6,656,256/9,120,000
  export 6,681,856/9,120,000
  export 6,707,456/9,120,000
  export 6,733,056/9,120,000
  export 6,758,656/9,120,000
  export 6,784,256/9,120,000
  export 6,809,856/9,120,000
  export 6,835,456/9,120,000
  export 6,861,056/9,120,000
  export 6,886,656/9,120,000
  export 6,912,256/9,120,000
  export 6,937,856/9,120,000
  export 6,963,456/9,120,000
  export 6,989,056/9,120,000
  export 7,014,656/9,120,000
  export 7,040,256/9,120,000
  export 7,065,856/9,120,000
  export 7,091,456/9,120,000
  export 7,117,056/9,120,000
  export 7,142,656/9,120,000
  export 7,168,256/9,120,000
  export 7,193,856/9,120,000
  export 7,219,456/9,120,000
  export 7,245,056/9,120,000
  export 7,270,656/9,120,000
  export 7,296,256/9,120,000
  export 7,321,856/9,120,000
  export 7,347,456/9,120,000
  export 7,373,056/9,120,000
  export 7,398,656/9,120,000
  export 7,424,256/9,120,000
  export 7,449,856/9,120,000
  export 7,475,456/9,120,000
  export 7,501,056/9,120,000
  export 7,526,656/9,120,000
  export 7,552,256/9,120,000
  export 7,577,856/9,120,000
  export 7,603,456/9,120,000
  export 7,629,056/9,120,000
  export 7,654,656/9,120,000
  export 7,680,256/9,120,000
  export 7,705,856/9,120,000
  export 7,731,456/9,120,000
  export 7,757,056/9,120,000
  export 7,782,656/9,120,000
  export 7,808,256/9,120,000
  export 7,833,856/9,120,000
  export 7,859,456/9,120,000
  export 7,885,056/9,120,000
  export 7,910,656/9,120,000
  export 7,936,256/9,120,000
  export 7,961,856/9,120,000
  export 7,987,456/9,120,000
  export 8,013,056/9,120,000
  export 8,038,656/9,120,000
  export 8,064,256/9,120,000
  export 8,089,856/9,120,000
  export 8,115,456/9,120,000
  export 8,141,056/9,120,000
  export 8,166,656/9,120,000
  export 8,192,256/9,120,000
  export 8,217,856/9,120,000
  export 8,243,456/9,120,000
  export 8,269,056/9,120,000
  export 8,294,656/9,120,000
  export 8,320,256/9,120,000
  export 8,345,856/9,120,000
  export 8,371,456/9,120,000
  export 8,397,056/9,120,000
  export 8,422,656/9,120,000
  export 8,448,256/9,120,000
  export 8,473,856/9,120,000
  export 8,499,456/9,120,000
  export 8,525,056/9,120,000
  export 8,550,656/9,120,000
  export 8,576,256/9,120,000
  export 8,601,856/9,120,000
  export 8,627,456/9,120,000
  export 8,653,056/9,120,000
  export 8,678,656/9,120,000
  export 8,704,256/9,120,000
  export 8,729,856/9,120,000
  export 8,755,456/9,120,000
  export 8,781,056/9,120,000
  export 8,806,656/9,120,000
  export 8,832,256/9,120,000
  export 8,857,856/9,120,000
  export 8,883,456/9,120,000
  export 8,909,056/9,120,000
  export 8,934,656/9,120,000
  export 8,960,256/9,120,000
  export 8,985,856/9,120,000
  export 9,011,456/9,120,000
  export 9,037,056/9,120,000
  export 9,062,656/9,120,000
  export 9,088,256/9,120,000
  export 9,113,856/9,120,000
exported summaries -> /gscratch/ddehiwalage-don/sbi_master/cnn_vmim_/n3/seed_s4/summaries  t (9120000, 4)
