node=tycho58  gpus=1
[seed] global seed=1 deterministic=True
Stage1 arm=cnn_vmim_/n4/seed_s1 split_seed=42 init_seed=1
--> usable cores=4  num_workers=3
sigma floor for each parm: tensor([0., 0., 0., 0.]) jitter for each parm {}
[MODE] pure VMIM from epoch 0.
[PHASE] pure VMIM begins at epoch 1: arming probe-based early stopping from here.
Epoch 001 [VMIM] LR:2.00e-04 | train -0.760272 | val -0.991843
  saved best-by-loss.
Epoch 002 [VMIM] LR:2.00e-04 | train -1.284275 | val -1.714510
  saved best-by-loss.
Epoch 003 [VMIM] LR:2.00e-04 | train -2.561906 | val -2.824230
  saved best-by-loss.
Epoch 004 [VMIM] LR:2.00e-04 | train -2.981022 | val -2.950173
  saved best-by-loss.
Epoch 005 [VMIM] LR:2.00e-04 | train -3.245813 | val -3.598023
[RF R2]  t0:0.934 | t1:0.054 | t2:-0.048 | t3:0.640
[q sigma] t0:0.080 | t1:0.233 | t2:0.357 | t3:0.199   (prior sigma ~0.29; floor = head.sigma_floor)
  saved best-by-probe (mean R2 0.395, pure-VMIM).
  saved best-by-loss.
Epoch 006 [VMIM] LR:2.00e-04 | train -3.441970 | val -3.438770
Epoch 007 [VMIM] LR:2.00e-04 | train -3.461098 | val -3.541388
Epoch 008 [VMIM] LR:2.00e-04 | train -3.652434 | val -3.623744
  saved best-by-loss.
Epoch 009 [VMIM] LR:2.00e-04 | train -3.703202 | val -3.982167
  saved best-by-loss.
Epoch 010 [VMIM] LR:2.00e-04 | train -3.808649 | val -3.503777
[RF R2]  t0:0.942 | t1:0.152 | t2:0.016 | t3:0.691
[q sigma] t0:0.086 | t1:0.265 | t2:0.348 | t3:0.215   (prior sigma ~0.29; floor = head.sigma_floor)
  saved best-by-probe (mean R2 0.450, pure-VMIM).
Epoch 011 [VMIM] LR:2.00e-04 | train -3.923297 | val -4.259806
  saved best-by-loss.
Epoch 012 [VMIM] LR:2.00e-04 | train -4.015183 | val -4.118210
Epoch 013 [VMIM] LR:2.00e-04 | train -4.128404 | val -4.184201
Epoch 014 [VMIM] LR:2.00e-04 | train -4.266199 | val -4.844811
  saved best-by-loss.
Epoch 015 [VMIM] LR:2.00e-04 | train -4.409513 | val -5.141716
[RF R2]  t0:0.930 | t1:0.620 | t2:0.003 | t3:0.824
[q sigma] t0:0.073 | t1:0.147 | t2:0.328 | t3:0.133   (prior sigma ~0.29; floor = head.sigma_floor)
  saved best-by-probe (mean R2 0.594, pure-VMIM).
  saved best-by-loss.
Epoch 016 [VMIM] LR:2.00e-04 | train -4.737748 | val -4.745801
Epoch 017 [VMIM] LR:2.00e-04 | train -4.882793 | val -4.954652
Epoch 018 [VMIM] LR:2.00e-04 | train -5.128375 | val -5.975551
  saved best-by-loss.
Epoch 019 [VMIM] LR:2.00e-04 | train -5.284228 | val -5.470584
Epoch 020 [VMIM] LR:2.00e-04 | train -5.432862 | val -5.799622
[RF R2]  t0:0.939 | t1:0.919 | t2:-0.006 | t3:0.945
[q sigma] t0:0.090 | t1:0.078 | t2:0.344 | t3:0.063   (prior sigma ~0.29; floor = head.sigma_floor)
  saved best-by-probe (mean R2 0.699, pure-VMIM).
Epoch 021 [VMIM] LR:2.00e-04 | train -5.469016 | val -5.887185
Epoch 022 [VMIM] LR:2.00e-04 | train -5.529689 | val -5.945343
Epoch 023 [VMIM] LR:2.00e-04 | train -5.585674 | val -6.280101
  saved best-by-loss.
Epoch 024 [VMIM] LR:2.00e-04 | train -5.704300 | val -5.995787
Epoch 025 [VMIM] LR:2.00e-04 | train -5.747846 | val -6.124687
[RF R2]  t0:0.931 | t1:0.912 | t2:0.005 | t3:0.958
[q sigma] t0:0.079 | t1:0.057 | t2:0.357 | t3:0.060   (prior sigma ~0.29; floor = head.sigma_floor)
  saved best-by-probe (mean R2 0.702, pure-VMIM).
Epoch 026 [VMIM] LR:2.00e-04 | train -5.733975 | val -6.173063
Epoch 027 [VMIM] LR:2.00e-04 | train -5.814604 | val -5.898438
Epoch 028 [VMIM] LR:2.00e-04 | train -5.865842 | val -6.211695
Epoch 029 [VMIM] LR:2.00e-04 | train -5.908271 | val -6.265330
Epoch 030 [VMIM] LR:2.00e-04 | train -5.831953 | val -6.059047
[RF R2]  t0:0.936 | t1:0.929 | t2:-0.022 | t3:0.962
[q sigma] t0:0.080 | t1:0.064 | t2:0.333 | t3:0.060   (prior sigma ~0.29; floor = head.sigma_floor)
Epoch 031 [VMIM] LR:2.00e-04 | train -5.911871 | val -6.343890
  saved best-by-loss.
Epoch 032 [VMIM] LR:2.00e-04 | train -6.054881 | val -6.514107
  saved best-by-loss.
Epoch 033 [VMIM] LR:2.00e-04 | train -6.021825 | val -6.640045
  saved best-by-loss.
Epoch 034 [VMIM] LR:2.00e-04 | train -6.064068 | val -6.630091
Epoch 035 [VMIM] LR:2.00e-04 | train -6.070126 | val -6.250832
[RF R2]  t0:0.928 | t1:0.920 | t2:-0.013 | t3:0.958
[q sigma] t0:0.084 | t1:0.056 | t2:0.349 | t3:0.051   (prior sigma ~0.29; floor = head.sigma_floor)
Epoch 036 [VMIM] LR:2.00e-04 | train -6.203119 | val -6.367226
Epoch 037 [VMIM] LR:2.00e-04 | train -6.162915 | val -6.825038
  saved best-by-loss.
Epoch 038 [VMIM] LR:2.00e-04 | train -6.153492 | val -6.871850
  saved best-by-loss.
Epoch 039 [VMIM] LR:2.00e-04 | train -6.128463 | val -6.451717
Epoch 040 [VMIM] LR:2.00e-04 | train -6.153951 | val -5.872939
[RF R2]  t0:0.939 | t1:0.935 | t2:-0.059 | t3:0.956
[q sigma] t0:0.088 | t1:0.056 | t2:0.355 | t3:0.047   (prior sigma ~0.29; floor = head.sigma_floor)
Epoch 041 [VMIM] LR:2.00e-04 | train -6.220051 | val -6.373353
Epoch 042 [VMIM] LR:2.00e-04 | train -6.353839 | val -7.008807
  saved best-by-loss.
Epoch 043 [VMIM] LR:2.00e-04 | train -6.360738 | val -6.340650
Epoch 044 [VMIM] LR:2.00e-04 | train -6.282971 | val -6.487527
Epoch 045 [VMIM] LR:2.00e-04 | train -6.336239 | val -6.334312
[RF R2]  t0:0.935 | t1:0.926 | t2:-0.044 | t3:0.961
[q sigma] t0:0.077 | t1:0.050 | t2:0.351 | t3:0.047   (prior sigma ~0.29; floor = head.sigma_floor)
Epoch 046 [VMIM] LR:2.00e-04 | train -6.353007 | val -6.701676
Epoch 047 [VMIM] LR:2.00e-04 | train -6.430349 | val -6.656135
Epoch 048 [VMIM] LR:2.00e-04 | train -6.398156 | val -6.241754
Epoch 049 [VMIM] LR:2.00e-04 | train -6.444661 | val -6.672527
Epoch 050 [VMIM] LR:2.00e-04 | train -6.474776 | val -7.040825
[RF R2]  t0:0.932 | t1:0.918 | t2:-0.029 | t3:0.958
[q sigma] t0:0.078 | t1:0.046 | t2:0.348 | t3:0.040   (prior sigma ~0.29; floor = head.sigma_floor)
  saved best-by-loss.
Epoch 051 [VMIM] LR:2.00e-04 | train -6.496427 | val -6.982586
Epoch 052 [VMIM] LR:2.00e-04 | train -6.494649 | val -6.893648
Epoch 053 [VMIM] LR:2.00e-04 | train -6.436813 | val -6.877707
Epoch 054 [VMIM] LR:2.00e-04 | train -6.577575 | val -6.963421
Epoch 055 [VMIM] LR:2.00e-04 | train -6.525836 | val -7.212435
[RF R2]  t0:0.938 | t1:0.914 | t2:-0.011 | t3:0.951
[q sigma] t0:0.073 | t1:0.050 | t2:0.338 | t3:0.043   (prior sigma ~0.29; floor = head.sigma_floor)
  saved best-by-loss.
Epoch 056 [VMIM] LR:2.00e-04 | train -6.622970 | val -6.394975
Epoch 057 [VMIM] LR:2.00e-04 | train -6.644741 | val -6.008333
Epoch 058 [VMIM] LR:2.00e-04 | train -6.638711 | val -7.179601
Epoch 059 [VMIM] LR:2.00e-04 | train -6.687810 | val -6.847291
Epoch 060 [VMIM] LR:2.00e-04 | train -6.650167 | val -6.493552
[RF R2]  t0:0.936 | t1:0.927 | t2:-0.018 | t3:0.962
[q sigma] t0:0.066 | t1:0.046 | t2:0.295 | t3:0.044   (prior sigma ~0.29; floor = head.sigma_floor)
Epoch 061 [VMIM] LR:2.00e-04 | train -6.675293 | val -7.161694
Epoch 062 [VMIM] LR:2.00e-04 | train -6.713117 | val -6.870684
Epoch 063 [VMIM] LR:2.00e-04 | train -6.717586 | val -6.758535
Epoch 064 [VMIM] LR:2.00e-04 | train -6.709761 | val -6.899852
Epoch 065 [VMIM] LR:2.00e-04 | train -6.672862 | val -6.416600
[RF R2]  t0:0.940 | t1:0.928 | t2:-0.015 | t3:0.958
[q sigma] t0:0.085 | t1:0.044 | t2:0.356 | t3:0.051   (prior sigma ~0.29; floor = head.sigma_floor)
  saved best-by-probe (mean R2 0.703, pure-VMIM).
Epoch 066 [VMIM] LR:2.00e-04 | train -6.749398 | val -6.864927
Epoch 067 [VMIM] LR:2.00e-04 | train -6.702134 | val -7.192136
Epoch 068 [VMIM] LR:2.00e-04 | train -6.784377 | val -6.743456
Epoch 069 [VMIM] LR:2.00e-04 | train -6.785275 | val -7.213814
  saved best-by-loss.
Epoch 070 [VMIM] LR:2.00e-04 | train -6.789801 | val -7.432417
[RF R2]  t0:0.941 | t1:0.933 | t2:-0.049 | t3:0.962
[q sigma] t0:0.080 | t1:0.038 | t2:0.351 | t3:0.042   (prior sigma ~0.29; floor = head.sigma_floor)
  saved best-by-loss.
Epoch 071 [VMIM] LR:2.00e-04 | train -6.921217 | val -7.165901
Epoch 072 [VMIM] LR:2.00e-04 | train -6.828403 | val -6.628669
Epoch 073 [VMIM] LR:2.00e-04 | train -6.758509 | val -6.840728
Epoch 074 [VMIM] LR:2.00e-04 | train -6.877886 | val -6.939264
Epoch 075 [VMIM] LR:2.00e-04 | train -6.963018 | val -7.297734
[RF R2]  t0:0.937 | t1:0.929 | t2:-0.008 | t3:0.960
[q sigma] t0:0.075 | t1:0.045 | t2:0.322 | t3:0.041   (prior sigma ~0.29; floor = head.sigma_floor)
  saved best-by-probe (mean R2 0.704, pure-VMIM).
Epoch 076 [VMIM] LR:2.00e-04 | train -6.987560 | val -7.434333
  saved best-by-loss.
Epoch 077 [VMIM] LR:2.00e-04 | train -6.972139 | val -6.888365
Epoch 078 [VMIM] LR:2.00e-04 | train -6.969265 | val -7.239531
Epoch 079 [VMIM] LR:2.00e-04 | train -6.999757 | val -7.155367
Epoch 080 [VMIM] LR:2.00e-04 | train -6.958718 | val -7.324046
[RF R2]  t0:0.939 | t1:0.941 | t2:-0.011 | t3:0.971
[q sigma] t0:0.071 | t1:0.040 | t2:0.340 | t3:0.041   (prior sigma ~0.29; floor = head.sigma_floor)
  saved best-by-probe (mean R2 0.710, pure-VMIM).
Epoch 081 [VMIM] LR:2.00e-04 | train -7.099173 | val -7.159753
Epoch 082 [VMIM] LR:2.00e-04 | train -7.008600 | val -7.395319
Epoch 083 [VMIM] LR:2.00e-04 | train -6.979301 | val -7.295642
Epoch 084 [VMIM] LR:2.00e-04 | train -6.992753 | val -7.638721
  saved best-by-loss.
Epoch 085 [VMIM] LR:2.00e-04 | train -7.077857 | val -7.046665
[RF R2]  t0:0.938 | t1:0.924 | t2:0.004 | t3:0.963
[q sigma] t0:0.070 | t1:0.042 | t2:0.328 | t3:0.043   (prior sigma ~0.29; floor = head.sigma_floor)
Epoch 086 [VMIM] LR:2.00e-04 | train -7.124268 | val -7.427502
Epoch 087 [VMIM] LR:2.00e-04 | train -7.117863 | val -6.992462
Epoch 088 [VMIM] LR:2.00e-04 | train -7.023967 | val -7.292325
Epoch 089 [VMIM] LR:2.00e-04 | train -7.015300 | val -7.540634
Epoch 090 [VMIM] LR:2.00e-04 | train -7.146165 | val -7.735641
[RF R2]  t0:0.941 | t1:0.926 | t2:-0.014 | t3:0.957
[q sigma] t0:0.076 | t1:0.037 | t2:0.361 | t3:0.039   (prior sigma ~0.29; floor = head.sigma_floor)
  saved best-by-loss.
Epoch 091 [VMIM] LR:2.00e-04 | train -7.252619 | val -7.605940
Epoch 092 [VMIM] LR:2.00e-04 | train -7.204541 | val -7.594850
Epoch 093 [VMIM] LR:2.00e-04 | train -7.110009 | val -7.719398
Epoch 094 [VMIM] LR:2.00e-04 | train -7.350607 | val -7.829299
  saved best-by-loss.
Epoch 095 [VMIM] LR:2.00e-04 | train -7.181517 | val -7.636728
[RF R2]  t0:0.946 | t1:0.944 | t2:-0.010 | t3:0.969
[q sigma] t0:0.071 | t1:0.034 | t2:0.356 | t3:0.039   (prior sigma ~0.29; floor = head.sigma_floor)
  saved best-by-probe (mean R2 0.712, pure-VMIM).
Epoch 096 [VMIM] LR:2.00e-04 | train -7.275688 | val -7.829048
Epoch 097 [VMIM] LR:2.00e-04 | train -7.304516 | val -7.632181
Epoch 098 [VMIM] LR:2.00e-04 | train -7.372788 | val -7.801223
Epoch 099 [VMIM] LR:2.00e-04 | train -7.328765 | val -7.438473
Epoch 100 [VMIM] LR:2.00e-04 | train -7.286132 | val -7.782679
[RF R2]  t0:0.948 | t1:0.940 | t2:-0.046 | t3:0.966
[q sigma] t0:0.064 | t1:0.038 | t2:0.332 | t3:0.039   (prior sigma ~0.29; floor = head.sigma_floor)
Epoch 101 [VMIM] LR:2.00e-04 | train -7.350871 | val -7.883225
  saved best-by-loss.
Epoch 102 [VMIM] LR:2.00e-04 | train -7.335323 | val -7.587378
Epoch 103 [VMIM] LR:2.00e-04 | train -7.345636 | val -8.293367
  saved best-by-loss.
Epoch 104 [VMIM] LR:2.00e-04 | train -7.510906 | val -7.267203
Epoch 105 [VMIM] LR:2.00e-04 | train -7.363110 | val -7.971025
[RF R2]  t0:0.945 | t1:0.936 | t2:-0.021 | t3:0.973
[q sigma] t0:0.069 | t1:0.040 | t2:0.351 | t3:0.038   (prior sigma ~0.29; floor = head.sigma_floor)
Epoch 106 [VMIM] LR:2.00e-04 | train -7.523556 | val -7.982444
Epoch 107 [VMIM] LR:2.00e-04 | train -7.473630 | val -8.074788
Epoch 108 [VMIM] LR:2.00e-04 | train -7.485612 | val -8.268423
Epoch 109 [VMIM] LR:2.00e-04 | train -7.439228 | val -7.166800
Epoch 110 [VMIM] LR:2.00e-04 | train -7.432434 | val -8.168492
[RF R2]  t0:0.948 | t1:0.930 | t2:0.015 | t3:0.958
[q sigma] t0:0.064 | t1:0.038 | t2:0.322 | t3:0.041   (prior sigma ~0.29; floor = head.sigma_floor)
  saved best-by-probe (mean R2 0.713, pure-VMIM).
Epoch 111 [VMIM] LR:2.00e-04 | train -7.558181 | val -7.863913
Epoch 112 [VMIM] LR:2.00e-04 | train -7.476395 | val -7.816531
Epoch 113 [VMIM] LR:2.00e-04 | train -7.633639 | val -7.866685
Epoch 114 [VMIM] LR:2.00e-04 | train -7.426829 | val -7.536373
Epoch 115 [VMIM] LR:2.00e-04 | train -7.537477 | val -8.153785
[RF R2]  t0:0.945 | t1:0.947 | t2:-0.035 | t3:0.968
[q sigma] t0:0.068 | t1:0.036 | t2:0.366 | t3:0.030   (prior sigma ~0.29; floor = head.sigma_floor)
Epoch 116 [VMIM] LR:2.00e-04 | train -7.567381 | val -7.547195
Epoch 117 [VMIM] LR:2.00e-04 | train -7.503726 | val -7.539991
Epoch 118 [VMIM] LR:2.00e-04 | train -7.748439 | val -8.235659
Epoch 119 [VMIM] LR:2.00e-04 | train -7.637111 | val -6.760596
Epoch 120 [VMIM] LR:2.00e-04 | train -7.531668 | val -8.057558
[RF R2]  t0:0.940 | t1:0.925 | t2:-0.020 | t3:0.963
[q sigma] t0:0.065 | t1:0.039 | t2:0.345 | t3:0.049   (prior sigma ~0.29; floor = head.sigma_floor)
Epoch 121 [VMIM] LR:2.00e-04 | train -7.644199 | val -8.200101
Epoch 122 [VMIM] LR:2.00e-04 | train -7.711788 | val -7.938054
Epoch 123 [VMIM] LR:2.00e-04 | train -7.639928 | val -7.721515
Epoch 124 [VMIM] LR:2.00e-04 | train -7.797487 | val -8.142769
Epoch 125 [VMIM] LR:2.00e-04 | train -7.707757 | val -8.240895
[RF R2]  t0:0.950 | t1:0.954 | t2:-0.060 | t3:0.972
[q sigma] t0:0.063 | t1:0.035 | t2:0.354 | t3:0.040   (prior sigma ~0.29; floor = head.sigma_floor)
Epoch 126 [VMIM] LR:2.00e-04 | train -7.753407 | val -7.546532
Epoch 127 [VMIM] LR:2.00e-04 | train -7.662940 | val -8.108306
Epoch 128 [VMIM] LR:2.00e-04 | train -7.701139 | val -7.852773
Epoch 129 [VMIM] LR:2.00e-04 | train -7.664834 | val -8.082855
Epoch 130 [VMIM] LR:2.00e-04 | train -7.656548 | val -8.238455
[RF R2]  t0:0.949 | t1:0.936 | t2:-0.035 | t3:0.966
[q sigma] t0:0.062 | t1:0.037 | t2:0.340 | t3:0.038   (prior sigma ~0.29; floor = head.sigma_floor)
Epoch 131 [VMIM] LR:2.00e-04 | train -7.726681 | val -8.371343
  saved best-by-loss.
Epoch 132 [VMIM] LR:2.00e-04 | train -7.764993 | val -7.992529
Epoch 133 [VMIM] LR:2.00e-04 | train -7.864501 | val -8.241550
Epoch 134 [VMIM] LR:2.00e-04 | train -7.758551 | val -8.693862
  saved best-by-loss.
Epoch 135 [VMIM] LR:2.00e-04 | train -7.835163 | val -7.749630
[RF R2]  t0:0.951 | t1:0.930 | t2:-0.048 | t3:0.960
[q sigma] t0:0.061 | t1:0.034 | t2:0.346 | t3:0.034   (prior sigma ~0.29; floor = head.sigma_floor)
Epoch 136 [VMIM] LR:2.00e-04 | train -7.834788 | val -8.427155
Epoch 137 [VMIM] LR:2.00e-04 | train -7.632110 | val -8.198261
Epoch 138 [VMIM] LR:2.00e-04 | train -7.630435 | val -7.880429
Epoch 139 [VMIM] LR:2.00e-04 | train -7.856864 | val -7.985038
Epoch 140 [VMIM] LR:2.00e-04 | train -7.967456 | val -8.470408
[RF R2]  t0:0.951 | t1:0.945 | t2:-0.056 | t3:0.969
[q sigma] t0:0.065 | t1:0.026 | t2:0.358 | t3:0.028   (prior sigma ~0.29; floor = head.sigma_floor)
Epoch 141 [VMIM] LR:2.00e-04 | train -7.770326 | val -7.908541
Epoch 142 [VMIM] LR:2.00e-04 | train -7.880024 | val -7.960196
Epoch 143 [VMIM] LR:2.00e-04 | train -7.895403 | val -7.922049
Epoch 144 [VMIM] LR:2.00e-04 | train -7.966385 | val -8.696286
  saved best-by-loss.
Epoch 145 [VMIM] LR:2.00e-04 | train -8.020109 | val -8.267622
[RF R2]  t0:0.952 | t1:0.924 | t2:-0.006 | t3:0.961
[q sigma] t0:0.063 | t1:0.037 | t2:0.360 | t3:0.033   (prior sigma ~0.29; floor = head.sigma_floor)
Epoch 146 [VMIM] LR:2.00e-04 | train -7.761884 | val -8.312348
Epoch 147 [VMIM] LR:2.00e-04 | train -7.863021 | val -8.116484
Epoch 148 [VMIM] LR:2.00e-04 | train -7.780532 | val -8.516494
Epoch 149 [VMIM] LR:2.00e-04 | train -7.980916 | val -7.887820
Epoch 150 [VMIM] LR:2.00e-04 | train -7.836679 | val -8.785809
[RF R2]  t0:0.954 | t1:0.947 | t2:-0.016 | t3:0.959
[q sigma] t0:0.060 | t1:0.036 | t2:0.326 | t3:0.035   (prior sigma ~0.29; floor = head.sigma_floor)
  saved best-by-loss.
Epoch 151 [VMIM] LR:2.00e-04 | train -8.024869 | val -8.333563
Epoch 152 [VMIM] LR:2.00e-04 | train -7.846569 | val -8.706687
Epoch 153 [VMIM] LR:2.00e-04 | train -7.992951 | val -8.631669
Epoch 154 [VMIM] LR:2.00e-04 | train -7.881544 | val -8.771860
Epoch 155 [VMIM] LR:2.00e-04 | train -7.892976 | val -8.792285
[RF R2]  t0:0.948 | t1:0.941 | t2:-0.035 | t3:0.961
[q sigma] t0:0.062 | t1:0.036 | t2:0.359 | t3:0.037   (prior sigma ~0.29; floor = head.sigma_floor)
  saved best-by-loss.
Epoch 156 [VMIM] LR:2.00e-04 | train -7.983114 | val -8.994939
  saved best-by-loss.
Epoch 157 [VMIM] LR:2.00e-04 | train -7.979748 | val -8.297365
Epoch 158 [VMIM] LR:2.00e-04 | train -8.085579 | val -8.666670
Epoch 159 [VMIM] LR:2.00e-04 | train -8.040637 | val -8.506599
Epoch 160 [VMIM] LR:2.00e-04 | train -8.083063 | val -8.171834
[RF R2]  t0:0.956 | t1:0.934 | t2:-0.048 | t3:0.952
[q sigma] t0:0.062 | t1:0.032 | t2:0.355 | t3:0.036   (prior sigma ~0.29; floor = head.sigma_floor)
Epoch 161 [VMIM] LR:2.00e-04 | train -7.906462 | val -8.335956
Epoch 162 [VMIM] LR:2.00e-04 | train -8.087451 | val -7.591464
Epoch 163 [VMIM] LR:2.00e-04 | train -8.101734 | val -8.324475
Epoch 164 [VMIM] LR:2.00e-04 | train -7.941049 | val -7.679026
Epoch 165 [VMIM] LR:2.00e-04 | train -7.902185 | val -8.715699
[RF R2]  t0:0.953 | t1:0.932 | t2:-0.014 | t3:0.960
[q sigma] t0:0.064 | t1:0.031 | t2:0.361 | t3:0.035   (prior sigma ~0.29; floor = head.sigma_floor)
Epoch 166 [VMIM] LR:2.00e-04 | train -8.012763 | val -8.093701
Epoch 167 [VMIM] LR:2.00e-04 | train -8.040304 | val -8.596987
Epoch 168 [VMIM] LR:2.00e-04 | train -7.942242 | val -8.606074
Epoch 169 [VMIM] LR:2.00e-04 | train -8.083591 | val -9.050857
  saved best-by-loss.
Epoch 170 [VMIM] LR:2.00e-04 | train -8.249392 | val -8.169245
[RF R2]  t0:0.953 | t1:0.925 | t2:-0.006 | t3:0.957
[q sigma] t0:0.065 | t1:0.043 | t2:0.373 | t3:0.043   (prior sigma ~0.29; floor = head.sigma_floor)
Epoch 171 [VMIM] LR:2.00e-04 | train -8.082049 | val -8.754349
Epoch 172 [VMIM] LR:2.00e-04 | train -8.024691 | val -8.444739
Epoch 173 [VMIM] LR:2.00e-04 | train -8.075819 | val -8.225109
Epoch 174 [VMIM] LR:2.00e-04 | train -8.109100 | val -8.787433
Epoch 175 [VMIM] LR:2.00e-04 | train -8.278103 | val -8.267073
[RF R2]  t0:0.951 | t1:0.903 | t2:0.021 | t3:0.961
[q sigma] t0:0.064 | t1:0.043 | t2:0.366 | t3:0.037   (prior sigma ~0.29; floor = head.sigma_floor)
Epoch 176 [VMIM] LR:2.00e-04 | train -8.043132 | val -8.463527
Epoch 177 [VMIM] LR:2.00e-04 | train -7.872118 | val -8.550263
Epoch 178 [VMIM] LR:2.00e-04 | train -8.249335 | val -8.596161
Epoch 179 [VMIM] LR:2.00e-04 | train -8.246207 | val -8.880142
Epoch 180 [VMIM] LR:2.00e-04 | train -8.127411 | val -8.187178
[RF R2]  t0:0.954 | t1:0.931 | t2:0.077 | t3:0.961
[q sigma] t0:0.061 | t1:0.032 | t2:0.348 | t3:0.034   (prior sigma ~0.29; floor = head.sigma_floor)
  saved best-by-probe (mean R2 0.731, pure-VMIM).
Epoch 181 [VMIM] LR:2.00e-04 | train -8.148135 | val -8.289920
Epoch 182 [VMIM] LR:2.00e-04 | train -7.981861 | val -8.585049
Epoch 183 [VMIM] LR:2.00e-04 | train -8.260704 | val -9.256222
  saved best-by-loss.
Epoch 184 [VMIM] LR:2.00e-04 | train -8.032258 | val -9.163559
Epoch 185 [VMIM] LR:2.00e-04 | train -8.303576 | val -9.143173
[RF R2]  t0:0.963 | t1:0.934 | t2:0.200 | t3:0.963
[q sigma] t0:0.055 | t1:0.038 | t2:0.315 | t3:0.034   (prior sigma ~0.29; floor = head.sigma_floor)
  saved best-by-probe (mean R2 0.765, pure-VMIM).
Epoch 186 [VMIM] LR:2.00e-04 | train -8.349041 | val -8.570125
Epoch 187 [VMIM] LR:2.00e-04 | train -8.295492 | val -8.693010
Epoch 188 [VMIM] LR:2.00e-04 | train -8.581146 | val -9.233511
Epoch 189 [VMIM] LR:2.00e-04 | train -8.365058 | val -9.093581
Epoch 190 [VMIM] LR:2.00e-04 | train -8.703474 | val -9.198334
[RF R2]  t0:0.972 | t1:0.916 | t2:0.560 | t3:0.935
[q sigma] t0:0.035 | t1:0.039 | t2:0.202 | t3:0.041   (prior sigma ~0.29; floor = head.sigma_floor)
  saved best-by-probe (mean R2 0.846, pure-VMIM).
Epoch 191 [VMIM] LR:2.00e-04 | train -8.705705 | val -9.539231
  saved best-by-loss.
Epoch 192 [VMIM] LR:2.00e-04 | train -8.795322 | val -8.677043
Epoch 193 [VMIM] LR:2.00e-04 | train -8.772407 | val -9.626239
  saved best-by-loss.
Epoch 194 [VMIM] LR:2.00e-04 | train -9.197228 | val -9.011097
Epoch 195 [VMIM] LR:2.00e-04 | train -9.023816 | val -10.007447
[RF R2]  t0:0.975 | t1:0.928 | t2:0.628 | t3:0.949
[q sigma] t0:0.032 | t1:0.031 | t2:0.181 | t3:0.036   (prior sigma ~0.29; floor = head.sigma_floor)
  saved best-by-probe (mean R2 0.870, pure-VMIM).
  saved best-by-loss.
Epoch 196 [VMIM] LR:2.00e-04 | train -8.857759 | val -9.756466
Epoch 197 [VMIM] LR:2.00e-04 | train -9.205248 | val -9.273993
Epoch 198 [VMIM] LR:2.00e-04 | train -8.867847 | val -9.548270
Epoch 199 [VMIM] LR:2.00e-04 | train -9.206482 | val -9.663048
Epoch 200 [VMIM] LR:2.00e-04 | train -9.103065 | val -8.670418
[RF R2]  t0:0.971 | t1:0.892 | t2:0.690 | t3:0.929
[q sigma] t0:0.030 | t1:0.043 | t2:0.168 | t3:0.038   (prior sigma ~0.29; floor = head.sigma_floor)
  saved best-by-probe (mean R2 0.870, pure-VMIM).
Epoch 201 [VMIM] LR:2.00e-04 | train -9.076544 | val -9.883358
Epoch 202 [VMIM] LR:2.00e-04 | train -9.219973 | val -9.341121
Epoch 203 [VMIM] LR:2.00e-04 | train -9.049965 | val -9.704480
Epoch 204 [VMIM] LR:2.00e-04 | train -9.167221 | val -9.692935
Epoch 205 [VMIM] LR:2.00e-04 | train -9.236745 | val -10.101602
[RF R2]  t0:0.979 | t1:0.904 | t2:0.695 | t3:0.941
[q sigma] t0:0.026 | t1:0.036 | t2:0.114 | t3:0.039   (prior sigma ~0.29; floor = head.sigma_floor)
  saved best-by-probe (mean R2 0.880, pure-VMIM).
  saved best-by-loss.
Epoch 206 [VMIM] LR:2.00e-04 | train -9.282850 | val -9.739544
Epoch 207 [VMIM] LR:2.00e-04 | train -9.359476 | val -9.880165
Epoch 208 [VMIM] LR:2.00e-04 | train -9.142731 | val -9.916672
Epoch 209 [VMIM] LR:2.00e-04 | train -9.461760 | val -9.004763
Epoch 210 [VMIM] LR:2.00e-04 | train -9.349326 | val -9.879921
[RF R2]  t0:0.981 | t1:0.893 | t2:0.756 | t3:0.937
[q sigma] t0:0.029 | t1:0.036 | t2:0.150 | t3:0.040   (prior sigma ~0.29; floor = head.sigma_floor)
  saved best-by-probe (mean R2 0.892, pure-VMIM).
Epoch 211 [VMIM] LR:2.00e-04 | train -9.416560 | val -9.830946
Epoch 212 [VMIM] LR:2.00e-04 | train -9.532580 | val -9.933297
Epoch 213 [VMIM] LR:2.00e-04 | train -9.553340 | val -10.001389
Epoch 214 [VMIM] LR:2.00e-04 | train -9.411660 | val -9.999836
Epoch 215 [VMIM] LR:2.00e-04 | train -9.222297 | val -9.754232
[RF R2]  t0:0.982 | t1:0.899 | t2:0.749 | t3:0.928
[q sigma] t0:0.024 | t1:0.048 | t2:0.110 | t3:0.047   (prior sigma ~0.29; floor = head.sigma_floor)
Epoch 216 [VMIM] LR:2.00e-04 | train -9.620082 | val -10.067873
Epoch 217 [VMIM] LR:2.00e-04 | train -9.258873 | val -9.986897
Epoch 218 [VMIM] LR:2.00e-04 | train -9.740324 | val -9.874053
Epoch 219 [VMIM] LR:2.00e-04 | train -9.464701 | val -9.420920
Epoch 220 [VMIM] LR:2.00e-04 | train -9.534473 | val -9.409918
[RF R2]  t0:0.978 | t1:0.887 | t2:0.746 | t3:0.918
[q sigma] t0:0.026 | t1:0.042 | t2:0.121 | t3:0.042   (prior sigma ~0.29; floor = head.sigma_floor)
Epoch 221 [VMIM] LR:2.00e-04 | train -9.718158 | val -10.170799
  saved best-by-loss.
Epoch 222 [VMIM] LR:2.00e-04 | train -9.598413 | val -10.303716
  saved best-by-loss.
Epoch 223 [VMIM] LR:2.00e-04 | train -9.636029 | val -9.317188
Epoch 224 [VMIM] LR:2.00e-04 | train -9.409983 | val -10.692970
  saved best-by-loss.
Epoch 225 [VMIM] LR:2.00e-04 | train -9.734763 | val -10.020306
[RF R2]  t0:0.976 | t1:0.890 | t2:0.785 | t3:0.930
[q sigma] t0:0.024 | t1:0.046 | t2:0.103 | t3:0.043   (prior sigma ~0.29; floor = head.sigma_floor)
  saved best-by-probe (mean R2 0.895, pure-VMIM).
Epoch 226 [VMIM] LR:2.00e-04 | train -9.320914 | val -8.991467
Epoch 227 [VMIM] LR:2.00e-04 | train -9.521875 | val -9.608974
Epoch 228 [VMIM] LR:2.00e-04 | train -9.468692 | val -10.587754
Epoch 229 [VMIM] LR:2.00e-04 | train -9.651484 | val -10.515495
Epoch 230 [VMIM] LR:2.00e-04 | train -9.678635 | val -9.337911
[RF R2]  t0:0.975 | t1:0.895 | t2:0.731 | t3:0.933
[q sigma] t0:0.024 | t1:0.036 | t2:0.112 | t3:0.040   (prior sigma ~0.29; floor = head.sigma_floor)
Epoch 231 [VMIM] LR:2.00e-04 | train -9.525770 | val -9.878911
Epoch 232 [VMIM] LR:2.00e-04 | train -9.547144 | val -9.115920
Epoch 233 [VMIM] LR:2.00e-04 | train -9.647580 | val -10.610528
Epoch 234 [VMIM] LR:2.00e-04 | train -9.699616 | val -9.521552
Epoch 235 [VMIM] LR:2.00e-04 | train -9.601792 | val -10.270844
[RF R2]  t0:0.979 | t1:0.903 | t2:0.792 | t3:0.916
[q sigma] t0:0.022 | t1:0.034 | t2:0.109 | t3:0.033   (prior sigma ~0.29; floor = head.sigma_floor)
  saved best-by-probe (mean R2 0.898, pure-VMIM).
Epoch 236 [VMIM] LR:2.00e-04 | train -9.709719 | val -9.607570
Epoch 237 [VMIM] LR:2.00e-04 | train -9.831634 | val -10.825805
  saved best-by-loss.
Epoch 238 [VMIM] LR:2.00e-04 | train -9.724089 | val -10.331055
Epoch 239 [VMIM] LR:2.00e-04 | train -9.735796 | val -10.153571
Epoch 240 [VMIM] LR:2.00e-04 | train -9.679687 | val -9.102297
[RF R2]  t0:0.980 | t1:0.870 | t2:0.763 | t3:0.941
[q sigma] t0:0.026 | t1:0.041 | t2:0.099 | t3:0.039   (prior sigma ~0.29; floor = head.sigma_floor)
Epoch 241 [VMIM] LR:2.00e-04 | train -9.522768 | val -10.109980
Epoch 242 [VMIM] LR:2.00e-04 | train -9.749952 | val -9.571018
Epoch 243 [VMIM] LR:2.00e-04 | train -9.645709 | val -10.555189
Epoch 244 [VMIM] LR:2.00e-04 | train -9.841821 | val -10.191065
Epoch 245 [VMIM] LR:2.00e-04 | train -9.610934 | val -9.653831
[RF R2]  t0:0.981 | t1:0.889 | t2:0.795 | t3:0.931
[q sigma] t0:0.023 | t1:0.054 | t2:0.102 | t3:0.045   (prior sigma ~0.29; floor = head.sigma_floor)
  saved best-by-probe (mean R2 0.899, pure-VMIM).
Epoch 246 [VMIM] LR:2.00e-04 | train -9.663128 | val -10.228321
Epoch 247 [VMIM] LR:2.00e-04 | train -9.661255 | val -10.665565
Epoch 248 [VMIM] LR:2.00e-04 | train -9.888268 | val -10.768940
Epoch 249 [VMIM] LR:2.00e-04 | train -9.793536 | val -10.076699
Epoch 250 [VMIM] LR:2.00e-04 | train -9.953141 | val -10.723851
[RF R2]  t0:0.982 | t1:0.896 | t2:0.785 | t3:0.930
[q sigma] t0:0.021 | t1:0.041 | t2:0.105 | t3:0.042   (prior sigma ~0.29; floor = head.sigma_floor)
Epoch 251 [VMIM] LR:2.00e-04 | train -9.760498 | val -10.928286
  saved best-by-loss.
Epoch 252 [VMIM] LR:2.00e-04 | train -9.925228 | val -10.437966
Epoch 253 [VMIM] LR:2.00e-04 | train -9.977143 | val -10.847444
Epoch 254 [VMIM] LR:2.00e-04 | train -9.892245 | val -10.949910
  saved best-by-loss.
Epoch 255 [VMIM] LR:2.00e-04 | train -9.577808 | val -8.894948
[RF R2]  t0:0.978 | t1:0.932 | t2:0.789 | t3:0.948
[q sigma] t0:0.023 | t1:0.049 | t2:0.101 | t3:0.047   (prior sigma ~0.29; floor = head.sigma_floor)
  saved best-by-probe (mean R2 0.912, pure-VMIM).
Epoch 256 [VMIM] LR:2.00e-04 | train -9.895492 | val -10.890444
Epoch 257 [VMIM] LR:2.00e-04 | train -10.004455 | val -10.743334
Epoch 258 [VMIM] LR:2.00e-04 | train -10.000794 | val -10.267720
Epoch 259 [VMIM] LR:2.00e-04 | train -9.804292 | val -10.482953
Epoch 260 [VMIM] LR:2.00e-04 | train -9.838696 | val -10.144873
[RF R2]  t0:0.980 | t1:0.883 | t2:0.793 | t3:0.935
[q sigma] t0:0.023 | t1:0.039 | t2:0.102 | t3:0.037   (prior sigma ~0.29; floor = head.sigma_floor)
Epoch 261 [VMIM] LR:2.00e-04 | train -9.720035 | val -10.257872
Epoch 262 [VMIM] LR:2.00e-04 | train -9.906461 | val -10.697781
Epoch 263 [VMIM] LR:2.00e-04 | train -9.840538 | val -10.806319
Epoch 264 [VMIM] LR:2.00e-04 | train -9.959364 | val -10.280756
Epoch 265 [VMIM] LR:2.00e-04 | train -9.721813 | val -11.021905
[RF R2]  t0:0.974 | t1:0.911 | t2:0.788 | t3:0.937
[q sigma] t0:0.021 | t1:0.040 | t2:0.101 | t3:0.038   (prior sigma ~0.29; floor = head.sigma_floor)
  saved best-by-loss.
Epoch 266 [VMIM] LR:2.00e-04 | train -9.933782 | val -9.151750
Epoch 267 [VMIM] LR:2.00e-04 | train -9.982127 | val -10.767390
Epoch 268 [VMIM] LR:2.00e-04 | train -9.973696 | val -10.905522
Epoch 269 [VMIM] LR:2.00e-04 | train -10.009336 | val -10.664419
Epoch 270 [VMIM] LR:2.00e-04 | train -10.118729 | val -10.409422
[RF R2]  t0:0.976 | t1:0.871 | t2:0.779 | t3:0.912
[q sigma] t0:0.023 | t1:0.046 | t2:0.106 | t3:0.044   (prior sigma ~0.29; floor = head.sigma_floor)
Epoch 271 [VMIM] LR:2.00e-04 | train -9.842278 | val -10.729556
Epoch 272 [VMIM] LR:2.00e-04 | train -9.891380 | val -10.403011
Epoch 273 [VMIM] LR:2.00e-04 | train -9.710654 | val -10.002143
Epoch 274 [VMIM] LR:2.00e-04 | train -9.865099 | val -10.426063
Epoch 275 [VMIM] LR:2.00e-04 | train -9.823273 | val -10.750204
[RF R2]  t0:0.977 | t1:0.890 | t2:0.804 | t3:0.928
[q sigma] t0:0.021 | t1:0.050 | t2:0.095 | t3:0.050   (prior sigma ~0.29; floor = head.sigma_floor)
Epoch 276 [VMIM] LR:2.00e-04 | train -10.023280 | val -10.428603
Epoch 277 [VMIM] LR:2.00e-04 | train -10.112518 | val -10.460305
Epoch 278 [VMIM] LR:2.00e-04 | train -10.067473 | val -11.044724
  saved best-by-loss.
Epoch 279 [VMIM] LR:2.00e-04 | train -10.036167 | val -10.560132
Epoch 280 [VMIM] LR:2.00e-04 | train -10.175228 | val -10.691601
[RF R2]  t0:0.983 | t1:0.886 | t2:0.819 | t3:0.919
[q sigma] t0:0.022 | t1:0.036 | t2:0.105 | t3:0.035   (prior sigma ~0.29; floor = head.sigma_floor)
Epoch 281 [VMIM] LR:2.00e-04 | train -9.992443 | val -10.140480
Epoch 282 [VMIM] LR:2.00e-04 | train -9.793494 | val -9.777195
Epoch 283 [VMIM] LR:2.00e-04 | train -10.198734 | val -10.846217
Epoch 284 [VMIM] LR:2.00e-04 | train -10.173758 | val -10.852499
Epoch 285 [VMIM] LR:2.00e-04 | train -10.236755 | val -10.752896
[RF R2]  t0:0.983 | t1:0.889 | t2:0.803 | t3:0.923
[q sigma] t0:0.019 | t1:0.039 | t2:0.087 | t3:0.039   (prior sigma ~0.29; floor = head.sigma_floor)
Epoch 286 [VMIM] LR:2.00e-04 | train -10.194077 | val -10.185671
Epoch 287 [VMIM] LR:2.00e-04 | train -9.918290 | val -10.276575
Epoch 288 [VMIM] LR:2.00e-04 | train -9.995320 | val -10.827825
Epoch 289 [VMIM] LR:2.00e-04 | train -9.997204 | val -10.509994
Epoch 290 [VMIM] LR:2.00e-04 | train -10.021277 | val -11.241101
[RF R2]  t0:0.976 | t1:0.893 | t2:0.807 | t3:0.923
[q sigma] t0:0.020 | t1:0.040 | t2:0.087 | t3:0.039   (prior sigma ~0.29; floor = head.sigma_floor)
  saved best-by-loss.
Epoch 291 [VMIM] LR:2.00e-04 | train -10.078154 | val -10.988704
Epoch 292 [VMIM] LR:2.00e-04 | train -10.079241 | val -11.330366
  saved best-by-loss.
Epoch 293 [VMIM] LR:2.00e-04 | train -10.189984 | val -10.603960
Epoch 294 [VMIM] LR:2.00e-04 | train -10.153296 | val -10.736966
Epoch 295 [VMIM] LR:2.00e-04 | train -10.063969 | val -10.884581
[RF R2]  t0:0.979 | t1:0.888 | t2:0.811 | t3:0.929
[q sigma] t0:0.021 | t1:0.049 | t2:0.088 | t3:0.046   (prior sigma ~0.29; floor = head.sigma_floor)
Epoch 296 [VMIM] LR:2.00e-04 | train -10.266810 | val -11.062503
Epoch 297 [VMIM] LR:2.00e-04 | train -9.900848 | val -10.241373
Epoch 298 [VMIM] LR:2.00e-04 | train -10.212104 | val -9.726243
Epoch 299 [VMIM] LR:2.00e-04 | train -9.942516 | val -10.646488
Epoch 300 [VMIM] LR:2.00e-04 | train -10.235653 | val -10.379794
[RF R2]  t0:0.977 | t1:0.866 | t2:0.800 | t3:0.923
[q sigma] t0:0.022 | t1:0.062 | t2:0.100 | t3:0.056   (prior sigma ~0.29; floor = head.sigma_floor)
Epoch 301 [VMIM] LR:2.00e-04 | train -10.423188 | val -11.037167
Epoch 302 [VMIM] LR:2.00e-04 | train -10.190164 | val -10.661064
Epoch 303 [VMIM] LR:2.00e-04 | train -10.071496 | val -10.367814
Epoch 304 [VMIM] LR:2.00e-04 | train -10.025787 | val -9.726278
Epoch 305 [VMIM] LR:2.00e-04 | train -10.181561 | val -9.963470
[RF R2]  t0:0.980 | t1:0.864 | t2:0.827 | t3:0.909
[q sigma] t0:0.021 | t1:0.050 | t2:0.100 | t3:0.045   (prior sigma ~0.29; floor = head.sigma_floor)
Epoch 306 [VMIM] LR:2.00e-04 | train -10.182074 | val -11.214544
Epoch 307 [VMIM] LR:2.00e-04 | train -10.152770 | val -10.391591
Epoch 308 [VMIM] LR:2.00e-04 | train -10.306948 | val -10.691812
Epoch 309 [VMIM] LR:2.00e-04 | train -10.121154 | val -11.261899
Epoch 310 [VMIM] LR:2.00e-04 | train -10.362624 | val -10.229306
[RF R2]  t0:0.978 | t1:0.863 | t2:0.800 | t3:0.902
[q sigma] t0:0.020 | t1:0.049 | t2:0.086 | t3:0.051   (prior sigma ~0.29; floor = head.sigma_floor)
Epoch 311 [VMIM] LR:2.00e-04 | train -10.216641 | val -11.408932
  saved best-by-loss.
Epoch 312 [VMIM] LR:2.00e-04 | train -10.276988 | val -10.785600
Epoch 313 [VMIM] LR:2.00e-04 | train -9.990892 | val -10.718158
Epoch 314 [VMIM] LR:2.00e-04 | train -10.200234 | val -11.245061
Epoch 315 [VMIM] LR:2.00e-04 | train -10.241035 | val -11.075365
[RF R2]  t0:0.978 | t1:0.881 | t2:0.811 | t3:0.914
[q sigma] t0:0.021 | t1:0.046 | t2:0.094 | t3:0.044   (prior sigma ~0.29; floor = head.sigma_floor)
Epoch 316 [VMIM] LR:2.00e-04 | train -10.343858 | val -11.064892
Epoch 317 [VMIM] LR:2.00e-04 | train -10.385730 | val -11.015880
Epoch 318 [VMIM] LR:2.00e-04 | train -10.085784 | val -10.213490
Epoch 319 [VMIM] LR:2.00e-04 | train -10.232307 | val -10.850149
Epoch 320 [VMIM] LR:2.00e-04 | train -10.210471 | val -10.324759
[RF R2]  t0:0.981 | t1:0.870 | t2:0.823 | t3:0.909
[q sigma] t0:0.019 | t1:0.048 | t2:0.089 | t3:0.049   (prior sigma ~0.29; floor = head.sigma_floor)
Epoch 321 [VMIM] LR:2.00e-04 | train -10.256700 | val -11.086886
Epoch 322 [VMIM] LR:2.00e-04 | train -10.397466 | val -10.902913
Epoch 323 [VMIM] LR:2.00e-04 | train -10.273850 | val -11.229210
Epoch 324 [VMIM] LR:2.00e-04 | train -10.336031 | val -11.557007
  saved best-by-loss.
Epoch 325 [VMIM] LR:2.00e-04 | train -10.175633 | val -11.375260
[RF R2]  t0:0.977 | t1:0.892 | t2:0.803 | t3:0.922
[q sigma] t0:0.020 | t1:0.039 | t2:0.084 | t3:0.037   (prior sigma ~0.29; floor = head.sigma_floor)
Epoch 326 [VMIM] LR:2.00e-04 | train -10.268972 | val -10.477027
Epoch 327 [VMIM] LR:2.00e-04 | train -10.087015 | val -11.117260
Epoch 328 [VMIM] LR:2.00e-04 | train -10.391761 | val -11.236900
Epoch 329 [VMIM] LR:2.00e-04 | train -10.427489 | val -10.475357
Epoch 330 [VMIM] LR:2.00e-04 | train -10.176987 | val -10.406131
[RF R2]  t0:0.979 | t1:0.867 | t2:0.827 | t3:0.926
[q sigma] t0:0.021 | t1:0.060 | t2:0.088 | t3:0.054   (prior sigma ~0.29; floor = head.sigma_floor)
Epoch 331 [VMIM] LR:2.00e-04 | train -10.422431 | val -11.046845
Epoch 332 [VMIM] LR:2.00e-04 | train -10.207323 | val -10.296542
Epoch 333 [VMIM] LR:2.00e-04 | train -10.363492 | val -10.914367
Epoch 334 [VMIM] LR:2.00e-04 | train -10.336608 | val -10.839306
Epoch 335 [VMIM] LR:2.00e-04 | train -10.221839 | val -11.084629
[RF R2]  t0:0.978 | t1:0.884 | t2:0.843 | t3:0.912
[q sigma] t0:0.020 | t1:0.050 | t2:0.092 | t3:0.046   (prior sigma ~0.29; floor = head.sigma_floor)
Epoch 336 [VMIM] LR:2.00e-04 | train -10.456174 | val -11.398831
Epoch 337 [VMIM] LR:2.00e-04 | train -10.335799 | val -11.066333
Epoch 338 [VMIM] LR:2.00e-04 | train -10.460829 | val -11.537695
Epoch 339 [VMIM] LR:2.00e-04 | train -10.294295 | val -10.941079
Epoch 340 [VMIM] LR:2.00e-04 | train -10.446651 | val -11.320897
[RF R2]  t0:0.979 | t1:0.869 | t2:0.800 | t3:0.922
[q sigma] t0:0.020 | t1:0.032 | t2:0.083 | t3:0.029   (prior sigma ~0.29; floor = head.sigma_floor)
Epoch 341 [VMIM] LR:2.00e-04 | train -10.256109 | val -11.212001
Epoch 342 [VMIM] LR:2.00e-04 | train -10.513832 | val -11.331884
Epoch 343 [VMIM] LR:2.00e-04 | train -10.310215 | val -11.263488
Epoch 344 [VMIM] LR:2.00e-04 | train -10.461969 | val -9.773852
Epoch 345 [VMIM] LR:2.00e-04 | train -10.307809 | val -10.143655
[RF R2]  t0:0.977 | t1:0.853 | t2:0.818 | t3:0.914
[q sigma] t0:0.022 | t1:0.078 | t2:0.096 | t3:0.070   (prior sigma ~0.29; floor = head.sigma_floor)
Epoch 346 [VMIM] LR:2.00e-04 | train -10.380112 | val -10.835859
Epoch 347 [VMIM] LR:2.00e-04 | train -10.344497 | val -11.024300
Epoch 348 [VMIM] LR:2.00e-04 | train -10.517387 | val -10.960227
Epoch 349 [VMIM] LR:2.00e-04 | train -10.458579 | val -10.960016
Epoch 350 [VMIM] LR:2.00e-04 | train -10.266105 | val -9.775151
[RF R2]  t0:0.980 | t1:0.866 | t2:0.826 | t3:0.906
[q sigma] t0:0.021 | t1:0.052 | t2:0.083 | t3:0.047   (prior sigma ~0.29; floor = head.sigma_floor)
[TIMER] train 13791.6s
[WARN] requested learned_compressor_bestprobe.pt missing; falling back to learned_compressor.pt
exporting from checkpoint: /gscratch/ddehiwalage-don/sbi_master/cnn_vmim_/n4/seed_s1/nle/learned_compressor.pt
  export 256/9,120,000
  export 25,856/9,120,000
  export 51,456/9,120,000
  export 77,056/9,120,000
  export 102,656/9,120,000
  export 128,256/9,120,000
  export 153,856/9,120,000
  export 179,456/9,120,000
  export 205,056/9,120,000
  export 230,656/9,120,000
  export 256,256/9,120,000
  export 281,856/9,120,000
  export 307,456/9,120,000
  export 333,056/9,120,000
  export 358,656/9,120,000
  export 384,256/9,120,000
  export 409,856/9,120,000
  export 435,456/9,120,000
  export 461,056/9,120,000
  export 486,656/9,120,000
  export 512,256/9,120,000
  export 537,856/9,120,000
  export 563,456/9,120,000
  export 589,056/9,120,000
  export 614,656/9,120,000
  export 640,256/9,120,000
  export 665,856/9,120,000
  export 691,456/9,120,000
  export 717,056/9,120,000
  export 742,656/9,120,000
  export 768,256/9,120,000
  export 793,856/9,120,000
  export 819,456/9,120,000
  export 845,056/9,120,000
  export 870,656/9,120,000
  export 896,256/9,120,000
  export 921,856/9,120,000
  export 947,456/9,120,000
  export 973,056/9,120,000
  export 998,656/9,120,000
  export 1,024,256/9,120,000
  export 1,049,856/9,120,000
  export 1,075,456/9,120,000
  export 1,101,056/9,120,000
  export 1,126,656/9,120,000
  export 1,152,256/9,120,000
  export 1,177,856/9,120,000
  export 1,203,456/9,120,000
  export 1,229,056/9,120,000
  export 1,254,656/9,120,000
  export 1,280,256/9,120,000
  export 1,305,856/9,120,000
  export 1,331,456/9,120,000
  export 1,357,056/9,120,000
  export 1,382,656/9,120,000
  export 1,408,256/9,120,000
  export 1,433,856/9,120,000
  export 1,459,456/9,120,000
  export 1,485,056/9,120,000
  export 1,510,656/9,120,000
  export 1,536,256/9,120,000
  export 1,561,856/9,120,000
  export 1,587,456/9,120,000
  export 1,613,056/9,120,000
  export 1,638,656/9,120,000
  export 1,664,256/9,120,000
  export 1,689,856/9,120,000
  export 1,715,456/9,120,000
  export 1,741,056/9,120,000
  export 1,766,656/9,120,000
  export 1,792,256/9,120,000
  export 1,817,856/9,120,000
  export 1,843,456/9,120,000
  export 1,869,056/9,120,000
  export 1,894,656/9,120,000
  export 1,920,256/9,120,000
  export 1,945,856/9,120,000
  export 1,971,456/9,120,000
  export 1,997,056/9,120,000
  export 2,022,656/9,120,000
  export 2,048,256/9,120,000
  export 2,073,856/9,120,000
  export 2,099,456/9,120,000
  export 2,125,056/9,120,000
  export 2,150,656/9,120,000
  export 2,176,256/9,120,000
  export 2,201,856/9,120,000
  export 2,227,456/9,120,000
  export 2,253,056/9,120,000
  export 2,278,656/9,120,000
  export 2,304,256/9,120,000
  export 2,329,856/9,120,000
  export 2,355,456/9,120,000
  export 2,381,056/9,120,000
  export 2,406,656/9,120,000
  export 2,432,256/9,120,000
  export 2,457,856/9,120,000
  export 2,483,456/9,120,000
  export 2,509,056/9,120,000
  export 2,534,656/9,120,000
  export 2,560,256/9,120,000
  export 2,585,856/9,120,000
  export 2,611,456/9,120,000
  export 2,637,056/9,120,000
  export 2,662,656/9,120,000
  export 2,688,256/9,120,000
  export 2,713,856/9,120,000
  export 2,739,456/9,120,000
  export 2,765,056/9,120,000
  export 2,790,656/9,120,000
  export 2,816,256/9,120,000
  export 2,841,856/9,120,000
  export 2,867,456/9,120,000
  export 2,893,056/9,120,000
  export 2,918,656/9,120,000
  export 2,944,256/9,120,000
  export 2,969,856/9,120,000
  export 2,995,456/9,120,000
  export 3,021,056/9,120,000
  export 3,046,656/9,120,000
  export 3,072,256/9,120,000
  export 3,097,856/9,120,000
  export 3,123,456/9,120,000
  export 3,149,056/9,120,000
  export 3,174,656/9,120,000
  export 3,200,256/9,120,000
  export 3,225,856/9,120,000
  export 3,251,456/9,120,000
  export 3,277,056/9,120,000
  export 3,302,656/9,120,000
  export 3,328,256/9,120,000
  export 3,353,856/9,120,000
  export 3,379,456/9,120,000
  export 3,405,056/9,120,000
  export 3,430,656/9,120,000
  export 3,456,256/9,120,000
  export 3,481,856/9,120,000
  export 3,507,456/9,120,000
  export 3,533,056/9,120,000
  export 3,558,656/9,120,000
  export 3,584,256/9,120,000
  export 3,609,856/9,120,000
  export 3,635,456/9,120,000
  export 3,661,056/9,120,000
  export 3,686,656/9,120,000
  export 3,712,256/9,120,000
  export 3,737,856/9,120,000
