node=tycho91  gpus=0
[seed] global seed=3 deterministic=True
Stage1 arm=cnn_vmim_/n3/seed_s3 split_seed=42 init_seed=3
--> usable cores=4  num_workers=3
sigma floor for each parm: tensor([0., 0., 0., 0.]) jitter for each parm {}
[MODE] pure VMIM from epoch 0.
[PHASE] pure VMIM begins at epoch 1: arming probe-based early stopping from here.
Epoch 001 [VMIM] LR:2.00e-04 | train -1.021053 | val -2.620629
  saved best-by-loss.
Epoch 002 [VMIM] LR:2.00e-04 | train -2.444931 | val -2.955122
  saved best-by-loss.
Epoch 003 [VMIM] LR:2.00e-04 | train -2.863432 | val -2.295078
Epoch 004 [VMIM] LR:2.00e-04 | train -3.028782 | val -3.316610
  saved best-by-loss.
Epoch 005 [VMIM] LR:2.00e-04 | train -3.208328 | val -3.414829
[RF R2]  t0:0.932 | t1:0.135 | t2:-0.049 | t3:0.649
[q sigma] t0:0.089 | t1:0.231 | t2:0.354 | t3:0.206   (prior sigma ~0.29; floor = head.sigma_floor)
  saved best-by-probe (mean R2 0.417, pure-VMIM).
  saved best-by-loss.
Epoch 006 [VMIM] LR:2.00e-04 | train -3.381202 | val -4.170428
  saved best-by-loss.
Epoch 007 [VMIM] LR:2.00e-04 | train -3.536176 | val -3.516118
Epoch 008 [VMIM] LR:2.00e-04 | train -3.554921 | val -3.864686
Epoch 009 [VMIM] LR:2.00e-04 | train -3.754252 | val -4.065474
Epoch 010 [VMIM] LR:2.00e-04 | train -3.734505 | val -3.921338
[RF R2]  t0:0.933 | t1:0.127 | t2:-0.076 | t3:0.690
[q sigma] t0:0.087 | t1:0.223 | t2:0.358 | t3:0.164   (prior sigma ~0.29; floor = head.sigma_floor)
  saved best-by-probe (mean R2 0.418, pure-VMIM).
Epoch 011 [VMIM] LR:2.00e-04 | train -3.819371 | val -4.367095
  saved best-by-loss.
Epoch 012 [VMIM] LR:2.00e-04 | train -3.813281 | val -4.185610
Epoch 013 [VMIM] LR:2.00e-04 | train -3.996220 | val -3.884371
Epoch 014 [VMIM] LR:2.00e-04 | train -4.006395 | val -4.011713
Epoch 015 [VMIM] LR:2.00e-04 | train -4.187872 | val -4.934487
[RF R2]  t0:0.939 | t1:0.330 | t2:-0.059 | t3:0.738
[q sigma] t0:0.079 | t1:0.209 | t2:0.356 | t3:0.160   (prior sigma ~0.29; floor = head.sigma_floor)
  saved best-by-probe (mean R2 0.487, pure-VMIM).
  saved best-by-loss.
Epoch 016 [VMIM] LR:2.00e-04 | train -4.167501 | val -4.413107
Epoch 017 [VMIM] LR:2.00e-04 | train -4.251687 | val -4.739592
Epoch 018 [VMIM] LR:2.00e-04 | train -4.437094 | val -4.299903
Epoch 019 [VMIM] LR:2.00e-04 | train -4.895323 | val -4.881221
Epoch 020 [VMIM] LR:2.00e-04 | train -5.073099 | val -5.635009
[RF R2]  t0:0.923 | t1:0.894 | t2:-0.009 | t3:0.921
[q sigma] t0:0.078 | t1:0.098 | t2:0.341 | t3:0.072   (prior sigma ~0.29; floor = head.sigma_floor)
  saved best-by-probe (mean R2 0.682, pure-VMIM).
  saved best-by-loss.
Epoch 021 [VMIM] LR:2.00e-04 | train -5.154374 | val -5.863503
  saved best-by-loss.
Epoch 022 [VMIM] LR:2.00e-04 | train -5.268099 | val -5.474396
Epoch 023 [VMIM] LR:2.00e-04 | train -5.370353 | val -5.877543
  saved best-by-loss.
Epoch 024 [VMIM] LR:2.00e-04 | train -5.450634 | val -5.470961
Epoch 025 [VMIM] LR:2.00e-04 | train -5.546547 | val -5.392621
[RF R2]  t0:0.921 | t1:0.927 | t2:0.020 | t3:0.945
[q sigma] t0:0.082 | t1:0.074 | t2:0.347 | t3:0.070   (prior sigma ~0.29; floor = head.sigma_floor)
  saved best-by-probe (mean R2 0.703, pure-VMIM).
Epoch 026 [VMIM] LR:2.00e-04 | train -5.573585 | val -5.465284
Epoch 027 [VMIM] LR:2.00e-04 | train -5.569725 | val -5.415743
Epoch 028 [VMIM] LR:2.00e-04 | train -5.709541 | val -5.203151
Epoch 029 [VMIM] LR:2.00e-04 | train -5.723051 | val -5.705633
Epoch 030 [VMIM] LR:2.00e-04 | train -5.819510 | val -6.445530
[RF R2]  t0:0.925 | t1:0.925 | t2:0.008 | t3:0.941
[q sigma] t0:0.087 | t1:0.063 | t2:0.363 | t3:0.064   (prior sigma ~0.29; floor = head.sigma_floor)
  saved best-by-loss.
Epoch 031 [VMIM] LR:2.00e-04 | train -5.879154 | val -6.166618
Epoch 032 [VMIM] LR:2.00e-04 | train -5.834724 | val -6.148731
Epoch 033 [VMIM] LR:2.00e-04 | train -5.765347 | val -6.584391
  saved best-by-loss.
Epoch 034 [VMIM] LR:2.00e-04 | train -5.842645 | val -5.998201
Epoch 035 [VMIM] LR:2.00e-04 | train -6.011637 | val -6.208096
[RF R2]  t0:0.924 | t1:0.938 | t2:0.038 | t3:0.941
[q sigma] t0:0.078 | t1:0.060 | t2:0.332 | t3:0.057   (prior sigma ~0.29; floor = head.sigma_floor)
  saved best-by-probe (mean R2 0.710, pure-VMIM).
Epoch 036 [VMIM] LR:2.00e-04 | train -6.040129 | val -6.296770
Epoch 037 [VMIM] LR:2.00e-04 | train -5.966782 | val -6.407089
Epoch 038 [VMIM] LR:2.00e-04 | train -6.025025 | val -6.450809
Epoch 039 [VMIM] LR:2.00e-04 | train -6.066441 | val -6.485812
Epoch 040 [VMIM] LR:2.00e-04 | train -6.183824 | val -6.117732
[RF R2]  t0:0.921 | t1:0.931 | t2:-0.015 | t3:0.943
[q sigma] t0:0.088 | t1:0.053 | t2:0.376 | t3:0.054   (prior sigma ~0.29; floor = head.sigma_floor)
Epoch 041 [VMIM] LR:2.00e-04 | train -6.106928 | val -6.226677
Epoch 042 [VMIM] LR:2.00e-04 | train -6.154609 | val -6.652595
  saved best-by-loss.
Epoch 043 [VMIM] LR:2.00e-04 | train -6.200662 | val -6.416633
Epoch 044 [VMIM] LR:2.00e-04 | train -6.197837 | val -6.686624
  saved best-by-loss.
Epoch 045 [VMIM] LR:2.00e-04 | train -6.319952 | val -6.412399
[RF R2]  t0:0.932 | t1:0.927 | t2:-0.047 | t3:0.943
[q sigma] t0:0.080 | t1:0.053 | t2:0.352 | t3:0.043   (prior sigma ~0.29; floor = head.sigma_floor)
Epoch 046 [VMIM] LR:2.00e-04 | train -6.222226 | val -6.808230
  saved best-by-loss.
Epoch 047 [VMIM] LR:2.00e-04 | train -6.394145 | val -6.521169
Epoch 048 [VMIM] LR:2.00e-04 | train -6.383030 | val -6.423779
Epoch 049 [VMIM] LR:2.00e-04 | train -6.328968 | val -6.679114
Epoch 050 [VMIM] LR:2.00e-04 | train -6.338048 | val -6.999094
[RF R2]  t0:0.928 | t1:0.921 | t2:-0.012 | t3:0.938
[q sigma] t0:0.074 | t1:0.048 | t2:0.343 | t3:0.048   (prior sigma ~0.29; floor = head.sigma_floor)
  saved best-by-loss.
Epoch 051 [VMIM] LR:2.00e-04 | train -6.466592 | val -6.272209
Epoch 052 [VMIM] LR:2.00e-04 | train -6.455845 | val -6.490721
Epoch 053 [VMIM] LR:2.00e-04 | train -6.479476 | val -7.018467
  saved best-by-loss.
Epoch 054 [VMIM] LR:2.00e-04 | train -6.511076 | val -6.650715
Epoch 055 [VMIM] LR:2.00e-04 | train -6.447001 | val -6.545891
[RF R2]  t0:0.927 | t1:0.931 | t2:-0.040 | t3:0.949
[q sigma] t0:0.071 | t1:0.055 | t2:0.341 | t3:0.047   (prior sigma ~0.29; floor = head.sigma_floor)
Epoch 056 [VMIM] LR:2.00e-04 | train -6.495933 | val -6.916970
Epoch 057 [VMIM] LR:2.00e-04 | train -6.511294 | val -6.580930
Epoch 058 [VMIM] LR:2.00e-04 | train -6.573592 | val -7.030252
  saved best-by-loss.
Epoch 059 [VMIM] LR:2.00e-04 | train -6.651635 | val -6.703045
Epoch 060 [VMIM] LR:2.00e-04 | train -6.527896 | val -7.267862
[RF R2]  t0:0.933 | t1:0.936 | t2:-0.020 | t3:0.945
[q sigma] t0:0.073 | t1:0.051 | t2:0.334 | t3:0.044   (prior sigma ~0.29; floor = head.sigma_floor)
  saved best-by-loss.
Epoch 061 [VMIM] LR:2.00e-04 | train -6.696378 | val -6.536639
Epoch 062 [VMIM] LR:2.00e-04 | train -6.703215 | val -7.191460
Epoch 063 [VMIM] LR:2.00e-04 | train -6.717644 | val -7.441038
  saved best-by-loss.
Epoch 064 [VMIM] LR:2.00e-04 | train -6.722270 | val -7.658694
  saved best-by-loss.
Epoch 065 [VMIM] LR:2.00e-04 | train -6.730526 | val -7.192675
[RF R2]  t0:0.933 | t1:0.941 | t2:-0.019 | t3:0.955
[q sigma] t0:0.069 | t1:0.043 | t2:0.328 | t3:0.041   (prior sigma ~0.29; floor = head.sigma_floor)
Epoch 066 [VMIM] LR:2.00e-04 | train -6.682248 | val -6.825258
Epoch 067 [VMIM] LR:2.00e-04 | train -6.798948 | val -7.253460
Epoch 068 [VMIM] LR:2.00e-04 | train -6.821358 | val -7.283187
Epoch 069 [VMIM] LR:2.00e-04 | train -6.752899 | val -6.829485
Epoch 070 [VMIM] LR:2.00e-04 | train -6.869801 | val -7.408463
[RF R2]  t0:0.939 | t1:0.922 | t2:-0.017 | t3:0.941
[q sigma] t0:0.075 | t1:0.044 | t2:0.347 | t3:0.040   (prior sigma ~0.29; floor = head.sigma_floor)
Epoch 071 [VMIM] LR:2.00e-04 | train -6.821723 | val -7.102917
Epoch 072 [VMIM] LR:2.00e-04 | train -6.782487 | val -7.373702
Epoch 073 [VMIM] LR:2.00e-04 | train -6.783426 | val -6.892352
Epoch 074 [VMIM] LR:2.00e-04 | train -6.860640 | val -7.186210
Epoch 075 [VMIM] LR:2.00e-04 | train -6.906419 | val -6.800157
[RF R2]  t0:0.938 | t1:0.920 | t2:-0.050 | t3:0.936
[q sigma] t0:0.064 | t1:0.044 | t2:0.331 | t3:0.037   (prior sigma ~0.29; floor = head.sigma_floor)
Epoch 076 [VMIM] LR:2.00e-04 | train -6.863109 | val -7.626656
Epoch 077 [VMIM] LR:2.00e-04 | train -6.961796 | val -7.234443
Epoch 078 [VMIM] LR:2.00e-04 | train -6.900020 | val -7.492186
Epoch 079 [VMIM] LR:2.00e-04 | train -6.922498 | val -7.755535
  saved best-by-loss.
Epoch 080 [VMIM] LR:2.00e-04 | train -6.969602 | val -6.853997
[RF R2]  t0:0.938 | t1:0.940 | t2:-0.069 | t3:0.948
[q sigma] t0:0.072 | t1:0.043 | t2:0.356 | t3:0.042   (prior sigma ~0.29; floor = head.sigma_floor)
Epoch 081 [VMIM] LR:2.00e-04 | train -7.030980 | val -6.872389
Epoch 082 [VMIM] LR:2.00e-04 | train -6.968828 | val -7.243242
Epoch 083 [VMIM] LR:2.00e-04 | train -7.020429 | val -7.597396
Epoch 084 [VMIM] LR:2.00e-04 | train -7.008751 | val -7.765596
  saved best-by-loss.
Epoch 085 [VMIM] LR:2.00e-04 | train -7.094353 | val -7.289694
[RF R2]  t0:0.941 | t1:0.927 | t2:-0.089 | t3:0.954
[q sigma] t0:0.067 | t1:0.040 | t2:0.363 | t3:0.041   (prior sigma ~0.29; floor = head.sigma_floor)
Epoch 086 [VMIM] LR:2.00e-04 | train -7.083434 | val -7.335854
Epoch 087 [VMIM] LR:2.00e-04 | train -7.099699 | val -7.421613
Epoch 088 [VMIM] LR:2.00e-04 | train -6.975920 | val -7.409173
Epoch 089 [VMIM] LR:2.00e-04 | train -7.112074 | val -7.294249
Epoch 090 [VMIM] LR:2.00e-04 | train -7.115442 | val -7.301610
[RF R2]  t0:0.947 | t1:0.926 | t2:-0.054 | t3:0.938
[q sigma] t0:0.067 | t1:0.044 | t2:0.370 | t3:0.047   (prior sigma ~0.29; floor = head.sigma_floor)
Epoch 091 [VMIM] LR:2.00e-04 | train -7.222699 | val -7.099830
Epoch 092 [VMIM] LR:2.00e-04 | train -7.076161 | val -7.578229
Epoch 093 [VMIM] LR:2.00e-04 | train -7.084649 | val -7.723421
Epoch 094 [VMIM] LR:2.00e-04 | train -7.244257 | val -7.923295
  saved best-by-loss.
Epoch 095 [VMIM] LR:2.00e-04 | train -7.256861 | val -7.495215
[RF R2]  t0:0.944 | t1:0.929 | t2:-0.011 | t3:0.945
[q sigma] t0:0.063 | t1:0.039 | t2:0.346 | t3:0.039   (prior sigma ~0.29; floor = head.sigma_floor)
Epoch 096 [VMIM] LR:2.00e-04 | train -7.157600 | val -7.729357
Epoch 097 [VMIM] LR:2.00e-04 | train -7.259827 | val -7.534689
Epoch 098 [VMIM] LR:2.00e-04 | train -7.337173 | val -7.165456
Epoch 099 [VMIM] LR:2.00e-04 | train -7.316713 | val -7.526980
Epoch 100 [VMIM] LR:2.00e-04 | train -7.285341 | val -7.392817
[RF R2]  t0:0.946 | t1:0.915 | t2:-0.083 | t3:0.946
[q sigma] t0:0.061 | t1:0.039 | t2:0.344 | t3:0.044   (prior sigma ~0.29; floor = head.sigma_floor)
Epoch 101 [VMIM] LR:2.00e-04 | train -7.292685 | val -7.322785
Epoch 102 [VMIM] LR:2.00e-04 | train -7.259581 | val -7.867699
Epoch 103 [VMIM] LR:2.00e-04 | train -7.388333 | val -8.052955
  saved best-by-loss.
Epoch 104 [VMIM] LR:2.00e-04 | train -7.297391 | val -7.927477
Epoch 105 [VMIM] LR:2.00e-04 | train -7.216871 | val -8.050499
[RF R2]  t0:0.949 | t1:0.936 | t2:-0.063 | t3:0.959
[q sigma] t0:0.066 | t1:0.034 | t2:0.351 | t3:0.039   (prior sigma ~0.29; floor = head.sigma_floor)
Epoch 106 [VMIM] LR:2.00e-04 | train -7.372308 | val -7.975076
Epoch 107 [VMIM] LR:2.00e-04 | train -7.415666 | val -7.969975
Epoch 108 [VMIM] LR:2.00e-04 | train -7.424954 | val -7.459673
Epoch 109 [VMIM] LR:2.00e-04 | train -7.446749 | val -8.068179
  saved best-by-loss.
Epoch 110 [VMIM] LR:2.00e-04 | train -7.404178 | val -6.993268
[RF R2]  t0:0.947 | t1:0.921 | t2:-0.051 | t3:0.946
[q sigma] t0:0.064 | t1:0.037 | t2:0.346 | t3:0.042   (prior sigma ~0.29; floor = head.sigma_floor)
Early stopping at epoch 110: mean probe R2 stale for 15 probes IN PURE-VMIM PHASE.
[TIMER] train 2442.8s
[WARN] requested learned_compressor_bestprobe.pt missing; falling back to learned_compressor.pt
exporting from checkpoint: /gscratch/ddehiwalage-don/sbi_master/cnn_vmim_/n3/seed_s3/nle/learned_compressor.pt
  export 256/9,120,000
  export 25,856/9,120,000
  export 51,456/9,120,000
  export 77,056/9,120,000
  export 102,656/9,120,000
  export 128,256/9,120,000
  export 153,856/9,120,000
  export 179,456/9,120,000
  export 205,056/9,120,000
  export 230,656/9,120,000
  export 256,256/9,120,000
  export 281,856/9,120,000
  export 307,456/9,120,000
  export 333,056/9,120,000
  export 358,656/9,120,000
  export 384,256/9,120,000
  export 409,856/9,120,000
  export 435,456/9,120,000
  export 461,056/9,120,000
  export 486,656/9,120,000
  export 512,256/9,120,000
  export 537,856/9,120,000
  export 563,456/9,120,000
  export 589,056/9,120,000
  export 614,656/9,120,000
  export 640,256/9,120,000
  export 665,856/9,120,000
  export 691,456/9,120,000
  export 717,056/9,120,000
  export 742,656/9,120,000
  export 768,256/9,120,000
  export 793,856/9,120,000
  export 819,456/9,120,000
  export 845,056/9,120,000
  export 870,656/9,120,000
  export 896,256/9,120,000
  export 921,856/9,120,000
  export 947,456/9,120,000
  export 973,056/9,120,000
  export 998,656/9,120,000
  export 1,024,256/9,120,000
  export 1,049,856/9,120,000
  export 1,075,456/9,120,000
  export 1,101,056/9,120,000
  export 1,126,656/9,120,000
  export 1,152,256/9,120,000
  export 1,177,856/9,120,000
  export 1,203,456/9,120,000
  export 1,229,056/9,120,000
  export 1,254,656/9,120,000
  export 1,280,256/9,120,000
  export 1,305,856/9,120,000
  export 1,331,456/9,120,000
  export 1,357,056/9,120,000
  export 1,382,656/9,120,000
  export 1,408,256/9,120,000
  export 1,433,856/9,120,000
  export 1,459,456/9,120,000
  export 1,485,056/9,120,000
  export 1,510,656/9,120,000
  export 1,536,256/9,120,000
  export 1,561,856/9,120,000
  export 1,587,456/9,120,000
  export 1,613,056/9,120,000
  export 1,638,656/9,120,000
  export 1,664,256/9,120,000
  export 1,689,856/9,120,000
  export 1,715,456/9,120,000
  export 1,741,056/9,120,000
  export 1,766,656/9,120,000
  export 1,792,256/9,120,000
  export 1,817,856/9,120,000
  export 1,843,456/9,120,000
  export 1,869,056/9,120,000
  export 1,894,656/9,120,000
  export 1,920,256/9,120,000
  export 1,945,856/9,120,000
  export 1,971,456/9,120,000
  export 1,997,056/9,120,000
  export 2,022,656/9,120,000
  export 2,048,256/9,120,000
  export 2,073,856/9,120,000
  export 2,099,456/9,120,000
  export 2,125,056/9,120,000
  export 2,150,656/9,120,000
  export 2,176,256/9,120,000
  export 2,201,856/9,120,000
  export 2,227,456/9,120,000
  export 2,253,056/9,120,000
  export 2,278,656/9,120,000
  export 2,304,256/9,120,000
  export 2,329,856/9,120,000
  export 2,355,456/9,120,000
  export 2,381,056/9,120,000
  export 2,406,656/9,120,000
  export 2,432,256/9,120,000
  export 2,457,856/9,120,000
  export 2,483,456/9,120,000
  export 2,509,056/9,120,000
  export 2,534,656/9,120,000
  export 2,560,256/9,120,000
  export 2,585,856/9,120,000
  export 2,611,456/9,120,000
  export 2,637,056/9,120,000
  export 2,662,656/9,120,000
  export 2,688,256/9,120,000
  export 2,713,856/9,120,000
  export 2,739,456/9,120,000
  export 2,765,056/9,120,000
  export 2,790,656/9,120,000
  export 2,816,256/9,120,000
  export 2,841,856/9,120,000
  export 2,867,456/9,120,000
  export 2,893,056/9,120,000
  export 2,918,656/9,120,000
  export 2,944,256/9,120,000
  export 2,969,856/9,120,000
  export 2,995,456/9,120,000
  export 3,021,056/9,120,000
  export 3,046,656/9,120,000
  export 3,072,256/9,120,000
  export 3,097,856/9,120,000
  export 3,123,456/9,120,000
  export 3,149,056/9,120,000
  export 3,174,656/9,120,000
  export 3,200,256/9,120,000
  export 3,225,856/9,120,000
  export 3,251,456/9,120,000
  export 3,277,056/9,120,000
  export 3,302,656/9,120,000
  export 3,328,256/9,120,000
  export 3,353,856/9,120,000
  export 3,379,456/9,120,000
  export 3,405,056/9,120,000
  export 3,430,656/9,120,000
  export 3,456,256/9,120,000
  export 3,481,856/9,120,000
  export 3,507,456/9,120,000
  export 3,533,056/9,120,000
  export 3,558,656/9,120,000
  export 3,584,256/9,120,000
  export 3,609,856/9,120,000
  export 3,635,456/9,120,000
  export 3,661,056/9,120,000
  export 3,686,656/9,120,000
  export 3,712,256/9,120,000
  export 3,737,856/9,120,000
  export 3,763,456/9,120,000
  export 3,789,056/9,120,000
  export 3,814,656/9,120,000
  export 3,840,256/9,120,000
  export 3,865,856/9,120,000
  export 3,891,456/9,120,000
  export 3,917,056/9,120,000
  export 3,942,656/9,120,000
  export 3,968,256/9,120,000
  export 3,993,856/9,120,000
  export 4,019,456/9,120,000
  export 4,045,056/9,120,000
  export 4,070,656/9,120,000
  export 4,096,256/9,120,000
  export 4,121,856/9,120,000
  export 4,147,456/9,120,000
  export 4,173,056/9,120,000
  export 4,198,656/9,120,000
  export 4,224,256/9,120,000
  export 4,249,856/9,120,000
  export 4,275,456/9,120,000
  export 4,301,056/9,120,000
  export 4,326,656/9,120,000
  export 4,352,256/9,120,000
  export 4,377,856/9,120,000
  export 4,403,456/9,120,000
  export 4,429,056/9,120,000
  export 4,454,656/9,120,000
  export 4,480,256/9,120,000
  export 4,505,856/9,120,000
  export 4,531,456/9,120,000
  export 4,557,056/9,120,000
  export 4,582,656/9,120,000
  export 4,608,256/9,120,000
  export 4,633,856/9,120,000
  export 4,659,456/9,120,000
  export 4,685,056/9,120,000
  export 4,710,656/9,120,000
  export 4,736,256/9,120,000
  export 4,761,856/9,120,000
  export 4,787,456/9,120,000
  export 4,813,056/9,120,000
  export 4,838,656/9,120,000
  export 4,864,256/9,120,000
  export 4,889,856/9,120,000
  export 4,915,456/9,120,000
  export 4,941,056/9,120,000
  export 4,966,656/9,120,000
  export 4,992,256/9,120,000
  export 5,017,856/9,120,000
  export 5,043,456/9,120,000
  export 5,069,056/9,120,000
  export 5,094,656/9,120,000
  export 5,120,256/9,120,000
  export 5,145,856/9,120,000
  export 5,171,456/9,120,000
  export 5,197,056/9,120,000
  export 5,222,656/9,120,000
  export 5,248,256/9,120,000
  export 5,273,856/9,120,000
  export 5,299,456/9,120,000
  export 5,325,056/9,120,000
  export 5,350,656/9,120,000
  export 5,376,256/9,120,000
  export 5,401,856/9,120,000
  export 5,427,456/9,120,000
  export 5,453,056/9,120,000
  export 5,478,656/9,120,000
  export 5,504,256/9,120,000
  export 5,529,856/9,120,000
  export 5,555,456/9,120,000
  export 5,581,056/9,120,000
  export 5,606,656/9,120,000
  export 5,632,256/9,120,000
  export 5,657,856/9,120,000
  export 5,683,456/9,120,000
  export 5,709,056/9,120,000
  export 5,734,656/9,120,000
  export 5,760,256/9,120,000
  export 5,785,856/9,120,000
  export 5,811,456/9,120,000
  export 5,837,056/9,120,000
  export 5,862,656/9,120,000
  export 5,888,256/9,120,000
  export 5,913,856/9,120,000
  export 5,939,456/9,120,000
  export 5,965,056/9,120,000
  export 5,990,656/9,120,000
  export 6,016,256/9,120,000
  export 6,041,856/9,120,000
  export 6,067,456/9,120,000
  export 6,093,056/9,120,000
  export 6,118,656/9,120,000
  export 6,144,256/9,120,000
  export 6,169,856/9,120,000
  export 6,195,456/9,120,000
  export 6,221,056/9,120,000
  export 6,246,656/9,120,000
  export 6,272,256/9,120,000
  export 6,297,856/9,120,000
  export 6,323,456/9,120,000
  export 6,349,056/9,120,000
  export 6,374,656/9,120,000
  export 6,400,256/9,120,000
  export 6,425,856/9,120,000
  export 6,451,456/9,120,000
  export 6,477,056/9,120,000
  export 6,502,656/9,120,000
  export 6,528,256/9,120,000
  export 6,553,856/9,120,000
  export 6,579,456/9,120,000
  export 6,605,056/9,120,000
  export 6,630,656/9,120,000
  export 6,656,256/9,120,000
  export 6,681,856/9,120,000
  export 6,707,456/9,120,000
  export 6,733,056/9,120,000
  export 6,758,656/9,120,000
  export 6,784,256/9,120,000
  export 6,809,856/9,120,000
  export 6,835,456/9,120,000
  export 6,861,056/9,120,000
  export 6,886,656/9,120,000
  export 6,912,256/9,120,000
  export 6,937,856/9,120,000
  export 6,963,456/9,120,000
  export 6,989,056/9,120,000
  export 7,014,656/9,120,000
  export 7,040,256/9,120,000
  export 7,065,856/9,120,000
  export 7,091,456/9,120,000
  export 7,117,056/9,120,000
  export 7,142,656/9,120,000
  export 7,168,256/9,120,000
  export 7,193,856/9,120,000
  export 7,219,456/9,120,000
  export 7,245,056/9,120,000
  export 7,270,656/9,120,000
  export 7,296,256/9,120,000
  export 7,321,856/9,120,000
  export 7,347,456/9,120,000
  export 7,373,056/9,120,000
  export 7,398,656/9,120,000
  export 7,424,256/9,120,000
  export 7,449,856/9,120,000
  export 7,475,456/9,120,000
  export 7,501,056/9,120,000
  export 7,526,656/9,120,000
  export 7,552,256/9,120,000
  export 7,577,856/9,120,000
  export 7,603,456/9,120,000
  export 7,629,056/9,120,000
  export 7,654,656/9,120,000
  export 7,680,256/9,120,000
  export 7,705,856/9,120,000
  export 7,731,456/9,120,000
  export 7,757,056/9,120,000
  export 7,782,656/9,120,000
  export 7,808,256/9,120,000
  export 7,833,856/9,120,000
  export 7,859,456/9,120,000
  export 7,885,056/9,120,000
  export 7,910,656/9,120,000
  export 7,936,256/9,120,000
  export 7,961,856/9,120,000
  export 7,987,456/9,120,000
  export 8,013,056/9,120,000
  export 8,038,656/9,120,000
  export 8,064,256/9,120,000
  export 8,089,856/9,120,000
  export 8,115,456/9,120,000
  export 8,141,056/9,120,000
  export 8,166,656/9,120,000
  export 8,192,256/9,120,000
  export 8,217,856/9,120,000
  export 8,243,456/9,120,000
  export 8,269,056/9,120,000
  export 8,294,656/9,120,000
  export 8,320,256/9,120,000
  export 8,345,856/9,120,000
  export 8,371,456/9,120,000
  export 8,397,056/9,120,000
  export 8,422,656/9,120,000
  export 8,448,256/9,120,000
  export 8,473,856/9,120,000
  export 8,499,456/9,120,000
  export 8,525,056/9,120,000
  export 8,550,656/9,120,000
  export 8,576,256/9,120,000
  export 8,601,856/9,120,000
  export 8,627,456/9,120,000
  export 8,653,056/9,120,000
  export 8,678,656/9,120,000
  export 8,704,256/9,120,000
  export 8,729,856/9,120,000
  export 8,755,456/9,120,000
  export 8,781,056/9,120,000
  export 8,806,656/9,120,000
  export 8,832,256/9,120,000
  export 8,857,856/9,120,000
  export 8,883,456/9,120,000
  export 8,909,056/9,120,000
  export 8,934,656/9,120,000
  export 8,960,256/9,120,000
  export 8,985,856/9,120,000
  export 9,011,456/9,120,000
  export 9,037,056/9,120,000
  export 9,062,656/9,120,000
  export 9,088,256/9,120,000
  export 9,113,856/9,120,000
exported summaries -> /gscratch/ddehiwalage-don/sbi_master/cnn_vmim_/n3/seed_s3/summaries  t (9120000, 4)
