node=tycho58  gpus=2
[seed] global seed=2 deterministic=True
Stage1 arm=cnn_vmim_/n4/seed_s2 split_seed=42 init_seed=2
--> usable cores=4  num_workers=3
sigma floor for each parm: tensor([0., 0., 0., 0.]) jitter for each parm {}
[MODE] pure VMIM from epoch 0.
[PHASE] pure VMIM begins at epoch 1: arming probe-based early stopping from here.
Epoch 001 [VMIM] LR:2.00e-04 | train -1.092958 | val -2.260108
  saved best-by-loss.
Epoch 002 [VMIM] LR:2.00e-04 | train -2.518954 | val -3.068012
  saved best-by-loss.
Epoch 003 [VMIM] LR:2.00e-04 | train -2.766299 | val -3.487695
  saved best-by-loss.
Epoch 004 [VMIM] LR:2.00e-04 | train -2.981295 | val -3.074098
Epoch 005 [VMIM] LR:2.00e-04 | train -3.239247 | val -3.297942
[RF R2]  t0:0.926 | t1:0.060 | t2:-0.012 | t3:0.625
[q sigma] t0:0.087 | t1:0.233 | t2:0.350 | t3:0.189   (prior sigma ~0.29; floor = head.sigma_floor)
  saved best-by-probe (mean R2 0.400, pure-VMIM).
Epoch 006 [VMIM] LR:2.00e-04 | train -3.460127 | val -3.850216
  saved best-by-loss.
Epoch 007 [VMIM] LR:2.00e-04 | train -3.444004 | val -3.682124
Epoch 008 [VMIM] LR:2.00e-04 | train -3.603701 | val -3.558351
Epoch 009 [VMIM] LR:2.00e-04 | train -3.603135 | val -3.185797
Epoch 010 [VMIM] LR:2.00e-04 | train -3.750763 | val -4.217749
[RF R2]  t0:0.931 | t1:0.072 | t2:-0.047 | t3:0.648
[q sigma] t0:0.087 | t1:0.205 | t2:0.377 | t3:0.166   (prior sigma ~0.29; floor = head.sigma_floor)
  saved best-by-probe (mean R2 0.401, pure-VMIM).
  saved best-by-loss.
Epoch 011 [VMIM] LR:2.00e-04 | train -3.809141 | val -4.010072
Epoch 012 [VMIM] LR:2.00e-04 | train -3.927843 | val -3.703035
Epoch 013 [VMIM] LR:2.00e-04 | train -3.977003 | val -4.223047
  saved best-by-loss.
Epoch 014 [VMIM] LR:2.00e-04 | train -3.955828 | val -4.278271
  saved best-by-loss.
Epoch 015 [VMIM] LR:2.00e-04 | train -3.999371 | val -3.973930
[RF R2]  t0:0.934 | t1:0.181 | t2:0.022 | t3:0.691
[q sigma] t0:0.079 | t1:0.221 | t2:0.344 | t3:0.169   (prior sigma ~0.29; floor = head.sigma_floor)
  saved best-by-probe (mean R2 0.457, pure-VMIM).
Epoch 016 [VMIM] LR:2.00e-04 | train -4.102203 | val -4.236126
Epoch 017 [VMIM] LR:2.00e-04 | train -4.189798 | val -4.370165
  saved best-by-loss.
Epoch 018 [VMIM] LR:2.00e-04 | train -4.221288 | val -4.160176
Epoch 019 [VMIM] LR:2.00e-04 | train -4.257409 | val -4.579583
  saved best-by-loss.
Epoch 020 [VMIM] LR:2.00e-04 | train -4.410342 | val -4.860419
[RF R2]  t0:0.929 | t1:0.601 | t2:-0.038 | t3:0.800
[q sigma] t0:0.081 | t1:0.153 | t2:0.333 | t3:0.124   (prior sigma ~0.29; floor = head.sigma_floor)
  saved best-by-probe (mean R2 0.573, pure-VMIM).
  saved best-by-loss.
Epoch 021 [VMIM] LR:2.00e-04 | train -4.593218 | val -4.845490
Epoch 022 [VMIM] LR:2.00e-04 | train -4.818032 | val -5.162160
  saved best-by-loss.
Epoch 023 [VMIM] LR:2.00e-04 | train -5.181850 | val -5.157977
Epoch 024 [VMIM] LR:2.00e-04 | train -5.224250 | val -5.681116
  saved best-by-loss.
Epoch 025 [VMIM] LR:2.00e-04 | train -5.436161 | val -4.788429
[RF R2]  t0:0.929 | t1:0.903 | t2:-0.083 | t3:0.933
[q sigma] t0:0.081 | t1:0.077 | t2:0.338 | t3:0.080   (prior sigma ~0.29; floor = head.sigma_floor)
  saved best-by-probe (mean R2 0.670, pure-VMIM).
Epoch 026 [VMIM] LR:2.00e-04 | train -5.495240 | val -5.802406
  saved best-by-loss.
Epoch 027 [VMIM] LR:2.00e-04 | train -5.621723 | val -5.932193
  saved best-by-loss.
Epoch 028 [VMIM] LR:2.00e-04 | train -5.788790 | val -6.222389
  saved best-by-loss.
Epoch 029 [VMIM] LR:2.00e-04 | train -5.719841 | val -6.405623
  saved best-by-loss.
Epoch 030 [VMIM] LR:2.00e-04 | train -5.820951 | val -6.174416
[RF R2]  t0:0.928 | t1:0.944 | t2:-0.060 | t3:0.935
[q sigma] t0:0.075 | t1:0.067 | t2:0.318 | t3:0.058   (prior sigma ~0.29; floor = head.sigma_floor)
  saved best-by-probe (mean R2 0.687, pure-VMIM).
Epoch 031 [VMIM] LR:2.00e-04 | train -5.695841 | val -6.363373
Epoch 032 [VMIM] LR:2.00e-04 | train -5.886031 | val -6.230738
Epoch 033 [VMIM] LR:2.00e-04 | train -5.904188 | val -6.405916
  saved best-by-loss.
Epoch 034 [VMIM] LR:2.00e-04 | train -5.949454 | val -6.695243
  saved best-by-loss.
Epoch 035 [VMIM] LR:2.00e-04 | train -6.016250 | val -6.144241
[RF R2]  t0:0.931 | t1:0.932 | t2:-0.050 | t3:0.938
[q sigma] t0:0.075 | t1:0.057 | t2:0.350 | t3:0.055   (prior sigma ~0.29; floor = head.sigma_floor)
  saved best-by-probe (mean R2 0.688, pure-VMIM).
Epoch 036 [VMIM] LR:2.00e-04 | train -6.064435 | val -6.122125
Epoch 037 [VMIM] LR:2.00e-04 | train -6.107539 | val -6.594912
Epoch 038 [VMIM] LR:2.00e-04 | train -6.087234 | val -6.558349
Epoch 039 [VMIM] LR:2.00e-04 | train -5.929799 | val -6.389712
Epoch 040 [VMIM] LR:2.00e-04 | train -6.118753 | val -6.720280
[RF R2]  t0:0.933 | t1:0.939 | t2:-0.019 | t3:0.944
[q sigma] t0:0.083 | t1:0.053 | t2:0.363 | t3:0.052   (prior sigma ~0.29; floor = head.sigma_floor)
  saved best-by-probe (mean R2 0.699, pure-VMIM).
  saved best-by-loss.
Epoch 041 [VMIM] LR:2.00e-04 | train -6.193277 | val -6.243477
Epoch 042 [VMIM] LR:2.00e-04 | train -6.286801 | val -6.390822
Epoch 043 [VMIM] LR:2.00e-04 | train -6.293217 | val -6.329293
Epoch 044 [VMIM] LR:2.00e-04 | train -6.219980 | val -6.914764
  saved best-by-loss.
Epoch 045 [VMIM] LR:2.00e-04 | train -6.272799 | val -7.032700
[RF R2]  t0:0.935 | t1:0.937 | t2:-0.028 | t3:0.942
[q sigma] t0:0.076 | t1:0.053 | t2:0.337 | t3:0.053   (prior sigma ~0.29; floor = head.sigma_floor)
  saved best-by-loss.
Epoch 046 [VMIM] LR:2.00e-04 | train -6.366120 | val -7.022975
Epoch 047 [VMIM] LR:2.00e-04 | train -6.365630 | val -6.856346
Epoch 048 [VMIM] LR:2.00e-04 | train -6.343222 | val -6.617966
Epoch 049 [VMIM] LR:2.00e-04 | train -6.399601 | val -6.236726
Epoch 050 [VMIM] LR:2.00e-04 | train -6.430037 | val -6.860172
[RF R2]  t0:0.937 | t1:0.953 | t2:-0.005 | t3:0.942
[q sigma] t0:0.079 | t1:0.050 | t2:0.345 | t3:0.044   (prior sigma ~0.29; floor = head.sigma_floor)
  saved best-by-probe (mean R2 0.707, pure-VMIM).
Epoch 051 [VMIM] LR:2.00e-04 | train -6.395378 | val -6.625034
Epoch 052 [VMIM] LR:2.00e-04 | train -6.429606 | val -7.314660
  saved best-by-loss.
Epoch 053 [VMIM] LR:2.00e-04 | train -6.479929 | val -6.587029
Epoch 054 [VMIM] LR:2.00e-04 | train -6.517163 | val -7.290221
Epoch 055 [VMIM] LR:2.00e-04 | train -6.570109 | val -6.569956
[RF R2]  t0:0.937 | t1:0.941 | t2:-0.024 | t3:0.939
[q sigma] t0:0.067 | t1:0.057 | t2:0.311 | t3:0.048   (prior sigma ~0.29; floor = head.sigma_floor)
Epoch 056 [VMIM] LR:2.00e-04 | train -6.476642 | val -6.823448
Epoch 057 [VMIM] LR:2.00e-04 | train -6.585021 | val -6.630179
Epoch 058 [VMIM] LR:2.00e-04 | train -6.462160 | val -7.010277
Epoch 059 [VMIM] LR:2.00e-04 | train -6.556810 | val -7.038043
Epoch 060 [VMIM] LR:2.00e-04 | train -6.684230 | val -7.066330
[RF R2]  t0:0.940 | t1:0.930 | t2:-0.013 | t3:0.934
[q sigma] t0:0.073 | t1:0.043 | t2:0.362 | t3:0.049   (prior sigma ~0.29; floor = head.sigma_floor)
Epoch 061 [VMIM] LR:2.00e-04 | train -6.677810 | val -7.413184
  saved best-by-loss.
Epoch 062 [VMIM] LR:2.00e-04 | train -6.671986 | val -6.527203
Epoch 063 [VMIM] LR:2.00e-04 | train -6.789632 | val -7.235683
Epoch 064 [VMIM] LR:2.00e-04 | train -6.738182 | val -6.683751
Epoch 065 [VMIM] LR:2.00e-04 | train -6.709576 | val -7.155178
[RF R2]  t0:0.939 | t1:0.950 | t2:-0.057 | t3:0.948
[q sigma] t0:0.076 | t1:0.045 | t2:0.357 | t3:0.046   (prior sigma ~0.29; floor = head.sigma_floor)
Epoch 066 [VMIM] LR:2.00e-04 | train -6.796307 | val -7.154679
Epoch 067 [VMIM] LR:2.00e-04 | train -6.820277 | val -7.121379
Epoch 068 [VMIM] LR:2.00e-04 | train -6.779627 | val -6.818254
Epoch 069 [VMIM] LR:2.00e-04 | train -6.798018 | val -6.760796
Epoch 070 [VMIM] LR:2.00e-04 | train -6.873342 | val -7.029122
[RF R2]  t0:0.940 | t1:0.940 | t2:-0.005 | t3:0.943
[q sigma] t0:0.070 | t1:0.039 | t2:0.377 | t3:0.038   (prior sigma ~0.29; floor = head.sigma_floor)
Epoch 071 [VMIM] LR:2.00e-04 | train -6.939929 | val -7.473228
  saved best-by-loss.
Epoch 072 [VMIM] LR:2.00e-04 | train -6.884887 | val -7.818089
  saved best-by-loss.
Epoch 073 [VMIM] LR:2.00e-04 | train -6.924750 | val -6.904347
Epoch 074 [VMIM] LR:2.00e-04 | train -6.847435 | val -7.550001
Epoch 075 [VMIM] LR:2.00e-04 | train -6.926606 | val -6.682156
[RF R2]  t0:0.943 | t1:0.945 | t2:-0.049 | t3:0.942
[q sigma] t0:0.064 | t1:0.037 | t2:0.315 | t3:0.043   (prior sigma ~0.29; floor = head.sigma_floor)
Epoch 076 [VMIM] LR:2.00e-04 | train -6.968680 | val -7.565044
Epoch 077 [VMIM] LR:2.00e-04 | train -6.931380 | val -7.361796
Epoch 078 [VMIM] LR:2.00e-04 | train -7.020144 | val -7.164665
Epoch 079 [VMIM] LR:2.00e-04 | train -7.072753 | val -7.567459
Epoch 080 [VMIM] LR:2.00e-04 | train -7.018297 | val -7.679890
[RF R2]  t0:0.948 | t1:0.930 | t2:-0.041 | t3:0.933
[q sigma] t0:0.063 | t1:0.044 | t2:0.347 | t3:0.043   (prior sigma ~0.29; floor = head.sigma_floor)
Epoch 081 [VMIM] LR:2.00e-04 | train -7.146267 | val -7.614836
Epoch 082 [VMIM] LR:2.00e-04 | train -7.037251 | val -7.648630
Epoch 083 [VMIM] LR:2.00e-04 | train -7.195029 | val -7.760369
Epoch 084 [VMIM] LR:2.00e-04 | train -7.064055 | val -8.037635
  saved best-by-loss.
Epoch 085 [VMIM] LR:2.00e-04 | train -7.188735 | val -7.386822
[RF R2]  t0:0.947 | t1:0.920 | t2:0.078 | t3:0.935
[q sigma] t0:0.061 | t1:0.044 | t2:0.319 | t3:0.047   (prior sigma ~0.29; floor = head.sigma_floor)
  saved best-by-probe (mean R2 0.720, pure-VMIM).
Epoch 086 [VMIM] LR:2.00e-04 | train -7.273146 | val -7.366599
Epoch 087 [VMIM] LR:2.00e-04 | train -7.269500 | val -7.743680
Epoch 088 [VMIM] LR:2.00e-04 | train -7.285803 | val -6.847025
Epoch 089 [VMIM] LR:2.00e-04 | train -7.328219 | val -7.507219
Epoch 090 [VMIM] LR:2.00e-04 | train -7.373735 | val -7.821964
[RF R2]  t0:0.962 | t1:0.945 | t2:0.429 | t3:0.929
[q sigma] t0:0.046 | t1:0.037 | t2:0.231 | t3:0.036   (prior sigma ~0.29; floor = head.sigma_floor)
  saved best-by-probe (mean R2 0.816, pure-VMIM).
Epoch 091 [VMIM] LR:2.00e-04 | train -7.548031 | val -7.919499
Epoch 092 [VMIM] LR:2.00e-04 | train -7.605074 | val -7.772095
Epoch 093 [VMIM] LR:2.00e-04 | train -7.845421 | val -7.967304
Epoch 094 [VMIM] LR:2.00e-04 | train -7.823694 | val -8.365699
  saved best-by-loss.
Epoch 095 [VMIM] LR:2.00e-04 | train -7.722392 | val -8.155957
[RF R2]  t0:0.963 | t1:0.942 | t2:0.695 | t3:0.933
[q sigma] t0:0.034 | t1:0.043 | t2:0.169 | t3:0.040   (prior sigma ~0.29; floor = head.sigma_floor)
  saved best-by-probe (mean R2 0.883, pure-VMIM).
Epoch 096 [VMIM] LR:2.00e-04 | train -7.964040 | val -8.359039
Epoch 097 [VMIM] LR:2.00e-04 | train -8.058806 | val -8.632962
  saved best-by-loss.
Epoch 098 [VMIM] LR:2.00e-04 | train -8.015441 | val -8.001617
Epoch 099 [VMIM] LR:2.00e-04 | train -8.141684 | val -8.459103
Epoch 100 [VMIM] LR:2.00e-04 | train -8.170341 | val -8.244794
[RF R2]  t0:0.967 | t1:0.932 | t2:0.714 | t3:0.916
[q sigma] t0:0.035 | t1:0.042 | t2:0.190 | t3:0.042   (prior sigma ~0.29; floor = head.sigma_floor)
Epoch 101 [VMIM] LR:2.00e-04 | train -8.096874 | val -8.432837
Epoch 102 [VMIM] LR:2.00e-04 | train -8.336194 | val -8.749170
  saved best-by-loss.
Epoch 103 [VMIM] LR:2.00e-04 | train -8.251851 | val -8.603758
Epoch 104 [VMIM] LR:2.00e-04 | train -8.352522 | val -8.867153
  saved best-by-loss.
Epoch 105 [VMIM] LR:2.00e-04 | train -8.261129 | val -8.874475
[RF R2]  t0:0.969 | t1:0.937 | t2:0.763 | t3:0.936
[q sigma] t0:0.031 | t1:0.034 | t2:0.144 | t3:0.035   (prior sigma ~0.29; floor = head.sigma_floor)
  saved best-by-probe (mean R2 0.901, pure-VMIM).
  saved best-by-loss.
Epoch 106 [VMIM] LR:2.00e-04 | train -8.363286 | val -8.592491
Epoch 107 [VMIM] LR:2.00e-04 | train -8.382527 | val -8.479089
Epoch 108 [VMIM] LR:2.00e-04 | train -8.387422 | val -8.918746
  saved best-by-loss.
Epoch 109 [VMIM] LR:2.00e-04 | train -8.408957 | val -9.510666
  saved best-by-loss.
Epoch 110 [VMIM] LR:2.00e-04 | train -8.351444 | val -8.792378
[RF R2]  t0:0.975 | t1:0.910 | t2:0.763 | t3:0.899
[q sigma] t0:0.030 | t1:0.038 | t2:0.144 | t3:0.050   (prior sigma ~0.29; floor = head.sigma_floor)
Epoch 111 [VMIM] LR:2.00e-04 | train -8.477088 | val -8.239887
Epoch 112 [VMIM] LR:2.00e-04 | train -8.478907 | val -8.797411
Epoch 113 [VMIM] LR:2.00e-04 | train -8.482766 | val -9.419319
Epoch 114 [VMIM] LR:2.00e-04 | train -8.547301 | val -9.180924
Epoch 115 [VMIM] LR:2.00e-04 | train -8.547218 | val -8.942845
[RF R2]  t0:0.973 | t1:0.922 | t2:0.798 | t3:0.916
[q sigma] t0:0.030 | t1:0.038 | t2:0.133 | t3:0.044   (prior sigma ~0.29; floor = head.sigma_floor)
  saved best-by-probe (mean R2 0.902, pure-VMIM).
Epoch 116 [VMIM] LR:2.00e-04 | train -8.563720 | val -9.031361
Epoch 117 [VMIM] LR:2.00e-04 | train -8.628074 | val -8.822769
Epoch 118 [VMIM] LR:2.00e-04 | train -8.637372 | val -8.962066
Epoch 119 [VMIM] LR:2.00e-04 | train -8.649811 | val -9.437010
Epoch 120 [VMIM] LR:2.00e-04 | train -8.540939 | val -8.935154
[RF R2]  t0:0.973 | t1:0.920 | t2:0.782 | t3:0.910
[q sigma] t0:0.026 | t1:0.044 | t2:0.128 | t3:0.044   (prior sigma ~0.29; floor = head.sigma_floor)
Epoch 121 [VMIM] LR:2.00e-04 | train -8.564390 | val -9.156547
Epoch 122 [VMIM] LR:2.00e-04 | train -8.695080 | val -9.611005
  saved best-by-loss.
Epoch 123 [VMIM] LR:2.00e-04 | train -8.700611 | val -9.033355
Epoch 124 [VMIM] LR:2.00e-04 | train -8.667955 | val -9.162377
Epoch 125 [VMIM] LR:2.00e-04 | train -8.816032 | val -9.003910
[RF R2]  t0:0.972 | t1:0.919 | t2:0.772 | t3:0.918
[q sigma] t0:0.026 | t1:0.037 | t2:0.125 | t3:0.043   (prior sigma ~0.29; floor = head.sigma_floor)
Epoch 126 [VMIM] LR:2.00e-04 | train -8.856025 | val -9.435003
Epoch 127 [VMIM] LR:2.00e-04 | train -8.755123 | val -9.328738
Epoch 128 [VMIM] LR:2.00e-04 | train -8.708212 | val -9.112002
Epoch 129 [VMIM] LR:2.00e-04 | train -8.807774 | val -9.458377
Epoch 130 [VMIM] LR:2.00e-04 | train -8.816847 | val -9.066560
[RF R2]  t0:0.974 | t1:0.921 | t2:0.807 | t3:0.923
[q sigma] t0:0.025 | t1:0.032 | t2:0.119 | t3:0.040   (prior sigma ~0.29; floor = head.sigma_floor)
  saved best-by-probe (mean R2 0.906, pure-VMIM).
Epoch 131 [VMIM] LR:2.00e-04 | train -8.940592 | val -9.668189
  saved best-by-loss.
Epoch 132 [VMIM] LR:2.00e-04 | train -8.840393 | val -9.360819
Epoch 133 [VMIM] LR:2.00e-04 | train -8.948150 | val -8.828448
Epoch 134 [VMIM] LR:2.00e-04 | train -8.894164 | val -9.968564
  saved best-by-loss.
Epoch 135 [VMIM] LR:2.00e-04 | train -8.802719 | val -9.401353
[RF R2]  t0:0.973 | t1:0.926 | t2:0.766 | t3:0.923
[q sigma] t0:0.026 | t1:0.033 | t2:0.111 | t3:0.034   (prior sigma ~0.29; floor = head.sigma_floor)
Epoch 136 [VMIM] LR:2.00e-04 | train -8.939813 | val -9.583215
Epoch 137 [VMIM] LR:2.00e-04 | train -8.879086 | val -9.359577
Epoch 138 [VMIM] LR:2.00e-04 | train -9.099834 | val -9.468317
Epoch 139 [VMIM] LR:2.00e-04 | train -8.932742 | val -9.260102
Epoch 140 [VMIM] LR:2.00e-04 | train -9.046878 | val -9.162760
[RF R2]  t0:0.970 | t1:0.929 | t2:0.811 | t3:0.917
[q sigma] t0:0.025 | t1:0.033 | t2:0.111 | t3:0.036   (prior sigma ~0.29; floor = head.sigma_floor)
  saved best-by-probe (mean R2 0.907, pure-VMIM).
Epoch 141 [VMIM] LR:2.00e-04 | train -8.993899 | val -9.494326
Epoch 142 [VMIM] LR:2.00e-04 | train -9.065219 | val -9.336492
Epoch 143 [VMIM] LR:2.00e-04 | train -8.932248 | val -9.470037
Epoch 144 [VMIM] LR:2.00e-04 | train -9.063635 | val -9.727953
Epoch 145 [VMIM] LR:2.00e-04 | train -9.022329 | val -8.987333
[RF R2]  t0:0.968 | t1:0.923 | t2:0.789 | t3:0.915
[q sigma] t0:0.025 | t1:0.035 | t2:0.112 | t3:0.030   (prior sigma ~0.29; floor = head.sigma_floor)
Epoch 146 [VMIM] LR:2.00e-04 | train -9.137192 | val -9.953173
Epoch 147 [VMIM] LR:2.00e-04 | train -9.115966 | val -9.576416
Epoch 148 [VMIM] LR:2.00e-04 | train -9.024880 | val -9.597484
Epoch 149 [VMIM] LR:2.00e-04 | train -9.170652 | val -9.847480
Epoch 150 [VMIM] LR:2.00e-04 | train -9.221647 | val -9.382136
[RF R2]  t0:0.971 | t1:0.898 | t2:0.831 | t3:0.916
[q sigma] t0:0.026 | t1:0.038 | t2:0.126 | t3:0.045   (prior sigma ~0.29; floor = head.sigma_floor)
Epoch 151 [VMIM] LR:2.00e-04 | train -9.100342 | val -9.429814
Epoch 152 [VMIM] LR:2.00e-04 | train -9.077280 | val -9.058682
Epoch 153 [VMIM] LR:2.00e-04 | train -9.151048 | val -9.862219
Epoch 154 [VMIM] LR:2.00e-04 | train -9.120942 | val -8.284349
Epoch 155 [VMIM] LR:2.00e-04 | train -8.945083 | val -9.489651
[RF R2]  t0:0.966 | t1:0.906 | t2:0.801 | t3:0.914
[q sigma] t0:0.026 | t1:0.032 | t2:0.114 | t3:0.037   (prior sigma ~0.29; floor = head.sigma_floor)
Epoch 156 [VMIM] LR:2.00e-04 | train -9.335985 | val -9.736145
Epoch 157 [VMIM] LR:2.00e-04 | train -9.164347 | val -10.161393
  saved best-by-loss.
Epoch 158 [VMIM] LR:2.00e-04 | train -9.286874 | val -9.770398
Epoch 159 [VMIM] LR:2.00e-04 | train -9.236004 | val -8.933090
Epoch 160 [VMIM] LR:2.00e-04 | train -9.196235 | val -10.238275
[RF R2]  t0:0.970 | t1:0.927 | t2:0.823 | t3:0.912
[q sigma] t0:0.024 | t1:0.032 | t2:0.104 | t3:0.038   (prior sigma ~0.29; floor = head.sigma_floor)
  saved best-by-probe (mean R2 0.908, pure-VMIM).
  saved best-by-loss.
Epoch 161 [VMIM] LR:2.00e-04 | train -9.125808 | val -9.591633
Epoch 162 [VMIM] LR:2.00e-04 | train -9.215647 | val -9.959348
Epoch 163 [VMIM] LR:2.00e-04 | train -9.329653 | val -9.109924
Epoch 164 [VMIM] LR:2.00e-04 | train -9.206212 | val -9.089169
Epoch 165 [VMIM] LR:2.00e-04 | train -9.313493 | val -9.747656
[RF R2]  t0:0.972 | t1:0.910 | t2:0.813 | t3:0.918
[q sigma] t0:0.022 | t1:0.032 | t2:0.110 | t3:0.034   (prior sigma ~0.29; floor = head.sigma_floor)
Epoch 166 [VMIM] LR:2.00e-04 | train -9.268036 | val -9.462921
Epoch 167 [VMIM] LR:2.00e-04 | train -9.294685 | val -10.088268
Epoch 168 [VMIM] LR:2.00e-04 | train -9.292921 | val -9.841825
Epoch 169 [VMIM] LR:2.00e-04 | train -9.224353 | val -10.139952
Epoch 170 [VMIM] LR:2.00e-04 | train -9.257976 | val -9.425419
[RF R2]  t0:0.966 | t1:0.923 | t2:0.823 | t3:0.919
[q sigma] t0:0.023 | t1:0.036 | t2:0.101 | t3:0.037   (prior sigma ~0.29; floor = head.sigma_floor)
Epoch 171 [VMIM] LR:2.00e-04 | train -9.340258 | val -9.890008
Epoch 172 [VMIM] LR:2.00e-04 | train -9.335229 | val -10.144715
Epoch 173 [VMIM] LR:2.00e-04 | train -9.427957 | val -9.980332
Epoch 174 [VMIM] LR:2.00e-04 | train -9.440843 | val -10.030937
Epoch 175 [VMIM] LR:2.00e-04 | train -9.448410 | val -9.810888
[RF R2]  t0:0.969 | t1:0.924 | t2:0.824 | t3:0.909
[q sigma] t0:0.022 | t1:0.030 | t2:0.099 | t3:0.034   (prior sigma ~0.29; floor = head.sigma_floor)
Epoch 176 [VMIM] LR:2.00e-04 | train -9.586390 | val -10.258774
  saved best-by-loss.
Epoch 177 [VMIM] LR:2.00e-04 | train -9.385866 | val -10.299799
  saved best-by-loss.
Epoch 178 [VMIM] LR:2.00e-04 | train -9.555796 | val -9.767168
Epoch 179 [VMIM] LR:2.00e-04 | train -9.448277 | val -9.354187
Epoch 180 [VMIM] LR:2.00e-04 | train -9.398007 | val -9.428615
[RF R2]  t0:0.972 | t1:0.921 | t2:0.827 | t3:0.911
[q sigma] t0:0.021 | t1:0.030 | t2:0.087 | t3:0.037   (prior sigma ~0.29; floor = head.sigma_floor)
Epoch 181 [VMIM] LR:2.00e-04 | train -9.502648 | val -10.161492
Epoch 182 [VMIM] LR:2.00e-04 | train -9.546745 | val -10.423075
  saved best-by-loss.
Epoch 183 [VMIM] LR:2.00e-04 | train -9.621384 | val -10.747833
  saved best-by-loss.
Epoch 184 [VMIM] LR:2.00e-04 | train -9.519475 | val -10.079176
Epoch 185 [VMIM] LR:2.00e-04 | train -9.569208 | val -10.520709
[RF R2]  t0:0.971 | t1:0.900 | t2:0.818 | t3:0.903
[q sigma] t0:0.023 | t1:0.032 | t2:0.095 | t3:0.036   (prior sigma ~0.29; floor = head.sigma_floor)
Epoch 186 [VMIM] LR:2.00e-04 | train -9.579109 | val -10.352063
Epoch 187 [VMIM] LR:2.00e-04 | train -9.351019 | val -10.323862
Epoch 188 [VMIM] LR:2.00e-04 | train -9.376246 | val -10.150677
Epoch 189 [VMIM] LR:2.00e-04 | train -9.576191 | val -9.877370
Epoch 190 [VMIM] LR:2.00e-04 | train -9.534553 | val -10.026823
[RF R2]  t0:0.972 | t1:0.932 | t2:0.836 | t3:0.921
[q sigma] t0:0.023 | t1:0.030 | t2:0.095 | t3:0.028   (prior sigma ~0.29; floor = head.sigma_floor)
  saved best-by-probe (mean R2 0.915, pure-VMIM).
Epoch 191 [VMIM] LR:2.00e-04 | train -9.533462 | val -9.520881
Epoch 192 [VMIM] LR:2.00e-04 | train -9.650037 | val -9.733754
Epoch 193 [VMIM] LR:2.00e-04 | train -9.661244 | val -10.206240
Epoch 194 [VMIM] LR:2.00e-04 | train -9.662404 | val -9.831844
Epoch 195 [VMIM] LR:2.00e-04 | train -9.510259 | val -8.899206
[RF R2]  t0:0.963 | t1:0.900 | t2:0.821 | t3:0.893
[q sigma] t0:0.024 | t1:0.038 | t2:0.116 | t3:0.044   (prior sigma ~0.29; floor = head.sigma_floor)
Epoch 196 [VMIM] LR:2.00e-04 | train -9.512468 | val -10.072155
Epoch 197 [VMIM] LR:2.00e-04 | train -9.545739 | val -9.796892
Epoch 198 [VMIM] LR:2.00e-04 | train -9.673654 | val -10.262441
Epoch 199 [VMIM] LR:2.00e-04 | train -9.631624 | val -9.509343
Epoch 200 [VMIM] LR:2.00e-04 | train -9.487468 | val -9.636832
[RF R2]  t0:0.969 | t1:0.919 | t2:0.838 | t3:0.902
[q sigma] t0:0.023 | t1:0.037 | t2:0.089 | t3:0.036   (prior sigma ~0.29; floor = head.sigma_floor)
Epoch 201 [VMIM] LR:2.00e-04 | train -9.737767 | val -10.311525
Epoch 202 [VMIM] LR:2.00e-04 | train -9.723842 | val -10.152952
Epoch 203 [VMIM] LR:2.00e-04 | train -9.777322 | val -10.142081
Epoch 204 [VMIM] LR:2.00e-04 | train -9.631220 | val -10.737760
Epoch 205 [VMIM] LR:2.00e-04 | train -9.731626 | val -10.390004
[RF R2]  t0:0.966 | t1:0.913 | t2:0.815 | t3:0.906
[q sigma] t0:0.023 | t1:0.033 | t2:0.103 | t3:0.029   (prior sigma ~0.29; floor = head.sigma_floor)
Epoch 206 [VMIM] LR:2.00e-04 | train -9.591346 | val -10.493562
Epoch 207 [VMIM] LR:2.00e-04 | train -9.588334 | val -10.709099
Epoch 208 [VMIM] LR:2.00e-04 | train -9.725735 | val -10.363721
Epoch 209 [VMIM] LR:2.00e-04 | train -9.695798 | val -10.144614
Epoch 210 [VMIM] LR:2.00e-04 | train -9.637961 | val -10.422481
[RF R2]  t0:0.966 | t1:0.923 | t2:0.829 | t3:0.909
[q sigma] t0:0.022 | t1:0.035 | t2:0.087 | t3:0.036   (prior sigma ~0.29; floor = head.sigma_floor)
Epoch 211 [VMIM] LR:2.00e-04 | train -9.901483 | val -9.940801
Epoch 212 [VMIM] LR:2.00e-04 | train -9.716839 | val -10.570412
Epoch 213 [VMIM] LR:2.00e-04 | train -9.629711 | val -10.226490
Epoch 214 [VMIM] LR:2.00e-04 | train -9.870926 | val -10.409495
Epoch 215 [VMIM] LR:2.00e-04 | train -9.814880 | val -9.684004
[RF R2]  t0:0.963 | t1:0.937 | t2:0.797 | t3:0.911
[q sigma] t0:0.020 | t1:0.039 | t2:0.089 | t3:0.036   (prior sigma ~0.29; floor = head.sigma_floor)
Epoch 216 [VMIM] LR:2.00e-04 | train -9.659768 | val -10.007584
Epoch 217 [VMIM] LR:2.00e-04 | train -9.885373 | val -10.494836
Epoch 218 [VMIM] LR:2.00e-04 | train -9.693598 | val -9.874694
Epoch 219 [VMIM] LR:1.00e-04 | train -9.879900 | val -10.381779
Epoch 220 [VMIM] LR:1.00e-04 | train -10.888338 | val -12.050577
[RF R2]  t0:0.964 | t1:0.916 | t2:0.828 | t3:0.905
[q sigma] t0:0.017 | t1:0.024 | t2:0.072 | t3:0.023   (prior sigma ~0.29; floor = head.sigma_floor)
  saved best-by-loss.
Epoch 221 [VMIM] LR:1.00e-04 | train -11.012162 | val -11.832835
Epoch 222 [VMIM] LR:1.00e-04 | train -10.974818 | val -11.715630
Epoch 223 [VMIM] LR:1.00e-04 | train -10.986226 | val -11.678022
Epoch 224 [VMIM] LR:1.00e-04 | train -11.032552 | val -11.781105
Epoch 225 [VMIM] LR:1.00e-04 | train -11.019798 | val -11.948417
[RF R2]  t0:0.967 | t1:0.913 | t2:0.832 | t3:0.902
[q sigma] t0:0.018 | t1:0.024 | t2:0.077 | t3:0.025   (prior sigma ~0.29; floor = head.sigma_floor)
Epoch 226 [VMIM] LR:1.00e-04 | train -11.066489 | val -11.740283
Epoch 227 [VMIM] LR:1.00e-04 | train -10.921581 | val -11.893805
Epoch 228 [VMIM] LR:1.00e-04 | train -11.049135 | val -11.961500
Epoch 229 [VMIM] LR:1.00e-04 | train -10.959306 | val -11.570182
Epoch 230 [VMIM] LR:1.00e-04 | train -11.121787 | val -11.908661
[RF R2]  t0:0.962 | t1:0.924 | t2:0.836 | t3:0.904
[q sigma] t0:0.017 | t1:0.025 | t2:0.074 | t3:0.026   (prior sigma ~0.29; floor = head.sigma_floor)
Epoch 231 [VMIM] LR:1.00e-04 | train -11.060007 | val -11.887562
Epoch 232 [VMIM] LR:1.00e-04 | train -11.164242 | val -10.737319
Epoch 233 [VMIM] LR:1.00e-04 | train -11.145111 | val -11.864254
Epoch 234 [VMIM] LR:1.00e-04 | train -11.064606 | val -12.233639
  saved best-by-loss.
Epoch 235 [VMIM] LR:1.00e-04 | train -11.104862 | val -11.913583
[RF R2]  t0:0.962 | t1:0.933 | t2:0.824 | t3:0.908
[q sigma] t0:0.017 | t1:0.024 | t2:0.071 | t3:0.023   (prior sigma ~0.29; floor = head.sigma_floor)
Epoch 236 [VMIM] LR:1.00e-04 | train -11.129964 | val -11.870457
Epoch 237 [VMIM] LR:1.00e-04 | train -11.011854 | val -12.114428
Epoch 238 [VMIM] LR:1.00e-04 | train -11.221870 | val -11.239038
Epoch 239 [VMIM] LR:1.00e-04 | train -11.165442 | val -11.896527
Epoch 240 [VMIM] LR:1.00e-04 | train -11.150150 | val -11.843817
[RF R2]  t0:0.963 | t1:0.928 | t2:0.830 | t3:0.900
[q sigma] t0:0.017 | t1:0.024 | t2:0.073 | t3:0.023   (prior sigma ~0.29; floor = head.sigma_floor)
Epoch 241 [VMIM] LR:1.00e-04 | train -11.195841 | val -11.847832
Epoch 242 [VMIM] LR:1.00e-04 | train -11.144872 | val -12.028695
Epoch 243 [VMIM] LR:1.00e-04 | train -11.208744 | val -12.029458
Epoch 244 [VMIM] LR:1.00e-04 | train -11.182946 | val -12.137649
Epoch 245 [VMIM] LR:1.00e-04 | train -11.164680 | val -12.047491
[RF R2]  t0:0.962 | t1:0.922 | t2:0.832 | t3:0.909
[q sigma] t0:0.018 | t1:0.028 | t2:0.075 | t3:0.026   (prior sigma ~0.29; floor = head.sigma_floor)
Epoch 246 [VMIM] LR:1.00e-04 | train -11.103502 | val -11.533402
Epoch 247 [VMIM] LR:1.00e-04 | train -11.264099 | val -12.326252
  saved best-by-loss.
Epoch 248 [VMIM] LR:1.00e-04 | train -11.120964 | val -11.913569
Epoch 249 [VMIM] LR:1.00e-04 | train -11.168837 | val -11.435026
Epoch 250 [VMIM] LR:1.00e-04 | train -11.257036 | val -12.085483
[RF R2]  t0:0.962 | t1:0.915 | t2:0.812 | t3:0.907
[q sigma] t0:0.017 | t1:0.022 | t2:0.067 | t3:0.026   (prior sigma ~0.29; floor = head.sigma_floor)
Epoch 251 [VMIM] LR:1.00e-04 | train -11.214239 | val -11.887224
Epoch 252 [VMIM] LR:1.00e-04 | train -11.174271 | val -11.975554
Epoch 253 [VMIM] LR:1.00e-04 | train -11.147376 | val -11.759859
Epoch 254 [VMIM] LR:1.00e-04 | train -11.329781 | val -12.239796
Epoch 255 [VMIM] LR:1.00e-04 | train -11.319860 | val -12.247415
[RF R2]  t0:0.961 | t1:0.926 | t2:0.834 | t3:0.903
[q sigma] t0:0.016 | t1:0.022 | t2:0.069 | t3:0.024   (prior sigma ~0.29; floor = head.sigma_floor)
Epoch 256 [VMIM] LR:1.00e-04 | train -11.332749 | val -12.346141
  saved best-by-loss.
Epoch 257 [VMIM] LR:1.00e-04 | train -11.293691 | val -12.163227
Epoch 258 [VMIM] LR:1.00e-04 | train -11.293199 | val -12.331265
Epoch 259 [VMIM] LR:1.00e-04 | train -11.262689 | val -11.339641
Epoch 260 [VMIM] LR:1.00e-04 | train -11.219799 | val -12.047216
[RF R2]  t0:0.964 | t1:0.917 | t2:0.851 | t3:0.901
[q sigma] t0:0.017 | t1:0.022 | t2:0.071 | t3:0.024   (prior sigma ~0.29; floor = head.sigma_floor)
Epoch 261 [VMIM] LR:1.00e-04 | train -11.119127 | val -11.952020
Epoch 262 [VMIM] LR:1.00e-04 | train -11.299925 | val -12.141269
Epoch 263 [VMIM] LR:1.00e-04 | train -11.323633 | val -11.969986
Epoch 264 [VMIM] LR:1.00e-04 | train -11.241714 | val -12.338227
Epoch 265 [VMIM] LR:1.00e-04 | train -11.331772 | val -12.155698
[RF R2]  t0:0.962 | t1:0.909 | t2:0.832 | t3:0.898
[q sigma] t0:0.016 | t1:0.022 | t2:0.065 | t3:0.022   (prior sigma ~0.29; floor = head.sigma_floor)
Epoch 266 [VMIM] LR:1.00e-04 | train -11.147866 | val -11.595996
Epoch 267 [VMIM] LR:1.00e-04 | train -11.342378 | val -11.625022
Epoch 268 [VMIM] LR:1.00e-04 | train -11.298852 | val -12.154087
Epoch 269 [VMIM] LR:1.00e-04 | train -11.336251 | val -12.511063
  saved best-by-loss.
Epoch 270 [VMIM] LR:1.00e-04 | train -11.317864 | val -11.412482
[RF R2]  t0:0.960 | t1:0.903 | t2:0.851 | t3:0.888
[q sigma] t0:0.017 | t1:0.025 | t2:0.071 | t3:0.030   (prior sigma ~0.29; floor = head.sigma_floor)
Epoch 271 [VMIM] LR:1.00e-04 | train -11.280116 | val -11.913001
Epoch 272 [VMIM] LR:1.00e-04 | train -11.267543 | val -12.239598
Epoch 273 [VMIM] LR:1.00e-04 | train -11.362128 | val -12.353007
Epoch 274 [VMIM] LR:1.00e-04 | train -11.299275 | val -12.437816
Epoch 275 [VMIM] LR:1.00e-04 | train -11.319058 | val -11.200485
[RF R2]  t0:0.963 | t1:0.892 | t2:0.841 | t3:0.870
[q sigma] t0:0.016 | t1:0.026 | t2:0.068 | t3:0.025   (prior sigma ~0.29; floor = head.sigma_floor)
Epoch 276 [VMIM] LR:1.00e-04 | train -11.166419 | val -12.118889
Epoch 277 [VMIM] LR:1.00e-04 | train -11.356563 | val -12.272323
Epoch 278 [VMIM] LR:1.00e-04 | train -11.301627 | val -11.563524
Epoch 279 [VMIM] LR:1.00e-04 | train -11.302519 | val -12.174245
Epoch 280 [VMIM] LR:1.00e-04 | train -11.427577 | val -12.357044
[RF R2]  t0:0.962 | t1:0.898 | t2:0.845 | t3:0.879
[q sigma] t0:0.016 | t1:0.021 | t2:0.066 | t3:0.024   (prior sigma ~0.29; floor = head.sigma_floor)
Epoch 281 [VMIM] LR:1.00e-04 | train -11.290199 | val -12.015907
Epoch 282 [VMIM] LR:1.00e-04 | train -11.344515 | val -11.981886
Epoch 283 [VMIM] LR:1.00e-04 | train -11.328758 | val -11.901624
Epoch 284 [VMIM] LR:1.00e-04 | train -11.313034 | val -12.068622
Epoch 285 [VMIM] LR:1.00e-04 | train -11.309256 | val -11.936234
[RF R2]  t0:0.962 | t1:0.897 | t2:0.851 | t3:0.861
[q sigma] t0:0.016 | t1:0.027 | t2:0.066 | t3:0.028   (prior sigma ~0.29; floor = head.sigma_floor)
Epoch 286 [VMIM] LR:1.00e-04 | train -11.393625 | val -12.035586
Epoch 287 [VMIM] LR:1.00e-04 | train -11.250071 | val -12.377084
Epoch 288 [VMIM] LR:1.00e-04 | train -11.386020 | val -11.893836
Epoch 289 [VMIM] LR:1.00e-04 | train -11.443311 | val -12.368310
Epoch 290 [VMIM] LR:1.00e-04 | train -11.416150 | val -12.300019
[RF R2]  t0:0.962 | t1:0.897 | t2:0.829 | t3:0.889
[q sigma] t0:0.016 | t1:0.023 | t2:0.067 | t3:0.023   (prior sigma ~0.29; floor = head.sigma_floor)
Epoch 291 [VMIM] LR:1.00e-04 | train -11.308137 | val -12.270445
Epoch 292 [VMIM] LR:1.00e-04 | train -11.306689 | val -11.414219
Epoch 293 [VMIM] LR:1.00e-04 | train -11.404765 | val -12.242751
Epoch 294 [VMIM] LR:1.00e-04 | train -11.445058 | val -12.215857
Epoch 295 [VMIM] LR:1.00e-04 | train -11.450023 | val -12.282973
[RF R2]  t0:0.958 | t1:0.935 | t2:0.831 | t3:0.898
[q sigma] t0:0.016 | t1:0.024 | t2:0.064 | t3:0.025   (prior sigma ~0.29; floor = head.sigma_floor)
Epoch 296 [VMIM] LR:1.00e-04 | train -11.418630 | val -12.261823
Epoch 297 [VMIM] LR:1.00e-04 | train -11.518433 | val -11.734427
Epoch 298 [VMIM] LR:1.00e-04 | train -11.455830 | val -12.086876
Epoch 299 [VMIM] LR:1.00e-04 | train -11.373184 | val -11.938846
Epoch 300 [VMIM] LR:1.00e-04 | train -11.373785 | val -12.158587
[RF R2]  t0:0.957 | t1:0.920 | t2:0.829 | t3:0.885
[q sigma] t0:0.017 | t1:0.023 | t2:0.071 | t3:0.026   (prior sigma ~0.29; floor = head.sigma_floor)
Epoch 301 [VMIM] LR:1.00e-04 | train -11.428177 | val -12.218528
Epoch 302 [VMIM] LR:1.00e-04 | train -11.394389 | val -11.958193
Epoch 303 [VMIM] LR:1.00e-04 | train -11.301075 | val -11.771487
Epoch 304 [VMIM] LR:1.00e-04 | train -11.370703 | val -12.219226
Epoch 305 [VMIM] LR:5.00e-05 | train -11.511970 | val -12.317470
[RF R2]  t0:0.962 | t1:0.928 | t2:0.831 | t3:0.877
[q sigma] t0:0.016 | t1:0.022 | t2:0.066 | t3:0.023   (prior sigma ~0.29; floor = head.sigma_floor)
Epoch 306 [VMIM] LR:5.00e-05 | train -12.149875 | val -13.031372
  saved best-by-loss.
Epoch 307 [VMIM] LR:5.00e-05 | train -12.181934 | val -13.295090
  saved best-by-loss.
Epoch 308 [VMIM] LR:5.00e-05 | train -12.174369 | val -13.170938
Epoch 309 [VMIM] LR:5.00e-05 | train -12.241236 | val -13.326328
  saved best-by-loss.
Epoch 310 [VMIM] LR:5.00e-05 | train -12.249594 | val -13.131190
[RF R2]  t0:0.960 | t1:0.923 | t2:0.840 | t3:0.900
[q sigma] t0:0.014 | t1:0.020 | t2:0.056 | t3:0.020   (prior sigma ~0.29; floor = head.sigma_floor)
Epoch 311 [VMIM] LR:5.00e-05 | train -12.300161 | val -13.346846
  saved best-by-loss.
Epoch 312 [VMIM] LR:5.00e-05 | train -12.203873 | val -13.083778
Epoch 313 [VMIM] LR:5.00e-05 | train -12.324473 | val -13.172136
Epoch 314 [VMIM] LR:5.00e-05 | train -12.273547 | val -13.084022
Epoch 315 [VMIM] LR:5.00e-05 | train -12.254070 | val -12.919164
[RF R2]  t0:0.959 | t1:0.916 | t2:0.823 | t3:0.896
[q sigma] t0:0.013 | t1:0.018 | t2:0.056 | t3:0.021   (prior sigma ~0.29; floor = head.sigma_floor)
Epoch 316 [VMIM] LR:5.00e-05 | train -12.261521 | val -13.359019
  saved best-by-loss.
Epoch 317 [VMIM] LR:5.00e-05 | train -12.295995 | val -13.419331
  saved best-by-loss.
Epoch 318 [VMIM] LR:5.00e-05 | train -12.301373 | val -13.143655
Epoch 319 [VMIM] LR:5.00e-05 | train -12.291766 | val -13.050222
Epoch 320 [VMIM] LR:5.00e-05 | train -12.247671 | val -13.170915
[RF R2]  t0:0.960 | t1:0.915 | t2:0.830 | t3:0.877
[q sigma] t0:0.013 | t1:0.022 | t2:0.060 | t3:0.022   (prior sigma ~0.29; floor = head.sigma_floor)
Epoch 321 [VMIM] LR:5.00e-05 | train -12.310283 | val -13.494326
  saved best-by-loss.
Epoch 322 [VMIM] LR:5.00e-05 | train -12.282989 | val -12.911770
Epoch 323 [VMIM] LR:5.00e-05 | train -12.340401 | val -13.346061
Epoch 324 [VMIM] LR:5.00e-05 | train -12.298666 | val -13.426793
Epoch 325 [VMIM] LR:5.00e-05 | train -12.261407 | val -13.287507
[RF R2]  t0:0.956 | t1:0.909 | t2:0.842 | t3:0.888
[q sigma] t0:0.013 | t1:0.019 | t2:0.056 | t3:0.023   (prior sigma ~0.29; floor = head.sigma_floor)
Epoch 326 [VMIM] LR:5.00e-05 | train -12.286644 | val -13.202608
Epoch 327 [VMIM] LR:5.00e-05 | train -12.307528 | val -13.235926
Epoch 328 [VMIM] LR:5.00e-05 | train -12.291222 | val -12.841165
Epoch 329 [VMIM] LR:5.00e-05 | train -12.404736 | val -12.926543
Epoch 330 [VMIM] LR:5.00e-05 | train -12.339284 | val -13.433258
[RF R2]  t0:0.955 | t1:0.915 | t2:0.833 | t3:0.881
[q sigma] t0:0.014 | t1:0.020 | t2:0.058 | t3:0.020   (prior sigma ~0.29; floor = head.sigma_floor)
Epoch 331 [VMIM] LR:5.00e-05 | train -12.328911 | val -13.476416
Epoch 332 [VMIM] LR:5.00e-05 | train -12.205008 | val -13.416227
Epoch 333 [VMIM] LR:5.00e-05 | train -12.326239 | val -13.284331
Epoch 334 [VMIM] LR:5.00e-05 | train -12.374615 | val -13.292943
Epoch 335 [VMIM] LR:5.00e-05 | train -12.413652 | val -13.391340
[RF R2]  t0:0.958 | t1:0.914 | t2:0.846 | t3:0.867
[q sigma] t0:0.013 | t1:0.018 | t2:0.058 | t3:0.019   (prior sigma ~0.29; floor = head.sigma_floor)
Epoch 336 [VMIM] LR:5.00e-05 | train -12.333515 | val -13.051758
Epoch 337 [VMIM] LR:5.00e-05 | train -12.301869 | val -13.245095
Epoch 338 [VMIM] LR:5.00e-05 | train -12.310229 | val -13.311332
Epoch 339 [VMIM] LR:5.00e-05 | train -12.369293 | val -13.292633
Epoch 340 [VMIM] LR:5.00e-05 | train -12.395004 | val -12.834031
[RF R2]  t0:0.957 | t1:0.918 | t2:0.845 | t3:0.898
[q sigma] t0:0.014 | t1:0.018 | t2:0.053 | t3:0.019   (prior sigma ~0.29; floor = head.sigma_floor)
Epoch 341 [VMIM] LR:5.00e-05 | train -12.353128 | val -12.963509
Epoch 342 [VMIM] LR:5.00e-05 | train -12.335998 | val -13.293320
Epoch 343 [VMIM] LR:5.00e-05 | train -12.330935 | val -13.180938
Epoch 344 [VMIM] LR:5.00e-05 | train -12.409612 | val -13.152379
Epoch 345 [VMIM] LR:5.00e-05 | train -12.341762 | val -13.221259
[RF R2]  t0:0.959 | t1:0.918 | t2:0.837 | t3:0.894
[q sigma] t0:0.013 | t1:0.019 | t2:0.054 | t3:0.022   (prior sigma ~0.29; floor = head.sigma_floor)
Epoch 346 [VMIM] LR:5.00e-05 | train -12.294446 | val -13.477590
Epoch 347 [VMIM] LR:5.00e-05 | train -12.409870 | val -13.241960
Epoch 348 [VMIM] LR:5.00e-05 | train -12.414024 | val -13.167836
Epoch 349 [VMIM] LR:5.00e-05 | train -12.373070 | val -13.245433
Epoch 350 [VMIM] LR:5.00e-05 | train -12.352750 | val -12.764501
[RF R2]  t0:0.960 | t1:0.899 | t2:0.828 | t3:0.866
[q sigma] t0:0.014 | t1:0.019 | t2:0.053 | t3:0.022   (prior sigma ~0.29; floor = head.sigma_floor)
[TIMER] train 13814.2s
[WARN] requested learned_compressor_bestprobe.pt missing; falling back to learned_compressor.pt
exporting from checkpoint: /gscratch/ddehiwalage-don/sbi_master/cnn_vmim_/n4/seed_s2/nle/learned_compressor.pt
  export 256/9,120,000
  export 25,856/9,120,000
  export 51,456/9,120,000
  export 77,056/9,120,000
  export 102,656/9,120,000
  export 128,256/9,120,000
  export 153,856/9,120,000
  export 179,456/9,120,000
  export 205,056/9,120,000
  export 230,656/9,120,000
  export 256,256/9,120,000
  export 281,856/9,120,000
  export 307,456/9,120,000
  export 333,056/9,120,000
  export 358,656/9,120,000
  export 384,256/9,120,000
  export 409,856/9,120,000
  export 435,456/9,120,000
  export 461,056/9,120,000
  export 486,656/9,120,000
  export 512,256/9,120,000
  export 537,856/9,120,000
  export 563,456/9,120,000
  export 589,056/9,120,000
  export 614,656/9,120,000
  export 640,256/9,120,000
  export 665,856/9,120,000
  export 691,456/9,120,000
  export 717,056/9,120,000
  export 742,656/9,120,000
  export 768,256/9,120,000
  export 793,856/9,120,000
  export 819,456/9,120,000
  export 845,056/9,120,000
  export 870,656/9,120,000
  export 896,256/9,120,000
  export 921,856/9,120,000
  export 947,456/9,120,000
  export 973,056/9,120,000
  export 998,656/9,120,000
  export 1,024,256/9,120,000
  export 1,049,856/9,120,000
  export 1,075,456/9,120,000
  export 1,101,056/9,120,000
  export 1,126,656/9,120,000
  export 1,152,256/9,120,000
  export 1,177,856/9,120,000
  export 1,203,456/9,120,000
  export 1,229,056/9,120,000
  export 1,254,656/9,120,000
  export 1,280,256/9,120,000
  export 1,305,856/9,120,000
  export 1,331,456/9,120,000
  export 1,357,056/9,120,000
  export 1,382,656/9,120,000
  export 1,408,256/9,120,000
  export 1,433,856/9,120,000
  export 1,459,456/9,120,000
  export 1,485,056/9,120,000
  export 1,510,656/9,120,000
  export 1,536,256/9,120,000
  export 1,561,856/9,120,000
  export 1,587,456/9,120,000
  export 1,613,056/9,120,000
  export 1,638,656/9,120,000
  export 1,664,256/9,120,000
  export 1,689,856/9,120,000
  export 1,715,456/9,120,000
  export 1,741,056/9,120,000
  export 1,766,656/9,120,000
  export 1,792,256/9,120,000
  export 1,817,856/9,120,000
  export 1,843,456/9,120,000
  export 1,869,056/9,120,000
  export 1,894,656/9,120,000
  export 1,920,256/9,120,000
  export 1,945,856/9,120,000
  export 1,971,456/9,120,000
  export 1,997,056/9,120,000
  export 2,022,656/9,120,000
  export 2,048,256/9,120,000
  export 2,073,856/9,120,000
  export 2,099,456/9,120,000
  export 2,125,056/9,120,000
  export 2,150,656/9,120,000
  export 2,176,256/9,120,000
  export 2,201,856/9,120,000
  export 2,227,456/9,120,000
  export 2,253,056/9,120,000
  export 2,278,656/9,120,000
  export 2,304,256/9,120,000
  export 2,329,856/9,120,000
  export 2,355,456/9,120,000
  export 2,381,056/9,120,000
  export 2,406,656/9,120,000
  export 2,432,256/9,120,000
  export 2,457,856/9,120,000
  export 2,483,456/9,120,000
  export 2,509,056/9,120,000
  export 2,534,656/9,120,000
  export 2,560,256/9,120,000
  export 2,585,856/9,120,000
  export 2,611,456/9,120,000
  export 2,637,056/9,120,000
  export 2,662,656/9,120,000
  export 2,688,256/9,120,000
  export 2,713,856/9,120,000
  export 2,739,456/9,120,000
  export 2,765,056/9,120,000
  export 2,790,656/9,120,000
  export 2,816,256/9,120,000
  export 2,841,856/9,120,000
  export 2,867,456/9,120,000
  export 2,893,056/9,120,000
  export 2,918,656/9,120,000
  export 2,944,256/9,120,000
  export 2,969,856/9,120,000
  export 2,995,456/9,120,000
  export 3,021,056/9,120,000
  export 3,046,656/9,120,000
  export 3,072,256/9,120,000
  export 3,097,856/9,120,000
  export 3,123,456/9,120,000
  export 3,149,056/9,120,000
  export 3,174,656/9,120,000
