node=tycho58  gpus=1
[seed] global seed=4 deterministic=True
Stage1 arm=cnn_vmim_/n1/seed_s4 split_seed=42 init_seed=4
--> usable cores=4  num_workers=3
sigma floor for each parm: tensor([0.0100, 0.0100, 0.0100, 0.0100]) jitter for each parm {}
[MODE] pure VMIM from epoch 0.
[PHASE] pure VMIM begins at epoch 1: arming probe-based early stopping from here.
Epoch 001 [VMIM] LR:2.00e-04 | train -1.653697 | val -3.057259
  saved best-by-loss.
Epoch 002 [VMIM] LR:2.00e-04 | train -2.643174 | val -2.764427
Epoch 003 [VMIM] LR:2.00e-04 | train -3.046775 | val -3.753526
  saved best-by-loss.
Epoch 004 [VMIM] LR:2.00e-04 | train -3.138151 | val -3.423718
Epoch 005 [VMIM] LR:2.00e-04 | train -3.289028 | val -3.403013
Epoch 006 [VMIM] LR:2.00e-04 | train -3.365667 | val -3.616732
Epoch 007 [VMIM] LR:2.00e-04 | train -3.543581 | val -4.056753
  saved best-by-loss.
Epoch 008 [VMIM] LR:2.00e-04 | train -3.785257 | val -3.505556
Epoch 009 [VMIM] LR:2.00e-04 | train -4.039362 | val -3.796369
Epoch 010 [VMIM] LR:2.00e-04 | train -4.363905 | val -4.701840
[RF R2]  t0:0.938 | t1:0.872 | t2:0.036 | t3:0.936
[q sigma] t0:0.098 | t1:0.118 | t2:0.366 | t3:0.140   (prior sigma ~0.29; floor = head.sigma_floor)
  saved best-by-probe (mean R2 0.695, pure-VMIM).
  saved best-by-loss.
Epoch 011 [VMIM] LR:2.00e-04 | train -4.540601 | val -5.027878
  saved best-by-loss.
Epoch 012 [VMIM] LR:2.00e-04 | train -4.778080 | val -4.911857
Epoch 013 [VMIM] LR:2.00e-04 | train -4.794665 | val -5.047136
  saved best-by-loss.
Epoch 014 [VMIM] LR:2.00e-04 | train -5.035877 | val -5.546015
  saved best-by-loss.
Epoch 015 [VMIM] LR:2.00e-04 | train -4.996270 | val -4.935934
Epoch 016 [VMIM] LR:2.00e-04 | train -5.145974 | val -4.932839
Epoch 017 [VMIM] LR:2.00e-04 | train -5.130803 | val -5.683787
  saved best-by-loss.
Epoch 018 [VMIM] LR:2.00e-04 | train -5.166679 | val -5.237837
Epoch 019 [VMIM] LR:2.00e-04 | train -5.257813 | val -5.508406
Epoch 020 [VMIM] LR:2.00e-04 | train -5.186428 | val -5.339596
[RF R2]  t0:0.939 | t1:0.897 | t2:-0.006 | t3:0.933
[q sigma] t0:0.083 | t1:0.082 | t2:0.386 | t3:0.089   (prior sigma ~0.29; floor = head.sigma_floor)
Epoch 021 [VMIM] LR:2.00e-04 | train -5.455536 | val -5.518853
Epoch 022 [VMIM] LR:2.00e-04 | train -5.522584 | val -5.232923
Epoch 023 [VMIM] LR:2.00e-04 | train -5.566291 | val -6.063325
  saved best-by-loss.
Epoch 024 [VMIM] LR:2.00e-04 | train -5.558093 | val -5.759164
Epoch 025 [VMIM] LR:2.00e-04 | train -5.558362 | val -5.930654
Epoch 026 [VMIM] LR:2.00e-04 | train -5.676076 | val -5.564421
Epoch 027 [VMIM] LR:2.00e-04 | train -5.722806 | val -6.161848
  saved best-by-loss.
Epoch 028 [VMIM] LR:2.00e-04 | train -5.814383 | val -6.205151
  saved best-by-loss.
Epoch 029 [VMIM] LR:2.00e-04 | train -5.790937 | val -6.335458
  saved best-by-loss.
Epoch 030 [VMIM] LR:2.00e-04 | train -5.856293 | val -6.008573
[RF R2]  t0:0.944 | t1:0.920 | t2:-0.013 | t3:0.952
[q sigma] t0:0.083 | t1:0.065 | t2:0.382 | t3:0.051   (prior sigma ~0.29; floor = head.sigma_floor)
  saved best-by-probe (mean R2 0.701, pure-VMIM).
Epoch 031 [VMIM] LR:2.00e-04 | train -5.967077 | val -6.331067
Epoch 032 [VMIM] LR:2.00e-04 | train -6.003102 | val -6.182174
Epoch 033 [VMIM] LR:2.00e-04 | train -5.999302 | val -6.326431
Epoch 034 [VMIM] LR:2.00e-04 | train -6.027479 | val -6.374931
  saved best-by-loss.
Epoch 035 [VMIM] LR:2.00e-04 | train -6.049833 | val -6.247080
Epoch 036 [VMIM] LR:2.00e-04 | train -6.100167 | val -6.589817
  saved best-by-loss.
Epoch 037 [VMIM] LR:2.00e-04 | train -6.186089 | val -6.594924
  saved best-by-loss.
Epoch 038 [VMIM] LR:2.00e-04 | train -6.118829 | val -5.996237
Epoch 039 [VMIM] LR:2.00e-04 | train -6.189163 | val -6.747482
  saved best-by-loss.
Epoch 040 [VMIM] LR:2.00e-04 | train -6.211465 | val -6.833925
[RF R2]  t0:0.951 | t1:0.925 | t2:-0.004 | t3:0.953
[q sigma] t0:0.066 | t1:0.058 | t2:0.372 | t3:0.056   (prior sigma ~0.29; floor = head.sigma_floor)
  saved best-by-probe (mean R2 0.707, pure-VMIM).
  saved best-by-loss.
Epoch 041 [VMIM] LR:2.00e-04 | train -6.317970 | val -5.944544
Epoch 042 [VMIM] LR:2.00e-04 | train -6.288766 | val -7.169238
  saved best-by-loss.
Epoch 043 [VMIM] LR:2.00e-04 | train -6.324876 | val -7.006271
Epoch 044 [VMIM] LR:2.00e-04 | train -6.358549 | val -6.781621
Epoch 045 [VMIM] LR:2.00e-04 | train -6.404876 | val -6.475217
Epoch 046 [VMIM] LR:2.00e-04 | train -6.430681 | val -6.687181
Epoch 047 [VMIM] LR:2.00e-04 | train -6.412489 | val -7.060320
Epoch 048 [VMIM] LR:2.00e-04 | train -6.460679 | val -6.903710
Epoch 049 [VMIM] LR:2.00e-04 | train -6.488450 | val -6.679674
Epoch 050 [VMIM] LR:2.00e-04 | train -6.506533 | val -6.873274
[RF R2]  t0:0.954 | t1:0.929 | t2:-0.044 | t3:0.954
[q sigma] t0:0.060 | t1:0.051 | t2:0.340 | t3:0.052   (prior sigma ~0.29; floor = head.sigma_floor)
Epoch 051 [VMIM] LR:2.00e-04 | train -6.582109 | val -7.252788
  saved best-by-loss.
Epoch 052 [VMIM] LR:2.00e-04 | train -6.565801 | val -7.161987
Epoch 053 [VMIM] LR:2.00e-04 | train -6.596781 | val -7.068291
Epoch 054 [VMIM] LR:2.00e-04 | train -6.570318 | val -6.555755
Epoch 055 [VMIM] LR:2.00e-04 | train -6.569894 | val -6.844799
Epoch 056 [VMIM] LR:2.00e-04 | train -6.693001 | val -6.622266
Epoch 057 [VMIM] LR:2.00e-04 | train -6.700448 | val -7.282772
  saved best-by-loss.
Epoch 058 [VMIM] LR:2.00e-04 | train -6.770649 | val -6.656575
Epoch 059 [VMIM] LR:2.00e-04 | train -6.780371 | val -7.271878
Epoch 060 [VMIM] LR:2.00e-04 | train -6.743121 | val -6.802687
[RF R2]  t0:0.960 | t1:0.925 | t2:-0.034 | t3:0.956
[q sigma] t0:0.061 | t1:0.053 | t2:0.331 | t3:0.050   (prior sigma ~0.29; floor = head.sigma_floor)
Epoch 061 [VMIM] LR:2.00e-04 | train -6.756411 | val -6.769419
Epoch 062 [VMIM] LR:2.00e-04 | train -6.802110 | val -6.702410
Epoch 063 [VMIM] LR:2.00e-04 | train -6.823120 | val -7.083613
Epoch 064 [VMIM] LR:2.00e-04 | train -6.825750 | val -7.124869
Epoch 065 [VMIM] LR:2.00e-04 | train -6.880733 | val -7.395822
  saved best-by-loss.
Epoch 066 [VMIM] LR:2.00e-04 | train -6.887152 | val -7.432079
  saved best-by-loss.
Epoch 067 [VMIM] LR:2.00e-04 | train -6.861647 | val -7.505374
  saved best-by-loss.
Epoch 068 [VMIM] LR:2.00e-04 | train -7.082648 | val -7.747089
  saved best-by-loss.
Epoch 069 [VMIM] LR:2.00e-04 | train -7.127819 | val -7.575188
Epoch 070 [VMIM] LR:2.00e-04 | train -7.328610 | val -7.725797
[RF R2]  t0:0.981 | t1:0.928 | t2:0.731 | t3:0.955
[q sigma] t0:0.035 | t1:0.049 | t2:0.179 | t3:0.053   (prior sigma ~0.29; floor = head.sigma_floor)
  saved best-by-probe (mean R2 0.899, pure-VMIM).
Epoch 071 [VMIM] LR:2.00e-04 | train -7.473050 | val -7.836467
  saved best-by-loss.
Epoch 072 [VMIM] LR:2.00e-04 | train -7.636967 | val -8.461357
  saved best-by-loss.
Epoch 073 [VMIM] LR:2.00e-04 | train -7.768230 | val -8.266089
Epoch 074 [VMIM] LR:2.00e-04 | train -7.787696 | val -8.268046
Epoch 075 [VMIM] LR:2.00e-04 | train -7.916334 | val -8.752196
  saved best-by-loss.
Epoch 076 [VMIM] LR:2.00e-04 | train -7.899748 | val -7.950975
Epoch 077 [VMIM] LR:2.00e-04 | train -8.010209 | val -8.035171
Epoch 078 [VMIM] LR:2.00e-04 | train -8.025791 | val -8.668549
Epoch 079 [VMIM] LR:2.00e-04 | train -8.093965 | val -8.482005
Epoch 080 [VMIM] LR:2.00e-04 | train -8.140528 | val -8.115084
[RF R2]  t0:0.984 | t1:0.928 | t2:0.840 | t3:0.960
[q sigma] t0:0.027 | t1:0.044 | t2:0.121 | t3:0.055   (prior sigma ~0.29; floor = head.sigma_floor)
  saved best-by-probe (mean R2 0.928, pure-VMIM).
Epoch 081 [VMIM] LR:2.00e-04 | train -8.172123 | val -8.855653
  saved best-by-loss.
Epoch 082 [VMIM] LR:2.00e-04 | train -8.216040 | val -8.658771
Epoch 083 [VMIM] LR:2.00e-04 | train -8.262375 | val -8.901286
  saved best-by-loss.
Epoch 084 [VMIM] LR:2.00e-04 | train -8.337237 | val -8.741031
Epoch 085 [VMIM] LR:2.00e-04 | train -8.297735 | val -8.780795
Epoch 086 [VMIM] LR:2.00e-04 | train -8.359559 | val -8.767722
Epoch 087 [VMIM] LR:2.00e-04 | train -8.310622 | val -8.583119
Epoch 088 [VMIM] LR:2.00e-04 | train -8.387731 | val -9.049881
  saved best-by-loss.
Epoch 089 [VMIM] LR:2.00e-04 | train -8.463589 | val -8.999937
Epoch 090 [VMIM] LR:2.00e-04 | train -8.409200 | val -8.823517
[RF R2]  t0:0.979 | t1:0.935 | t2:0.879 | t3:0.957
[q sigma] t0:0.024 | t1:0.040 | t2:0.091 | t3:0.044   (prior sigma ~0.29; floor = head.sigma_floor)
  saved best-by-probe (mean R2 0.938, pure-VMIM).
Epoch 091 [VMIM] LR:2.00e-04 | train -8.451955 | val -8.996400
Epoch 092 [VMIM] LR:2.00e-04 | train -8.562082 | val -9.309251
  saved best-by-loss.
Epoch 093 [VMIM] LR:2.00e-04 | train -8.629926 | val -8.727519
Epoch 094 [VMIM] LR:2.00e-04 | train -8.510523 | val -9.025017
Epoch 095 [VMIM] LR:2.00e-04 | train -8.501083 | val -8.749745
Epoch 096 [VMIM] LR:2.00e-04 | train -8.630653 | val -9.179684
Epoch 097 [VMIM] LR:2.00e-04 | train -8.657605 | val -8.984966
Epoch 098 [VMIM] LR:2.00e-04 | train -8.653733 | val -8.976929
Epoch 099 [VMIM] LR:2.00e-04 | train -8.752927 | val -9.106574
Epoch 100 [VMIM] LR:2.00e-04 | train -8.732242 | val -9.208414
[RF R2]  t0:0.979 | t1:0.925 | t2:0.911 | t3:0.960
[q sigma] t0:0.024 | t1:0.040 | t2:0.082 | t3:0.041   (prior sigma ~0.29; floor = head.sigma_floor)
  saved best-by-probe (mean R2 0.944, pure-VMIM).
Epoch 101 [VMIM] LR:2.00e-04 | train -8.695010 | val -9.434554
  saved best-by-loss.
Epoch 102 [VMIM] LR:2.00e-04 | train -8.755504 | val -9.108479
Epoch 103 [VMIM] LR:2.00e-04 | train -8.791496 | val -9.004301
Epoch 104 [VMIM] LR:2.00e-04 | train -8.771215 | val -9.396319
Epoch 105 [VMIM] LR:2.00e-04 | train -8.814948 | val -9.201008
Epoch 106 [VMIM] LR:2.00e-04 | train -8.792800 | val -9.776082
  saved best-by-loss.
Epoch 107 [VMIM] LR:2.00e-04 | train -8.891581 | val -9.452705
Epoch 108 [VMIM] LR:2.00e-04 | train -8.918161 | val -9.334719
Epoch 109 [VMIM] LR:2.00e-04 | train -8.809714 | val -9.532196
Epoch 110 [VMIM] LR:2.00e-04 | train -8.932997 | val -9.521568
[RF R2]  t0:0.979 | t1:0.923 | t2:0.884 | t3:0.960
[q sigma] t0:0.020 | t1:0.039 | t2:0.080 | t3:0.041   (prior sigma ~0.29; floor = head.sigma_floor)
Epoch 111 [VMIM] LR:2.00e-04 | train -8.885809 | val -9.846409
  saved best-by-loss.
Epoch 112 [VMIM] LR:2.00e-04 | train -8.977727 | val -9.618893
Epoch 113 [VMIM] LR:2.00e-04 | train -8.953617 | val -9.180035
Epoch 114 [VMIM] LR:2.00e-04 | train -9.043140 | val -9.120817
Epoch 115 [VMIM] LR:2.00e-04 | train -8.943480 | val -8.876364
Epoch 116 [VMIM] LR:2.00e-04 | train -8.985850 | val -9.322086
Epoch 117 [VMIM] LR:2.00e-04 | train -9.070369 | val -9.869955
  saved best-by-loss.
Epoch 118 [VMIM] LR:2.00e-04 | train -9.111865 | val -9.240696
Epoch 119 [VMIM] LR:2.00e-04 | train -9.056662 | val -9.610902
Epoch 120 [VMIM] LR:2.00e-04 | train -9.139074 | val -9.510047
[RF R2]  t0:0.981 | t1:0.916 | t2:0.877 | t3:0.955
[q sigma] t0:0.022 | t1:0.035 | t2:0.079 | t3:0.035   (prior sigma ~0.29; floor = head.sigma_floor)
Epoch 121 [VMIM] LR:2.00e-04 | train -9.110467 | val -9.428194
Epoch 122 [VMIM] LR:2.00e-04 | train -9.058811 | val -9.677464
Epoch 123 [VMIM] LR:2.00e-04 | train -9.063193 | val -9.411729
Epoch 124 [VMIM] LR:2.00e-04 | train -9.194965 | val -9.587621
Epoch 125 [VMIM] LR:2.00e-04 | train -9.176743 | val -9.716775
Epoch 126 [VMIM] LR:2.00e-04 | train -9.138283 | val -9.984319
  saved best-by-loss.
Epoch 127 [VMIM] LR:2.00e-04 | train -9.170066 | val -9.084744
Epoch 128 [VMIM] LR:2.00e-04 | train -9.143098 | val -9.857695
Epoch 129 [VMIM] LR:2.00e-04 | train -9.152061 | val -9.941085
Epoch 130 [VMIM] LR:2.00e-04 | train -9.270043 | val -9.939683
[RF R2]  t0:0.977 | t1:0.924 | t2:0.904 | t3:0.958
[q sigma] t0:0.019 | t1:0.034 | t2:0.070 | t3:0.036   (prior sigma ~0.29; floor = head.sigma_floor)
Epoch 131 [VMIM] LR:2.00e-04 | train -9.287170 | val -9.599587
Epoch 132 [VMIM] LR:2.00e-04 | train -9.179515 | val -10.282068
  saved best-by-loss.
Epoch 133 [VMIM] LR:2.00e-04 | train -9.278621 | val -9.567916
Epoch 134 [VMIM] LR:2.00e-04 | train -9.292695 | val -9.782765
Epoch 135 [VMIM] LR:2.00e-04 | train -9.274297 | val -10.167510
Epoch 136 [VMIM] LR:2.00e-04 | train -9.290825 | val -9.782002
Epoch 137 [VMIM] LR:2.00e-04 | train -9.333580 | val -9.925401
Epoch 138 [VMIM] LR:2.00e-04 | train -9.394922 | val -10.093793
Epoch 139 [VMIM] LR:2.00e-04 | train -9.363453 | val -9.969562
Epoch 140 [VMIM] LR:2.00e-04 | train -9.421448 | val -9.975148
[RF R2]  t0:0.977 | t1:0.913 | t2:0.905 | t3:0.954
[q sigma] t0:0.019 | t1:0.035 | t2:0.068 | t3:0.038   (prior sigma ~0.29; floor = head.sigma_floor)
Epoch 141 [VMIM] LR:2.00e-04 | train -9.369103 | val -9.922122
Epoch 142 [VMIM] LR:2.00e-04 | train -9.436785 | val -9.820882
Epoch 143 [VMIM] LR:2.00e-04 | train -9.508749 | val -9.945049
Epoch 144 [VMIM] LR:2.00e-04 | train -9.445462 | val -9.730440
Epoch 145 [VMIM] LR:2.00e-04 | train -9.438725 | val -10.179244
Epoch 146 [VMIM] LR:2.00e-04 | train -9.429992 | val -10.216234
Epoch 147 [VMIM] LR:2.00e-04 | train -9.394367 | val -9.991923
Epoch 148 [VMIM] LR:1.00e-04 | train -9.533500 | val -10.204914
Epoch 149 [VMIM] LR:1.00e-04 | train -10.309790 | val -11.053035
  saved best-by-loss.
Epoch 150 [VMIM] LR:1.00e-04 | train -10.354265 | val -11.105565
[RF R2]  t0:0.970 | t1:0.901 | t2:0.907 | t3:0.951
[q sigma] t0:0.015 | t1:0.026 | t2:0.053 | t3:0.029   (prior sigma ~0.29; floor = head.sigma_floor)
  saved best-by-loss.
Epoch 151 [VMIM] LR:1.00e-04 | train -10.327242 | val -11.081037
Epoch 152 [VMIM] LR:1.00e-04 | train -10.444485 | val -11.037487
Epoch 153 [VMIM] LR:1.00e-04 | train -10.411544 | val -11.016436
Epoch 154 [VMIM] LR:1.00e-04 | train -10.391414 | val -11.302913
  saved best-by-loss.
Epoch 155 [VMIM] LR:1.00e-04 | train -10.415024 | val -10.980242
Epoch 156 [VMIM] LR:1.00e-04 | train -10.408168 | val -11.304137
  saved best-by-loss.
Epoch 157 [VMIM] LR:1.00e-04 | train -10.513238 | val -11.125032
Epoch 158 [VMIM] LR:1.00e-04 | train -10.483620 | val -11.237172
Epoch 159 [VMIM] LR:1.00e-04 | train -10.499707 | val -11.250753
Epoch 160 [VMIM] LR:1.00e-04 | train -10.560041 | val -11.181851
[RF R2]  t0:0.968 | t1:0.919 | t2:0.902 | t3:0.959
[q sigma] t0:0.015 | t1:0.026 | t2:0.050 | t3:0.027   (prior sigma ~0.29; floor = head.sigma_floor)
Epoch 161 [VMIM] LR:1.00e-04 | train -10.525943 | val -11.418422
  saved best-by-loss.
Epoch 162 [VMIM] LR:1.00e-04 | train -10.523557 | val -11.330445
Epoch 163 [VMIM] LR:1.00e-04 | train -10.511690 | val -11.651621
  saved best-by-loss.
Epoch 164 [VMIM] LR:1.00e-04 | train -10.527253 | val -11.323966
Epoch 165 [VMIM] LR:1.00e-04 | train -10.547967 | val -11.022764
Epoch 166 [VMIM] LR:1.00e-04 | train -10.542609 | val -11.274888
Epoch 167 [VMIM] LR:1.00e-04 | train -10.551569 | val -11.433363
Epoch 168 [VMIM] LR:1.00e-04 | train -10.579477 | val -11.421139
Epoch 169 [VMIM] LR:1.00e-04 | train -10.588765 | val -11.188129
Epoch 170 [VMIM] LR:1.00e-04 | train -10.582746 | val -11.470142
[RF R2]  t0:0.972 | t1:0.912 | t2:0.905 | t3:0.953
[q sigma] t0:0.014 | t1:0.025 | t2:0.046 | t3:0.024   (prior sigma ~0.29; floor = head.sigma_floor)
Epoch 171 [VMIM] LR:1.00e-04 | train -10.541869 | val -11.078917
Epoch 172 [VMIM] LR:1.00e-04 | train -10.610956 | val -11.197160
Epoch 173 [VMIM] LR:1.00e-04 | train -10.626373 | val -11.397401
Epoch 174 [VMIM] LR:1.00e-04 | train -10.626891 | val -11.428334
Epoch 175 [VMIM] LR:1.00e-04 | train -10.655894 | val -11.467527
Epoch 176 [VMIM] LR:1.00e-04 | train -10.661637 | val -11.354087
Epoch 177 [VMIM] LR:1.00e-04 | train -10.672066 | val -11.294884
Epoch 178 [VMIM] LR:1.00e-04 | train -10.680910 | val -11.333353
Epoch 179 [VMIM] LR:5.00e-05 | train -10.665971 | val -11.448853
Epoch 180 [VMIM] LR:5.00e-05 | train -11.119012 | val -11.963208
[RF R2]  t0:0.969 | t1:0.911 | t2:0.902 | t3:0.952
[q sigma] t0:0.014 | t1:0.023 | t2:0.037 | t3:0.025   (prior sigma ~0.29; floor = head.sigma_floor)
  saved best-by-loss.
Epoch 181 [VMIM] LR:5.00e-05 | train -11.226794 | val -11.860715
Epoch 182 [VMIM] LR:5.00e-05 | train -11.206193 | val -12.076026
  saved best-by-loss.
Epoch 183 [VMIM] LR:5.00e-05 | train -11.210762 | val -11.819377
Epoch 184 [VMIM] LR:5.00e-05 | train -11.259163 | val -12.051154
Epoch 185 [VMIM] LR:5.00e-05 | train -11.263354 | val -12.035330
Epoch 186 [VMIM] LR:5.00e-05 | train -11.257205 | val -12.120910
  saved best-by-loss.
Epoch 187 [VMIM] LR:5.00e-05 | train -11.268686 | val -12.103810
Epoch 188 [VMIM] LR:5.00e-05 | train -11.248006 | val -12.080691
Epoch 189 [VMIM] LR:5.00e-05 | train -11.299160 | val -12.096925
Epoch 190 [VMIM] LR:5.00e-05 | train -11.325767 | val -11.989310
[RF R2]  t0:0.970 | t1:0.923 | t2:0.906 | t3:0.949
[q sigma] t0:0.013 | t1:0.024 | t2:0.040 | t3:0.027   (prior sigma ~0.29; floor = head.sigma_floor)
Epoch 191 [VMIM] LR:5.00e-05 | train -11.309475 | val -12.004182
Epoch 192 [VMIM] LR:5.00e-05 | train -11.342661 | val -12.033355
Epoch 193 [VMIM] LR:5.00e-05 | train -11.338880 | val -11.973474
Epoch 194 [VMIM] LR:5.00e-05 | train -11.347056 | val -12.239628
  saved best-by-loss.
Epoch 195 [VMIM] LR:5.00e-05 | train -11.348618 | val -12.014584
Epoch 196 [VMIM] LR:5.00e-05 | train -11.346464 | val -12.199819
Epoch 197 [VMIM] LR:5.00e-05 | train -11.377920 | val -12.290402
  saved best-by-loss.
Epoch 198 [VMIM] LR:5.00e-05 | train -11.385198 | val -12.133601
Epoch 199 [VMIM] LR:5.00e-05 | train -11.394017 | val -12.226017
Epoch 200 [VMIM] LR:5.00e-05 | train -11.375591 | val -12.054190
[RF R2]  t0:0.969 | t1:0.899 | t2:0.894 | t3:0.948
[q sigma] t0:0.014 | t1:0.027 | t2:0.041 | t3:0.029   (prior sigma ~0.29; floor = head.sigma_floor)
[TIMER] train 7797.1s
[WARN] requested learned_compressor_bestprobe.pt missing; falling back to learned_compressor.pt
exporting from checkpoint: /gscratch/ddehiwalage-don/sbi_master/cnn_vmim_/n1/seed_s4/nle/learned_compressor.pt
  export 1,024/9,120,000
  export 103,424/9,120,000
  export 205,824/9,120,000
  export 308,224/9,120,000
  export 410,624/9,120,000
  export 513,024/9,120,000
  export 615,424/9,120,000
  export 717,824/9,120,000
  export 820,224/9,120,000
  export 922,624/9,120,000
  export 1,025,024/9,120,000
  export 1,127,424/9,120,000
  export 1,229,824/9,120,000
  export 1,332,224/9,120,000
  export 1,434,624/9,120,000
  export 1,537,024/9,120,000
  export 1,639,424/9,120,000
  export 1,741,824/9,120,000
  export 1,844,224/9,120,000
  export 1,946,624/9,120,000
  export 2,049,024/9,120,000
  export 2,151,424/9,120,000
  export 2,253,824/9,120,000
  export 2,356,224/9,120,000
  export 2,458,624/9,120,000
  export 2,561,024/9,120,000
  export 2,663,424/9,120,000
  export 2,765,824/9,120,000
  export 2,868,224/9,120,000
  export 2,970,624/9,120,000
  export 3,073,024/9,120,000
  export 3,175,424/9,120,000
  export 3,277,824/9,120,000
  export 3,380,224/9,120,000
  export 3,482,624/9,120,000
  export 3,585,024/9,120,000
  export 3,687,424/9,120,000
  export 3,789,824/9,120,000
  export 3,892,224/9,120,000
  export 3,994,624/9,120,000
  export 4,097,024/9,120,000
  export 4,199,424/9,120,000
  export 4,301,824/9,120,000
  export 4,404,224/9,120,000
  export 4,506,624/9,120,000
  export 4,609,024/9,120,000
  export 4,711,424/9,120,000
  export 4,813,824/9,120,000
  export 4,916,224/9,120,000
  export 5,018,624/9,120,000
  export 5,121,024/9,120,000
  export 5,223,424/9,120,000
  export 5,325,824/9,120,000
  export 5,428,224/9,120,000
  export 5,530,624/9,120,000
  export 5,633,024/9,120,000
  export 5,735,424/9,120,000
  export 5,837,824/9,120,000
  export 5,940,224/9,120,000
  export 6,042,624/9,120,000
  export 6,145,024/9,120,000
  export 6,247,424/9,120,000
  export 6,349,824/9,120,000
  export 6,452,224/9,120,000
  export 6,554,624/9,120,000
  export 6,657,024/9,120,000
  export 6,759,424/9,120,000
  export 6,861,824/9,120,000
  export 6,964,224/9,120,000
  export 7,066,624/9,120,000
  export 7,169,024/9,120,000
  export 7,271,424/9,120,000
  export 7,373,824/9,120,000
  export 7,476,224/9,120,000
  export 7,578,624/9,120,000
  export 7,681,024/9,120,000
  export 7,783,424/9,120,000
  export 7,885,824/9,120,000
  export 7,988,224/9,120,000
  export 8,090,624/9,120,000
  export 8,193,024/9,120,000
  export 8,295,424/9,120,000
  export 8,397,824/9,120,000
  export 8,500,224/9,120,000
  export 8,602,624/9,120,000
  export 8,705,024/9,120,000
  export 8,807,424/9,120,000
  export 8,909,824/9,120,000
  export 9,012,224/9,120,000
  export 9,114,624/9,120,000
exported summaries -> /gscratch/ddehiwalage-don/sbi_master/cnn_vmim_/n1/seed_s4/summaries  t (9120000, 4)
