node=tycho58  gpus=1
[seed] global seed=0 deterministic=True
Stage1 arm=cnn_vmim_/n3/seed_s0 split_seed=42 init_seed=0
--> usable cores=4  num_workers=3
sigma floor for each parm: tensor([0., 0., 0., 0.]) jitter for each parm {}
[MODE] pure VMIM from epoch 0.
[PHASE] pure VMIM begins at epoch 1: arming probe-based early stopping from here.
Epoch 001 [VMIM] LR:2.00e-04 | train -1.319688 | val -1.491362
  saved best-by-loss.
Epoch 002 [VMIM] LR:2.00e-04 | train -2.608954 | val -3.030742
  saved best-by-loss.
Epoch 003 [VMIM] LR:2.00e-04 | train -2.936805 | val -2.808295
Epoch 004 [VMIM] LR:2.00e-04 | train -2.866421 | val -3.541665
  saved best-by-loss.
Epoch 005 [VMIM] LR:2.00e-04 | train -3.208622 | val -2.356979
[RF R2]  t0:0.933 | t1:0.103 | t2:-0.029 | t3:0.663
[q sigma] t0:0.084 | t1:0.227 | t2:0.334 | t3:0.187   (prior sigma ~0.29; floor = head.sigma_floor)
  saved best-by-probe (mean R2 0.417, pure-VMIM).
Epoch 006 [VMIM] LR:2.00e-04 | train -3.450788 | val -4.091233
  saved best-by-loss.
Epoch 007 [VMIM] LR:2.00e-04 | train -3.440078 | val -3.863888
Epoch 008 [VMIM] LR:2.00e-04 | train -3.549399 | val -3.890864
Epoch 009 [VMIM] LR:2.00e-04 | train -3.592323 | val -4.289656
  saved best-by-loss.
Epoch 010 [VMIM] LR:2.00e-04 | train -3.659372 | val -4.052890
[RF R2]  t0:0.934 | t1:0.558 | t2:-0.001 | t3:0.806
[q sigma] t0:0.087 | t1:0.191 | t2:0.337 | t3:0.148   (prior sigma ~0.29; floor = head.sigma_floor)
  saved best-by-probe (mean R2 0.574, pure-VMIM).
Epoch 011 [VMIM] LR:2.00e-04 | train -4.002759 | val -4.315401
  saved best-by-loss.
Epoch 012 [VMIM] LR:2.00e-04 | train -4.164710 | val -3.781035
Epoch 013 [VMIM] LR:2.00e-04 | train -4.372641 | val -5.127922
  saved best-by-loss.
Epoch 014 [VMIM] LR:2.00e-04 | train -4.583110 | val -4.558258
Epoch 015 [VMIM] LR:2.00e-04 | train -4.845751 | val -4.957154
[RF R2]  t0:0.927 | t1:0.888 | t2:0.020 | t3:0.933
[q sigma] t0:0.080 | t1:0.112 | t2:0.340 | t3:0.094   (prior sigma ~0.29; floor = head.sigma_floor)
  saved best-by-probe (mean R2 0.692, pure-VMIM).
Epoch 016 [VMIM] LR:2.00e-04 | train -4.976358 | val -5.619724
  saved best-by-loss.
Epoch 017 [VMIM] LR:2.00e-04 | train -5.011725 | val -5.087660
Epoch 018 [VMIM] LR:2.00e-04 | train -5.119762 | val -5.738758
  saved best-by-loss.
Epoch 019 [VMIM] LR:2.00e-04 | train -5.193633 | val -5.790327
  saved best-by-loss.
Epoch 020 [VMIM] LR:2.00e-04 | train -5.342456 | val -4.376015
[RF R2]  t0:0.930 | t1:0.930 | t2:0.003 | t3:0.943
[q sigma] t0:0.094 | t1:0.065 | t2:0.373 | t3:0.056   (prior sigma ~0.29; floor = head.sigma_floor)
  saved best-by-probe (mean R2 0.701, pure-VMIM).
Epoch 021 [VMIM] LR:2.00e-04 | train -5.263517 | val -5.752490
Epoch 022 [VMIM] LR:2.00e-04 | train -5.436206 | val -5.557093
Epoch 023 [VMIM] LR:2.00e-04 | train -5.505691 | val -6.203525
  saved best-by-loss.
Epoch 024 [VMIM] LR:2.00e-04 | train -5.580195 | val -5.794070
Epoch 025 [VMIM] LR:2.00e-04 | train -5.490337 | val -5.736812
[RF R2]  t0:0.929 | t1:0.919 | t2:-0.007 | t3:0.931
[q sigma] t0:0.080 | t1:0.063 | t2:0.383 | t3:0.069   (prior sigma ~0.29; floor = head.sigma_floor)
Epoch 026 [VMIM] LR:2.00e-04 | train -5.568095 | val -5.790428
Epoch 027 [VMIM] LR:2.00e-04 | train -5.600917 | val -5.137122
Epoch 028 [VMIM] LR:2.00e-04 | train -5.602503 | val -5.716364
Epoch 029 [VMIM] LR:2.00e-04 | train -5.714208 | val -4.448062
Epoch 030 [VMIM] LR:2.00e-04 | train -5.731128 | val -5.337123
[RF R2]  t0:0.930 | t1:0.919 | t2:-0.030 | t3:0.938
[q sigma] t0:0.074 | t1:0.052 | t2:0.309 | t3:0.057   (prior sigma ~0.29; floor = head.sigma_floor)
Epoch 031 [VMIM] LR:2.00e-04 | train -5.625453 | val -6.160192
Epoch 032 [VMIM] LR:2.00e-04 | train -5.668908 | val -5.648893
Epoch 033 [VMIM] LR:2.00e-04 | train -5.844808 | val -5.906705
Epoch 034 [VMIM] LR:2.00e-04 | train -5.766645 | val -6.808816
  saved best-by-loss.
Epoch 035 [VMIM] LR:2.00e-04 | train -5.928718 | val -6.478651
[RF R2]  t0:0.931 | t1:0.927 | t2:-0.043 | t3:0.942
[q sigma] t0:0.088 | t1:0.052 | t2:0.390 | t3:0.055   (prior sigma ~0.29; floor = head.sigma_floor)
Epoch 036 [VMIM] LR:2.00e-04 | train -5.886829 | val -6.330603
Epoch 037 [VMIM] LR:2.00e-04 | train -5.942086 | val -6.149643
Epoch 038 [VMIM] LR:2.00e-04 | train -5.924467 | val -5.680998
Epoch 039 [VMIM] LR:2.00e-04 | train -6.004267 | val -6.629037
Epoch 040 [VMIM] LR:2.00e-04 | train -6.077856 | val -6.408691
[RF R2]  t0:0.932 | t1:0.936 | t2:-0.036 | t3:0.946
[q sigma] t0:0.079 | t1:0.052 | t2:0.378 | t3:0.052   (prior sigma ~0.29; floor = head.sigma_floor)
Epoch 041 [VMIM] LR:2.00e-04 | train -6.131389 | val -6.723637
Epoch 042 [VMIM] LR:2.00e-04 | train -5.999834 | val -6.656434
Epoch 043 [VMIM] LR:2.00e-04 | train -6.140482 | val -6.617622
Epoch 044 [VMIM] LR:2.00e-04 | train -6.075908 | val -6.685148
Epoch 045 [VMIM] LR:2.00e-04 | train -6.157379 | val -6.925117
[RF R2]  t0:0.933 | t1:0.930 | t2:-0.042 | t3:0.934
[q sigma] t0:0.081 | t1:0.050 | t2:0.352 | t3:0.044   (prior sigma ~0.29; floor = head.sigma_floor)
  saved best-by-loss.
Epoch 046 [VMIM] LR:2.00e-04 | train -6.162091 | val -6.913665
Epoch 047 [VMIM] LR:2.00e-04 | train -6.270666 | val -6.671138
Epoch 048 [VMIM] LR:2.00e-04 | train -6.201466 | val -6.685007
Epoch 049 [VMIM] LR:2.00e-04 | train -6.307239 | val -6.847156
Epoch 050 [VMIM] LR:2.00e-04 | train -6.280662 | val -6.589611
[RF R2]  t0:0.935 | t1:0.927 | t2:-0.048 | t3:0.948
[q sigma] t0:0.074 | t1:0.053 | t2:0.330 | t3:0.053   (prior sigma ~0.29; floor = head.sigma_floor)
Epoch 051 [VMIM] LR:2.00e-04 | train -6.327147 | val -6.755459
Epoch 052 [VMIM] LR:2.00e-04 | train -6.333689 | val -5.847877
Epoch 053 [VMIM] LR:2.00e-04 | train -6.393758 | val -6.246932
Epoch 054 [VMIM] LR:2.00e-04 | train -6.362251 | val -5.519363
Epoch 055 [VMIM] LR:2.00e-04 | train -6.324507 | val -6.634459
[RF R2]  t0:0.935 | t1:0.914 | t2:-0.053 | t3:0.932
[q sigma] t0:0.068 | t1:0.049 | t2:0.333 | t3:0.052   (prior sigma ~0.29; floor = head.sigma_floor)
Epoch 056 [VMIM] LR:2.00e-04 | train -6.436977 | val -7.140961
  saved best-by-loss.
Epoch 057 [VMIM] LR:2.00e-04 | train -6.475887 | val -7.155136
  saved best-by-loss.
Epoch 058 [VMIM] LR:2.00e-04 | train -6.470024 | val -6.849402
Epoch 059 [VMIM] LR:2.00e-04 | train -6.565651 | val -6.867509
Epoch 060 [VMIM] LR:2.00e-04 | train -6.548065 | val -7.221580
[RF R2]  t0:0.941 | t1:0.926 | t2:-0.058 | t3:0.936
[q sigma] t0:0.070 | t1:0.044 | t2:0.340 | t3:0.043   (prior sigma ~0.29; floor = head.sigma_floor)
  saved best-by-loss.
Epoch 061 [VMIM] LR:2.00e-04 | train -6.614781 | val -7.292667
  saved best-by-loss.
Epoch 062 [VMIM] LR:2.00e-04 | train -6.679349 | val -7.135809
Epoch 063 [VMIM] LR:2.00e-04 | train -6.600264 | val -6.466089
Epoch 064 [VMIM] LR:2.00e-04 | train -6.581201 | val -7.187167
Epoch 065 [VMIM] LR:2.00e-04 | train -6.587350 | val -6.859663
[RF R2]  t0:0.949 | t1:0.942 | t2:-0.044 | t3:0.945
[q sigma] t0:0.065 | t1:0.044 | t2:0.332 | t3:0.038   (prior sigma ~0.29; floor = head.sigma_floor)
Epoch 066 [VMIM] LR:2.00e-04 | train -6.669122 | val -6.667031
Epoch 067 [VMIM] LR:2.00e-04 | train -6.634916 | val -7.217271
Epoch 068 [VMIM] LR:2.00e-04 | train -6.752538 | val -6.642564
Epoch 069 [VMIM] LR:2.00e-04 | train -6.665179 | val -6.979013
Epoch 070 [VMIM] LR:2.00e-04 | train -6.827278 | val -6.740755
[RF R2]  t0:0.949 | t1:0.930 | t2:-0.080 | t3:0.946
[q sigma] t0:0.061 | t1:0.041 | t2:0.333 | t3:0.045   (prior sigma ~0.29; floor = head.sigma_floor)
Epoch 071 [VMIM] LR:2.00e-04 | train -6.820898 | val -6.285001
Epoch 072 [VMIM] LR:2.00e-04 | train -6.807628 | val -7.410793
  saved best-by-loss.
Epoch 073 [VMIM] LR:2.00e-04 | train -6.875059 | val -7.030356
Epoch 074 [VMIM] LR:2.00e-04 | train -6.899317 | val -7.071114
Epoch 075 [VMIM] LR:2.00e-04 | train -6.902864 | val -7.375504
[RF R2]  t0:0.944 | t1:0.918 | t2:-0.081 | t3:0.929
[q sigma] t0:0.063 | t1:0.039 | t2:0.355 | t3:0.036   (prior sigma ~0.29; floor = head.sigma_floor)
Epoch 076 [VMIM] LR:2.00e-04 | train -6.777013 | val -7.305997
Epoch 077 [VMIM] LR:2.00e-04 | train -6.822632 | val -7.602818
  saved best-by-loss.
Epoch 078 [VMIM] LR:2.00e-04 | train -6.858185 | val -7.212276
Epoch 079 [VMIM] LR:2.00e-04 | train -6.909211 | val -7.327673
Epoch 080 [VMIM] LR:2.00e-04 | train -6.963004 | val -7.547611
[RF R2]  t0:0.952 | t1:0.943 | t2:-0.103 | t3:0.953
[q sigma] t0:0.062 | t1:0.044 | t2:0.345 | t3:0.038   (prior sigma ~0.29; floor = head.sigma_floor)
Epoch 081 [VMIM] LR:2.00e-04 | train -6.988461 | val -7.561599
Epoch 082 [VMIM] LR:2.00e-04 | train -7.006328 | val -7.353393
Epoch 083 [VMIM] LR:2.00e-04 | train -6.979771 | val -7.224218
Epoch 084 [VMIM] LR:2.00e-04 | train -7.048519 | val -7.514425
Epoch 085 [VMIM] LR:2.00e-04 | train -7.039631 | val -7.041667
[RF R2]  t0:0.954 | t1:0.926 | t2:-0.048 | t3:0.941
[q sigma] t0:0.061 | t1:0.036 | t2:0.358 | t3:0.038   (prior sigma ~0.29; floor = head.sigma_floor)
Epoch 086 [VMIM] LR:2.00e-04 | train -7.047484 | val -7.239386
Epoch 087 [VMIM] LR:2.00e-04 | train -7.080936 | val -7.666636
  saved best-by-loss.
Epoch 088 [VMIM] LR:2.00e-04 | train -7.060440 | val -7.648841
Epoch 089 [VMIM] LR:2.00e-04 | train -7.278442 | val -7.671348
  saved best-by-loss.
Epoch 090 [VMIM] LR:2.00e-04 | train -7.326214 | val -6.900822
[RF R2]  t0:0.975 | t1:0.912 | t2:0.574 | t3:0.936
[q sigma] t0:0.044 | t1:0.044 | t2:0.239 | t3:0.049   (prior sigma ~0.29; floor = head.sigma_floor)
  saved best-by-probe (mean R2 0.849, pure-VMIM).
Epoch 091 [VMIM] LR:2.00e-04 | train -7.619535 | val -7.553302
Epoch 092 [VMIM] LR:2.00e-04 | train -7.614998 | val -8.406301
  saved best-by-loss.
Epoch 093 [VMIM] LR:2.00e-04 | train -7.766699 | val -8.090241
Epoch 094 [VMIM] LR:2.00e-04 | train -7.818516 | val -8.491507
  saved best-by-loss.
Epoch 095 [VMIM] LR:2.00e-04 | train -7.891173 | val -8.304795
[RF R2]  t0:0.979 | t1:0.900 | t2:0.741 | t3:0.924
[q sigma] t0:0.034 | t1:0.041 | t2:0.176 | t3:0.046   (prior sigma ~0.29; floor = head.sigma_floor)
  saved best-by-probe (mean R2 0.886, pure-VMIM).
Epoch 096 [VMIM] LR:2.00e-04 | train -8.037570 | val -8.886152
  saved best-by-loss.
Epoch 097 [VMIM] LR:2.00e-04 | train -8.079878 | val -7.944274
Epoch 098 [VMIM] LR:2.00e-04 | train -8.082714 | val -8.650609
Epoch 099 [VMIM] LR:2.00e-04 | train -8.154087 | val -8.815577
Epoch 100 [VMIM] LR:2.00e-04 | train -8.075800 | val -8.280990
[RF R2]  t0:0.977 | t1:0.892 | t2:0.784 | t3:0.918
[q sigma] t0:0.028 | t1:0.038 | t2:0.123 | t3:0.038   (prior sigma ~0.29; floor = head.sigma_floor)
  saved best-by-probe (mean R2 0.893, pure-VMIM).
Epoch 101 [VMIM] LR:2.00e-04 | train -8.253770 | val -8.215981
Epoch 102 [VMIM] LR:2.00e-04 | train -8.265562 | val -8.660857
Epoch 103 [VMIM] LR:2.00e-04 | train -8.282833 | val -9.062917
  saved best-by-loss.
Epoch 104 [VMIM] LR:2.00e-04 | train -8.309021 | val -8.547038
Epoch 105 [VMIM] LR:2.00e-04 | train -8.293927 | val -8.759382
[RF R2]  t0:0.979 | t1:0.899 | t2:0.812 | t3:0.919
[q sigma] t0:0.029 | t1:0.042 | t2:0.122 | t3:0.040   (prior sigma ~0.29; floor = head.sigma_floor)
  saved best-by-probe (mean R2 0.902, pure-VMIM).
Epoch 106 [VMIM] LR:2.00e-04 | train -8.357830 | val -8.721354
Epoch 107 [VMIM] LR:2.00e-04 | train -8.320820 | val -8.867572
Epoch 108 [VMIM] LR:2.00e-04 | train -8.465085 | val -9.154072
  saved best-by-loss.
Epoch 109 [VMIM] LR:2.00e-04 | train -8.446562 | val -9.247940
  saved best-by-loss.
Epoch 110 [VMIM] LR:2.00e-04 | train -8.432664 | val -9.284872
[RF R2]  t0:0.981 | t1:0.895 | t2:0.798 | t3:0.913
[q sigma] t0:0.027 | t1:0.038 | t2:0.125 | t3:0.034   (prior sigma ~0.29; floor = head.sigma_floor)
  saved best-by-loss.
Epoch 111 [VMIM] LR:2.00e-04 | train -8.453043 | val -7.630338
Epoch 112 [VMIM] LR:2.00e-04 | train -8.481715 | val -8.864676
Epoch 113 [VMIM] LR:2.00e-04 | train -8.539182 | val -9.345212
  saved best-by-loss.
Epoch 114 [VMIM] LR:2.00e-04 | train -8.465917 | val -8.708121
Epoch 115 [VMIM] LR:2.00e-04 | train -8.456189 | val -8.255000
[RF R2]  t0:0.977 | t1:0.895 | t2:0.801 | t3:0.927
[q sigma] t0:0.027 | t1:0.039 | t2:0.104 | t3:0.039   (prior sigma ~0.29; floor = head.sigma_floor)
Epoch 116 [VMIM] LR:2.00e-04 | train -8.584932 | val -8.963916
Epoch 117 [VMIM] LR:2.00e-04 | train -8.670601 | val -9.014306
Epoch 118 [VMIM] LR:2.00e-04 | train -8.538539 | val -9.137277
Epoch 119 [VMIM] LR:2.00e-04 | train -8.615929 | val -8.556772
Epoch 120 [VMIM] LR:2.00e-04 | train -8.633243 | val -9.229847
[RF R2]  t0:0.974 | t1:0.901 | t2:0.807 | t3:0.929
[q sigma] t0:0.024 | t1:0.036 | t2:0.115 | t3:0.040   (prior sigma ~0.29; floor = head.sigma_floor)
  saved best-by-probe (mean R2 0.903, pure-VMIM).
Epoch 121 [VMIM] LR:2.00e-04 | train -8.671090 | val -9.251842
Epoch 122 [VMIM] LR:2.00e-04 | train -8.745214 | val -8.410734
Epoch 123 [VMIM] LR:2.00e-04 | train -8.747883 | val -8.758623
Epoch 124 [VMIM] LR:2.00e-04 | train -8.599785 | val -8.886732
Epoch 125 [VMIM] LR:2.00e-04 | train -8.820867 | val -9.311946
[RF R2]  t0:0.974 | t1:0.881 | t2:0.830 | t3:0.916
[q sigma] t0:0.025 | t1:0.037 | t2:0.100 | t3:0.037   (prior sigma ~0.29; floor = head.sigma_floor)
Epoch 126 [VMIM] LR:2.00e-04 | train -8.676202 | val -9.561934
  saved best-by-loss.
Epoch 127 [VMIM] LR:2.00e-04 | train -8.804927 | val -8.920762
Epoch 128 [VMIM] LR:2.00e-04 | train -8.867111 | val -9.328666
Epoch 129 [VMIM] LR:2.00e-04 | train -8.782085 | val -9.180827
Epoch 130 [VMIM] LR:2.00e-04 | train -8.851497 | val -9.853850
[RF R2]  t0:0.976 | t1:0.876 | t2:0.823 | t3:0.909
[q sigma] t0:0.024 | t1:0.034 | t2:0.107 | t3:0.037   (prior sigma ~0.29; floor = head.sigma_floor)
  saved best-by-loss.
Epoch 131 [VMIM] LR:2.00e-04 | train -8.840190 | val -9.844468
Epoch 132 [VMIM] LR:2.00e-04 | train -8.895692 | val -8.914035
Epoch 133 [VMIM] LR:2.00e-04 | train -8.896431 | val -9.088934
Epoch 134 [VMIM] LR:2.00e-04 | train -8.942045 | val -8.823084
Epoch 135 [VMIM] LR:2.00e-04 | train -8.823391 | val -9.457718
[RF R2]  t0:0.976 | t1:0.876 | t2:0.821 | t3:0.910
[q sigma] t0:0.023 | t1:0.037 | t2:0.099 | t3:0.039   (prior sigma ~0.29; floor = head.sigma_floor)
Epoch 136 [VMIM] LR:2.00e-04 | train -8.974450 | val -9.539738
Epoch 137 [VMIM] LR:2.00e-04 | train -8.964574 | val -9.042890
Epoch 138 [VMIM] LR:2.00e-04 | train -9.037301 | val -9.842901
Epoch 139 [VMIM] LR:2.00e-04 | train -8.983251 | val -9.793783
Epoch 140 [VMIM] LR:2.00e-04 | train -8.988618 | val -9.032920
[RF R2]  t0:0.971 | t1:0.863 | t2:0.824 | t3:0.888
[q sigma] t0:0.024 | t1:0.032 | t2:0.096 | t3:0.040   (prior sigma ~0.29; floor = head.sigma_floor)
Epoch 141 [VMIM] LR:2.00e-04 | train -8.974553 | val -9.845137
Epoch 142 [VMIM] LR:2.00e-04 | train -9.063500 | val -9.803891
Epoch 143 [VMIM] LR:2.00e-04 | train -9.022614 | val -9.738524
Epoch 144 [VMIM] LR:2.00e-04 | train -9.098290 | val -9.670636
Epoch 145 [VMIM] LR:2.00e-04 | train -9.088278 | val -9.308920
[RF R2]  t0:0.974 | t1:0.885 | t2:0.816 | t3:0.907
[q sigma] t0:0.024 | t1:0.031 | t2:0.096 | t3:0.037   (prior sigma ~0.29; floor = head.sigma_floor)
Epoch 146 [VMIM] LR:1.00e-04 | train -9.058538 | val -9.675233
Epoch 147 [VMIM] LR:1.00e-04 | train -9.995278 | val -10.368731
  saved best-by-loss.
Epoch 148 [VMIM] LR:1.00e-04 | train -10.052906 | val -10.823876
  saved best-by-loss.
Epoch 149 [VMIM] LR:1.00e-04 | train -10.021499 | val -10.939837
  saved best-by-loss.
Epoch 150 [VMIM] LR:1.00e-04 | train -10.161571 | val -10.862917
[RF R2]  t0:0.969 | t1:0.890 | t2:0.822 | t3:0.921
[q sigma] t0:0.018 | t1:0.028 | t2:0.081 | t3:0.029   (prior sigma ~0.29; floor = head.sigma_floor)
Epoch 151 [VMIM] LR:1.00e-04 | train -10.125854 | val -10.855894
Epoch 152 [VMIM] LR:1.00e-04 | train -10.162148 | val -10.728080
Epoch 153 [VMIM] LR:1.00e-04 | train -10.193612 | val -10.778154
Epoch 154 [VMIM] LR:1.00e-04 | train -10.221852 | val -10.938307
Epoch 155 [VMIM] LR:1.00e-04 | train -10.246024 | val -11.028492
[RF R2]  t0:0.974 | t1:0.867 | t2:0.829 | t3:0.904
[q sigma] t0:0.017 | t1:0.026 | t2:0.071 | t3:0.029   (prior sigma ~0.29; floor = head.sigma_floor)
  saved best-by-loss.
Epoch 156 [VMIM] LR:1.00e-04 | train -10.174124 | val -11.091981
  saved best-by-loss.
Epoch 157 [VMIM] LR:1.00e-04 | train -10.249131 | val -10.747921
Epoch 158 [VMIM] LR:1.00e-04 | train -10.254890 | val -11.363013
  saved best-by-loss.
Epoch 159 [VMIM] LR:1.00e-04 | train -10.219534 | val -11.017210
Epoch 160 [VMIM] LR:1.00e-04 | train -10.325419 | val -10.977564
[RF R2]  t0:0.966 | t1:0.862 | t2:0.830 | t3:0.893
[q sigma] t0:0.018 | t1:0.024 | t2:0.075 | t3:0.026   (prior sigma ~0.29; floor = head.sigma_floor)
Epoch 161 [VMIM] LR:1.00e-04 | train -10.183251 | val -10.577907
Epoch 162 [VMIM] LR:1.00e-04 | train -10.308004 | val -11.255429
Epoch 163 [VMIM] LR:1.00e-04 | train -10.284864 | val -11.067769
Epoch 164 [VMIM] LR:1.00e-04 | train -10.316098 | val -10.842098
Epoch 165 [VMIM] LR:1.00e-04 | train -10.294322 | val -10.416902
[RF R2]  t0:0.969 | t1:0.889 | t2:0.800 | t3:0.912
[q sigma] t0:0.018 | t1:0.025 | t2:0.080 | t3:0.030   (prior sigma ~0.29; floor = head.sigma_floor)
Epoch 166 [VMIM] LR:1.00e-04 | train -10.331321 | val -10.976417
Epoch 167 [VMIM] LR:1.00e-04 | train -10.294422 | val -11.129528
Epoch 168 [VMIM] LR:1.00e-04 | train -10.328475 | val -10.872550
Epoch 169 [VMIM] LR:1.00e-04 | train -10.339385 | val -11.158790
Epoch 170 [VMIM] LR:1.00e-04 | train -10.383120 | val -10.949607
[RF R2]  t0:0.965 | t1:0.891 | t2:0.842 | t3:0.924
[q sigma] t0:0.019 | t1:0.026 | t2:0.073 | t3:0.027   (prior sigma ~0.29; floor = head.sigma_floor)
  saved best-by-probe (mean R2 0.905, pure-VMIM).
Epoch 171 [VMIM] LR:1.00e-04 | train -10.332568 | val -11.217648
Epoch 172 [VMIM] LR:1.00e-04 | train -10.361581 | val -10.739152
Epoch 173 [VMIM] LR:1.00e-04 | train -10.349399 | val -11.192631
Epoch 174 [VMIM] LR:5.00e-05 | train -10.306271 | val -11.044207
Epoch 175 [VMIM] LR:5.00e-05 | train -11.016604 | val -11.978340
[RF R2]  t0:0.968 | t1:0.874 | t2:0.838 | t3:0.916
[q sigma] t0:0.015 | t1:0.022 | t2:0.062 | t3:0.021   (prior sigma ~0.29; floor = head.sigma_floor)
  saved best-by-loss.
Epoch 176 [VMIM] LR:5.00e-05 | train -11.010571 | val -11.964345
Epoch 177 [VMIM] LR:5.00e-05 | train -11.076223 | val -11.978669
  saved best-by-loss.
Epoch 178 [VMIM] LR:5.00e-05 | train -11.110821 | val -11.841223
Epoch 179 [VMIM] LR:5.00e-05 | train -11.066269 | val -12.125782
  saved best-by-loss.
Epoch 180 [VMIM] LR:5.00e-05 | train -11.122836 | val -12.266822
[RF R2]  t0:0.964 | t1:0.885 | t2:0.834 | t3:0.896
[q sigma] t0:0.015 | t1:0.020 | t2:0.066 | t3:0.023   (prior sigma ~0.29; floor = head.sigma_floor)
  saved best-by-loss.
Epoch 181 [VMIM] LR:5.00e-05 | train -11.136185 | val -12.027914
Epoch 182 [VMIM] LR:5.00e-05 | train -11.121579 | val -12.084045
Epoch 183 [VMIM] LR:5.00e-05 | train -11.168018 | val -11.939937
Epoch 184 [VMIM] LR:5.00e-05 | train -11.109428 | val -11.937269
Epoch 185 [VMIM] LR:5.00e-05 | train -11.128952 | val -11.860251
[RF R2]  t0:0.962 | t1:0.881 | t2:0.805 | t3:0.899
[q sigma] t0:0.014 | t1:0.022 | t2:0.065 | t3:0.023   (prior sigma ~0.29; floor = head.sigma_floor)
Epoch 186 [VMIM] LR:5.00e-05 | train -11.183257 | val -12.118720
Epoch 187 [VMIM] LR:5.00e-05 | train -11.218289 | val -12.048342
Epoch 188 [VMIM] LR:5.00e-05 | train -11.185494 | val -12.265021
Epoch 189 [VMIM] LR:5.00e-05 | train -11.186789 | val -11.893000
Epoch 190 [VMIM] LR:5.00e-05 | train -11.159923 | val -12.138070
[RF R2]  t0:0.965 | t1:0.879 | t2:0.835 | t3:0.898
[q sigma] t0:0.015 | t1:0.021 | t2:0.064 | t3:0.023   (prior sigma ~0.29; floor = head.sigma_floor)
Epoch 191 [VMIM] LR:5.00e-05 | train -11.189878 | val -12.167138
Epoch 192 [VMIM] LR:5.00e-05 | train -11.168946 | val -12.309065
  saved best-by-loss.
Epoch 193 [VMIM] LR:5.00e-05 | train -11.205361 | val -12.229829
Epoch 194 [VMIM] LR:5.00e-05 | train -11.148205 | val -12.085948
Epoch 195 [VMIM] LR:5.00e-05 | train -11.240102 | val -12.001787
[RF R2]  t0:0.962 | t1:0.881 | t2:0.825 | t3:0.902
[q sigma] t0:0.015 | t1:0.021 | t2:0.058 | t3:0.022   (prior sigma ~0.29; floor = head.sigma_floor)
Epoch 196 [VMIM] LR:5.00e-05 | train -11.240152 | val -12.311302
  saved best-by-loss.
Epoch 197 [VMIM] LR:5.00e-05 | train -11.243159 | val -12.151206
Epoch 198 [VMIM] LR:5.00e-05 | train -11.273831 | val -12.228290
Epoch 199 [VMIM] LR:5.00e-05 | train -11.257150 | val -12.298966
Epoch 200 [VMIM] LR:5.00e-05 | train -11.247355 | val -12.189409
[RF R2]  t0:0.962 | t1:0.884 | t2:0.825 | t3:0.901
[q sigma] t0:0.015 | t1:0.021 | t2:0.064 | t3:0.022   (prior sigma ~0.29; floor = head.sigma_floor)
[TIMER] train 7941.0s
[WARN] requested learned_compressor_bestprobe.pt missing; falling back to learned_compressor.pt
exporting from checkpoint: /gscratch/ddehiwalage-don/sbi_master/cnn_vmim_/n3/seed_s0/nle/learned_compressor.pt
  export 256/9,120,000
  export 25,856/9,120,000
  export 51,456/9,120,000
  export 77,056/9,120,000
  export 102,656/9,120,000
  export 128,256/9,120,000
  export 153,856/9,120,000
  export 179,456/9,120,000
  export 205,056/9,120,000
  export 230,656/9,120,000
  export 256,256/9,120,000
  export 281,856/9,120,000
  export 307,456/9,120,000
  export 333,056/9,120,000
  export 358,656/9,120,000
  export 384,256/9,120,000
  export 409,856/9,120,000
  export 435,456/9,120,000
  export 461,056/9,120,000
  export 486,656/9,120,000
  export 512,256/9,120,000
  export 537,856/9,120,000
  export 563,456/9,120,000
  export 589,056/9,120,000
  export 614,656/9,120,000
  export 640,256/9,120,000
  export 665,856/9,120,000
  export 691,456/9,120,000
  export 717,056/9,120,000
  export 742,656/9,120,000
  export 768,256/9,120,000
  export 793,856/9,120,000
  export 819,456/9,120,000
  export 845,056/9,120,000
  export 870,656/9,120,000
  export 896,256/9,120,000
  export 921,856/9,120,000
  export 947,456/9,120,000
  export 973,056/9,120,000
  export 998,656/9,120,000
  export 1,024,256/9,120,000
  export 1,049,856/9,120,000
  export 1,075,456/9,120,000
  export 1,101,056/9,120,000
  export 1,126,656/9,120,000
  export 1,152,256/9,120,000
  export 1,177,856/9,120,000
  export 1,203,456/9,120,000
  export 1,229,056/9,120,000
  export 1,254,656/9,120,000
  export 1,280,256/9,120,000
  export 1,305,856/9,120,000
  export 1,331,456/9,120,000
  export 1,357,056/9,120,000
  export 1,382,656/9,120,000
  export 1,408,256/9,120,000
  export 1,433,856/9,120,000
  export 1,459,456/9,120,000
  export 1,485,056/9,120,000
  export 1,510,656/9,120,000
  export 1,536,256/9,120,000
  export 1,561,856/9,120,000
  export 1,587,456/9,120,000
  export 1,613,056/9,120,000
  export 1,638,656/9,120,000
  export 1,664,256/9,120,000
  export 1,689,856/9,120,000
  export 1,715,456/9,120,000
  export 1,741,056/9,120,000
  export 1,766,656/9,120,000
  export 1,792,256/9,120,000
  export 1,817,856/9,120,000
  export 1,843,456/9,120,000
  export 1,869,056/9,120,000
  export 1,894,656/9,120,000
  export 1,920,256/9,120,000
  export 1,945,856/9,120,000
  export 1,971,456/9,120,000
  export 1,997,056/9,120,000
  export 2,022,656/9,120,000
  export 2,048,256/9,120,000
  export 2,073,856/9,120,000
  export 2,099,456/9,120,000
  export 2,125,056/9,120,000
  export 2,150,656/9,120,000
  export 2,176,256/9,120,000
  export 2,201,856/9,120,000
  export 2,227,456/9,120,000
  export 2,253,056/9,120,000
  export 2,278,656/9,120,000
  export 2,304,256/9,120,000
  export 2,329,856/9,120,000
  export 2,355,456/9,120,000
  export 2,381,056/9,120,000
  export 2,406,656/9,120,000
  export 2,432,256/9,120,000
  export 2,457,856/9,120,000
  export 2,483,456/9,120,000
  export 2,509,056/9,120,000
  export 2,534,656/9,120,000
  export 2,560,256/9,120,000
  export 2,585,856/9,120,000
  export 2,611,456/9,120,000
  export 2,637,056/9,120,000
  export 2,662,656/9,120,000
  export 2,688,256/9,120,000
  export 2,713,856/9,120,000
  export 2,739,456/9,120,000
  export 2,765,056/9,120,000
  export 2,790,656/9,120,000
  export 2,816,256/9,120,000
  export 2,841,856/9,120,000
  export 2,867,456/9,120,000
  export 2,893,056/9,120,000
  export 2,918,656/9,120,000
  export 2,944,256/9,120,000
  export 2,969,856/9,120,000
  export 2,995,456/9,120,000
  export 3,021,056/9,120,000
  export 3,046,656/9,120,000
  export 3,072,256/9,120,000
  export 3,097,856/9,120,000
  export 3,123,456/9,120,000
  export 3,149,056/9,120,000
  export 3,174,656/9,120,000
  export 3,200,256/9,120,000
  export 3,225,856/9,120,000
  export 3,251,456/9,120,000
  export 3,277,056/9,120,000
  export 3,302,656/9,120,000
  export 3,328,256/9,120,000
  export 3,353,856/9,120,000
  export 3,379,456/9,120,000
  export 3,405,056/9,120,000
  export 3,430,656/9,120,000
  export 3,456,256/9,120,000
  export 3,481,856/9,120,000
  export 3,507,456/9,120,000
  export 3,533,056/9,120,000
  export 3,558,656/9,120,000
  export 3,584,256/9,120,000
  export 3,609,856/9,120,000
  export 3,635,456/9,120,000
  export 3,661,056/9,120,000
  export 3,686,656/9,120,000
  export 3,712,256/9,120,000
  export 3,737,856/9,120,000
  export 3,763,456/9,120,000
  export 3,789,056/9,120,000
  export 3,814,656/9,120,000
  export 3,840,256/9,120,000
  export 3,865,856/9,120,000
  export 3,891,456/9,120,000
  export 3,917,056/9,120,000
  export 3,942,656/9,120,000
  export 3,968,256/9,120,000
  export 3,993,856/9,120,000
  export 4,019,456/9,120,000
  export 4,045,056/9,120,000
  export 4,070,656/9,120,000
  export 4,096,256/9,120,000
  export 4,121,856/9,120,000
  export 4,147,456/9,120,000
  export 4,173,056/9,120,000
  export 4,198,656/9,120,000
  export 4,224,256/9,120,000
  export 4,249,856/9,120,000
  export 4,275,456/9,120,000
  export 4,301,056/9,120,000
  export 4,326,656/9,120,000
  export 4,352,256/9,120,000
  export 4,377,856/9,120,000
  export 4,403,456/9,120,000
  export 4,429,056/9,120,000
  export 4,454,656/9,120,000
  export 4,480,256/9,120,000
  export 4,505,856/9,120,000
  export 4,531,456/9,120,000
  export 4,557,056/9,120,000
  export 4,582,656/9,120,000
  export 4,608,256/9,120,000
  export 4,633,856/9,120,000
  export 4,659,456/9,120,000
  export 4,685,056/9,120,000
  export 4,710,656/9,120,000
  export 4,736,256/9,120,000
  export 4,761,856/9,120,000
  export 4,787,456/9,120,000
  export 4,813,056/9,120,000
  export 4,838,656/9,120,000
  export 4,864,256/9,120,000
  export 4,889,856/9,120,000
  export 4,915,456/9,120,000
  export 4,941,056/9,120,000
  export 4,966,656/9,120,000
  export 4,992,256/9,120,000
  export 5,017,856/9,120,000
  export 5,043,456/9,120,000
  export 5,069,056/9,120,000
  export 5,094,656/9,120,000
  export 5,120,256/9,120,000
  export 5,145,856/9,120,000
  export 5,171,456/9,120,000
  export 5,197,056/9,120,000
  export 5,222,656/9,120,000
  export 5,248,256/9,120,000
  export 5,273,856/9,120,000
  export 5,299,456/9,120,000
  export 5,325,056/9,120,000
  export 5,350,656/9,120,000
  export 5,376,256/9,120,000
  export 5,401,856/9,120,000
  export 5,427,456/9,120,000
  export 5,453,056/9,120,000
  export 5,478,656/9,120,000
  export 5,504,256/9,120,000
  export 5,529,856/9,120,000
  export 5,555,456/9,120,000
  export 5,581,056/9,120,000
  export 5,606,656/9,120,000
  export 5,632,256/9,120,000
  export 5,657,856/9,120,000
  export 5,683,456/9,120,000
  export 5,709,056/9,120,000
  export 5,734,656/9,120,000
  export 5,760,256/9,120,000
  export 5,785,856/9,120,000
  export 5,811,456/9,120,000
  export 5,837,056/9,120,000
  export 5,862,656/9,120,000
  export 5,888,256/9,120,000
  export 5,913,856/9,120,000
  export 5,939,456/9,120,000
  export 5,965,056/9,120,000
  export 5,990,656/9,120,000
  export 6,016,256/9,120,000
  export 6,041,856/9,120,000
  export 6,067,456/9,120,000
  export 6,093,056/9,120,000
  export 6,118,656/9,120,000
  export 6,144,256/9,120,000
  export 6,169,856/9,120,000
  export 6,195,456/9,120,000
  export 6,221,056/9,120,000
  export 6,246,656/9,120,000
  export 6,272,256/9,120,000
  export 6,297,856/9,120,000
  export 6,323,456/9,120,000
  export 6,349,056/9,120,000
  export 6,374,656/9,120,000
  export 6,400,256/9,120,000
  export 6,425,856/9,120,000
  export 6,451,456/9,120,000
  export 6,477,056/9,120,000
  export 6,502,656/9,120,000
  export 6,528,256/9,120,000
  export 6,553,856/9,120,000
  export 6,579,456/9,120,000
  export 6,605,056/9,120,000
  export 6,630,656/9,120,000
  export 6,656,256/9,120,000
  export 6,681,856/9,120,000
  export 6,707,456/9,120,000
  export 6,733,056/9,120,000
  export 6,758,656/9,120,000
  export 6,784,256/9,120,000
  export 6,809,856/9,120,000
  export 6,835,456/9,120,000
  export 6,861,056/9,120,000
  export 6,886,656/9,120,000
  export 6,912,256/9,120,000
  export 6,937,856/9,120,000
  export 6,963,456/9,120,000
  export 6,989,056/9,120,000
  export 7,014,656/9,120,000
  export 7,040,256/9,120,000
  export 7,065,856/9,120,000
  export 7,091,456/9,120,000
  export 7,117,056/9,120,000
  export 7,142,656/9,120,000
  export 7,168,256/9,120,000
  export 7,193,856/9,120,000
  export 7,219,456/9,120,000
  export 7,245,056/9,120,000
  export 7,270,656/9,120,000
  export 7,296,256/9,120,000
  export 7,321,856/9,120,000
  export 7,347,456/9,120,000
  export 7,373,056/9,120,000
  export 7,398,656/9,120,000
  export 7,424,256/9,120,000
  export 7,449,856/9,120,000
  export 7,475,456/9,120,000
  export 7,501,056/9,120,000
  export 7,526,656/9,120,000
  export 7,552,256/9,120,000
  export 7,577,856/9,120,000
  export 7,603,456/9,120,000
  export 7,629,056/9,120,000
  export 7,654,656/9,120,000
  export 7,680,256/9,120,000
  export 7,705,856/9,120,000
  export 7,731,456/9,120,000
  export 7,757,056/9,120,000
  export 7,782,656/9,120,000
  export 7,808,256/9,120,000
  export 7,833,856/9,120,000
  export 7,859,456/9,120,000
  export 7,885,056/9,120,000
  export 7,910,656/9,120,000
  export 7,936,256/9,120,000
  export 7,961,856/9,120,000
  export 7,987,456/9,120,000
  export 8,013,056/9,120,000
  export 8,038,656/9,120,000
  export 8,064,256/9,120,000
  export 8,089,856/9,120,000
  export 8,115,456/9,120,000
  export 8,141,056/9,120,000
  export 8,166,656/9,120,000
  export 8,192,256/9,120,000
  export 8,217,856/9,120,000
  export 8,243,456/9,120,000
  export 8,269,056/9,120,000
  export 8,294,656/9,120,000
  export 8,320,256/9,120,000
  export 8,345,856/9,120,000
  export 8,371,456/9,120,000
  export 8,397,056/9,120,000
  export 8,422,656/9,120,000
  export 8,448,256/9,120,000
  export 8,473,856/9,120,000
  export 8,499,456/9,120,000
  export 8,525,056/9,120,000
  export 8,550,656/9,120,000
  export 8,576,256/9,120,000
  export 8,601,856/9,120,000
  export 8,627,456/9,120,000
  export 8,653,056/9,120,000
  export 8,678,656/9,120,000
  export 8,704,256/9,120,000
  export 8,729,856/9,120,000
  export 8,755,456/9,120,000
  export 8,781,056/9,120,000
  export 8,806,656/9,120,000
  export 8,832,256/9,120,000
  export 8,857,856/9,120,000
  export 8,883,456/9,120,000
  export 8,909,056/9,120,000
  export 8,934,656/9,120,000
  export 8,960,256/9,120,000
  export 8,985,856/9,120,000
  export 9,011,456/9,120,000
  export 9,037,056/9,120,000
  export 9,062,656/9,120,000
  export 9,088,256/9,120,000
  export 9,113,856/9,120,000
exported summaries -> /gscratch/ddehiwalage-don/sbi_master/cnn_vmim_/n3/seed_s0/summaries  t (9120000, 4)
