node=tycho91  gpus=0
[seed] global seed=0 deterministic=True
Stage1 arm=cnn_vmim_/n2/seed_s0 split_seed=42 init_seed=0
--> usable cores=4  num_workers=3
sigma floor for each parm: tensor([0.0100, 0.0100, 0.0100, 0.0100]) jitter for each parm {}
[MODE] pure VMIM from epoch 0.
[PHASE] pure VMIM begins at epoch 1: arming probe-based early stopping from here.
Epoch 001 [VMIM] LR:2.00e-04 | train -1.449858 | val -2.253749
  saved best-by-loss.
Epoch 002 [VMIM] LR:2.00e-04 | train -2.588900 | val -3.211881
  saved best-by-loss.
Epoch 003 [VMIM] LR:2.00e-04 | train -2.913306 | val -3.073175
Epoch 004 [VMIM] LR:2.00e-04 | train -3.009372 | val -3.380841
  saved best-by-loss.
Epoch 005 [VMIM] LR:2.00e-04 | train -3.174808 | val -3.748168
  saved best-by-loss.
Epoch 006 [VMIM] LR:2.00e-04 | train -3.465877 | val -3.589180
Epoch 007 [VMIM] LR:2.00e-04 | train -3.505285 | val -3.977504
  saved best-by-loss.
Epoch 008 [VMIM] LR:2.00e-04 | train -3.440607 | val -3.683313
Epoch 009 [VMIM] LR:2.00e-04 | train -3.591716 | val -4.396347
  saved best-by-loss.
Epoch 010 [VMIM] LR:2.00e-04 | train -3.593935 | val -4.219568
[RF R2]  t0:0.936 | t1:0.346 | t2:-0.055 | t3:0.755
[q sigma] t0:0.089 | t1:0.226 | t2:0.379 | t3:0.157   (prior sigma ~0.29; floor = head.sigma_floor)
  saved best-by-probe (mean R2 0.495, pure-VMIM).
Epoch 011 [VMIM] LR:2.00e-04 | train -3.693687 | val -3.805445
Epoch 012 [VMIM] LR:2.00e-04 | train -3.910983 | val -4.242688
Epoch 013 [VMIM] LR:2.00e-04 | train -4.251582 | val -5.066273
  saved best-by-loss.
Epoch 014 [VMIM] LR:2.00e-04 | train -4.560213 | val -4.613771
Epoch 015 [VMIM] LR:2.00e-04 | train -4.724741 | val -4.999696
Epoch 016 [VMIM] LR:2.00e-04 | train -4.848937 | val -5.325768
  saved best-by-loss.
Epoch 017 [VMIM] LR:2.00e-04 | train -4.976334 | val -5.091874
Epoch 018 [VMIM] LR:2.00e-04 | train -5.092555 | val -5.679546
  saved best-by-loss.
Epoch 019 [VMIM] LR:2.00e-04 | train -5.106914 | val -4.875896
Epoch 020 [VMIM] LR:2.00e-04 | train -5.251785 | val -5.197873
[RF R2]  t0:0.939 | t1:0.925 | t2:-0.039 | t3:0.941
[q sigma] t0:0.078 | t1:0.073 | t2:0.342 | t3:0.073   (prior sigma ~0.29; floor = head.sigma_floor)
  saved best-by-probe (mean R2 0.691, pure-VMIM).
Epoch 021 [VMIM] LR:2.00e-04 | train -5.217121 | val -5.247490
Epoch 022 [VMIM] LR:2.00e-04 | train -5.361167 | val -5.886775
  saved best-by-loss.
Epoch 023 [VMIM] LR:2.00e-04 | train -5.288761 | val -6.130096
  saved best-by-loss.
Epoch 024 [VMIM] LR:2.00e-04 | train -5.430659 | val -6.342495
  saved best-by-loss.
Epoch 025 [VMIM] LR:2.00e-04 | train -5.511296 | val -4.910358
Epoch 026 [VMIM] LR:2.00e-04 | train -5.493892 | val -5.386241
Epoch 027 [VMIM] LR:2.00e-04 | train -5.526009 | val -5.905752
Epoch 028 [VMIM] LR:2.00e-04 | train -5.598292 | val -6.059931
Epoch 029 [VMIM] LR:2.00e-04 | train -5.682146 | val -6.237647
Epoch 030 [VMIM] LR:2.00e-04 | train -5.675745 | val -6.054412
[RF R2]  t0:0.942 | t1:0.942 | t2:-0.024 | t3:0.939
[q sigma] t0:0.068 | t1:0.059 | t2:0.360 | t3:0.057   (prior sigma ~0.29; floor = head.sigma_floor)
  saved best-by-probe (mean R2 0.700, pure-VMIM).
Epoch 031 [VMIM] LR:2.00e-04 | train -5.788278 | val -6.321068
Epoch 032 [VMIM] LR:2.00e-04 | train -5.670190 | val -5.541940
Epoch 033 [VMIM] LR:2.00e-04 | train -5.799410 | val -6.337491
Epoch 034 [VMIM] LR:2.00e-04 | train -5.877295 | val -6.584130
  saved best-by-loss.
Epoch 035 [VMIM] LR:2.00e-04 | train -5.798071 | val -6.625570
  saved best-by-loss.
Epoch 036 [VMIM] LR:2.00e-04 | train -5.977691 | val -5.894580
Epoch 037 [VMIM] LR:2.00e-04 | train -5.884347 | val -5.812644
Epoch 038 [VMIM] LR:2.00e-04 | train -5.903179 | val -6.290353
Epoch 039 [VMIM] LR:2.00e-04 | train -6.016721 | val -6.198950
Epoch 040 [VMIM] LR:2.00e-04 | train -5.961078 | val -5.851617
[RF R2]  t0:0.943 | t1:0.930 | t2:-0.053 | t3:0.944
[q sigma] t0:0.074 | t1:0.056 | t2:0.338 | t3:0.052   (prior sigma ~0.29; floor = head.sigma_floor)
Epoch 041 [VMIM] LR:2.00e-04 | train -6.059045 | val -6.825405
  saved best-by-loss.
Epoch 042 [VMIM] LR:2.00e-04 | train -6.062132 | val -6.599754
Epoch 043 [VMIM] LR:2.00e-04 | train -6.103150 | val -6.160229
Epoch 044 [VMIM] LR:2.00e-04 | train -6.072901 | val -6.419019
Epoch 045 [VMIM] LR:2.00e-04 | train -6.146813 | val -6.154260
Epoch 046 [VMIM] LR:2.00e-04 | train -6.175412 | val -6.326087
Epoch 047 [VMIM] LR:2.00e-04 | train -6.162107 | val -6.696914
Epoch 048 [VMIM] LR:2.00e-04 | train -6.272797 | val -6.911619
  saved best-by-loss.
Epoch 049 [VMIM] LR:2.00e-04 | train -6.159187 | val -6.385050
Epoch 050 [VMIM] LR:2.00e-04 | train -6.217019 | val -5.683654
[RF R2]  t0:0.947 | t1:0.946 | t2:-0.026 | t3:0.944
[q sigma] t0:0.068 | t1:0.049 | t2:0.342 | t3:0.054   (prior sigma ~0.29; floor = head.sigma_floor)
  saved best-by-probe (mean R2 0.703, pure-VMIM).
Epoch 051 [VMIM] LR:2.00e-04 | train -6.135747 | val -6.803338
Epoch 052 [VMIM] LR:2.00e-04 | train -6.337921 | val -6.988869
  saved best-by-loss.
Epoch 053 [VMIM] LR:2.00e-04 | train -6.341547 | val -6.735405
Epoch 054 [VMIM] LR:2.00e-04 | train -6.339335 | val -6.805684
Epoch 055 [VMIM] LR:2.00e-04 | train -6.470151 | val -6.515164
Epoch 056 [VMIM] LR:2.00e-04 | train -6.356674 | val -7.052816
  saved best-by-loss.
Epoch 057 [VMIM] LR:2.00e-04 | train -6.430465 | val -6.880307
Epoch 058 [VMIM] LR:2.00e-04 | train -6.449215 | val -6.971218
Epoch 059 [VMIM] LR:2.00e-04 | train -6.530640 | val -6.947252
Epoch 060 [VMIM] LR:2.00e-04 | train -6.474289 | val -7.061346
[RF R2]  t0:0.957 | t1:0.946 | t2:-0.045 | t3:0.953
[q sigma] t0:0.060 | t1:0.047 | t2:0.326 | t3:0.062   (prior sigma ~0.29; floor = head.sigma_floor)
  saved best-by-loss.
Epoch 061 [VMIM] LR:2.00e-04 | train -6.502115 | val -6.644948
Epoch 062 [VMIM] LR:2.00e-04 | train -6.491997 | val -5.976924
Epoch 063 [VMIM] LR:2.00e-04 | train -6.496218 | val -6.296912
Epoch 064 [VMIM] LR:2.00e-04 | train -6.697555 | val -7.231830
  saved best-by-loss.
Epoch 065 [VMIM] LR:2.00e-04 | train -6.592142 | val -6.804404
Epoch 066 [VMIM] LR:2.00e-04 | train -6.662549 | val -7.001484
Epoch 067 [VMIM] LR:2.00e-04 | train -6.612720 | val -6.456254
Epoch 068 [VMIM] LR:2.00e-04 | train -6.679770 | val -7.177451
Epoch 069 [VMIM] LR:2.00e-04 | train -6.649663 | val -6.720327
Epoch 070 [VMIM] LR:2.00e-04 | train -6.653231 | val -7.057975
[RF R2]  t0:0.959 | t1:0.931 | t2:0.008 | t3:0.952
[q sigma] t0:0.059 | t1:0.040 | t2:0.350 | t3:0.037   (prior sigma ~0.29; floor = head.sigma_floor)
  saved best-by-probe (mean R2 0.712, pure-VMIM).
Epoch 071 [VMIM] LR:2.00e-04 | train -6.811067 | val -7.304022
  saved best-by-loss.
Epoch 072 [VMIM] LR:2.00e-04 | train -6.802173 | val -6.931315
Epoch 073 [VMIM] LR:2.00e-04 | train -6.731331 | val -7.411352
  saved best-by-loss.
Epoch 074 [VMIM] LR:2.00e-04 | train -6.994157 | val -7.653099
  saved best-by-loss.
Epoch 075 [VMIM] LR:2.00e-04 | train -7.211757 | val -7.807384
  saved best-by-loss.
Epoch 076 [VMIM] LR:2.00e-04 | train -7.373438 | val -7.795933
Epoch 077 [VMIM] LR:2.00e-04 | train -7.496259 | val -7.873656
  saved best-by-loss.
Epoch 078 [VMIM] LR:2.00e-04 | train -7.469243 | val -7.564630
Epoch 079 [VMIM] LR:2.00e-04 | train -7.706372 | val -8.284200
  saved best-by-loss.
Epoch 080 [VMIM] LR:2.00e-04 | train -7.645179 | val -7.354278
[RF R2]  t0:0.979 | t1:0.928 | t2:0.806 | t3:0.936
[q sigma] t0:0.032 | t1:0.041 | t2:0.156 | t3:0.041   (prior sigma ~0.29; floor = head.sigma_floor)
  saved best-by-probe (mean R2 0.912, pure-VMIM).
Epoch 081 [VMIM] LR:2.00e-04 | train -7.846896 | val -8.359413
  saved best-by-loss.
Epoch 082 [VMIM] LR:2.00e-04 | train -7.785167 | val -7.947639
Epoch 083 [VMIM] LR:2.00e-04 | train -7.750514 | val -7.856614
Epoch 084 [VMIM] LR:2.00e-04 | train -7.951182 | val -8.442662
  saved best-by-loss.
Epoch 085 [VMIM] LR:2.00e-04 | train -7.938239 | val -8.394536
Epoch 086 [VMIM] LR:2.00e-04 | train -7.929996 | val -8.008953
Epoch 087 [VMIM] LR:2.00e-04 | train -8.052830 | val -8.150600
Epoch 088 [VMIM] LR:2.00e-04 | train -7.968423 | val -8.497664
  saved best-by-loss.
Epoch 089 [VMIM] LR:2.00e-04 | train -8.063169 | val -8.694468
  saved best-by-loss.
Epoch 090 [VMIM] LR:2.00e-04 | train -8.109793 | val -8.725614
[RF R2]  t0:0.981 | t1:0.926 | t2:0.854 | t3:0.923
[q sigma] t0:0.030 | t1:0.036 | t2:0.135 | t3:0.037   (prior sigma ~0.29; floor = head.sigma_floor)
  saved best-by-probe (mean R2 0.921, pure-VMIM).
  saved best-by-loss.
Epoch 091 [VMIM] LR:2.00e-04 | train -8.150105 | val -8.384846
Epoch 092 [VMIM] LR:2.00e-04 | train -8.195604 | val -9.045415
  saved best-by-loss.
Epoch 093 [VMIM] LR:2.00e-04 | train -8.176215 | val -8.936206
Epoch 094 [VMIM] LR:2.00e-04 | train -8.167608 | val -8.795711
Epoch 095 [VMIM] LR:2.00e-04 | train -8.135729 | val -8.825696
Epoch 096 [VMIM] LR:2.00e-04 | train -8.206079 | val -8.477841
Epoch 097 [VMIM] LR:2.00e-04 | train -8.240458 | val -8.954430
Epoch 098 [VMIM] LR:2.00e-04 | train -8.319847 | val -8.143065
Epoch 099 [VMIM] LR:2.00e-04 | train -8.334460 | val -8.474222
Epoch 100 [VMIM] LR:2.00e-04 | train -8.311529 | val -8.606041
[RF R2]  t0:0.977 | t1:0.929 | t2:0.875 | t3:0.932
[q sigma] t0:0.025 | t1:0.040 | t2:0.094 | t3:0.048   (prior sigma ~0.29; floor = head.sigma_floor)
  saved best-by-probe (mean R2 0.928, pure-VMIM).
Epoch 101 [VMIM] LR:2.00e-04 | train -8.445380 | val -8.535769
Epoch 102 [VMIM] LR:2.00e-04 | train -8.317048 | val -8.718197
Epoch 103 [VMIM] LR:2.00e-04 | train -8.499901 | val -8.712667
Epoch 104 [VMIM] LR:2.00e-04 | train -8.412870 | val -8.783471
Epoch 105 [VMIM] LR:2.00e-04 | train -8.484878 | val -8.915324
Epoch 106 [VMIM] LR:2.00e-04 | train -8.490062 | val -8.958374
Epoch 107 [VMIM] LR:2.00e-04 | train -8.513324 | val -9.213729
  saved best-by-loss.
Epoch 108 [VMIM] LR:2.00e-04 | train -8.591154 | val -9.268217
  saved best-by-loss.
Epoch 109 [VMIM] LR:2.00e-04 | train -8.506219 | val -9.361507
  saved best-by-loss.
Epoch 110 [VMIM] LR:2.00e-04 | train -8.579346 | val -9.246427
[RF R2]  t0:0.977 | t1:0.922 | t2:0.891 | t3:0.926
[q sigma] t0:0.024 | t1:0.045 | t2:0.089 | t3:0.041   (prior sigma ~0.29; floor = head.sigma_floor)
  saved best-by-probe (mean R2 0.929, pure-VMIM).
Epoch 111 [VMIM] LR:2.00e-04 | train -8.621994 | val -8.919319
Epoch 112 [VMIM] LR:2.00e-04 | train -8.637699 | val -8.811531
Epoch 113 [VMIM] LR:2.00e-04 | train -8.564298 | val -9.458300
  saved best-by-loss.
Epoch 114 [VMIM] LR:2.00e-04 | train -8.623335 | val -9.627418
  saved best-by-loss.
Epoch 115 [VMIM] LR:2.00e-04 | train -8.513837 | val -8.685475
Epoch 116 [VMIM] LR:2.00e-04 | train -8.696506 | val -9.090228
Epoch 117 [VMIM] LR:2.00e-04 | train -8.615768 | val -9.011454
Epoch 118 [VMIM] LR:2.00e-04 | train -8.713142 | val -9.689892
  saved best-by-loss.
Epoch 119 [VMIM] LR:2.00e-04 | train -8.771320 | val -9.634952
Epoch 120 [VMIM] LR:2.00e-04 | train -8.781087 | val -9.372932
[RF R2]  t0:0.978 | t1:0.909 | t2:0.869 | t3:0.929
[q sigma] t0:0.023 | t1:0.041 | t2:0.098 | t3:0.032   (prior sigma ~0.29; floor = head.sigma_floor)
Epoch 121 [VMIM] LR:2.00e-04 | train -8.820578 | val -9.371036
Epoch 122 [VMIM] LR:2.00e-04 | train -8.809041 | val -9.325106
Epoch 123 [VMIM] LR:2.00e-04 | train -8.749382 | val -9.126050
Epoch 124 [VMIM] LR:2.00e-04 | train -8.809560 | val -8.880532
Epoch 125 [VMIM] LR:2.00e-04 | train -8.822525 | val -9.053419
Epoch 126 [VMIM] LR:2.00e-04 | train -8.807635 | val -9.102704
Epoch 127 [VMIM] LR:2.00e-04 | train -8.867269 | val -9.617151
Epoch 128 [VMIM] LR:2.00e-04 | train -8.826890 | val -9.444313
Epoch 129 [VMIM] LR:2.00e-04 | train -8.878227 | val -9.621605
Epoch 130 [VMIM] LR:2.00e-04 | train -9.091243 | val -9.856269
[RF R2]  t0:0.978 | t1:0.915 | t2:0.878 | t3:0.926
[q sigma] t0:0.022 | t1:0.035 | t2:0.083 | t3:0.032   (prior sigma ~0.29; floor = head.sigma_floor)
  saved best-by-loss.
Epoch 131 [VMIM] LR:2.00e-04 | train -8.964246 | val -9.500622
Epoch 132 [VMIM] LR:2.00e-04 | train -9.062599 | val -9.396461
Epoch 133 [VMIM] LR:2.00e-04 | train -9.043427 | val -9.495942
Epoch 134 [VMIM] LR:2.00e-04 | train -8.972943 | val -9.635995
Epoch 135 [VMIM] LR:2.00e-04 | train -9.058333 | val -9.446111
Epoch 136 [VMIM] LR:2.00e-04 | train -9.142077 | val -9.946562
  saved best-by-loss.
Epoch 137 [VMIM] LR:2.00e-04 | train -9.079187 | val -8.818474
Epoch 138 [VMIM] LR:2.00e-04 | train -9.074334 | val -9.656477
Epoch 139 [VMIM] LR:2.00e-04 | train -9.078485 | val -9.474377
Epoch 140 [VMIM] LR:2.00e-04 | train -9.083165 | val -9.672408
[RF R2]  t0:0.973 | t1:0.893 | t2:0.887 | t3:0.923
[q sigma] t0:0.022 | t1:0.032 | t2:0.074 | t3:0.041   (prior sigma ~0.29; floor = head.sigma_floor)
Epoch 141 [VMIM] LR:2.00e-04 | train -9.155449 | val -9.045794
Epoch 142 [VMIM] LR:2.00e-04 | train -9.225700 | val -9.859656
Epoch 143 [VMIM] LR:2.00e-04 | train -9.213143 | val -9.409309
Epoch 144 [VMIM] LR:2.00e-04 | train -9.248458 | val -9.849893
Epoch 145 [VMIM] LR:2.00e-04 | train -9.153944 | val -10.119765
  saved best-by-loss.
Epoch 146 [VMIM] LR:2.00e-04 | train -9.236485 | val -9.867549
Epoch 147 [VMIM] LR:2.00e-04 | train -9.115234 | val -9.679909
Epoch 148 [VMIM] LR:2.00e-04 | train -9.292084 | val -9.926609
Epoch 149 [VMIM] LR:2.00e-04 | train -9.205346 | val -9.722694
Epoch 150 [VMIM] LR:2.00e-04 | train -9.083952 | val -10.019519
[RF R2]  t0:0.978 | t1:0.904 | t2:0.882 | t3:0.931
[q sigma] t0:0.021 | t1:0.032 | t2:0.068 | t3:0.042   (prior sigma ~0.29; floor = head.sigma_floor)
Epoch 151 [VMIM] LR:2.00e-04 | train -9.170388 | val -9.562628
Epoch 152 [VMIM] LR:2.00e-04 | train -9.260270 | val -10.109090
Epoch 153 [VMIM] LR:2.00e-04 | train -9.142149 | val -9.963825
Epoch 154 [VMIM] LR:2.00e-04 | train -9.347311 | val -10.392145
  saved best-by-loss.
Epoch 155 [VMIM] LR:2.00e-04 | train -9.414124 | val -9.875689
Epoch 156 [VMIM] LR:2.00e-04 | train -9.353667 | val -9.650287
Epoch 157 [VMIM] LR:2.00e-04 | train -9.338044 | val -10.505875
  saved best-by-loss.
Epoch 158 [VMIM] LR:2.00e-04 | train -9.249122 | val -9.441044
Epoch 159 [VMIM] LR:2.00e-04 | train -9.360175 | val -9.699992
Epoch 160 [VMIM] LR:2.00e-04 | train -9.307783 | val -9.444287
[RF R2]  t0:0.974 | t1:0.901 | t2:0.875 | t3:0.925
[q sigma] t0:0.026 | t1:0.040 | t2:0.088 | t3:0.041   (prior sigma ~0.29; floor = head.sigma_floor)
Epoch 161 [VMIM] LR:2.00e-04 | train -9.310106 | val -10.264955
Epoch 162 [VMIM] LR:2.00e-04 | train -9.297640 | val -9.873098
Epoch 163 [VMIM] LR:2.00e-04 | train -9.309993 | val -9.730039
Epoch 164 [VMIM] LR:2.00e-04 | train -9.385789 | val -10.171692
Epoch 165 [VMIM] LR:2.00e-04 | train -9.518428 | val -9.589989
Epoch 166 [VMIM] LR:2.00e-04 | train -9.459887 | val -9.866441
Epoch 167 [VMIM] LR:2.00e-04 | train -9.489499 | val -10.010554
Epoch 168 [VMIM] LR:2.00e-04 | train -9.547628 | val -9.686880
Epoch 169 [VMIM] LR:2.00e-04 | train -9.386510 | val -10.155196
Epoch 170 [VMIM] LR:2.00e-04 | train -9.491204 | val -9.559169
[RF R2]  t0:0.975 | t1:0.900 | t2:0.871 | t3:0.927
[q sigma] t0:0.021 | t1:0.032 | t2:0.077 | t3:0.037   (prior sigma ~0.29; floor = head.sigma_floor)
Epoch 171 [VMIM] LR:2.00e-04 | train -9.489782 | val -10.090474
Epoch 172 [VMIM] LR:2.00e-04 | train -9.544480 | val -9.636457
Epoch 173 [VMIM] LR:1.00e-04 | train -9.433634 | val -10.309718
Epoch 174 [VMIM] LR:1.00e-04 | train -10.494455 | val -11.113565
  saved best-by-loss.
Epoch 175 [VMIM] LR:1.00e-04 | train -10.564929 | val -11.236833
  saved best-by-loss.
Epoch 176 [VMIM] LR:1.00e-04 | train -10.547328 | val -11.196481
Epoch 177 [VMIM] LR:1.00e-04 | train -10.572785 | val -11.236419
Epoch 178 [VMIM] LR:1.00e-04 | train -10.505123 | val -11.428868
  saved best-by-loss.
Epoch 179 [VMIM] LR:1.00e-04 | train -10.652533 | val -11.131810
Epoch 180 [VMIM] LR:1.00e-04 | train -10.578144 | val -10.633508
[RF R2]  t0:0.975 | t1:0.881 | t2:0.876 | t3:0.920
[q sigma] t0:0.015 | t1:0.026 | t2:0.059 | t3:0.028   (prior sigma ~0.29; floor = head.sigma_floor)
Epoch 181 [VMIM] LR:1.00e-04 | train -10.700536 | val -11.343980
Epoch 182 [VMIM] LR:1.00e-04 | train -10.655816 | val -11.021944
Epoch 183 [VMIM] LR:1.00e-04 | train -10.664967 | val -11.517265
  saved best-by-loss.
Epoch 184 [VMIM] LR:1.00e-04 | train -10.707214 | val -11.118725
Epoch 185 [VMIM] LR:1.00e-04 | train -10.645172 | val -11.822122
  saved best-by-loss.
Epoch 186 [VMIM] LR:1.00e-04 | train -10.760466 | val -11.019023
Epoch 187 [VMIM] LR:1.00e-04 | train -10.700931 | val -11.341055
Epoch 188 [VMIM] LR:1.00e-04 | train -10.751556 | val -11.457815
Epoch 189 [VMIM] LR:1.00e-04 | train -10.735201 | val -11.566428
Epoch 190 [VMIM] LR:1.00e-04 | train -10.723320 | val -11.605070
[RF R2]  t0:0.974 | t1:0.886 | t2:0.892 | t3:0.895
[q sigma] t0:0.014 | t1:0.023 | t2:0.048 | t3:0.026   (prior sigma ~0.29; floor = head.sigma_floor)
Epoch 191 [VMIM] LR:1.00e-04 | train -10.773545 | val -11.515813
Epoch 192 [VMIM] LR:1.00e-04 | train -10.727134 | val -11.200792
Epoch 193 [VMIM] LR:1.00e-04 | train -10.816523 | val -11.299232
Epoch 194 [VMIM] LR:1.00e-04 | train -10.732934 | val -11.513154
Epoch 195 [VMIM] LR:1.00e-04 | train -10.763899 | val -11.286132
Epoch 196 [VMIM] LR:1.00e-04 | train -10.794513 | val -11.685442
Epoch 197 [VMIM] LR:1.00e-04 | train -10.854431 | val -11.477993
Epoch 198 [VMIM] LR:1.00e-04 | train -10.815479 | val -11.470152
Epoch 199 [VMIM] LR:1.00e-04 | train -10.832376 | val -11.377056
Epoch 200 [VMIM] LR:1.00e-04 | train -10.840118 | val -11.314150
[RF R2]  t0:0.976 | t1:0.859 | t2:0.882 | t3:0.902
[q sigma] t0:0.015 | t1:0.023 | t2:0.046 | t3:0.032   (prior sigma ~0.29; floor = head.sigma_floor)
[TIMER] train 4513.6s
[WARN] requested learned_compressor_bestprobe.pt missing; falling back to learned_compressor.pt
exporting from checkpoint: /gscratch/ddehiwalage-don/sbi_master/cnn_vmim_/n2/seed_s0/nle/learned_compressor.pt
  export 1,024/9,120,000
  export 103,424/9,120,000
  export 205,824/9,120,000
  export 308,224/9,120,000
  export 410,624/9,120,000
  export 513,024/9,120,000
  export 615,424/9,120,000
  export 717,824/9,120,000
  export 820,224/9,120,000
  export 922,624/9,120,000
  export 1,025,024/9,120,000
  export 1,127,424/9,120,000
  export 1,229,824/9,120,000
  export 1,332,224/9,120,000
  export 1,434,624/9,120,000
  export 1,537,024/9,120,000
  export 1,639,424/9,120,000
  export 1,741,824/9,120,000
  export 1,844,224/9,120,000
  export 1,946,624/9,120,000
  export 2,049,024/9,120,000
  export 2,151,424/9,120,000
  export 2,253,824/9,120,000
  export 2,356,224/9,120,000
  export 2,458,624/9,120,000
  export 2,561,024/9,120,000
  export 2,663,424/9,120,000
  export 2,765,824/9,120,000
  export 2,868,224/9,120,000
  export 2,970,624/9,120,000
  export 3,073,024/9,120,000
  export 3,175,424/9,120,000
  export 3,277,824/9,120,000
  export 3,380,224/9,120,000
  export 3,482,624/9,120,000
  export 3,585,024/9,120,000
  export 3,687,424/9,120,000
  export 3,789,824/9,120,000
  export 3,892,224/9,120,000
  export 3,994,624/9,120,000
  export 4,097,024/9,120,000
  export 4,199,424/9,120,000
  export 4,301,824/9,120,000
  export 4,404,224/9,120,000
  export 4,506,624/9,120,000
  export 4,609,024/9,120,000
  export 4,711,424/9,120,000
  export 4,813,824/9,120,000
  export 4,916,224/9,120,000
  export 5,018,624/9,120,000
  export 5,121,024/9,120,000
  export 5,223,424/9,120,000
  export 5,325,824/9,120,000
  export 5,428,224/9,120,000
  export 5,530,624/9,120,000
  export 5,633,024/9,120,000
  export 5,735,424/9,120,000
  export 5,837,824/9,120,000
  export 5,940,224/9,120,000
  export 6,042,624/9,120,000
  export 6,145,024/9,120,000
  export 6,247,424/9,120,000
  export 6,349,824/9,120,000
  export 6,452,224/9,120,000
  export 6,554,624/9,120,000
  export 6,657,024/9,120,000
  export 6,759,424/9,120,000
  export 6,861,824/9,120,000
  export 6,964,224/9,120,000
  export 7,066,624/9,120,000
  export 7,169,024/9,120,000
  export 7,271,424/9,120,000
  export 7,373,824/9,120,000
  export 7,476,224/9,120,000
  export 7,578,624/9,120,000
  export 7,681,024/9,120,000
  export 7,783,424/9,120,000
  export 7,885,824/9,120,000
  export 7,988,224/9,120,000
  export 8,090,624/9,120,000
  export 8,193,024/9,120,000
  export 8,295,424/9,120,000
  export 8,397,824/9,120,000
  export 8,500,224/9,120,000
  export 8,602,624/9,120,000
  export 8,705,024/9,120,000
  export 8,807,424/9,120,000
  export 8,909,824/9,120,000
  export 9,012,224/9,120,000
  export 9,114,624/9,120,000
exported summaries -> /gscratch/ddehiwalage-don/sbi_master/cnn_vmim_/n2/seed_s0/summaries  t (9120000, 4)
