node=tycho58  gpus=1
[seed] global seed=2 deterministic=True
Stage1 arm=cnn_vmim_/n1_jitter/seed_s2 split_seed=42 init_seed=2
--> usable cores=4  num_workers=3
sigma floor for each parm: tensor([0.0100, 0.0100, 0.0100, 0.0100]) jitter for each parm {2: 0.1}
[MODE] pure VMIM from epoch 0.
[PHASE] pure VMIM begins at epoch 1: arming probe-based early stopping from here.
Epoch 001 [VMIM] LR:2.00e-04 | train -1.031842 | val -2.841765
  saved best-by-loss.
Epoch 002 [VMIM] LR:2.00e-04 | train -2.493742 | val -3.064608
  saved best-by-loss.
Epoch 003 [VMIM] LR:2.00e-04 | train -2.940785 | val -1.502899
Epoch 004 [VMIM] LR:2.00e-04 | train -2.962130 | val -3.494101
  saved best-by-loss.
Epoch 005 [VMIM] LR:2.00e-04 | train -3.247729 | val -3.881605
  saved best-by-loss.
Epoch 006 [VMIM] LR:2.00e-04 | train -3.377685 | val -3.377355
Epoch 007 [VMIM] LR:2.00e-04 | train -3.490439 | val -3.681424
Epoch 008 [VMIM] LR:2.00e-04 | train -3.722419 | val -4.364325
  saved best-by-loss.
Epoch 009 [VMIM] LR:2.00e-04 | train -4.018505 | val -3.785917
Epoch 010 [VMIM] LR:2.00e-04 | train -4.206855 | val -4.351112
[RF R2]  t0:0.936 | t1:0.825 | t2:-0.039 | t3:0.909
[q sigma] t0:0.096 | t1:0.135 | t2:0.347 | t3:0.102   (prior sigma ~0.29; floor = head.sigma_floor)
  saved best-by-probe (mean R2 0.658, pure-VMIM).
Epoch 011 [VMIM] LR:2.00e-04 | train -4.326273 | val -4.299193
Epoch 012 [VMIM] LR:2.00e-04 | train -4.548806 | val -4.981452
  saved best-by-loss.
Epoch 013 [VMIM] LR:2.00e-04 | train -4.714086 | val -4.902721
Epoch 014 [VMIM] LR:2.00e-04 | train -4.811289 | val -5.001867
  saved best-by-loss.
Epoch 015 [VMIM] LR:2.00e-04 | train -4.838993 | val -4.995752
Epoch 016 [VMIM] LR:2.00e-04 | train -5.070366 | val -5.796387
  saved best-by-loss.
Epoch 017 [VMIM] LR:2.00e-04 | train -5.086658 | val -5.004342
Epoch 018 [VMIM] LR:2.00e-04 | train -5.089653 | val -5.027369
Epoch 019 [VMIM] LR:2.00e-04 | train -5.185048 | val -5.802300
  saved best-by-loss.
Epoch 020 [VMIM] LR:2.00e-04 | train -5.292872 | val -5.602991
[RF R2]  t0:0.932 | t1:0.909 | t2:-0.013 | t3:0.955
[q sigma] t0:0.070 | t1:0.072 | t2:0.398 | t3:0.071   (prior sigma ~0.29; floor = head.sigma_floor)
  saved best-by-probe (mean R2 0.696, pure-VMIM).
Epoch 021 [VMIM] LR:2.00e-04 | train -5.388739 | val -6.047902
  saved best-by-loss.
Epoch 022 [VMIM] LR:2.00e-04 | train -5.413279 | val -5.815717
Epoch 023 [VMIM] LR:2.00e-04 | train -5.439696 | val -5.843631
Epoch 024 [VMIM] LR:2.00e-04 | train -5.519151 | val -5.638890
Epoch 025 [VMIM] LR:2.00e-04 | train -5.532522 | val -5.767490
Epoch 026 [VMIM] LR:2.00e-04 | train -5.633618 | val -5.788831
Epoch 027 [VMIM] LR:2.00e-04 | train -5.631656 | val -6.117761
  saved best-by-loss.
Epoch 028 [VMIM] LR:2.00e-04 | train -5.692651 | val -6.411089
  saved best-by-loss.
Epoch 029 [VMIM] LR:2.00e-04 | train -5.764000 | val -5.397044
Epoch 030 [VMIM] LR:2.00e-04 | train -5.799894 | val -6.332679
[RF R2]  t0:0.943 | t1:0.922 | t2:0.107 | t3:0.952
[q sigma] t0:0.064 | t1:0.062 | t2:0.342 | t3:0.059   (prior sigma ~0.29; floor = head.sigma_floor)
  saved best-by-probe (mean R2 0.731, pure-VMIM).
Epoch 031 [VMIM] LR:2.00e-04 | train -5.765136 | val -6.030140
Epoch 032 [VMIM] LR:2.00e-04 | train -5.951688 | val -6.450234
  saved best-by-loss.
Epoch 033 [VMIM] LR:2.00e-04 | train -6.006764 | val -6.007739
Epoch 034 [VMIM] LR:2.00e-04 | train -6.114631 | val -6.319699
Epoch 035 [VMIM] LR:2.00e-04 | train -6.253404 | val -7.010214
  saved best-by-loss.
Epoch 036 [VMIM] LR:2.00e-04 | train -6.455693 | val -7.081596
  saved best-by-loss.
Epoch 037 [VMIM] LR:2.00e-04 | train -6.492598 | val -6.699747
Epoch 038 [VMIM] LR:2.00e-04 | train -6.735946 | val -7.054107
Epoch 039 [VMIM] LR:2.00e-04 | train -6.881676 | val -7.336380
  saved best-by-loss.
Epoch 040 [VMIM] LR:2.00e-04 | train -6.859155 | val -7.424626
[RF R2]  t0:0.963 | t1:0.934 | t2:0.789 | t3:0.956
[q sigma] t0:0.031 | t1:0.056 | t2:0.169 | t3:0.056   (prior sigma ~0.29; floor = head.sigma_floor)
  saved best-by-probe (mean R2 0.911, pure-VMIM).
  saved best-by-loss.
Epoch 041 [VMIM] LR:2.00e-04 | train -6.926229 | val -7.456527
  saved best-by-loss.
Epoch 042 [VMIM] LR:2.00e-04 | train -6.994376 | val -6.079113
Epoch 043 [VMIM] LR:2.00e-04 | train -7.053854 | val -7.703564
  saved best-by-loss.
Epoch 044 [VMIM] LR:2.00e-04 | train -7.001819 | val -7.824474
  saved best-by-loss.
Epoch 045 [VMIM] LR:2.00e-04 | train -7.129474 | val -7.762152
Epoch 046 [VMIM] LR:2.00e-04 | train -7.160711 | val -7.381810
Epoch 047 [VMIM] LR:2.00e-04 | train -7.196990 | val -8.025557
  saved best-by-loss.
Epoch 048 [VMIM] LR:2.00e-04 | train -7.269701 | val -7.947466
Epoch 049 [VMIM] LR:2.00e-04 | train -7.323014 | val -7.679425
Epoch 050 [VMIM] LR:2.00e-04 | train -7.333820 | val -8.120803
[RF R2]  t0:0.962 | t1:0.932 | t2:0.837 | t3:0.956
[q sigma] t0:0.027 | t1:0.057 | t2:0.128 | t3:0.063   (prior sigma ~0.29; floor = head.sigma_floor)
  saved best-by-probe (mean R2 0.922, pure-VMIM).
  saved best-by-loss.
Epoch 051 [VMIM] LR:2.00e-04 | train -7.387934 | val -7.733897
Epoch 052 [VMIM] LR:2.00e-04 | train -7.311597 | val -7.934768
Epoch 053 [VMIM] LR:2.00e-04 | train -7.419553 | val -7.873780
Epoch 054 [VMIM] LR:2.00e-04 | train -7.538404 | val -7.982429
Epoch 055 [VMIM] LR:2.00e-04 | train -7.454869 | val -8.027313
Epoch 056 [VMIM] LR:2.00e-04 | train -7.521689 | val -7.596646
Epoch 057 [VMIM] LR:2.00e-04 | train -7.545457 | val -8.406209
  saved best-by-loss.
Epoch 058 [VMIM] LR:2.00e-04 | train -7.535671 | val -8.194504
Epoch 059 [VMIM] LR:2.00e-04 | train -7.526711 | val -8.188567
Epoch 060 [VMIM] LR:2.00e-04 | train -7.564320 | val -8.010570
[RF R2]  t0:0.963 | t1:0.946 | t2:0.857 | t3:0.963
[q sigma] t0:0.026 | t1:0.048 | t2:0.128 | t3:0.052   (prior sigma ~0.29; floor = head.sigma_floor)
  saved best-by-probe (mean R2 0.932, pure-VMIM).
Epoch 061 [VMIM] LR:2.00e-04 | train -7.547642 | val -8.125578
Epoch 062 [VMIM] LR:2.00e-04 | train -7.687107 | val -8.026752
Epoch 063 [VMIM] LR:2.00e-04 | train -7.617782 | val -8.155248
Epoch 064 [VMIM] LR:2.00e-04 | train -7.725729 | val -8.176173
Epoch 065 [VMIM] LR:2.00e-04 | train -7.753320 | val -8.673655
  saved best-by-loss.
Epoch 066 [VMIM] LR:2.00e-04 | train -7.744066 | val -8.250710
Epoch 067 [VMIM] LR:2.00e-04 | train -7.754184 | val -7.656988
Epoch 068 [VMIM] LR:2.00e-04 | train -7.720075 | val -8.187640
Epoch 069 [VMIM] LR:2.00e-04 | train -7.742053 | val -8.648283
Epoch 070 [VMIM] LR:2.00e-04 | train -7.849216 | val -8.690094
[RF R2]  t0:0.963 | t1:0.948 | t2:0.857 | t3:0.968
[q sigma] t0:0.022 | t1:0.043 | t2:0.116 | t3:0.049   (prior sigma ~0.29; floor = head.sigma_floor)
  saved best-by-probe (mean R2 0.934, pure-VMIM).
  saved best-by-loss.
Epoch 071 [VMIM] LR:2.00e-04 | train -7.848603 | val -8.542406
Epoch 072 [VMIM] LR:2.00e-04 | train -7.830586 | val -8.815328
  saved best-by-loss.
Epoch 073 [VMIM] LR:2.00e-04 | train -7.737612 | val -8.680620
Epoch 074 [VMIM] LR:2.00e-04 | train -7.884773 | val -8.376369
Epoch 075 [VMIM] LR:2.00e-04 | train -7.928585 | val -8.555119
Epoch 076 [VMIM] LR:2.00e-04 | train -7.866113 | val -8.331303
Epoch 077 [VMIM] LR:2.00e-04 | train -7.921524 | val -8.380314
Epoch 078 [VMIM] LR:2.00e-04 | train -7.937553 | val -8.821537
  saved best-by-loss.
Epoch 079 [VMIM] LR:2.00e-04 | train -7.958676 | val -8.581614
Epoch 080 [VMIM] LR:2.00e-04 | train -7.928633 | val -8.002781
[RF R2]  t0:0.961 | t1:0.929 | t2:0.858 | t3:0.949
[q sigma] t0:0.021 | t1:0.039 | t2:0.101 | t3:0.033   (prior sigma ~0.29; floor = head.sigma_floor)
Epoch 081 [VMIM] LR:2.00e-04 | train -7.980647 | val -7.966402
Epoch 082 [VMIM] LR:2.00e-04 | train -7.923811 | val -8.232423
Epoch 083 [VMIM] LR:2.00e-04 | train -8.050607 | val -8.378761
Epoch 084 [VMIM] LR:2.00e-04 | train -7.976076 | val -7.831980
Epoch 085 [VMIM] LR:2.00e-04 | train -7.962529 | val -8.299014
Epoch 086 [VMIM] LR:2.00e-04 | train -8.030030 | val -9.132343
  saved best-by-loss.
Epoch 087 [VMIM] LR:2.00e-04 | train -8.050336 | val -8.616622
Epoch 088 [VMIM] LR:2.00e-04 | train -8.076445 | val -8.709574
Epoch 089 [VMIM] LR:2.00e-04 | train -8.096309 | val -8.355928
Epoch 090 [VMIM] LR:2.00e-04 | train -8.088095 | val -8.396581
[RF R2]  t0:0.956 | t1:0.923 | t2:0.854 | t3:0.963
[q sigma] t0:0.024 | t1:0.039 | t2:0.110 | t3:0.043   (prior sigma ~0.29; floor = head.sigma_floor)
Epoch 091 [VMIM] LR:2.00e-04 | train -8.204093 | val -8.487538
Epoch 092 [VMIM] LR:2.00e-04 | train -8.112720 | val -8.677895
Epoch 093 [VMIM] LR:2.00e-04 | train -8.106989 | val -8.935160
Epoch 094 [VMIM] LR:2.00e-04 | train -8.167441 | val -8.580461
Epoch 095 [VMIM] LR:2.00e-04 | train -8.244061 | val -8.936129
Epoch 096 [VMIM] LR:2.00e-04 | train -8.208957 | val -8.668243
Epoch 097 [VMIM] LR:2.00e-04 | train -8.224239 | val -9.263040
  saved best-by-loss.
Epoch 098 [VMIM] LR:2.00e-04 | train -8.229626 | val -9.062450
Epoch 099 [VMIM] LR:2.00e-04 | train -8.234281 | val -9.016865
Epoch 100 [VMIM] LR:2.00e-04 | train -8.299752 | val -8.964294
[RF R2]  t0:0.961 | t1:0.939 | t2:0.865 | t3:0.966
[q sigma] t0:0.021 | t1:0.038 | t2:0.106 | t3:0.036   (prior sigma ~0.29; floor = head.sigma_floor)
Epoch 101 [VMIM] LR:2.00e-04 | train -8.218563 | val -9.134490
Epoch 102 [VMIM] LR:2.00e-04 | train -8.307251 | val -9.034374
Epoch 103 [VMIM] LR:2.00e-04 | train -8.314857 | val -8.614538
Epoch 104 [VMIM] LR:2.00e-04 | train -8.266058 | val -9.175498
Epoch 105 [VMIM] LR:2.00e-04 | train -8.321653 | val -9.211643
Epoch 106 [VMIM] LR:2.00e-04 | train -8.295299 | val -8.748965
Epoch 107 [VMIM] LR:2.00e-04 | train -8.348601 | val -9.271448
  saved best-by-loss.
Epoch 108 [VMIM] LR:2.00e-04 | train -8.419820 | val -9.379161
  saved best-by-loss.
Epoch 109 [VMIM] LR:2.00e-04 | train -8.322201 | val -9.125330
Epoch 110 [VMIM] LR:2.00e-04 | train -8.312093 | val -9.263108
[RF R2]  t0:0.954 | t1:0.938 | t2:0.836 | t3:0.966
[q sigma] t0:0.020 | t1:0.036 | t2:0.106 | t3:0.032   (prior sigma ~0.29; floor = head.sigma_floor)
Epoch 111 [VMIM] LR:2.00e-04 | train -8.470126 | val -9.310726
Epoch 112 [VMIM] LR:2.00e-04 | train -8.415184 | val -8.683285
Epoch 113 [VMIM] LR:2.00e-04 | train -8.450235 | val -9.284006
Epoch 114 [VMIM] LR:2.00e-04 | train -8.483182 | val -9.053269
Epoch 115 [VMIM] LR:2.00e-04 | train -8.496878 | val -9.305214
Epoch 116 [VMIM] LR:2.00e-04 | train -8.414561 | val -9.327442
Epoch 117 [VMIM] LR:2.00e-04 | train -8.551000 | val -9.008336
Epoch 118 [VMIM] LR:2.00e-04 | train -8.439620 | val -8.946006
Epoch 119 [VMIM] LR:2.00e-04 | train -8.508888 | val -9.311626
Epoch 120 [VMIM] LR:2.00e-04 | train -8.549516 | val -8.755481
[RF R2]  t0:0.956 | t1:0.941 | t2:0.850 | t3:0.968
[q sigma] t0:0.019 | t1:0.032 | t2:0.098 | t3:0.035   (prior sigma ~0.29; floor = head.sigma_floor)
Epoch 121 [VMIM] LR:2.00e-04 | train -8.595713 | val -8.479602
Epoch 122 [VMIM] LR:2.00e-04 | train -8.518309 | val -9.207669
Epoch 123 [VMIM] LR:2.00e-04 | train -8.641147 | val -9.105243
Epoch 124 [VMIM] LR:1.00e-04 | train -8.617318 | val -9.103390
Epoch 125 [VMIM] LR:1.00e-04 | train -9.306752 | val -10.151050
  saved best-by-loss.
Epoch 126 [VMIM] LR:1.00e-04 | train -9.354755 | val -10.205736
  saved best-by-loss.
Epoch 127 [VMIM] LR:1.00e-04 | train -9.363655 | val -10.468519
  saved best-by-loss.
Epoch 128 [VMIM] LR:1.00e-04 | train -9.412872 | val -10.295335
Epoch 129 [VMIM] LR:1.00e-04 | train -9.433647 | val -10.291430
Epoch 130 [VMIM] LR:1.00e-04 | train -9.410854 | val -10.258676
[RF R2]  t0:0.948 | t1:0.939 | t2:0.829 | t3:0.959
[q sigma] t0:0.016 | t1:0.027 | t2:0.082 | t3:0.029   (prior sigma ~0.29; floor = head.sigma_floor)
Epoch 131 [VMIM] LR:1.00e-04 | train -9.437050 | val -10.477107
  saved best-by-loss.
Epoch 132 [VMIM] LR:1.00e-04 | train -9.398361 | val -10.203699
Epoch 133 [VMIM] LR:1.00e-04 | train -9.478312 | val -9.921791
Epoch 134 [VMIM] LR:1.00e-04 | train -9.462878 | val -10.275769
Epoch 135 [VMIM] LR:1.00e-04 | train -9.498586 | val -10.411655
Epoch 136 [VMIM] LR:1.00e-04 | train -9.488840 | val -10.238218
Epoch 137 [VMIM] LR:1.00e-04 | train -9.501457 | val -10.490559
  saved best-by-loss.
Epoch 138 [VMIM] LR:1.00e-04 | train -9.500384 | val -10.469693
Epoch 139 [VMIM] LR:1.00e-04 | train -9.525587 | val -10.425105
Epoch 140 [VMIM] LR:1.00e-04 | train -9.521459 | val -10.648880
[RF R2]  t0:0.944 | t1:0.930 | t2:0.839 | t3:0.955
[q sigma] t0:0.016 | t1:0.025 | t2:0.081 | t3:0.029   (prior sigma ~0.29; floor = head.sigma_floor)
  saved best-by-loss.
Epoch 141 [VMIM] LR:1.00e-04 | train -9.532919 | val -10.358133
Epoch 142 [VMIM] LR:1.00e-04 | train -9.551969 | val -10.366306
Epoch 143 [VMIM] LR:1.00e-04 | train -9.558509 | val -10.578406
Epoch 144 [VMIM] LR:1.00e-04 | train -9.556520 | val -10.251394
Epoch 145 [VMIM] LR:1.00e-04 | train -9.611115 | val -10.261438
Epoch 146 [VMIM] LR:1.00e-04 | train -9.574981 | val -10.632274
Epoch 147 [VMIM] LR:1.00e-04 | train -9.588945 | val -10.455900
Epoch 148 [VMIM] LR:1.00e-04 | train -9.616764 | val -10.503043
Epoch 149 [VMIM] LR:1.00e-04 | train -9.596014 | val -10.458548
Epoch 150 [VMIM] LR:1.00e-04 | train -9.636671 | val -10.635643
[RF R2]  t0:0.946 | t1:0.936 | t2:0.829 | t3:0.953
[q sigma] t0:0.015 | t1:0.025 | t2:0.082 | t3:0.027   (prior sigma ~0.29; floor = head.sigma_floor)
Epoch 151 [VMIM] LR:1.00e-04 | train -9.618341 | val -10.651487
  saved best-by-loss.
Epoch 152 [VMIM] LR:1.00e-04 | train -9.686074 | val -10.574603
Epoch 153 [VMIM] LR:1.00e-04 | train -9.666011 | val -10.551194
Epoch 154 [VMIM] LR:1.00e-04 | train -9.669075 | val -10.881049
  saved best-by-loss.
Epoch 155 [VMIM] LR:1.00e-04 | train -9.692160 | val -10.338618
Epoch 156 [VMIM] LR:1.00e-04 | train -9.644007 | val -10.587503
Epoch 157 [VMIM] LR:1.00e-04 | train -9.639213 | val -10.789061
Epoch 158 [VMIM] LR:1.00e-04 | train -9.692867 | val -10.356699
Epoch 159 [VMIM] LR:1.00e-04 | train -9.648106 | val -10.212114
Epoch 160 [VMIM] LR:1.00e-04 | train -9.728546 | val -10.802867
[RF R2]  t0:0.947 | t1:0.920 | t2:0.828 | t3:0.942
[q sigma] t0:0.015 | t1:0.026 | t2:0.084 | t3:0.028   (prior sigma ~0.29; floor = head.sigma_floor)
Epoch 161 [VMIM] LR:1.00e-04 | train -9.679859 | val -10.853857
Epoch 162 [VMIM] LR:1.00e-04 | train -9.761697 | val -10.836129
Epoch 163 [VMIM] LR:1.00e-04 | train -9.729022 | val -10.694490
Epoch 164 [VMIM] LR:1.00e-04 | train -9.750432 | val -10.429517
Epoch 165 [VMIM] LR:1.00e-04 | train -9.721957 | val -10.568328
Epoch 166 [VMIM] LR:1.00e-04 | train -9.731032 | val -10.742587
Epoch 167 [VMIM] LR:1.00e-04 | train -9.772097 | val -10.687035
Epoch 168 [VMIM] LR:1.00e-04 | train -9.730489 | val -10.661202
Epoch 169 [VMIM] LR:1.00e-04 | train -9.735222 | val -10.611647
Epoch 170 [VMIM] LR:5.00e-05 | train -9.761155 | val -10.693855
[RF R2]  t0:0.940 | t1:0.936 | t2:0.805 | t3:0.952
[q sigma] t0:0.015 | t1:0.025 | t2:0.084 | t3:0.025   (prior sigma ~0.29; floor = head.sigma_floor)
Epoch 171 [VMIM] LR:5.00e-05 | train -10.199634 | val -11.158055
  saved best-by-loss.
Epoch 172 [VMIM] LR:5.00e-05 | train -10.240619 | val -11.186273
  saved best-by-loss.
Epoch 173 [VMIM] LR:5.00e-05 | train -10.254657 | val -11.266651
  saved best-by-loss.
Epoch 174 [VMIM] LR:5.00e-05 | train -10.252467 | val -11.193085
Epoch 175 [VMIM] LR:5.00e-05 | train -10.255113 | val -11.186322
Epoch 176 [VMIM] LR:5.00e-05 | train -10.269343 | val -11.290823
  saved best-by-loss.
Epoch 177 [VMIM] LR:5.00e-05 | train -10.259878 | val -11.262425
Epoch 178 [VMIM] LR:5.00e-05 | train -10.262410 | val -11.165561
Epoch 179 [VMIM] LR:5.00e-05 | train -10.278276 | val -11.126783
Epoch 180 [VMIM] LR:5.00e-05 | train -10.334543 | val -11.392917
[RF R2]  t0:0.942 | t1:0.928 | t2:0.830 | t3:0.936
[q sigma] t0:0.013 | t1:0.020 | t2:0.076 | t3:0.025   (prior sigma ~0.29; floor = head.sigma_floor)
  saved best-by-loss.
Epoch 181 [VMIM] LR:5.00e-05 | train -10.306484 | val -11.139867
Epoch 182 [VMIM] LR:5.00e-05 | train -10.303307 | val -11.411478
  saved best-by-loss.
Epoch 183 [VMIM] LR:5.00e-05 | train -10.247546 | val -11.422422
  saved best-by-loss.
Epoch 184 [VMIM] LR:5.00e-05 | train -10.289590 | val -10.916506
Epoch 185 [VMIM] LR:5.00e-05 | train -10.335923 | val -11.146840
Epoch 186 [VMIM] LR:5.00e-05 | train -10.313813 | val -11.306674
Epoch 187 [VMIM] LR:5.00e-05 | train -10.361287 | val -11.261164
Epoch 188 [VMIM] LR:5.00e-05 | train -10.317007 | val -11.361835
Epoch 189 [VMIM] LR:5.00e-05 | train -10.364093 | val -11.504414
  saved best-by-loss.
Epoch 190 [VMIM] LR:5.00e-05 | train -10.355573 | val -11.256748
[RF R2]  t0:0.930 | t1:0.939 | t2:0.824 | t3:0.942
[q sigma] t0:0.013 | t1:0.021 | t2:0.076 | t3:0.024   (prior sigma ~0.29; floor = head.sigma_floor)
Epoch 191 [VMIM] LR:5.00e-05 | train -10.356352 | val -11.473746
Epoch 192 [VMIM] LR:5.00e-05 | train -10.319450 | val -11.292224
Epoch 193 [VMIM] LR:5.00e-05 | train -10.375160 | val -11.252569
Epoch 194 [VMIM] LR:5.00e-05 | train -10.344502 | val -11.479954
Epoch 195 [VMIM] LR:5.00e-05 | train -10.379092 | val -11.368677
Epoch 196 [VMIM] LR:5.00e-05 | train -10.378563 | val -11.305298
Epoch 197 [VMIM] LR:5.00e-05 | train -10.388192 | val -11.457390
Epoch 198 [VMIM] LR:5.00e-05 | train -10.356593 | val -11.463359
Epoch 199 [VMIM] LR:5.00e-05 | train -10.416479 | val -11.478269
Epoch 200 [VMIM] LR:5.00e-05 | train -10.385539 | val -11.424037
[RF R2]  t0:0.932 | t1:0.938 | t2:0.810 | t3:0.945
[q sigma] t0:0.013 | t1:0.021 | t2:0.078 | t3:0.022   (prior sigma ~0.29; floor = head.sigma_floor)
[TIMER] train 7763.4s
[WARN] requested learned_compressor_bestprobe.pt missing; falling back to learned_compressor.pt
exporting from checkpoint: /gscratch/ddehiwalage-don/sbi_master/cnn_vmim_/n1_jitter/seed_s2/nle/learned_compressor.pt
  export 1,024/9,120,000
  export 103,424/9,120,000
  export 205,824/9,120,000
  export 308,224/9,120,000
  export 410,624/9,120,000
  export 513,024/9,120,000
  export 615,424/9,120,000
  export 717,824/9,120,000
  export 820,224/9,120,000
  export 922,624/9,120,000
  export 1,025,024/9,120,000
  export 1,127,424/9,120,000
  export 1,229,824/9,120,000
  export 1,332,224/9,120,000
  export 1,434,624/9,120,000
  export 1,537,024/9,120,000
  export 1,639,424/9,120,000
  export 1,741,824/9,120,000
  export 1,844,224/9,120,000
  export 1,946,624/9,120,000
  export 2,049,024/9,120,000
  export 2,151,424/9,120,000
  export 2,253,824/9,120,000
  export 2,356,224/9,120,000
  export 2,458,624/9,120,000
  export 2,561,024/9,120,000
  export 2,663,424/9,120,000
  export 2,765,824/9,120,000
  export 2,868,224/9,120,000
  export 2,970,624/9,120,000
  export 3,073,024/9,120,000
  export 3,175,424/9,120,000
  export 3,277,824/9,120,000
  export 3,380,224/9,120,000
  export 3,482,624/9,120,000
  export 3,585,024/9,120,000
  export 3,687,424/9,120,000
  export 3,789,824/9,120,000
  export 3,892,224/9,120,000
  export 3,994,624/9,120,000
  export 4,097,024/9,120,000
  export 4,199,424/9,120,000
  export 4,301,824/9,120,000
  export 4,404,224/9,120,000
  export 4,506,624/9,120,000
  export 4,609,024/9,120,000
  export 4,711,424/9,120,000
  export 4,813,824/9,120,000
  export 4,916,224/9,120,000
  export 5,018,624/9,120,000
  export 5,121,024/9,120,000
  export 5,223,424/9,120,000
  export 5,325,824/9,120,000
  export 5,428,224/9,120,000
  export 5,530,624/9,120,000
  export 5,633,024/9,120,000
  export 5,735,424/9,120,000
  export 5,837,824/9,120,000
  export 5,940,224/9,120,000
  export 6,042,624/9,120,000
  export 6,145,024/9,120,000
  export 6,247,424/9,120,000
  export 6,349,824/9,120,000
  export 6,452,224/9,120,000
  export 6,554,624/9,120,000
  export 6,657,024/9,120,000
  export 6,759,424/9,120,000
  export 6,861,824/9,120,000
  export 6,964,224/9,120,000
  export 7,066,624/9,120,000
  export 7,169,024/9,120,000
  export 7,271,424/9,120,000
  export 7,373,824/9,120,000
  export 7,476,224/9,120,000
  export 7,578,624/9,120,000
  export 7,681,024/9,120,000
  export 7,783,424/9,120,000
  export 7,885,824/9,120,000
  export 7,988,224/9,120,000
  export 8,090,624/9,120,000
  export 8,193,024/9,120,000
  export 8,295,424/9,120,000
  export 8,397,824/9,120,000
  export 8,500,224/9,120,000
  export 8,602,624/9,120,000
  export 8,705,024/9,120,000
  export 8,807,424/9,120,000
  export 8,909,824/9,120,000
  export 9,012,224/9,120,000
  export 9,114,624/9,120,000
exported summaries -> /gscratch/ddehiwalage-don/sbi_master/cnn_vmim_/n1_jitter/seed_s2/summaries  t (9120000, 4)
