node=tycho58  gpus=0
[seed] global seed=4 deterministic=True
Stage1 arm=cnn_vmim_/n1_jitter/seed_s4 split_seed=42 init_seed=4
--> usable cores=4  num_workers=3
sigma floor for each parm: tensor([0.0100, 0.0100, 0.0100, 0.0100]) jitter for each parm {2: 0.1}
[MODE] pure VMIM from epoch 0.
[PHASE] pure VMIM begins at epoch 1: arming probe-based early stopping from here.
Epoch 001 [VMIM] LR:2.00e-04 | train -1.544818 | val -3.004429
  saved best-by-loss.
Epoch 002 [VMIM] LR:2.00e-04 | train -2.580052 | val -2.699682
Epoch 003 [VMIM] LR:2.00e-04 | train -2.824942 | val -3.323266
  saved best-by-loss.
Epoch 004 [VMIM] LR:2.00e-04 | train -3.082210 | val -2.541873
Epoch 005 [VMIM] LR:2.00e-04 | train -3.212802 | val -3.377976
  saved best-by-loss.
Epoch 006 [VMIM] LR:2.00e-04 | train -3.331435 | val -2.329185
Epoch 007 [VMIM] LR:2.00e-04 | train -3.481570 | val -3.846594
  saved best-by-loss.
Epoch 008 [VMIM] LR:2.00e-04 | train -3.629963 | val -3.316621
Epoch 009 [VMIM] LR:2.00e-04 | train -3.835818 | val -4.411379
  saved best-by-loss.
Epoch 010 [VMIM] LR:2.00e-04 | train -4.175198 | val -4.139782
[RF R2]  t0:0.934 | t1:0.880 | t2:0.025 | t3:0.925
[q sigma] t0:0.100 | t1:0.121 | t2:0.384 | t3:0.105   (prior sigma ~0.29; floor = head.sigma_floor)
  saved best-by-probe (mean R2 0.691, pure-VMIM).
Epoch 011 [VMIM] LR:2.00e-04 | train -4.423511 | val -4.552087
  saved best-by-loss.
Epoch 012 [VMIM] LR:2.00e-04 | train -4.570516 | val -4.514473
Epoch 013 [VMIM] LR:2.00e-04 | train -4.687189 | val -4.448121
Epoch 014 [VMIM] LR:2.00e-04 | train -4.707227 | val -4.847113
  saved best-by-loss.
Epoch 015 [VMIM] LR:2.00e-04 | train -4.872527 | val -5.458450
  saved best-by-loss.
Epoch 016 [VMIM] LR:2.00e-04 | train -4.995195 | val -5.811873
  saved best-by-loss.
Epoch 017 [VMIM] LR:2.00e-04 | train -4.980981 | val -5.570763
Epoch 018 [VMIM] LR:2.00e-04 | train -5.073481 | val -4.770262
Epoch 019 [VMIM] LR:2.00e-04 | train -5.158390 | val -5.862991
  saved best-by-loss.
Epoch 020 [VMIM] LR:2.00e-04 | train -5.316052 | val -5.885042
[RF R2]  t0:0.943 | t1:0.903 | t2:0.017 | t3:0.942
[q sigma] t0:0.074 | t1:0.077 | t2:0.375 | t3:0.071   (prior sigma ~0.29; floor = head.sigma_floor)
  saved best-by-probe (mean R2 0.701, pure-VMIM).
  saved best-by-loss.
Epoch 021 [VMIM] LR:2.00e-04 | train -5.297702 | val -5.812261
Epoch 022 [VMIM] LR:2.00e-04 | train -5.412357 | val -5.749281
Epoch 023 [VMIM] LR:2.00e-04 | train -5.463725 | val -5.666582
Epoch 024 [VMIM] LR:2.00e-04 | train -5.449457 | val -6.205572
  saved best-by-loss.
Epoch 025 [VMIM] LR:2.00e-04 | train -5.494947 | val -5.869830
Epoch 026 [VMIM] LR:2.00e-04 | train -5.669319 | val -6.102378
Epoch 027 [VMIM] LR:2.00e-04 | train -5.589587 | val -6.135172
Epoch 028 [VMIM] LR:2.00e-04 | train -5.725393 | val -5.769600
Epoch 029 [VMIM] LR:2.00e-04 | train -5.745028 | val -6.261344
  saved best-by-loss.
Epoch 030 [VMIM] LR:2.00e-04 | train -5.775278 | val -6.202749
[RF R2]  t0:0.954 | t1:0.920 | t2:-0.046 | t3:0.940
[q sigma] t0:0.066 | t1:0.067 | t2:0.370 | t3:0.051   (prior sigma ~0.29; floor = head.sigma_floor)
Epoch 031 [VMIM] LR:2.00e-04 | train -5.836196 | val -6.602218
  saved best-by-loss.
Epoch 032 [VMIM] LR:2.00e-04 | train -5.855151 | val -5.917813
Epoch 033 [VMIM] LR:2.00e-04 | train -5.956956 | val -6.433087
Epoch 034 [VMIM] LR:2.00e-04 | train -5.889068 | val -6.768654
  saved best-by-loss.
Epoch 035 [VMIM] LR:2.00e-04 | train -5.963244 | val -5.746624
Epoch 036 [VMIM] LR:2.00e-04 | train -5.996551 | val -6.772287
  saved best-by-loss.
Epoch 037 [VMIM] LR:2.00e-04 | train -6.058529 | val -6.534988
Epoch 038 [VMIM] LR:2.00e-04 | train -6.003462 | val -6.965583
  saved best-by-loss.
Epoch 039 [VMIM] LR:2.00e-04 | train -6.157065 | val -6.420526
Epoch 040 [VMIM] LR:2.00e-04 | train -6.099146 | val -6.375256
[RF R2]  t0:0.959 | t1:0.924 | t2:-0.051 | t3:0.954
[q sigma] t0:0.053 | t1:0.060 | t2:0.332 | t3:0.059   (prior sigma ~0.29; floor = head.sigma_floor)
Epoch 041 [VMIM] LR:2.00e-04 | train -6.140284 | val -6.272546
Epoch 042 [VMIM] LR:2.00e-04 | train -6.250511 | val -7.113647
  saved best-by-loss.
Epoch 043 [VMIM] LR:2.00e-04 | train -6.188541 | val -6.726315
Epoch 044 [VMIM] LR:2.00e-04 | train -6.307601 | val -6.573568
Epoch 045 [VMIM] LR:2.00e-04 | train -6.266607 | val -7.001838
Epoch 046 [VMIM] LR:2.00e-04 | train -6.348194 | val -7.034502
Epoch 047 [VMIM] LR:2.00e-04 | train -6.382987 | val -6.689025
Epoch 048 [VMIM] LR:2.00e-04 | train -6.450368 | val -7.296272
  saved best-by-loss.
Epoch 049 [VMIM] LR:2.00e-04 | train -6.554447 | val -7.404800
  saved best-by-loss.
Epoch 050 [VMIM] LR:2.00e-04 | train -6.628019 | val -7.200232
[RF R2]  t0:0.980 | t1:0.925 | t2:0.554 | t3:0.948
[q sigma] t0:0.043 | t1:0.052 | t2:0.239 | t3:0.046   (prior sigma ~0.29; floor = head.sigma_floor)
  saved best-by-probe (mean R2 0.852, pure-VMIM).
Epoch 051 [VMIM] LR:2.00e-04 | train -6.804274 | val -7.193669
Epoch 052 [VMIM] LR:2.00e-04 | train -6.946584 | val -7.418096
  saved best-by-loss.
Epoch 053 [VMIM] LR:2.00e-04 | train -7.114119 | val -7.621241
  saved best-by-loss.
Epoch 054 [VMIM] LR:2.00e-04 | train -7.200816 | val -7.883508
  saved best-by-loss.
Epoch 055 [VMIM] LR:2.00e-04 | train -7.361023 | val -7.924647
  saved best-by-loss.
Epoch 056 [VMIM] LR:2.00e-04 | train -7.311423 | val -7.772460
Epoch 057 [VMIM] LR:2.00e-04 | train -7.377286 | val -8.358865
  saved best-by-loss.
Epoch 058 [VMIM] LR:2.00e-04 | train -7.416443 | val -7.862036
Epoch 059 [VMIM] LR:2.00e-04 | train -7.473412 | val -8.359492
  saved best-by-loss.
Epoch 060 [VMIM] LR:2.00e-04 | train -7.547630 | val -8.222156
[RF R2]  t0:0.985 | t1:0.935 | t2:0.902 | t3:0.946
[q sigma] t0:0.028 | t1:0.054 | t2:0.146 | t3:0.047   (prior sigma ~0.29; floor = head.sigma_floor)
  saved best-by-probe (mean R2 0.942, pure-VMIM).
Epoch 061 [VMIM] LR:2.00e-04 | train -7.564627 | val -8.303995
Epoch 062 [VMIM] LR:2.00e-04 | train -7.545733 | val -7.596542
Epoch 063 [VMIM] LR:2.00e-04 | train -7.688020 | val -7.390427
Epoch 064 [VMIM] LR:2.00e-04 | train -7.542089 | val -7.659276
Epoch 065 [VMIM] LR:2.00e-04 | train -7.670188 | val -8.256754
Epoch 066 [VMIM] LR:2.00e-04 | train -7.676387 | val -8.599038
  saved best-by-loss.
Epoch 067 [VMIM] LR:2.00e-04 | train -7.779897 | val -8.447648
Epoch 068 [VMIM] LR:2.00e-04 | train -7.751393 | val -8.331407
Epoch 069 [VMIM] LR:2.00e-04 | train -7.737002 | val -8.583351
Epoch 070 [VMIM] LR:2.00e-04 | train -7.766284 | val -8.423899
[RF R2]  t0:0.985 | t1:0.941 | t2:0.906 | t3:0.952
[q sigma] t0:0.025 | t1:0.046 | t2:0.133 | t3:0.036   (prior sigma ~0.29; floor = head.sigma_floor)
  saved best-by-probe (mean R2 0.946, pure-VMIM).
Epoch 071 [VMIM] LR:2.00e-04 | train -7.924021 | val -8.595045
Epoch 072 [VMIM] LR:2.00e-04 | train -7.856190 | val -8.738996
  saved best-by-loss.
Epoch 073 [VMIM] LR:2.00e-04 | train -7.911836 | val -8.713275
Epoch 074 [VMIM] LR:2.00e-04 | train -7.906090 | val -8.991879
  saved best-by-loss.
Epoch 075 [VMIM] LR:2.00e-04 | train -8.005475 | val -8.429580
Epoch 076 [VMIM] LR:2.00e-04 | train -7.931992 | val -8.822538
Epoch 077 [VMIM] LR:2.00e-04 | train -7.986666 | val -8.801299
Epoch 078 [VMIM] LR:2.00e-04 | train -8.022969 | val -9.171333
  saved best-by-loss.
Epoch 079 [VMIM] LR:2.00e-04 | train -8.070936 | val -8.948463
Epoch 080 [VMIM] LR:2.00e-04 | train -8.037654 | val -8.900169
[RF R2]  t0:0.985 | t1:0.942 | t2:0.884 | t3:0.949
[q sigma] t0:0.023 | t1:0.039 | t2:0.121 | t3:0.043   (prior sigma ~0.29; floor = head.sigma_floor)
Epoch 081 [VMIM] LR:2.00e-04 | train -8.035451 | val -8.909332
Epoch 082 [VMIM] LR:2.00e-04 | train -8.088421 | val -8.644341
Epoch 083 [VMIM] LR:2.00e-04 | train -7.992437 | val -8.865503
Epoch 084 [VMIM] LR:2.00e-04 | train -8.152825 | val -8.767566
Epoch 085 [VMIM] LR:2.00e-04 | train -8.153995 | val -8.751778
Epoch 086 [VMIM] LR:2.00e-04 | train -8.250259 | val -8.983508
Epoch 087 [VMIM] LR:2.00e-04 | train -8.181335 | val -8.680230
Epoch 088 [VMIM] LR:2.00e-04 | train -8.227063 | val -8.489249
Epoch 089 [VMIM] LR:2.00e-04 | train -8.143169 | val -8.842601
Epoch 090 [VMIM] LR:2.00e-04 | train -8.238385 | val -9.107440
[RF R2]  t0:0.986 | t1:0.938 | t2:0.928 | t3:0.947
[q sigma] t0:0.022 | t1:0.036 | t2:0.108 | t3:0.036   (prior sigma ~0.29; floor = head.sigma_floor)
  saved best-by-probe (mean R2 0.950, pure-VMIM).
Epoch 091 [VMIM] LR:2.00e-04 | train -8.215244 | val -9.140307
Epoch 092 [VMIM] LR:2.00e-04 | train -8.210781 | val -8.153908
Epoch 093 [VMIM] LR:2.00e-04 | train -8.274730 | val -8.824601
Epoch 094 [VMIM] LR:1.00e-04 | train -8.303071 | val -9.148488
Epoch 095 [VMIM] LR:1.00e-04 | train -8.913109 | val -9.825328
  saved best-by-loss.
Epoch 096 [VMIM] LR:1.00e-04 | train -9.064430 | val -9.743417
Epoch 097 [VMIM] LR:1.00e-04 | train -9.068550 | val -9.776690
Epoch 098 [VMIM] LR:1.00e-04 | train -9.093692 | val -10.130338
  saved best-by-loss.
Epoch 099 [VMIM] LR:1.00e-04 | train -9.108992 | val -10.057128
Epoch 100 [VMIM] LR:1.00e-04 | train -9.091371 | val -9.940028
[RF R2]  t0:0.980 | t1:0.948 | t2:0.914 | t3:0.948
[q sigma] t0:0.019 | t1:0.030 | t2:0.100 | t3:0.028   (prior sigma ~0.29; floor = head.sigma_floor)
Epoch 101 [VMIM] LR:1.00e-04 | train -9.113409 | val -10.181497
  saved best-by-loss.
Epoch 102 [VMIM] LR:1.00e-04 | train -9.132777 | val -10.098099
Epoch 103 [VMIM] LR:1.00e-04 | train -9.190130 | val -10.030521
Epoch 104 [VMIM] LR:1.00e-04 | train -9.115755 | val -10.042696
Epoch 105 [VMIM] LR:1.00e-04 | train -9.187886 | val -10.170957
Epoch 106 [VMIM] LR:1.00e-04 | train -9.176657 | val -9.765315
Epoch 107 [VMIM] LR:1.00e-04 | train -9.214432 | val -10.051354
Epoch 108 [VMIM] LR:1.00e-04 | train -9.254054 | val -10.128598
Epoch 109 [VMIM] LR:1.00e-04 | train -9.239614 | val -10.333511
  saved best-by-loss.
Epoch 110 [VMIM] LR:1.00e-04 | train -9.246643 | val -10.079008
[RF R2]  t0:0.981 | t1:0.940 | t2:0.919 | t3:0.955
[q sigma] t0:0.018 | t1:0.027 | t2:0.091 | t3:0.024   (prior sigma ~0.29; floor = head.sigma_floor)
Epoch 111 [VMIM] LR:1.00e-04 | train -9.265693 | val -10.396255
  saved best-by-loss.
Epoch 112 [VMIM] LR:1.00e-04 | train -9.297528 | val -10.046664
Epoch 113 [VMIM] LR:1.00e-04 | train -9.264541 | val -10.284511
Epoch 114 [VMIM] LR:1.00e-04 | train -9.303444 | val -10.092141
Epoch 115 [VMIM] LR:1.00e-04 | train -9.258615 | val -10.066451
Epoch 116 [VMIM] LR:1.00e-04 | train -9.348606 | val -10.462410
  saved best-by-loss.
Epoch 117 [VMIM] LR:1.00e-04 | train -9.334628 | val -9.891771
Epoch 118 [VMIM] LR:1.00e-04 | train -9.290514 | val -10.147149
Epoch 119 [VMIM] LR:1.00e-04 | train -9.305398 | val -10.073282
Epoch 120 [VMIM] LR:1.00e-04 | train -9.368354 | val -10.132905
[RF R2]  t0:0.984 | t1:0.939 | t2:0.924 | t3:0.944
[q sigma] t0:0.017 | t1:0.028 | t2:0.089 | t3:0.027   (prior sigma ~0.29; floor = head.sigma_floor)
Epoch 121 [VMIM] LR:1.00e-04 | train -9.356625 | val -10.297700
Epoch 122 [VMIM] LR:1.00e-04 | train -9.352729 | val -10.115557
Epoch 123 [VMIM] LR:1.00e-04 | train -9.372479 | val -10.181687
Epoch 124 [VMIM] LR:1.00e-04 | train -9.416468 | val -10.341304
Epoch 125 [VMIM] LR:1.00e-04 | train -9.426809 | val -10.177886
Epoch 126 [VMIM] LR:1.00e-04 | train -9.474124 | val -10.400426
Epoch 127 [VMIM] LR:1.00e-04 | train -9.372956 | val -10.405292
Epoch 128 [VMIM] LR:1.00e-04 | train -9.387921 | val -10.408305
Epoch 129 [VMIM] LR:1.00e-04 | train -9.426283 | val -9.860762
Epoch 130 [VMIM] LR:1.00e-04 | train -9.411867 | val -10.417059
[RF R2]  t0:0.980 | t1:0.940 | t2:0.915 | t3:0.947
[q sigma] t0:0.016 | t1:0.027 | t2:0.085 | t3:0.027   (prior sigma ~0.29; floor = head.sigma_floor)
Epoch 131 [VMIM] LR:1.00e-04 | train -9.419088 | val -10.305169
Epoch 132 [VMIM] LR:1.00e-04 | train -9.388926 | val -10.499979
  saved best-by-loss.
Epoch 133 [VMIM] LR:1.00e-04 | train -9.486720 | val -10.229037
Epoch 134 [VMIM] LR:1.00e-04 | train -9.461681 | val -9.926409
Epoch 135 [VMIM] LR:1.00e-04 | train -9.461310 | val -10.483136
Epoch 136 [VMIM] LR:1.00e-04 | train -9.487178 | val -10.287913
Epoch 137 [VMIM] LR:1.00e-04 | train -9.500666 | val -10.283337
Epoch 138 [VMIM] LR:1.00e-04 | train -9.520831 | val -10.340193
Epoch 139 [VMIM] LR:1.00e-04 | train -9.524541 | val -10.541305
  saved best-by-loss.
Epoch 140 [VMIM] LR:1.00e-04 | train -9.585201 | val -10.427284
[RF R2]  t0:0.981 | t1:0.924 | t2:0.917 | t3:0.945
[q sigma] t0:0.017 | t1:0.028 | t2:0.088 | t3:0.030   (prior sigma ~0.29; floor = head.sigma_floor)
Epoch 141 [VMIM] LR:1.00e-04 | train -9.533694 | val -10.359186
Epoch 142 [VMIM] LR:1.00e-04 | train -9.513906 | val -10.171366
Epoch 143 [VMIM] LR:1.00e-04 | train -9.604623 | val -10.474731
Epoch 144 [VMIM] LR:1.00e-04 | train -9.525084 | val -10.191898
Epoch 145 [VMIM] LR:1.00e-04 | train -9.520949 | val -9.987782
Epoch 146 [VMIM] LR:1.00e-04 | train -9.550304 | val -10.131572
Epoch 147 [VMIM] LR:1.00e-04 | train -9.555924 | val -10.486486
Epoch 148 [VMIM] LR:1.00e-04 | train -9.609114 | val -10.354367
Epoch 149 [VMIM] LR:1.00e-04 | train -9.582599 | val -10.480995
Epoch 150 [VMIM] LR:1.00e-04 | train -9.559434 | val -10.176146
[RF R2]  t0:0.980 | t1:0.928 | t2:0.898 | t3:0.941
[q sigma] t0:0.016 | t1:0.026 | t2:0.087 | t3:0.025   (prior sigma ~0.29; floor = head.sigma_floor)
Epoch 151 [VMIM] LR:1.00e-04 | train -9.599369 | val -10.090609
Epoch 152 [VMIM] LR:1.00e-04 | train -9.566398 | val -10.313105
Epoch 153 [VMIM] LR:1.00e-04 | train -9.548145 | val -9.850036
Epoch 154 [VMIM] LR:1.00e-04 | train -9.577551 | val -10.654604
  saved best-by-loss.
Epoch 155 [VMIM] LR:1.00e-04 | train -9.627237 | val -10.325450
Epoch 156 [VMIM] LR:1.00e-04 | train -9.639643 | val -10.420993
Epoch 157 [VMIM] LR:1.00e-04 | train -9.666468 | val -10.672425
  saved best-by-loss.
Epoch 158 [VMIM] LR:1.00e-04 | train -9.633673 | val -10.504585
Epoch 159 [VMIM] LR:1.00e-04 | train -9.655238 | val -10.709111
  saved best-by-loss.
Epoch 160 [VMIM] LR:1.00e-04 | train -9.646112 | val -10.503788
[RF R2]  t0:0.976 | t1:0.926 | t2:0.911 | t3:0.950
[q sigma] t0:0.016 | t1:0.027 | t2:0.084 | t3:0.029   (prior sigma ~0.29; floor = head.sigma_floor)
Epoch 161 [VMIM] LR:1.00e-04 | train -9.699287 | val -10.662694
Epoch 162 [VMIM] LR:1.00e-04 | train -9.657890 | val -10.405094
Epoch 163 [VMIM] LR:1.00e-04 | train -9.645714 | val -10.753684
  saved best-by-loss.
Epoch 164 [VMIM] LR:1.00e-04 | train -9.679594 | val -10.460194
Epoch 165 [VMIM] LR:1.00e-04 | train -9.695897 | val -10.039769
Epoch 166 [VMIM] LR:1.00e-04 | train -9.692139 | val -10.780408
  saved best-by-loss.
Epoch 167 [VMIM] LR:1.00e-04 | train -9.690841 | val -10.507343
Epoch 168 [VMIM] LR:1.00e-04 | train -9.698172 | val -10.437517
Epoch 169 [VMIM] LR:1.00e-04 | train -9.708068 | val -10.434861
Epoch 170 [VMIM] LR:1.00e-04 | train -9.745982 | val -10.394389
[RF R2]  t0:0.976 | t1:0.928 | t2:0.920 | t3:0.950
[q sigma] t0:0.016 | t1:0.027 | t2:0.085 | t3:0.026   (prior sigma ~0.29; floor = head.sigma_floor)
Epoch 171 [VMIM] LR:1.00e-04 | train -9.741433 | val -10.680420
Epoch 172 [VMIM] LR:1.00e-04 | train -9.752079 | val -10.744712
Epoch 173 [VMIM] LR:1.00e-04 | train -9.803475 | val -10.596669
Epoch 174 [VMIM] LR:1.00e-04 | train -9.800260 | val -10.816068
  saved best-by-loss.
Epoch 175 [VMIM] LR:1.00e-04 | train -9.759183 | val -10.363073
Epoch 176 [VMIM] LR:1.00e-04 | train -9.833139 | val -10.533548
Epoch 177 [VMIM] LR:1.00e-04 | train -9.810985 | val -10.690496
Epoch 178 [VMIM] LR:1.00e-04 | train -9.785158 | val -10.829791
  saved best-by-loss.
Epoch 179 [VMIM] LR:1.00e-04 | train -9.781235 | val -10.745073
Epoch 180 [VMIM] LR:1.00e-04 | train -9.785713 | val -10.772891
[RF R2]  t0:0.979 | t1:0.927 | t2:0.924 | t3:0.937
[q sigma] t0:0.016 | t1:0.025 | t2:0.086 | t3:0.025   (prior sigma ~0.29; floor = head.sigma_floor)
Epoch 181 [VMIM] LR:1.00e-04 | train -9.826711 | val -10.690080
Epoch 182 [VMIM] LR:1.00e-04 | train -9.833454 | val -11.046212
  saved best-by-loss.
Epoch 183 [VMIM] LR:1.00e-04 | train -9.821425 | val -10.921236
Epoch 184 [VMIM] LR:1.00e-04 | train -9.822920 | val -10.816805
Epoch 185 [VMIM] LR:1.00e-04 | train -9.848395 | val -10.745992
Epoch 186 [VMIM] LR:1.00e-04 | train -9.814178 | val -10.128505
Epoch 187 [VMIM] LR:1.00e-04 | train -9.825479 | val -10.660919
Epoch 188 [VMIM] LR:1.00e-04 | train -9.815986 | val -10.723514
Epoch 189 [VMIM] LR:1.00e-04 | train -9.882580 | val -10.461430
Epoch 190 [VMIM] LR:1.00e-04 | train -9.866910 | val -10.540395
[RF R2]  t0:0.977 | t1:0.926 | t2:0.899 | t3:0.945
[q sigma] t0:0.015 | t1:0.026 | t2:0.083 | t3:0.025   (prior sigma ~0.29; floor = head.sigma_floor)
Epoch 191 [VMIM] LR:1.00e-04 | train -9.887300 | val -10.571616
Epoch 192 [VMIM] LR:1.00e-04 | train -9.882822 | val -10.705360
Epoch 193 [VMIM] LR:1.00e-04 | train -9.882012 | val -10.362065
Epoch 194 [VMIM] LR:1.00e-04 | train -9.893520 | val -10.737242
Epoch 195 [VMIM] LR:1.00e-04 | train -9.899922 | val -10.803754
Epoch 196 [VMIM] LR:1.00e-04 | train -9.903032 | val -10.755786
Epoch 197 [VMIM] LR:1.00e-04 | train -9.887783 | val -10.830700
Epoch 198 [VMIM] LR:5.00e-05 | train -9.956489 | val -10.662269
Epoch 199 [VMIM] LR:5.00e-05 | train -10.372665 | val -11.111376
  saved best-by-loss.
Epoch 200 [VMIM] LR:5.00e-05 | train -10.389029 | val -11.396504
[RF R2]  t0:0.976 | t1:0.923 | t2:0.898 | t3:0.947
[q sigma] t0:0.013 | t1:0.021 | t2:0.076 | t3:0.023   (prior sigma ~0.29; floor = head.sigma_floor)
  saved best-by-loss.
[TIMER] train 7862.0s
[WARN] requested learned_compressor_bestprobe.pt missing; falling back to learned_compressor.pt
exporting from checkpoint: /gscratch/ddehiwalage-don/sbi_master/cnn_vmim_/n1_jitter/seed_s4/nle/learned_compressor.pt
  export 1,024/9,120,000
  export 103,424/9,120,000
  export 205,824/9,120,000
  export 308,224/9,120,000
  export 410,624/9,120,000
  export 513,024/9,120,000
  export 615,424/9,120,000
  export 717,824/9,120,000
  export 820,224/9,120,000
  export 922,624/9,120,000
  export 1,025,024/9,120,000
  export 1,127,424/9,120,000
  export 1,229,824/9,120,000
  export 1,332,224/9,120,000
  export 1,434,624/9,120,000
  export 1,537,024/9,120,000
  export 1,639,424/9,120,000
  export 1,741,824/9,120,000
  export 1,844,224/9,120,000
  export 1,946,624/9,120,000
  export 2,049,024/9,120,000
  export 2,151,424/9,120,000
  export 2,253,824/9,120,000
  export 2,356,224/9,120,000
  export 2,458,624/9,120,000
  export 2,561,024/9,120,000
  export 2,663,424/9,120,000
  export 2,765,824/9,120,000
  export 2,868,224/9,120,000
  export 2,970,624/9,120,000
  export 3,073,024/9,120,000
  export 3,175,424/9,120,000
  export 3,277,824/9,120,000
  export 3,380,224/9,120,000
  export 3,482,624/9,120,000
  export 3,585,024/9,120,000
  export 3,687,424/9,120,000
  export 3,789,824/9,120,000
  export 3,892,224/9,120,000
  export 3,994,624/9,120,000
  export 4,097,024/9,120,000
  export 4,199,424/9,120,000
  export 4,301,824/9,120,000
  export 4,404,224/9,120,000
  export 4,506,624/9,120,000
  export 4,609,024/9,120,000
  export 4,711,424/9,120,000
  export 4,813,824/9,120,000
  export 4,916,224/9,120,000
  export 5,018,624/9,120,000
  export 5,121,024/9,120,000
  export 5,223,424/9,120,000
  export 5,325,824/9,120,000
  export 5,428,224/9,120,000
  export 5,530,624/9,120,000
  export 5,633,024/9,120,000
  export 5,735,424/9,120,000
  export 5,837,824/9,120,000
  export 5,940,224/9,120,000
  export 6,042,624/9,120,000
  export 6,145,024/9,120,000
  export 6,247,424/9,120,000
  export 6,349,824/9,120,000
  export 6,452,224/9,120,000
  export 6,554,624/9,120,000
  export 6,657,024/9,120,000
  export 6,759,424/9,120,000
  export 6,861,824/9,120,000
  export 6,964,224/9,120,000
  export 7,066,624/9,120,000
  export 7,169,024/9,120,000
  export 7,271,424/9,120,000
  export 7,373,824/9,120,000
  export 7,476,224/9,120,000
  export 7,578,624/9,120,000
  export 7,681,024/9,120,000
  export 7,783,424/9,120,000
  export 7,885,824/9,120,000
  export 7,988,224/9,120,000
  export 8,090,624/9,120,000
  export 8,193,024/9,120,000
  export 8,295,424/9,120,000
  export 8,397,824/9,120,000
  export 8,500,224/9,120,000
  export 8,602,624/9,120,000
  export 8,705,024/9,120,000
  export 8,807,424/9,120,000
  export 8,909,824/9,120,000
  export 9,012,224/9,120,000
  export 9,114,624/9,120,000
exported summaries -> /gscratch/ddehiwalage-don/sbi_master/cnn_vmim_/n1_jitter/seed_s4/summaries  t (9120000, 4)
