node=tycho58  gpus=0
[seed] global seed=1 deterministic=True
Stage1 arm=cnn_vmim_/n1_jitter/seed_s1 split_seed=42 init_seed=1
--> usable cores=4  num_workers=3
sigma floor for each parm: tensor([0.0100, 0.0100, 0.0100, 0.0100]) jitter for each parm {2: 0.1}
[MODE] pure VMIM from epoch 0.
[PHASE] pure VMIM begins at epoch 1: arming probe-based early stopping from here.
Epoch 001 [VMIM] LR:2.00e-04 | train -1.067679 | val -2.218189
  saved best-by-loss.
Epoch 002 [VMIM] LR:2.00e-04 | train -2.420614 | val -2.925058
  saved best-by-loss.
Epoch 003 [VMIM] LR:2.00e-04 | train -2.901865 | val -3.695445
  saved best-by-loss.
Epoch 004 [VMIM] LR:2.00e-04 | train -3.102282 | val -2.561618
Epoch 005 [VMIM] LR:2.00e-04 | train -3.298055 | val -3.462901
Epoch 006 [VMIM] LR:2.00e-04 | train -3.366380 | val -3.803900
  saved best-by-loss.
Epoch 007 [VMIM] LR:2.00e-04 | train -3.579567 | val -3.778806
Epoch 008 [VMIM] LR:2.00e-04 | train -3.687783 | val -3.502112
Epoch 009 [VMIM] LR:2.00e-04 | train -3.684964 | val -3.937786
  saved best-by-loss.
Epoch 010 [VMIM] LR:2.00e-04 | train -3.700663 | val -3.667356
[RF R2]  t0:0.943 | t1:0.424 | t2:-0.058 | t3:0.798
[q sigma] t0:0.086 | t1:0.206 | t2:0.339 | t3:0.172   (prior sigma ~0.29; floor = head.sigma_floor)
  saved best-by-probe (mean R2 0.527, pure-VMIM).
Epoch 011 [VMIM] LR:2.00e-04 | train -4.002082 | val -4.539418
  saved best-by-loss.
Epoch 012 [VMIM] LR:2.00e-04 | train -4.078501 | val -4.837529
  saved best-by-loss.
Epoch 013 [VMIM] LR:2.00e-04 | train -4.489169 | val -4.078599
Epoch 014 [VMIM] LR:2.00e-04 | train -4.717808 | val -5.510827
  saved best-by-loss.
Epoch 015 [VMIM] LR:2.00e-04 | train -4.867381 | val -4.790846
Epoch 016 [VMIM] LR:2.00e-04 | train -4.959047 | val -5.326141
Epoch 017 [VMIM] LR:2.00e-04 | train -5.018319 | val -5.480604
Epoch 018 [VMIM] LR:2.00e-04 | train -5.173576 | val -5.293759
Epoch 019 [VMIM] LR:2.00e-04 | train -5.221102 | val -5.654619
  saved best-by-loss.
Epoch 020 [VMIM] LR:2.00e-04 | train -5.370073 | val -5.708654
[RF R2]  t0:0.950 | t1:0.897 | t2:-0.047 | t3:0.938
[q sigma] t0:0.065 | t1:0.092 | t2:0.352 | t3:0.075   (prior sigma ~0.29; floor = head.sigma_floor)
  saved best-by-probe (mean R2 0.685, pure-VMIM).
  saved best-by-loss.
Epoch 021 [VMIM] LR:2.00e-04 | train -5.265334 | val -5.706119
Epoch 022 [VMIM] LR:2.00e-04 | train -5.490285 | val -6.216650
  saved best-by-loss.
Epoch 023 [VMIM] LR:2.00e-04 | train -5.531464 | val -6.112569
Epoch 024 [VMIM] LR:2.00e-04 | train -5.575936 | val -4.957337
Epoch 025 [VMIM] LR:2.00e-04 | train -5.579713 | val -6.171970
Epoch 026 [VMIM] LR:2.00e-04 | train -5.688058 | val -5.385636
Epoch 027 [VMIM] LR:2.00e-04 | train -5.691587 | val -6.194581
Epoch 028 [VMIM] LR:2.00e-04 | train -5.715159 | val -6.281620
  saved best-by-loss.
Epoch 029 [VMIM] LR:2.00e-04 | train -5.811814 | val -6.218510
Epoch 030 [VMIM] LR:2.00e-04 | train -5.879613 | val -5.377890
[RF R2]  t0:0.961 | t1:0.911 | t2:-0.011 | t3:0.947
[q sigma] t0:0.061 | t1:0.062 | t2:0.354 | t3:0.059   (prior sigma ~0.29; floor = head.sigma_floor)
  saved best-by-probe (mean R2 0.702, pure-VMIM).
Epoch 031 [VMIM] LR:2.00e-04 | train -5.868122 | val -6.243310
Epoch 032 [VMIM] LR:2.00e-04 | train -5.955337 | val -6.383231
  saved best-by-loss.
Epoch 033 [VMIM] LR:2.00e-04 | train -5.984074 | val -6.360097
Epoch 034 [VMIM] LR:2.00e-04 | train -6.002933 | val -6.485628
  saved best-by-loss.
Epoch 035 [VMIM] LR:2.00e-04 | train -6.068163 | val -6.727162
  saved best-by-loss.
Epoch 036 [VMIM] LR:2.00e-04 | train -6.085660 | val -6.659226
Epoch 037 [VMIM] LR:2.00e-04 | train -6.061033 | val -6.394565
Epoch 038 [VMIM] LR:2.00e-04 | train -6.038423 | val -6.932632
  saved best-by-loss.
Epoch 039 [VMIM] LR:2.00e-04 | train -6.167392 | val -6.393175
Epoch 040 [VMIM] LR:2.00e-04 | train -6.161326 | val -6.786063
[RF R2]  t0:0.964 | t1:0.925 | t2:-0.024 | t3:0.959
[q sigma] t0:0.053 | t1:0.056 | t2:0.346 | t3:0.047   (prior sigma ~0.29; floor = head.sigma_floor)
  saved best-by-probe (mean R2 0.706, pure-VMIM).
Epoch 041 [VMIM] LR:2.00e-04 | train -6.235843 | val -6.855772
Epoch 042 [VMIM] LR:2.00e-04 | train -6.251429 | val -6.428759
Epoch 043 [VMIM] LR:2.00e-04 | train -6.252814 | val -6.829465
Epoch 044 [VMIM] LR:2.00e-04 | train -6.272177 | val -6.916043
Epoch 045 [VMIM] LR:2.00e-04 | train -6.454444 | val -7.204905
  saved best-by-loss.
Epoch 046 [VMIM] LR:2.00e-04 | train -6.388962 | val -5.789029
Epoch 047 [VMIM] LR:2.00e-04 | train -6.367864 | val -7.023170
Epoch 048 [VMIM] LR:2.00e-04 | train -6.445371 | val -6.719531
Epoch 049 [VMIM] LR:2.00e-04 | train -6.377178 | val -6.877466
Epoch 050 [VMIM] LR:2.00e-04 | train -6.463315 | val -6.011228
[RF R2]  t0:0.970 | t1:0.920 | t2:-0.071 | t3:0.957
[q sigma] t0:0.050 | t1:0.050 | t2:0.358 | t3:0.050   (prior sigma ~0.29; floor = head.sigma_floor)
Epoch 051 [VMIM] LR:2.00e-04 | train -6.428802 | val -7.221652
  saved best-by-loss.
Epoch 052 [VMIM] LR:2.00e-04 | train -6.494967 | val -7.121630
Epoch 053 [VMIM] LR:2.00e-04 | train -6.472064 | val -6.903647
Epoch 054 [VMIM] LR:2.00e-04 | train -6.567775 | val -6.792983
Epoch 055 [VMIM] LR:2.00e-04 | train -6.567748 | val -7.184521
Epoch 056 [VMIM] LR:2.00e-04 | train -6.567540 | val -7.061358
Epoch 057 [VMIM] LR:2.00e-04 | train -6.671773 | val -7.352308
  saved best-by-loss.
Epoch 058 [VMIM] LR:2.00e-04 | train -6.631544 | val -6.990431
Epoch 059 [VMIM] LR:2.00e-04 | train -6.643657 | val -7.426096
  saved best-by-loss.
Epoch 060 [VMIM] LR:2.00e-04 | train -6.818694 | val -6.849442
[RF R2]  t0:0.980 | t1:0.923 | t2:0.514 | t3:0.948
[q sigma] t0:0.039 | t1:0.048 | t2:0.281 | t3:0.039   (prior sigma ~0.29; floor = head.sigma_floor)
  saved best-by-probe (mean R2 0.841, pure-VMIM).
Epoch 061 [VMIM] LR:2.00e-04 | train -6.980413 | val -7.699296
  saved best-by-loss.
Epoch 062 [VMIM] LR:2.00e-04 | train -7.078465 | val -7.238266
Epoch 063 [VMIM] LR:2.00e-04 | train -7.228420 | val -7.901250
  saved best-by-loss.
Epoch 064 [VMIM] LR:2.00e-04 | train -7.395878 | val -8.214163
  saved best-by-loss.
Epoch 065 [VMIM] LR:2.00e-04 | train -7.448276 | val -8.054716
Epoch 066 [VMIM] LR:2.00e-04 | train -7.496725 | val -7.998295
Epoch 067 [VMIM] LR:2.00e-04 | train -7.502001 | val -7.981606
Epoch 068 [VMIM] LR:2.00e-04 | train -7.660955 | val -7.949000
Epoch 069 [VMIM] LR:2.00e-04 | train -7.685633 | val -6.710571
Epoch 070 [VMIM] LR:2.00e-04 | train -7.771935 | val -8.424658
[RF R2]  t0:0.984 | t1:0.919 | t2:0.817 | t3:0.932
[q sigma] t0:0.029 | t1:0.039 | t2:0.129 | t3:0.038   (prior sigma ~0.29; floor = head.sigma_floor)
  saved best-by-probe (mean R2 0.913, pure-VMIM).
  saved best-by-loss.
Epoch 071 [VMIM] LR:2.00e-04 | train -7.626235 | val -8.625516
  saved best-by-loss.
Epoch 072 [VMIM] LR:2.00e-04 | train -7.689894 | val -8.208337
Epoch 073 [VMIM] LR:2.00e-04 | train -7.738613 | val -8.093992
Epoch 074 [VMIM] LR:2.00e-04 | train -7.883625 | val -8.811051
  saved best-by-loss.
Epoch 075 [VMIM] LR:2.00e-04 | train -7.833582 | val -8.701911
Epoch 076 [VMIM] LR:2.00e-04 | train -7.910701 | val -8.215181
Epoch 077 [VMIM] LR:2.00e-04 | train -7.825739 | val -8.143618
Epoch 078 [VMIM] LR:2.00e-04 | train -7.897352 | val -8.307386
Epoch 079 [VMIM] LR:2.00e-04 | train -7.890576 | val -7.965509
Epoch 080 [VMIM] LR:2.00e-04 | train -7.988007 | val -8.383513
[RF R2]  t0:0.983 | t1:0.899 | t2:0.843 | t3:0.908
[q sigma] t0:0.023 | t1:0.040 | t2:0.126 | t3:0.036   (prior sigma ~0.29; floor = head.sigma_floor)
Epoch 081 [VMIM] LR:2.00e-04 | train -8.046719 | val -8.677257
Epoch 082 [VMIM] LR:2.00e-04 | train -7.990169 | val -8.573576
Epoch 083 [VMIM] LR:2.00e-04 | train -8.017190 | val -8.950512
  saved best-by-loss.
Epoch 084 [VMIM] LR:2.00e-04 | train -8.067715 | val -8.680758
Epoch 085 [VMIM] LR:2.00e-04 | train -8.121813 | val -8.538535
Epoch 086 [VMIM] LR:2.00e-04 | train -8.109237 | val -8.479266
Epoch 087 [VMIM] LR:2.00e-04 | train -8.165779 | val -8.395059
Epoch 088 [VMIM] LR:2.00e-04 | train -8.100943 | val -8.691362
Epoch 089 [VMIM] LR:2.00e-04 | train -8.149630 | val -8.536999
Epoch 090 [VMIM] LR:2.00e-04 | train -8.235872 | val -8.556982
[RF R2]  t0:0.981 | t1:0.879 | t2:0.864 | t3:0.902
[q sigma] t0:0.025 | t1:0.037 | t2:0.109 | t3:0.040   (prior sigma ~0.29; floor = head.sigma_floor)
Epoch 091 [VMIM] LR:2.00e-04 | train -8.149164 | val -9.211299
  saved best-by-loss.
Epoch 092 [VMIM] LR:2.00e-04 | train -8.226061 | val -8.671956
Epoch 093 [VMIM] LR:2.00e-04 | train -8.328592 | val -9.148010
Epoch 094 [VMIM] LR:2.00e-04 | train -8.201785 | val -8.884784
Epoch 095 [VMIM] LR:2.00e-04 | train -8.347698 | val -8.738429
Epoch 096 [VMIM] LR:2.00e-04 | train -8.215497 | val -8.991060
Epoch 097 [VMIM] LR:2.00e-04 | train -8.315252 | val -8.938080
Epoch 098 [VMIM] LR:2.00e-04 | train -8.306129 | val -9.021582
Epoch 099 [VMIM] LR:2.00e-04 | train -8.295104 | val -8.985879
Epoch 100 [VMIM] LR:2.00e-04 | train -8.326429 | val -9.157205
[RF R2]  t0:0.985 | t1:0.901 | t2:0.852 | t3:0.934
[q sigma] t0:0.022 | t1:0.036 | t2:0.119 | t3:0.034   (prior sigma ~0.29; floor = head.sigma_floor)
  saved best-by-probe (mean R2 0.918, pure-VMIM).
Epoch 101 [VMIM] LR:2.00e-04 | train -8.330232 | val -9.561613
  saved best-by-loss.
Epoch 102 [VMIM] LR:2.00e-04 | train -8.309597 | val -8.840724
Epoch 103 [VMIM] LR:2.00e-04 | train -8.458569 | val -9.251588
Epoch 104 [VMIM] LR:2.00e-04 | train -8.477828 | val -8.739439
Epoch 105 [VMIM] LR:2.00e-04 | train -8.394575 | val -9.517553
Epoch 106 [VMIM] LR:2.00e-04 | train -8.388807 | val -9.133096
Epoch 107 [VMIM] LR:2.00e-04 | train -8.562750 | val -9.498495
Epoch 108 [VMIM] LR:2.00e-04 | train -8.543408 | val -9.320231
Epoch 109 [VMIM] LR:2.00e-04 | train -8.455726 | val -9.201003
Epoch 110 [VMIM] LR:2.00e-04 | train -8.535924 | val -9.346000
[RF R2]  t0:0.981 | t1:0.892 | t2:0.860 | t3:0.913
[q sigma] t0:0.020 | t1:0.033 | t2:0.108 | t3:0.032   (prior sigma ~0.29; floor = head.sigma_floor)
Epoch 111 [VMIM] LR:2.00e-04 | train -8.482960 | val -9.283170
Epoch 112 [VMIM] LR:2.00e-04 | train -8.564486 | val -9.351923
Epoch 113 [VMIM] LR:2.00e-04 | train -8.579248 | val -9.243660
Epoch 114 [VMIM] LR:2.00e-04 | train -8.592695 | val -8.536391
Epoch 115 [VMIM] LR:2.00e-04 | train -8.574400 | val -8.998915
Epoch 116 [VMIM] LR:2.00e-04 | train -8.614882 | val -9.375805
Epoch 117 [VMIM] LR:1.00e-04 | train -8.638290 | val -9.216042
Epoch 118 [VMIM] LR:1.00e-04 | train -9.416065 | val -10.288191
  saved best-by-loss.
Epoch 119 [VMIM] LR:1.00e-04 | train -9.498030 | val -10.180714
Epoch 120 [VMIM] LR:1.00e-04 | train -9.453091 | val -10.365195
[RF R2]  t0:0.981 | t1:0.888 | t2:0.853 | t3:0.921
[q sigma] t0:0.016 | t1:0.027 | t2:0.090 | t3:0.029   (prior sigma ~0.29; floor = head.sigma_floor)
  saved best-by-loss.
Epoch 121 [VMIM] LR:1.00e-04 | train -9.516990 | val -10.177453
Epoch 122 [VMIM] LR:1.00e-04 | train -9.538052 | val -10.500659
  saved best-by-loss.
Epoch 123 [VMIM] LR:1.00e-04 | train -9.579834 | val -10.565790
  saved best-by-loss.
Epoch 124 [VMIM] LR:1.00e-04 | train -9.543483 | val -10.326315
Epoch 125 [VMIM] LR:1.00e-04 | train -9.609794 | val -10.208614
Epoch 126 [VMIM] LR:1.00e-04 | train -9.559966 | val -10.516807
Epoch 127 [VMIM] LR:1.00e-04 | train -9.644287 | val -10.492926
Epoch 128 [VMIM] LR:1.00e-04 | train -9.645789 | val -10.444385
Epoch 129 [VMIM] LR:1.00e-04 | train -9.660084 | val -9.938380
Epoch 130 [VMIM] LR:1.00e-04 | train -9.580423 | val -10.553633
[RF R2]  t0:0.981 | t1:0.906 | t2:0.878 | t3:0.922
[q sigma] t0:0.015 | t1:0.024 | t2:0.092 | t3:0.025   (prior sigma ~0.29; floor = head.sigma_floor)
  saved best-by-probe (mean R2 0.922, pure-VMIM).
Epoch 131 [VMIM] LR:1.00e-04 | train -9.616070 | val -10.522312
Epoch 132 [VMIM] LR:1.00e-04 | train -9.642276 | val -10.535292
Epoch 133 [VMIM] LR:1.00e-04 | train -9.636690 | val -10.543175
Epoch 134 [VMIM] LR:1.00e-04 | train -9.645028 | val -10.263499
Epoch 135 [VMIM] LR:1.00e-04 | train -9.717675 | val -10.613379
  saved best-by-loss.
Epoch 136 [VMIM] LR:1.00e-04 | train -9.685412 | val -10.188650
Epoch 137 [VMIM] LR:1.00e-04 | train -9.697067 | val -10.673772
  saved best-by-loss.
Epoch 138 [VMIM] LR:1.00e-04 | train -9.707740 | val -10.884270
  saved best-by-loss.
Epoch 139 [VMIM] LR:1.00e-04 | train -9.693781 | val -10.631033
Epoch 140 [VMIM] LR:1.00e-04 | train -9.692166 | val -10.436386
[RF R2]  t0:0.982 | t1:0.886 | t2:0.862 | t3:0.907
[q sigma] t0:0.015 | t1:0.025 | t2:0.086 | t3:0.026   (prior sigma ~0.29; floor = head.sigma_floor)
Epoch 141 [VMIM] LR:1.00e-04 | train -9.725394 | val -10.698374
Epoch 142 [VMIM] LR:1.00e-04 | train -9.718741 | val -10.598586
Epoch 143 [VMIM] LR:1.00e-04 | train -9.722850 | val -10.681085
Epoch 144 [VMIM] LR:1.00e-04 | train -9.776566 | val -10.746814
Epoch 145 [VMIM] LR:1.00e-04 | train -9.742629 | val -10.412565
Epoch 146 [VMIM] LR:1.00e-04 | train -9.788476 | val -10.500166
Epoch 147 [VMIM] LR:1.00e-04 | train -9.714184 | val -10.405947
Epoch 148 [VMIM] LR:1.00e-04 | train -9.781727 | val -10.618367
Epoch 149 [VMIM] LR:1.00e-04 | train -9.747253 | val -10.801017
Epoch 150 [VMIM] LR:1.00e-04 | train -9.822824 | val -10.544454
[RF R2]  t0:0.981 | t1:0.888 | t2:0.852 | t3:0.909
[q sigma] t0:0.015 | t1:0.023 | t2:0.087 | t3:0.024   (prior sigma ~0.29; floor = head.sigma_floor)
Epoch 151 [VMIM] LR:1.00e-04 | train -9.838292 | val -10.766936
Epoch 152 [VMIM] LR:1.00e-04 | train -9.821228 | val -10.620142
Epoch 153 [VMIM] LR:1.00e-04 | train -9.752437 | val -10.835736
Epoch 154 [VMIM] LR:5.00e-05 | train -9.802841 | val -10.819024
Epoch 155 [VMIM] LR:5.00e-05 | train -10.233703 | val -11.164166
  saved best-by-loss.
Epoch 156 [VMIM] LR:5.00e-05 | train -10.278561 | val -11.128058
Epoch 157 [VMIM] LR:5.00e-05 | train -10.271737 | val -11.204380
  saved best-by-loss.
Epoch 158 [VMIM] LR:5.00e-05 | train -10.259190 | val -11.242603
  saved best-by-loss.
Epoch 159 [VMIM] LR:5.00e-05 | train -10.321894 | val -11.298099
  saved best-by-loss.
Epoch 160 [VMIM] LR:5.00e-05 | train -10.295248 | val -11.199317
[RF R2]  t0:0.977 | t1:0.908 | t2:0.861 | t3:0.930
[q sigma] t0:0.013 | t1:0.020 | t2:0.080 | t3:0.023   (prior sigma ~0.29; floor = head.sigma_floor)
Epoch 161 [VMIM] LR:5.00e-05 | train -10.328487 | val -11.108545
Epoch 162 [VMIM] LR:5.00e-05 | train -10.291911 | val -11.264285
Epoch 163 [VMIM] LR:5.00e-05 | train -10.317613 | val -11.386911
  saved best-by-loss.
Epoch 164 [VMIM] LR:5.00e-05 | train -10.322700 | val -11.238694
Epoch 165 [VMIM] LR:5.00e-05 | train -10.320283 | val -11.265936
Epoch 166 [VMIM] LR:5.00e-05 | train -10.329194 | val -11.361666
Epoch 167 [VMIM] LR:5.00e-05 | train -10.364480 | val -11.196020
Epoch 168 [VMIM] LR:5.00e-05 | train -10.356428 | val -11.264458
Epoch 169 [VMIM] LR:5.00e-05 | train -10.403715 | val -11.290790
Epoch 170 [VMIM] LR:5.00e-05 | train -10.352778 | val -11.301105
[RF R2]  t0:0.978 | t1:0.908 | t2:0.876 | t3:0.910
[q sigma] t0:0.013 | t1:0.020 | t2:0.080 | t3:0.023   (prior sigma ~0.29; floor = head.sigma_floor)
Epoch 171 [VMIM] LR:5.00e-05 | train -10.378709 | val -11.332062
Epoch 172 [VMIM] LR:5.00e-05 | train -10.404597 | val -11.338286
Epoch 173 [VMIM] LR:5.00e-05 | train -10.374590 | val -11.358751
Epoch 174 [VMIM] LR:5.00e-05 | train -10.395645 | val -11.531395
  saved best-by-loss.
Epoch 175 [VMIM] LR:5.00e-05 | train -10.370654 | val -11.463532
Epoch 176 [VMIM] LR:5.00e-05 | train -10.387985 | val -11.256024
Epoch 177 [VMIM] LR:5.00e-05 | train -10.416793 | val -11.354963
Epoch 178 [VMIM] LR:5.00e-05 | train -10.421703 | val -11.070246
Epoch 179 [VMIM] LR:5.00e-05 | train -10.394421 | val -11.361917
Epoch 180 [VMIM] LR:5.00e-05 | train -10.404137 | val -11.421724
[RF R2]  t0:0.978 | t1:0.894 | t2:0.866 | t3:0.907
[q sigma] t0:0.013 | t1:0.019 | t2:0.079 | t3:0.021   (prior sigma ~0.29; floor = head.sigma_floor)
Epoch 181 [VMIM] LR:5.00e-05 | train -10.437416 | val -11.336806
Epoch 182 [VMIM] LR:5.00e-05 | train -10.407005 | val -11.363063
Epoch 183 [VMIM] LR:5.00e-05 | train -10.420073 | val -11.497559
Epoch 184 [VMIM] LR:5.00e-05 | train -10.431857 | val -11.364321
Epoch 185 [VMIM] LR:5.00e-05 | train -10.424430 | val -11.526404
Epoch 186 [VMIM] LR:5.00e-05 | train -10.452051 | val -11.342574
Epoch 187 [VMIM] LR:5.00e-05 | train -10.428366 | val -11.432578
Epoch 188 [VMIM] LR:5.00e-05 | train -10.459060 | val -11.465454
Epoch 189 [VMIM] LR:5.00e-05 | train -10.466526 | val -11.444274
Epoch 190 [VMIM] LR:2.50e-05 | train -10.449143 | val -11.227323
[RF R2]  t0:0.976 | t1:0.896 | t2:0.864 | t3:0.916
[q sigma] t0:0.012 | t1:0.018 | t2:0.080 | t3:0.021   (prior sigma ~0.29; floor = head.sigma_floor)
Epoch 191 [VMIM] LR:2.50e-05 | train -10.660078 | val -11.672324
  saved best-by-loss.
Epoch 192 [VMIM] LR:2.50e-05 | train -10.709446 | val -11.660410
Epoch 193 [VMIM] LR:2.50e-05 | train -10.675973 | val -11.761060
  saved best-by-loss.
Epoch 194 [VMIM] LR:2.50e-05 | train -10.694245 | val -11.714242
Epoch 195 [VMIM] LR:2.50e-05 | train -10.688664 | val -11.699738
Epoch 196 [VMIM] LR:2.50e-05 | train -10.717454 | val -11.719860
Epoch 197 [VMIM] LR:2.50e-05 | train -10.675189 | val -11.751817
Epoch 198 [VMIM] LR:2.50e-05 | train -10.698534 | val -11.748928
Epoch 199 [VMIM] LR:2.50e-05 | train -10.696223 | val -11.718975
Epoch 200 [VMIM] LR:2.50e-05 | train -10.711595 | val -11.658728
[RF R2]  t0:0.978 | t1:0.905 | t2:0.876 | t3:0.924
[q sigma] t0:0.012 | t1:0.017 | t2:0.078 | t3:0.022   (prior sigma ~0.29; floor = head.sigma_floor)
[TIMER] train 7839.2s
[WARN] requested learned_compressor_bestprobe.pt missing; falling back to learned_compressor.pt
exporting from checkpoint: /gscratch/ddehiwalage-don/sbi_master/cnn_vmim_/n1_jitter/seed_s1/nle/learned_compressor.pt
  export 1,024/9,120,000
  export 103,424/9,120,000
  export 205,824/9,120,000
  export 308,224/9,120,000
  export 410,624/9,120,000
  export 513,024/9,120,000
  export 615,424/9,120,000
  export 717,824/9,120,000
  export 820,224/9,120,000
  export 922,624/9,120,000
  export 1,025,024/9,120,000
  export 1,127,424/9,120,000
  export 1,229,824/9,120,000
  export 1,332,224/9,120,000
  export 1,434,624/9,120,000
  export 1,537,024/9,120,000
  export 1,639,424/9,120,000
  export 1,741,824/9,120,000
  export 1,844,224/9,120,000
  export 1,946,624/9,120,000
  export 2,049,024/9,120,000
  export 2,151,424/9,120,000
  export 2,253,824/9,120,000
  export 2,356,224/9,120,000
  export 2,458,624/9,120,000
  export 2,561,024/9,120,000
  export 2,663,424/9,120,000
  export 2,765,824/9,120,000
  export 2,868,224/9,120,000
  export 2,970,624/9,120,000
  export 3,073,024/9,120,000
  export 3,175,424/9,120,000
  export 3,277,824/9,120,000
  export 3,380,224/9,120,000
  export 3,482,624/9,120,000
  export 3,585,024/9,120,000
  export 3,687,424/9,120,000
  export 3,789,824/9,120,000
  export 3,892,224/9,120,000
  export 3,994,624/9,120,000
  export 4,097,024/9,120,000
  export 4,199,424/9,120,000
  export 4,301,824/9,120,000
  export 4,404,224/9,120,000
  export 4,506,624/9,120,000
  export 4,609,024/9,120,000
  export 4,711,424/9,120,000
  export 4,813,824/9,120,000
  export 4,916,224/9,120,000
  export 5,018,624/9,120,000
  export 5,121,024/9,120,000
  export 5,223,424/9,120,000
  export 5,325,824/9,120,000
  export 5,428,224/9,120,000
  export 5,530,624/9,120,000
  export 5,633,024/9,120,000
  export 5,735,424/9,120,000
  export 5,837,824/9,120,000
  export 5,940,224/9,120,000
  export 6,042,624/9,120,000
  export 6,145,024/9,120,000
  export 6,247,424/9,120,000
  export 6,349,824/9,120,000
  export 6,452,224/9,120,000
  export 6,554,624/9,120,000
  export 6,657,024/9,120,000
  export 6,759,424/9,120,000
  export 6,861,824/9,120,000
  export 6,964,224/9,120,000
  export 7,066,624/9,120,000
  export 7,169,024/9,120,000
  export 7,271,424/9,120,000
  export 7,373,824/9,120,000
  export 7,476,224/9,120,000
  export 7,578,624/9,120,000
  export 7,681,024/9,120,000
  export 7,783,424/9,120,000
  export 7,885,824/9,120,000
  export 7,988,224/9,120,000
  export 8,090,624/9,120,000
  export 8,193,024/9,120,000
  export 8,295,424/9,120,000
  export 8,397,824/9,120,000
  export 8,500,224/9,120,000
  export 8,602,624/9,120,000
  export 8,705,024/9,120,000
  export 8,807,424/9,120,000
  export 8,909,824/9,120,000
  export 9,012,224/9,120,000
  export 9,114,624/9,120,000
exported summaries -> /gscratch/ddehiwalage-don/sbi_master/cnn_vmim_/n1_jitter/seed_s1/summaries  t (9120000, 4)
