[seed] global seed=42 deterministic=True
Stage2 arm=cnn_vmim_/n1_jitter/seed_s3 families=['nsf'] rows=9,120,000 t_dim=4 n_params=4 device=cpu split_seed=42 init_seed=42 seed_subdir=False
[t-scaling] STANDARDIZED: per-dim mean/std removed. outputs -> {arm}/nle/standard_t/<model>/

===== NLE family 'nsf' -> /gscratch/ddehiwalage-don/sbi_master/cnn_vmim_/n1_jitter/seed_s3/nle/standard_t/nsf =====
  batch 1000/25650 | loss -0.0532 | eta 6.6 min [nsf p1 chunk 1/10]
  batch 2000/25650 | loss -1.3778 | eta 5.9 min [nsf p1 chunk 1/10]
  batch 3000/25650 | loss -2.2364 | eta 5.8 min [nsf p1 chunk 1/10]
  batch 4000/25650 | loss -2.8524 | eta 5.1 min [nsf p1 chunk 1/10]
  batch 5000/25650 | loss -3.3110 | eta 5.2 min [nsf p1 chunk 1/10]
  batch 6000/25650 | loss -3.6871 | eta 4.8 min [nsf p1 chunk 1/10]
  batch 7000/25650 | loss -3.9964 | eta 4.6 min [nsf p1 chunk 1/10]
  batch 8000/25650 | loss -4.2614 | eta 4.2 min [nsf p1 chunk 1/10]
  batch 9000/25650 | loss -4.4940 | eta 3.9 min [nsf p1 chunk 1/10]
  batch 10000/25650 | loss -4.6906 | eta 3.7 min [nsf p1 chunk 1/10]
  batch 11000/25650 | loss -4.8666 | eta 3.5 min [nsf p1 chunk 1/10]
  batch 12000/25650 | loss -5.0331 | eta 3.4 min [nsf p1 chunk 1/10]
  batch 13000/25650 | loss -5.1776 | eta 3.0 min [nsf p1 chunk 1/10]
  batch 14000/25650 | loss -5.3147 | eta 2.8 min [nsf p1 chunk 1/10]
  batch 15000/25650 | loss -5.4457 | eta 2.6 min [nsf p1 chunk 1/10]
  batch 16000/25650 | loss -5.5655 | eta 2.4 min [nsf p1 chunk 1/10]
  batch 17000/25650 | loss -5.6751 | eta 2.1 min [nsf p1 chunk 1/10]
  batch 18000/25650 | loss -5.7790 | eta 1.9 min [nsf p1 chunk 1/10]
  batch 19000/25650 | loss -5.8707 | eta 1.7 min [nsf p1 chunk 1/10]
  batch 20000/25650 | loss -5.9600 | eta 1.5 min [nsf p1 chunk 1/10]
  batch 21000/25650 | loss -6.0445 | eta 1.2 min [nsf p1 chunk 1/10]
  batch 22000/25650 | loss -6.1260 | eta 1.0 min [nsf p1 chunk 1/10]
  batch 23000/25650 | loss -6.2019 | eta 0.7 min [nsf p1 chunk 1/10]
  batch 24000/25650 | loss -6.2740 | eta 0.4 min [nsf p1 chunk 1/10]
  batch 25000/25650 | loss -6.3401 | eta 0.2 min [nsf p1 chunk 1/10]
[nsf|p1] chunk 1/10 | train -6.3831 | val -7.6126
  saved best (-7.6126) -> /gscratch/ddehiwalage-don/sbi_master/cnn_vmim_/n1_jitter/seed_s3/nle/standard_t/nsf
  batch 1000/25650 | loss -7.9896 | eta 6.8 min [nsf p1 chunk 2/10]
  batch 2000/25650 | loss -8.0679 | eta 8.5 min [nsf p1 chunk 2/10]
  batch 3000/25650 | loss -8.1042 | eta 6.9 min [nsf p1 chunk 2/10]
  batch 4000/25650 | loss -8.1123 | eta 6.7 min [nsf p1 chunk 2/10]
  batch 5000/25650 | loss -8.1268 | eta 11.6 min [nsf p1 chunk 2/10]
  batch 6000/25650 | loss -8.1494 | eta 6.7 min [nsf p1 chunk 2/10]
  batch 7000/25650 | loss -8.1711 | eta 6.0 min [nsf p1 chunk 2/10]
  batch 8000/25650 | loss -8.1923 | eta 5.6 min [nsf p1 chunk 2/10]
  batch 9000/25650 | loss -8.2085 | eta 5.2 min [nsf p1 chunk 2/10]
  batch 10000/25650 | loss -8.2300 | eta 5.0 min [nsf p1 chunk 2/10]
  batch 11000/25650 | loss -8.2450 | eta 4.8 min [nsf p1 chunk 2/10]
  batch 12000/25650 | loss -8.2581 | eta 4.5 min [nsf p1 chunk 2/10]
  batch 13000/25650 | loss -8.2766 | eta 4.0 min [nsf p1 chunk 2/10]
  batch 14000/25650 | loss -8.2931 | eta 3.9 min [nsf p1 chunk 2/10]
  batch 15000/25650 | loss -8.3053 | eta 3.6 min [nsf p1 chunk 2/10]
  batch 16000/25650 | loss -8.3214 | eta 3.2 min [nsf p1 chunk 2/10]
  batch 17000/25650 | loss -8.3366 | eta 3.0 min [nsf p1 chunk 2/10]
  batch 18000/25650 | loss -8.3505 | eta 2.6 min [nsf p1 chunk 2/10]
  batch 19000/25650 | loss -8.3674 | eta 2.3 min [nsf p1 chunk 2/10]
  batch 20000/25650 | loss -8.3792 | eta 2.0 min [nsf p1 chunk 2/10]
  batch 21000/25650 | loss -8.3925 | eta 1.6 min [nsf p1 chunk 2/10]
  batch 22000/25650 | loss -8.4026 | eta 1.3 min [nsf p1 chunk 2/10]
  batch 23000/25650 | loss -8.4166 | eta 0.9 min [nsf p1 chunk 2/10]
  batch 24000/25650 | loss -8.4287 | eta 0.6 min [nsf p1 chunk 2/10]
  batch 25000/25650 | loss -8.4385 | eta 0.3 min [nsf p1 chunk 2/10]
[nsf|p1] chunk 2/10 | train -8.4468 | val -8.2776
  saved best (-8.2776) -> /gscratch/ddehiwalage-don/sbi_master/cnn_vmim_/n1_jitter/seed_s3/nle/standard_t/nsf
  batch 1000/25650 | loss -8.7231 | eta 8.6 min [nsf p1 chunk 3/10]
  batch 2000/25650 | loss -8.7154 | eta 8.8 min [nsf p1 chunk 3/10]
  batch 3000/25650 | loss -8.7422 | eta 7.5 min [nsf p1 chunk 3/10]
  batch 4000/25650 | loss -8.7487 | eta 8.4 min [nsf p1 chunk 3/10]
  batch 5000/25650 | loss -8.7514 | eta 6.6 min [nsf p1 chunk 3/10]
  batch 6000/25650 | loss -8.7646 | eta 6.4 min [nsf p1 chunk 3/10]
  batch 7000/25650 | loss -8.7809 | eta 6.6 min [nsf p1 chunk 3/10]
  batch 8000/25650 | loss -8.7887 | eta 7.4 min [nsf p1 chunk 3/10]
  batch 9000/25650 | loss -8.7930 | eta 5.6 min [nsf p1 chunk 3/10]
  batch 10000/25650 | loss -8.8066 | eta 5.5 min [nsf p1 chunk 3/10]
  batch 11000/25650 | loss -8.8118 | eta 5.2 min [nsf p1 chunk 3/10]
  batch 12000/25650 | loss -8.8178 | eta 4.7 min [nsf p1 chunk 3/10]
  batch 13000/25650 | loss -8.8224 | eta 4.2 min [nsf p1 chunk 3/10]
  batch 14000/25650 | loss -8.8310 | eta 4.0 min [nsf p1 chunk 3/10]
  batch 15000/25650 | loss -8.8384 | eta 4.3 min [nsf p1 chunk 3/10]
  batch 16000/25650 | loss -8.8488 | eta 3.4 min [nsf p1 chunk 3/10]
  batch 17000/25650 | loss -8.8531 | eta 3.6 min [nsf p1 chunk 3/10]
  batch 18000/25650 | loss -8.8560 | eta 2.3 min [nsf p1 chunk 3/10]
  batch 19000/25650 | loss -8.8626 | eta 2.6 min [nsf p1 chunk 3/10]
  batch 20000/25650 | loss -8.8697 | eta 2.2 min [nsf p1 chunk 3/10]
  batch 21000/25650 | loss -8.8775 | eta 1.5 min [nsf p1 chunk 3/10]
  batch 22000/25650 | loss -8.8822 | eta 3.9 min [nsf p1 chunk 3/10]
  batch 23000/25650 | loss -8.8871 | eta 1.1 min [nsf p1 chunk 3/10]
  batch 24000/25650 | loss -8.8921 | eta 0.6 min [nsf p1 chunk 3/10]
  batch 25000/25650 | loss -8.8958 | eta 0.2 min [nsf p1 chunk 3/10]
[nsf|p1] chunk 3/10 | train -8.8987 | val -8.4941
  saved best (-8.4941) -> /gscratch/ddehiwalage-don/sbi_master/cnn_vmim_/n1_jitter/seed_s3/nle/standard_t/nsf
  batch 1000/25650 | loss -9.0866 | eta 8.7 min [nsf p1 chunk 4/10]
  batch 2000/25650 | loss -9.0613 | eta 8.3 min [nsf p1 chunk 4/10]
  batch 3000/25650 | loss -9.0605 | eta 8.5 min [nsf p1 chunk 4/10]
  batch 4000/25650 | loss -9.0684 | eta 6.1 min [nsf p1 chunk 4/10]
  batch 5000/25650 | loss -9.0864 | eta 7.1 min [nsf p1 chunk 4/10]
  batch 6000/25650 | loss -9.0921 | eta 6.6 min [nsf p1 chunk 4/10]
  batch 7000/25650 | loss -9.1018 | eta 6.1 min [nsf p1 chunk 4/10]
  batch 8000/25650 | loss -9.1086 | eta 6.3 min [nsf p1 chunk 4/10]
  batch 9000/25650 | loss -9.1131 | eta 15.4 min [nsf p1 chunk 4/10]
  batch 10000/25650 | loss -9.1099 | eta 30.8 min [nsf p1 chunk 4/10]
  batch 11000/25650 | loss -9.1159 | eta 5.9 min [nsf p1 chunk 4/10]
  batch 12000/25650 | loss -9.1216 | eta 5.3 min [nsf p1 chunk 4/10]
  batch 13000/25650 | loss -9.1202 | eta 5.5 min [nsf p1 chunk 4/10]
  batch 14000/25650 | loss -9.1228 | eta 5.4 min [nsf p1 chunk 4/10]
  batch 15000/25650 | loss -9.1270 | eta 7.2 min [nsf p1 chunk 4/10]
  batch 16000/25650 | loss -9.1275 | eta 3.8 min [nsf p1 chunk 4/10]
  batch 17000/25650 | loss -9.1307 | eta 3.2 min [nsf p1 chunk 4/10]
  batch 18000/25650 | loss -9.1341 | eta 6.3 min [nsf p1 chunk 4/10]
  batch 19000/25650 | loss -9.1388 | eta 2.5 min [nsf p1 chunk 4/10]
  batch 20000/25650 | loss -9.1412 | eta 2.2 min [nsf p1 chunk 4/10]
  batch 21000/25650 | loss -9.1468 | eta 1.8 min [nsf p1 chunk 4/10]
  batch 22000/25650 | loss -9.1510 | eta 1.5 min [nsf p1 chunk 4/10]
  batch 23000/25650 | loss -9.1559 | eta 1.0 min [nsf p1 chunk 4/10]
  batch 24000/25650 | loss -9.1603 | eta 0.7 min [nsf p1 chunk 4/10]
  batch 25000/25650 | loss -9.1651 | eta 0.3 min [nsf p1 chunk 4/10]
[nsf|p1] chunk 4/10 | train -9.1676 | val -8.2782
  batch 1000/25650 | loss -9.2456 | eta 15.8 min [nsf p1 chunk 5/10]
  batch 2000/25650 | loss -9.2365 | eta 9.0 min [nsf p1 chunk 5/10]
  batch 3000/25650 | loss -9.2480 | eta 10.0 min [nsf p1 chunk 5/10]
  batch 4000/25650 | loss -9.2563 | eta 8.3 min [nsf p1 chunk 5/10]
  batch 5000/25650 | loss -9.2572 | eta 8.0 min [nsf p1 chunk 5/10]
  batch 6000/25650 | loss -9.2596 | eta 7.7 min [nsf p1 chunk 5/10]
  batch 7000/25650 | loss -9.2648 | eta 7.6 min [nsf p1 chunk 5/10]
  batch 8000/25650 | loss -9.2636 | eta 6.8 min [nsf p1 chunk 5/10]
  batch 9000/25650 | loss -9.2715 | eta 6.3 min [nsf p1 chunk 5/10]
  batch 10000/25650 | loss -9.2739 | eta 5.9 min [nsf p1 chunk 5/10]
  batch 11000/25650 | loss -9.2777 | eta 5.6 min [nsf p1 chunk 5/10]
  batch 12000/25650 | loss -9.2787 | eta 5.2 min [nsf p1 chunk 5/10]
  batch 13000/25650 | loss -9.2811 | eta 4.8 min [nsf p1 chunk 5/10]
  batch 14000/25650 | loss -9.2827 | eta 7.5 min [nsf p1 chunk 5/10]
  batch 15000/25650 | loss -9.2837 | eta 4.5 min [nsf p1 chunk 5/10]
  batch 16000/25650 | loss -9.2898 | eta 3.8 min [nsf p1 chunk 5/10]
  batch 17000/25650 | loss -9.2947 | eta 3.5 min [nsf p1 chunk 5/10]
  batch 18000/25650 | loss -9.2982 | eta 3.3 min [nsf p1 chunk 5/10]
  batch 19000/25650 | loss -9.3003 | eta 2.5 min [nsf p1 chunk 5/10]
  batch 20000/25650 | loss -9.3054 | eta 2.7 min [nsf p1 chunk 5/10]
  batch 21000/25650 | loss -9.3090 | eta 1.8 min [nsf p1 chunk 5/10]
  batch 22000/25650 | loss -9.3122 | eta 1.4 min [nsf p1 chunk 5/10]
  batch 23000/25650 | loss -9.3131 | eta 1.0 min [nsf p1 chunk 5/10]
  batch 24000/25650 | loss -9.3181 | eta 0.6 min [nsf p1 chunk 5/10]
  batch 25000/25650 | loss -9.3198 | eta 0.3 min [nsf p1 chunk 5/10]
[nsf|p1] chunk 5/10 | train -9.3219 | val -8.9151
  saved best (-8.9151) -> /gscratch/ddehiwalage-don/sbi_master/cnn_vmim_/n1_jitter/seed_s3/nle/standard_t/nsf
  batch 1000/25650 | loss -9.3933 | eta 12.7 min [nsf p1 chunk 6/10]
  batch 2000/25650 | loss -9.4062 | eta 9.8 min [nsf p1 chunk 6/10]
  batch 3000/25650 | loss -9.4146 | eta 10.0 min [nsf p1 chunk 6/10]
  batch 4000/25650 | loss -9.4088 | eta 16.8 min [nsf p1 chunk 6/10]
  batch 5000/25650 | loss -9.4169 | eta 9.0 min [nsf p1 chunk 6/10]
  batch 6000/25650 | loss -9.4138 | eta 7.5 min [nsf p1 chunk 6/10]
  batch 7000/25650 | loss -9.4170 | eta 7.3 min [nsf p1 chunk 6/10]
  batch 8000/25650 | loss -9.4244 | eta 6.7 min [nsf p1 chunk 6/10]
  batch 9000/25650 | loss -9.4246 | eta 6.2 min [nsf p1 chunk 6/10]
  batch 10000/25650 | loss -9.4294 | eta 6.6 min [nsf p1 chunk 6/10]
  batch 11000/25650 | loss -9.4303 | eta 5.6 min [nsf p1 chunk 6/10]
  batch 12000/25650 | loss -9.4321 | eta 5.3 min [nsf p1 chunk 6/10]
  batch 13000/25650 | loss -9.4322 | eta 4.7 min [nsf p1 chunk 6/10]
  batch 14000/25650 | loss -9.4352 | eta 4.5 min [nsf p1 chunk 6/10]
  batch 15000/25650 | loss -9.4359 | eta 4.3 min [nsf p1 chunk 6/10]
  batch 16000/25650 | loss -9.4380 | eta 3.8 min [nsf p1 chunk 6/10]
  batch 17000/25650 | loss -9.4400 | eta 3.5 min [nsf p1 chunk 6/10]
  batch 18000/25650 | loss -9.4443 | eta 3.2 min [nsf p1 chunk 6/10]
  batch 19000/25650 | loss -9.4453 | eta 2.7 min [nsf p1 chunk 6/10]
  batch 20000/25650 | loss -9.4476 | eta 2.2 min [nsf p1 chunk 6/10]
  batch 21000/25650 | loss -9.4497 | eta 1.8 min [nsf p1 chunk 6/10]
  batch 22000/25650 | loss -9.4524 | eta 1.3 min [nsf p1 chunk 6/10]
  batch 23000/25650 | loss -9.4551 | eta 1.1 min [nsf p1 chunk 6/10]
  batch 24000/25650 | loss -9.4548 | eta 0.6 min [nsf p1 chunk 6/10]
  batch 25000/25650 | loss -9.4558 | eta 0.3 min [nsf p1 chunk 6/10]
[nsf|p1] chunk 6/10 | train -9.4572 | val -8.6450
  batch 1000/25650 | loss -9.5344 | eta 10.2 min [nsf p1 chunk 7/10]
  batch 2000/25650 | loss -9.5374 | eta 9.6 min [nsf p1 chunk 7/10]
  batch 3000/25650 | loss -9.5396 | eta 8.8 min [nsf p1 chunk 7/10]
  batch 4000/25650 | loss -9.5364 | eta 9.0 min [nsf p1 chunk 7/10]
  batch 5000/25650 | loss -9.5296 | eta 8.8 min [nsf p1 chunk 7/10]
  batch 6000/25650 | loss -9.5333 | eta 9.8 min [nsf p1 chunk 7/10]
  batch 7000/25650 | loss -9.5347 | eta 7.4 min [nsf p1 chunk 7/10]
  batch 8000/25650 | loss -9.5353 | eta 6.8 min [nsf p1 chunk 7/10]
  batch 9000/25650 | loss -9.5366 | eta 6.3 min [nsf p1 chunk 7/10]
  batch 10000/25650 | loss -9.5378 | eta 5.8 min [nsf p1 chunk 7/10]
  batch 11000/25650 | loss -9.5392 | eta 5.9 min [nsf p1 chunk 7/10]
  batch 12000/25650 | loss -9.5427 | eta 5.3 min [nsf p1 chunk 7/10]
  batch 13000/25650 | loss -9.5413 | eta 4.9 min [nsf p1 chunk 7/10]
  batch 14000/25650 | loss -9.5440 | eta 4.5 min [nsf p1 chunk 7/10]
  batch 15000/25650 | loss -9.5465 | eta 3.9 min [nsf p1 chunk 7/10]
  batch 16000/25650 | loss -9.5478 | eta 3.6 min [nsf p1 chunk 7/10]
  batch 17000/25650 | loss -9.5503 | eta 3.4 min [nsf p1 chunk 7/10]
  batch 18000/25650 | loss -9.5486 | eta 3.0 min [nsf p1 chunk 7/10]
  batch 19000/25650 | loss -9.5491 | eta 2.6 min [nsf p1 chunk 7/10]
  batch 20000/25650 | loss -9.5494 | eta 2.1 min [nsf p1 chunk 7/10]
  batch 21000/25650 | loss -9.5530 | eta 1.8 min [nsf p1 chunk 7/10]
  batch 22000/25650 | loss -9.5536 | eta 1.4 min [nsf p1 chunk 7/10]
  batch 23000/25650 | loss -9.5538 | eta 1.0 min [nsf p1 chunk 7/10]
  batch 24000/25650 | loss -9.5555 | eta 0.6 min [nsf p1 chunk 7/10]
  batch 25000/25650 | loss -9.5566 | eta 0.2 min [nsf p1 chunk 7/10]
[nsf|p1] chunk 7/10 | train -9.5570 | val -8.8919
  batch 1000/25650 | loss -9.6133 | eta 11.7 min [nsf p1 chunk 8/10]
  batch 2000/25650 | loss -9.6187 | eta 10.5 min [nsf p1 chunk 8/10]
  batch 3000/25650 | loss -9.6141 | eta 8.5 min [nsf p1 chunk 8/10]
  batch 4000/25650 | loss -9.6150 | eta 8.6 min [nsf p1 chunk 8/10]
  batch 5000/25650 | loss -9.6165 | eta 7.9 min [nsf p1 chunk 8/10]
  batch 6000/25650 | loss -9.6156 | eta 7.7 min [nsf p1 chunk 8/10]
  batch 7000/25650 | loss -9.6218 | eta 7.2 min [nsf p1 chunk 8/10]
  batch 8000/25650 | loss -9.6240 | eta 6.9 min [nsf p1 chunk 8/10]
  batch 9000/25650 | loss -9.6182 | eta 6.4 min [nsf p1 chunk 8/10]
  batch 10000/25650 | loss -9.6159 | eta 6.0 min [nsf p1 chunk 8/10]
  batch 11000/25650 | loss -9.6157 | eta 5.5 min [nsf p1 chunk 8/10]
  batch 12000/25650 | loss -9.6193 | eta 5.4 min [nsf p1 chunk 8/10]
  batch 13000/25650 | loss -9.6236 | eta 4.8 min [nsf p1 chunk 8/10]
  batch 14000/25650 | loss -9.6217 | eta 4.4 min [nsf p1 chunk 8/10]
  batch 15000/25650 | loss -9.6234 | eta 4.1 min [nsf p1 chunk 8/10]
  batch 16000/25650 | loss -9.6270 | eta 3.9 min [nsf p1 chunk 8/10]
  batch 17000/25650 | loss -9.6286 | eta 3.6 min [nsf p1 chunk 8/10]
  batch 18000/25650 | loss -9.6302 | eta 3.0 min [nsf p1 chunk 8/10]
  batch 19000/25650 | loss -9.6309 | eta 2.5 min [nsf p1 chunk 8/10]
  batch 20000/25650 | loss -9.6346 | eta 2.1 min [nsf p1 chunk 8/10]
  batch 21000/25650 | loss -9.6352 | eta 1.8 min [nsf p1 chunk 8/10]
  batch 22000/25650 | loss -9.6375 | eta 1.4 min [nsf p1 chunk 8/10]
  batch 23000/25650 | loss -9.6382 | eta 1.0 min [nsf p1 chunk 8/10]
  batch 24000/25650 | loss -9.6403 | eta 0.6 min [nsf p1 chunk 8/10]
  batch 25000/25650 | loss -9.6411 | eta 0.3 min [nsf p1 chunk 8/10]
[nsf|p1] chunk 8/10 | train -9.6423 | val -9.1406
  saved best (-9.1406) -> /gscratch/ddehiwalage-don/sbi_master/cnn_vmim_/n1_jitter/seed_s3/nle/standard_t/nsf
  batch 1000/25650 | loss -9.6459 | eta 9.8 min [nsf p1 chunk 9/10]
  batch 2000/25650 | loss -9.6702 | eta 9.1 min [nsf p1 chunk 9/10]
  batch 3000/25650 | loss -9.6702 | eta 10.5 min [nsf p1 chunk 9/10]
  batch 4000/25650 | loss -9.6685 | eta 11.0 min [nsf p1 chunk 9/10]
  batch 5000/25650 | loss -9.6647 | eta 8.2 min [nsf p1 chunk 9/10]
  batch 6000/25650 | loss -9.6681 | eta 7.6 min [nsf p1 chunk 9/10]
  batch 7000/25650 | loss -9.6656 | eta 7.7 min [nsf p1 chunk 9/10]
  batch 8000/25650 | loss -9.6692 | eta 6.9 min [nsf p1 chunk 9/10]
  batch 9000/25650 | loss -9.6673 | eta 6.7 min [nsf p1 chunk 9/10]
  batch 10000/25650 | loss -9.6706 | eta 6.3 min [nsf p1 chunk 9/10]
  batch 11000/25650 | loss -9.6755 | eta 5.8 min [nsf p1 chunk 9/10]
  batch 12000/25650 | loss -9.6803 | eta 5.7 min [nsf p1 chunk 9/10]
  batch 13000/25650 | loss -9.6827 | eta 4.9 min [nsf p1 chunk 9/10]
  batch 14000/25650 | loss -9.6847 | eta 5.0 min [nsf p1 chunk 9/10]
  batch 15000/25650 | loss -9.6841 | eta 4.3 min [nsf p1 chunk 9/10]
  batch 16000/25650 | loss -9.6851 | eta 3.6 min [nsf p1 chunk 9/10]
  batch 17000/25650 | loss -9.6838 | eta 3.2 min [nsf p1 chunk 9/10]
  batch 18000/25650 | loss -9.6859 | eta 2.9 min [nsf p1 chunk 9/10]
  batch 19000/25650 | loss -9.6895 | eta 2.9 min [nsf p1 chunk 9/10]
  batch 20000/25650 | loss -9.6933 | eta 2.5 min [nsf p1 chunk 9/10]
  batch 21000/25650 | loss -9.6962 | eta 2.1 min [nsf p1 chunk 9/10]
  batch 22000/25650 | loss -9.6975 | eta 1.6 min [nsf p1 chunk 9/10]
  batch 23000/25650 | loss -9.6991 | eta 1.2 min [nsf p1 chunk 9/10]
  batch 24000/25650 | loss -9.6988 | eta 0.7 min [nsf p1 chunk 9/10]
  batch 25000/25650 | loss -9.6981 | eta 0.3 min [nsf p1 chunk 9/10]
[nsf|p1] chunk 9/10 | train -9.6996 | val -8.8608
  batch 1000/25650 | loss -9.7327 | eta 13.0 min [nsf p1 chunk 10/10]
  batch 2000/25650 | loss -9.7151 | eta 14.8 min [nsf p1 chunk 10/10]
  batch 3000/25650 | loss -9.7287 | eta 10.9 min [nsf p1 chunk 10/10]
  batch 4000/25650 | loss -9.7380 | eta 9.7 min [nsf p1 chunk 10/10]
  batch 5000/25650 | loss -9.7373 | eta 9.0 min [nsf p1 chunk 10/10]
  batch 6000/25650 | loss -9.7387 | eta 9.0 min [nsf p1 chunk 10/10]
  batch 7000/25650 | loss -9.7482 | eta 8.4 min [nsf p1 chunk 10/10]
  batch 8000/25650 | loss -9.7475 | eta 7.9 min [nsf p1 chunk 10/10]
  batch 9000/25650 | loss -9.7479 | eta 7.7 min [nsf p1 chunk 10/10]
  batch 10000/25650 | loss -9.7459 | eta 7.1 min [nsf p1 chunk 10/10]
  batch 11000/25650 | loss -9.7476 | eta 6.5 min [nsf p1 chunk 10/10]
  batch 12000/25650 | loss -9.7464 | eta 5.9 min [nsf p1 chunk 10/10]
  batch 13000/25650 | loss -9.7487 | eta 5.6 min [nsf p1 chunk 10/10]
  batch 14000/25650 | loss -9.7513 | eta 5.2 min [nsf p1 chunk 10/10]
  batch 15000/25650 | loss -9.7517 | eta 4.7 min [nsf p1 chunk 10/10]
  batch 16000/25650 | loss -9.7561 | eta 4.3 min [nsf p1 chunk 10/10]
  batch 17000/25650 | loss -9.7561 | eta 4.2 min [nsf p1 chunk 10/10]
  batch 18000/25650 | loss -9.7576 | eta 3.5 min [nsf p1 chunk 10/10]
  batch 19000/25650 | loss -9.7592 | eta 3.0 min [nsf p1 chunk 10/10]
  batch 20000/25650 | loss -9.7623 | eta 2.6 min [nsf p1 chunk 10/10]
  batch 21000/25650 | loss -9.7608 | eta 2.1 min [nsf p1 chunk 10/10]
  batch 22000/25650 | loss -9.7615 | eta 1.7 min [nsf p1 chunk 10/10]
  batch 23000/25650 | loss -9.7625 | eta 1.2 min [nsf p1 chunk 10/10]
  batch 24000/25650 | loss -9.7640 | eta 0.7 min [nsf p1 chunk 10/10]
  batch 25000/25650 | loss -9.7660 | eta 0.3 min [nsf p1 chunk 10/10]
[nsf|p1] chunk 10/10 | train -9.7665 | val -9.3554
  saved best (-9.3554) -> /gscratch/ddehiwalage-don/sbi_master/cnn_vmim_/n1_jitter/seed_s3/nle/standard_t/nsf
  batch 1000/51300 | loss -10.4356 | eta 25.7 min [nsf p2 chunk 1/5]
  batch 2000/51300 | loss -10.4424 | eta 23.3 min [nsf p2 chunk 1/5]
  batch 3000/51300 | loss -10.4540 | eta 22.0 min [nsf p2 chunk 1/5]
  batch 4000/51300 | loss -10.4635 | eta 21.0 min [nsf p2 chunk 1/5]
  batch 5000/51300 | loss -10.4698 | eta 24.2 min [nsf p2 chunk 1/5]
  batch 6000/51300 | loss -10.4773 | eta 23.7 min [nsf p2 chunk 1/5]
  batch 7000/51300 | loss -10.4784 | eta 21.4 min [nsf p2 chunk 1/5]
  batch 8000/51300 | loss -10.4820 | eta 21.6 min [nsf p2 chunk 1/5]
  batch 9000/51300 | loss -10.4829 | eta 18.2 min [nsf p2 chunk 1/5]
  batch 10000/51300 | loss -10.4816 | eta 19.3 min [nsf p2 chunk 1/5]
  batch 11000/51300 | loss -10.4865 | eta 19.0 min [nsf p2 chunk 1/5]
  batch 12000/51300 | loss -10.4923 | eta 18.3 min [nsf p2 chunk 1/5]
  batch 13000/51300 | loss -10.4942 | eta 17.5 min [nsf p2 chunk 1/5]
  batch 14000/51300 | loss -10.4973 | eta 16.9 min [nsf p2 chunk 1/5]
  batch 15000/51300 | loss -10.4992 | eta 16.6 min [nsf p2 chunk 1/5]
  batch 16000/51300 | loss -10.5010 | eta 17.2 min [nsf p2 chunk 1/5]
  batch 17000/51300 | loss -10.5035 | eta 15.5 min [nsf p2 chunk 1/5]
  batch 18000/51300 | loss -10.5057 | eta 14.8 min [nsf p2 chunk 1/5]
  batch 19000/51300 | loss -10.5065 | eta 14.6 min [nsf p2 chunk 1/5]
  batch 20000/51300 | loss -10.5070 | eta 13.9 min [nsf p2 chunk 1/5]
  batch 21000/51300 | loss -10.5077 | eta 13.4 min [nsf p2 chunk 1/5]
  batch 22000/51300 | loss -10.5094 | eta 13.1 min [nsf p2 chunk 1/5]
  batch 23000/51300 | loss -10.5119 | eta 12.9 min [nsf p2 chunk 1/5]
  batch 24000/51300 | loss -10.5131 | eta 12.3 min [nsf p2 chunk 1/5]
  batch 25000/51300 | loss -10.5149 | eta 11.7 min [nsf p2 chunk 1/5]
  batch 26000/51300 | loss -10.5153 | eta 11.9 min [nsf p2 chunk 1/5]
  batch 27000/51300 | loss -10.5161 | eta 10.6 min [nsf p2 chunk 1/5]
  batch 28000/51300 | loss -10.5162 | eta 11.3 min [nsf p2 chunk 1/5]
  batch 29000/51300 | loss -10.5167 | eta 10.3 min [nsf p2 chunk 1/5]
  batch 30000/51300 | loss -10.5183 | eta 9.6 min [nsf p2 chunk 1/5]
  batch 31000/51300 | loss -10.5197 | eta 9.0 min [nsf p2 chunk 1/5]
  batch 32000/51300 | loss -10.5195 | eta 8.6 min [nsf p2 chunk 1/5]
  batch 33000/51300 | loss -10.5201 | eta 8.2 min [nsf p2 chunk 1/5]
  batch 34000/51300 | loss -10.5207 | eta 7.9 min [nsf p2 chunk 1/5]
  batch 35000/51300 | loss -10.5221 | eta 7.3 min [nsf p2 chunk 1/5]
  batch 36000/51300 | loss -10.5234 | eta 6.7 min [nsf p2 chunk 1/5]
  batch 37000/51300 | loss -10.5243 | eta 6.3 min [nsf p2 chunk 1/5]
  batch 38000/51300 | loss -10.5243 | eta 5.9 min [nsf p2 chunk 1/5]
  batch 39000/51300 | loss -10.5246 | eta 5.9 min [nsf p2 chunk 1/5]
  batch 40000/51300 | loss -10.5262 | eta 5.1 min [nsf p2 chunk 1/5]
  batch 41000/51300 | loss -10.5273 | eta 4.5 min [nsf p2 chunk 1/5]
  batch 42000/51300 | loss -10.5283 | eta 4.1 min [nsf p2 chunk 1/5]
  batch 43000/51300 | loss -10.5281 | eta 3.6 min [nsf p2 chunk 1/5]
  batch 44000/51300 | loss -10.5288 | eta 3.3 min [nsf p2 chunk 1/5]
  batch 45000/51300 | loss -10.5288 | eta 2.8 min [nsf p2 chunk 1/5]
  batch 46000/51300 | loss -10.5292 | eta 2.4 min [nsf p2 chunk 1/5]
  batch 47000/51300 | loss -10.5292 | eta 1.9 min [nsf p2 chunk 1/5]
  batch 48000/51300 | loss -10.5300 | eta 1.5 min [nsf p2 chunk 1/5]
  batch 49000/51300 | loss -10.5310 | eta 1.0 min [nsf p2 chunk 1/5]
  batch 50000/51300 | loss -10.5316 | eta 0.6 min [nsf p2 chunk 1/5]
  batch 51000/51300 | loss -10.5319 | eta 0.1 min [nsf p2 chunk 1/5]
[nsf|p2] chunk 1/5 | train -10.5319 | val -9.4464
  saved best (-9.4464) -> /gscratch/ddehiwalage-don/sbi_master/cnn_vmim_/n1_jitter/seed_s3/nle/standard_t/nsf
  batch 1000/51300 | loss -10.5739 | eta 24.3 min [nsf p2 chunk 2/5]
  batch 2000/51300 | loss -10.5728 | eta 21.7 min [nsf p2 chunk 2/5]
  batch 3000/51300 | loss -10.5616 | eta 21.4 min [nsf p2 chunk 2/5]
  batch 4000/51300 | loss -10.5609 | eta 20.7 min [nsf p2 chunk 2/5]
  batch 5000/51300 | loss -10.5545 | eta 21.0 min [nsf p2 chunk 2/5]
  batch 6000/51300 | loss -10.5592 | eta 20.2 min [nsf p2 chunk 2/5]
  batch 7000/51300 | loss -10.5607 | eta 19.5 min [nsf p2 chunk 2/5]
  batch 8000/51300 | loss -10.5586 | eta 21.0 min [nsf p2 chunk 2/5]
  batch 9000/51300 | loss -10.5602 | eta 18.6 min [nsf p2 chunk 2/5]
  batch 10000/51300 | loss -10.5625 | eta 18.7 min [nsf p2 chunk 2/5]
  batch 11000/51300 | loss -10.5650 | eta 18.0 min [nsf p2 chunk 2/5]
  batch 12000/51300 | loss -10.5657 | eta 16.7 min [nsf p2 chunk 2/5]
  batch 13000/51300 | loss -10.5655 | eta 16.5 min [nsf p2 chunk 2/5]
  batch 14000/51300 | loss -10.5657 | eta 16.2 min [nsf p2 chunk 2/5]
  batch 15000/51300 | loss -10.5674 | eta 15.3 min [nsf p2 chunk 2/5]
  batch 16000/51300 | loss -10.5669 | eta 14.6 min [nsf p2 chunk 2/5]
  batch 17000/51300 | loss -10.5679 | eta 14.2 min [nsf p2 chunk 2/5]
  batch 18000/51300 | loss -10.5684 | eta 14.3 min [nsf p2 chunk 2/5]
  batch 19000/51300 | loss -10.5673 | eta 14.3 min [nsf p2 chunk 2/5]
  batch 20000/51300 | loss -10.5674 | eta 13.0 min [nsf p2 chunk 2/5]
  batch 21000/51300 | loss -10.5675 | eta 12.4 min [nsf p2 chunk 2/5]
  batch 22000/51300 | loss -10.5685 | eta 12.2 min [nsf p2 chunk 2/5]
  batch 23000/51300 | loss -10.5704 | eta 11.7 min [nsf p2 chunk 2/5]
  batch 24000/51300 | loss -10.5702 | eta 11.2 min [nsf p2 chunk 2/5]
  batch 25000/51300 | loss -10.5719 | eta 11.1 min [nsf p2 chunk 2/5]
  batch 26000/51300 | loss -10.5716 | eta 10.4 min [nsf p2 chunk 2/5]
  batch 27000/51300 | loss -10.5716 | eta 10.5 min [nsf p2 chunk 2/5]
  batch 28000/51300 | loss -10.5720 | eta 9.6 min [nsf p2 chunk 2/5]
  batch 29000/51300 | loss -10.5717 | eta 9.2 min [nsf p2 chunk 2/5]
  batch 30000/51300 | loss -10.5731 | eta 8.9 min [nsf p2 chunk 2/5]
  batch 31000/51300 | loss -10.5736 | eta 8.3 min [nsf p2 chunk 2/5]
  batch 32000/51300 | loss -10.5745 | eta 8.0 min [nsf p2 chunk 2/5]
  batch 33000/51300 | loss -10.5749 | eta 7.6 min [nsf p2 chunk 2/5]
  batch 34000/51300 | loss -10.5743 | eta 7.2 min [nsf p2 chunk 2/5]
  batch 35000/51300 | loss -10.5751 | eta 6.7 min [nsf p2 chunk 2/5]
  batch 36000/51300 | loss -10.5753 | eta 6.1 min [nsf p2 chunk 2/5]
  batch 37000/51300 | loss -10.5761 | eta 6.8 min [nsf p2 chunk 2/5]
  batch 38000/51300 | loss -10.5767 | eta 5.5 min [nsf p2 chunk 2/5]
  batch 39000/51300 | loss -10.5764 | eta 5.1 min [nsf p2 chunk 2/5]
  batch 40000/51300 | loss -10.5776 | eta 4.6 min [nsf p2 chunk 2/5]
  batch 41000/51300 | loss -10.5784 | eta 4.3 min [nsf p2 chunk 2/5]
  batch 42000/51300 | loss -10.5782 | eta 3.8 min [nsf p2 chunk 2/5]
  batch 43000/51300 | loss -10.5793 | eta 3.5 min [nsf p2 chunk 2/5]
  batch 44000/51300 | loss -10.5797 | eta 3.1 min [nsf p2 chunk 2/5]
  batch 45000/51300 | loss -10.5795 | eta 2.6 min [nsf p2 chunk 2/5]
  batch 46000/51300 | loss -10.5801 | eta 2.1 min [nsf p2 chunk 2/5]
  batch 47000/51300 | loss -10.5796 | eta 1.8 min [nsf p2 chunk 2/5]
  batch 48000/51300 | loss -10.5799 | eta 1.4 min [nsf p2 chunk 2/5]
  batch 49000/51300 | loss -10.5804 | eta 0.9 min [nsf p2 chunk 2/5]
  batch 50000/51300 | loss -10.5806 | eta 0.5 min [nsf p2 chunk 2/5]
  batch 51000/51300 | loss -10.5814 | eta 0.1 min [nsf p2 chunk 2/5]
[nsf|p2] chunk 2/5 | train -10.5814 | val -9.4683
  saved best (-9.4683) -> /gscratch/ddehiwalage-don/sbi_master/cnn_vmim_/n1_jitter/seed_s3/nle/standard_t/nsf
  batch 1000/51300 | loss -10.6071 | eta 20.3 min [nsf p2 chunk 3/5]
  batch 2000/51300 | loss -10.5851 | eta 18.8 min [nsf p2 chunk 3/5]
  batch 3000/51300 | loss -10.5889 | eta 20.1 min [nsf p2 chunk 3/5]
  batch 4000/51300 | loss -10.5908 | eta 17.5 min [nsf p2 chunk 3/5]
  batch 5000/51300 | loss -10.5935 | eta 17.2 min [nsf p2 chunk 3/5]
  batch 6000/51300 | loss -10.6007 | eta 23.3 min [nsf p2 chunk 3/5]
  batch 7000/51300 | loss -10.5975 | eta 17.7 min [nsf p2 chunk 3/5]
  batch 8000/51300 | loss -10.5984 | eta 16.4 min [nsf p2 chunk 3/5]
  batch 9000/51300 | loss -10.6001 | eta 17.1 min [nsf p2 chunk 3/5]
  batch 10000/51300 | loss -10.6016 | eta 17.7 min [nsf p2 chunk 3/5]
  batch 11000/51300 | loss -10.5973 | eta 17.0 min [nsf p2 chunk 3/5]
  batch 12000/51300 | loss -10.5962 | eta 19.6 min [nsf p2 chunk 3/5]
  batch 13000/51300 | loss -10.5953 | eta 15.2 min [nsf p2 chunk 3/5]
  batch 14000/51300 | loss -10.5951 | eta 14.6 min [nsf p2 chunk 3/5]
  batch 15000/51300 | loss -10.5953 | eta 14.8 min [nsf p2 chunk 3/5]
  batch 16000/51300 | loss -10.5949 | eta 13.8 min [nsf p2 chunk 3/5]
  batch 17000/51300 | loss -10.5965 | eta 13.6 min [nsf p2 chunk 3/5]
  batch 18000/51300 | loss -10.5966 | eta 13.2 min [nsf p2 chunk 3/5]
  batch 19000/51300 | loss -10.5989 | eta 13.1 min [nsf p2 chunk 3/5]
  batch 20000/51300 | loss -10.5975 | eta 12.5 min [nsf p2 chunk 3/5]
  batch 21000/51300 | loss -10.5962 | eta 12.0 min [nsf p2 chunk 3/5]
  batch 22000/51300 | loss -10.5978 | eta 11.7 min [nsf p2 chunk 3/5]
  batch 23000/51300 | loss -10.5972 | eta 11.6 min [nsf p2 chunk 3/5]
  batch 24000/51300 | loss -10.5973 | eta 11.2 min [nsf p2 chunk 3/5]
  batch 25000/51300 | loss -10.5977 | eta 10.7 min [nsf p2 chunk 3/5]
  batch 26000/51300 | loss -10.5978 | eta 10.1 min [nsf p2 chunk 3/5]
  batch 27000/51300 | loss -10.5987 | eta 10.5 min [nsf p2 chunk 3/5]
  batch 28000/51300 | loss -10.5990 | eta 9.8 min [nsf p2 chunk 3/5]
  batch 29000/51300 | loss -10.5993 | eta 9.2 min [nsf p2 chunk 3/5]
  batch 30000/51300 | loss -10.6005 | eta 9.0 min [nsf p2 chunk 3/5]
  batch 31000/51300 | loss -10.6008 | eta 8.2 min [nsf p2 chunk 3/5]
  batch 32000/51300 | loss -10.6002 | eta 7.9 min [nsf p2 chunk 3/5]
  batch 33000/51300 | loss -10.5999 | eta 7.5 min [nsf p2 chunk 3/5]
  batch 34000/51300 | loss -10.5988 | eta 7.2 min [nsf p2 chunk 3/5]
  batch 35000/51300 | loss -10.5993 | eta 6.7 min [nsf p2 chunk 3/5]
  batch 36000/51300 | loss -10.5995 | eta 6.2 min [nsf p2 chunk 3/5]
  batch 37000/51300 | loss -10.5991 | eta 5.9 min [nsf p2 chunk 3/5]
  batch 38000/51300 | loss -10.5999 | eta 5.6 min [nsf p2 chunk 3/5]
  batch 39000/51300 | loss -10.6009 | eta 5.0 min [nsf p2 chunk 3/5]
  batch 40000/51300 | loss -10.6014 | eta 4.2 min [nsf p2 chunk 3/5]
  batch 41000/51300 | loss -10.6020 | eta 3.3 min [nsf p2 chunk 3/5]
  batch 42000/51300 | loss -10.6031 | eta 3.0 min [nsf p2 chunk 3/5]
  batch 43000/51300 | loss -10.6033 | eta 2.6 min [nsf p2 chunk 3/5]
  batch 44000/51300 | loss -10.6038 | eta 2.3 min [nsf p2 chunk 3/5]
  batch 45000/51300 | loss -10.6039 | eta 1.8 min [nsf p2 chunk 3/5]
  batch 46000/51300 | loss -10.6051 | eta 1.5 min [nsf p2 chunk 3/5]
  batch 47000/51300 | loss -10.6053 | eta 1.2 min [nsf p2 chunk 3/5]
  batch 48000/51300 | loss -10.6060 | eta 0.9 min [nsf p2 chunk 3/5]
  batch 49000/51300 | loss -10.6059 | eta 1.8 min [nsf p2 chunk 3/5]
  batch 50000/51300 | loss -10.6067 | eta 0.4 min [nsf p2 chunk 3/5]
  batch 51000/51300 | loss -10.6066 | eta 0.1 min [nsf p2 chunk 3/5]
[nsf|p2] chunk 3/5 | train -10.6065 | val -9.3591
  batch 1000/51300 | loss -10.6378 | eta 17.4 min [nsf p2 chunk 4/5]
  batch 2000/51300 | loss -10.6040 | eta 14.1 min [nsf p2 chunk 4/5]
  batch 3000/51300 | loss -10.6034 | eta 13.6 min [nsf p2 chunk 4/5]
  batch 4000/51300 | loss -10.6125 | eta 181.4 min [nsf p2 chunk 4/5]
  batch 5000/51300 | loss -10.6135 | eta 23.2 min [nsf p2 chunk 4/5]
  batch 6000/51300 | loss -10.6139 | eta 53.6 min [nsf p2 chunk 4/5]
  batch 7000/51300 | loss -10.6139 | eta 13.8 min [nsf p2 chunk 4/5]
  batch 8000/51300 | loss -10.6164 | eta 29.3 min [nsf p2 chunk 4/5]
  batch 9000/51300 | loss -10.6163 | eta 13.9 min [nsf p2 chunk 4/5]
  batch 10000/51300 | loss -10.6125 | eta 13.7 min [nsf p2 chunk 4/5]
  batch 11000/51300 | loss -10.6135 | eta 13.3 min [nsf p2 chunk 4/5]
  batch 12000/51300 | loss -10.6167 | eta 13.7 min [nsf p2 chunk 4/5]
  batch 13000/51300 | loss -10.6184 | eta 22.4 min [nsf p2 chunk 4/5]
  batch 14000/51300 | loss -10.6178 | eta 13.5 min [nsf p2 chunk 4/5]
  batch 15000/51300 | loss -10.6190 | eta 15.0 min [nsf p2 chunk 4/5]
  batch 16000/51300 | loss -10.6192 | eta 12.5 min [nsf p2 chunk 4/5]
  batch 17000/51300 | loss -10.6195 | eta 11.9 min [nsf p2 chunk 4/5]
  batch 18000/51300 | loss -10.6201 | eta 12.3 min [nsf p2 chunk 4/5]
  batch 19000/51300 | loss -10.6215 | eta 11.7 min [nsf p2 chunk 4/5]
  batch 20000/51300 | loss -10.6206 | eta 38.7 min [nsf p2 chunk 4/5]
  batch 21000/51300 | loss -10.6200 | eta 27.5 min [nsf p2 chunk 4/5]
  batch 22000/51300 | loss -10.6209 | eta 10.8 min [nsf p2 chunk 4/5]
  batch 23000/51300 | loss -10.6191 | eta 10.9 min [nsf p2 chunk 4/5]
  batch 24000/51300 | loss -10.6187 | eta 10.4 min [nsf p2 chunk 4/5]
  batch 25000/51300 | loss -10.6185 | eta 10.1 min [nsf p2 chunk 4/5]
  batch 26000/51300 | loss -10.6180 | eta 10.7 min [nsf p2 chunk 4/5]
  batch 27000/51300 | loss -10.6175 | eta 9.7 min [nsf p2 chunk 4/5]
  batch 28000/51300 | loss -10.6186 | eta 9.9 min [nsf p2 chunk 4/5]
  batch 29000/51300 | loss -10.6166 | eta 9.0 min [nsf p2 chunk 4/5]
  batch 30000/51300 | loss -10.6169 | eta 8.7 min [nsf p2 chunk 4/5]
  batch 31000/51300 | loss -10.6178 | eta 8.2 min [nsf p2 chunk 4/5]
  batch 32000/51300 | loss -10.6185 | eta 7.0 min [nsf p2 chunk 4/5]
  batch 33000/51300 | loss -10.6194 | eta 6.7 min [nsf p2 chunk 4/5]
  batch 34000/51300 | loss -10.6192 | eta 6.4 min [nsf p2 chunk 4/5]
  batch 35000/51300 | loss -10.6198 | eta 6.1 min [nsf p2 chunk 4/5]
  batch 36000/51300 | loss -10.6195 | eta 15.1 min [nsf p2 chunk 4/5]
  batch 37000/51300 | loss -10.6208 | eta 5.3 min [nsf p2 chunk 4/5]
  batch 38000/51300 | loss -10.6206 | eta 5.0 min [nsf p2 chunk 4/5]
  batch 39000/51300 | loss -10.6206 | eta 4.5 min [nsf p2 chunk 4/5]
  batch 40000/51300 | loss -10.6207 | eta 4.1 min [nsf p2 chunk 4/5]
  batch 41000/51300 | loss -10.6211 | eta 3.9 min [nsf p2 chunk 4/5]
  batch 42000/51300 | loss -10.6214 | eta 3.4 min [nsf p2 chunk 4/5]
  batch 43000/51300 | loss -10.6220 | eta 3.0 min [nsf p2 chunk 4/5]
  batch 44000/51300 | loss -10.6219 | eta 2.7 min [nsf p2 chunk 4/5]
  batch 45000/51300 | loss -10.6219 | eta 2.4 min [nsf p2 chunk 4/5]
  batch 46000/51300 | loss -10.6227 | eta 2.0 min [nsf p2 chunk 4/5]
  batch 47000/51300 | loss -10.6225 | eta 1.5 min [nsf p2 chunk 4/5]
  batch 48000/51300 | loss -10.6230 | eta 1.2 min [nsf p2 chunk 4/5]
  batch 49000/51300 | loss -10.6238 | eta 0.8 min [nsf p2 chunk 4/5]
  batch 50000/51300 | loss -10.6245 | eta 0.5 min [nsf p2 chunk 4/5]
  batch 51000/51300 | loss -10.6243 | eta 0.1 min [nsf p2 chunk 4/5]
[nsf|p2] chunk 4/5 | train -10.6245 | val -9.4148
  batch 1000/51300 | loss -10.6499 | eta 19.6 min [nsf p2 chunk 5/5]
  batch 2000/51300 | loss -10.6355 | eta 16.7 min [nsf p2 chunk 5/5]
  batch 3000/51300 | loss -10.6284 | eta 16.7 min [nsf p2 chunk 5/5]
  batch 4000/51300 | loss -10.6364 | eta 16.7 min [nsf p2 chunk 5/5]
  batch 5000/51300 | loss -10.6373 | eta 17.7 min [nsf p2 chunk 5/5]
  batch 6000/51300 | loss -10.6428 | eta 16.5 min [nsf p2 chunk 5/5]
  batch 7000/51300 | loss -10.6433 | eta 16.4 min [nsf p2 chunk 5/5]
  batch 8000/51300 | loss -10.6378 | eta 16.4 min [nsf p2 chunk 5/5]
  batch 9000/51300 | loss -10.6358 | eta 15.8 min [nsf p2 chunk 5/5]
  batch 10000/51300 | loss -10.6358 | eta 18.7 min [nsf p2 chunk 5/5]
  batch 11000/51300 | loss -10.6372 | eta 16.2 min [nsf p2 chunk 5/5]
  batch 12000/51300 | loss -10.6369 | eta 14.4 min [nsf p2 chunk 5/5]
  batch 13000/51300 | loss -10.6384 | eta 14.8 min [nsf p2 chunk 5/5]
  batch 14000/51300 | loss -10.6372 | eta 13.8 min [nsf p2 chunk 5/5]
  batch 15000/51300 | loss -10.6378 | eta 15.4 min [nsf p2 chunk 5/5]
  batch 16000/51300 | loss -10.6365 | eta 14.7 min [nsf p2 chunk 5/5]
  batch 17000/51300 | loss -10.6365 | eta 12.6 min [nsf p2 chunk 5/5]
  batch 18000/51300 | loss -10.6378 | eta 12.4 min [nsf p2 chunk 5/5]
  batch 19000/51300 | loss -10.6368 | eta 12.3 min [nsf p2 chunk 5/5]
  batch 20000/51300 | loss -10.6366 | eta 12.3 min [nsf p2 chunk 5/5]
  batch 21000/51300 | loss -10.6364 | eta 11.5 min [nsf p2 chunk 5/5]
  batch 22000/51300 | loss -10.6349 | eta 22.0 min [nsf p2 chunk 5/5]
  batch 23000/51300 | loss -10.6373 | eta 10.7 min [nsf p2 chunk 5/5]
  batch 24000/51300 | loss -10.6367 | eta 10.0 min [nsf p2 chunk 5/5]
  batch 25000/51300 | loss -10.6353 | eta 10.9 min [nsf p2 chunk 5/5]
  batch 26000/51300 | loss -10.6355 | eta 9.7 min [nsf p2 chunk 5/5]
  batch 27000/51300 | loss -10.6354 | eta 33.3 min [nsf p2 chunk 5/5]
  batch 28000/51300 | loss -10.6353 | eta 12.0 min [nsf p2 chunk 5/5]
  batch 29000/51300 | loss -10.6347 | eta 18.7 min [nsf p2 chunk 5/5]
  batch 30000/51300 | loss -10.6356 | eta 10.0 min [nsf p2 chunk 5/5]
  batch 31000/51300 | loss -10.6366 | eta 7.7 min [nsf p2 chunk 5/5]
  batch 32000/51300 | loss -10.6374 | eta 7.3 min [nsf p2 chunk 5/5]
  batch 33000/51300 | loss -10.6372 | eta 8.2 min [nsf p2 chunk 5/5]
  batch 34000/51300 | loss -10.6356 | eta 10.2 min [nsf p2 chunk 5/5]
  batch 35000/51300 | loss -10.6355 | eta 6.6 min [nsf p2 chunk 5/5]
  batch 36000/51300 | loss -10.6361 | eta 5.8 min [nsf p2 chunk 5/5]
  batch 37000/51300 | loss -10.6359 | eta 5.4 min [nsf p2 chunk 5/5]
  batch 38000/51300 | loss -10.6356 | eta 4.9 min [nsf p2 chunk 5/5]
  batch 39000/51300 | loss -10.6357 | eta 5.4 min [nsf p2 chunk 5/5]
  batch 40000/51300 | loss -10.6362 | eta 4.4 min [nsf p2 chunk 5/5]
  batch 41000/51300 | loss -10.6361 | eta 3.8 min [nsf p2 chunk 5/5]
  batch 42000/51300 | loss -10.6357 | eta 3.9 min [nsf p2 chunk 5/5]
  batch 43000/51300 | loss -10.6361 | eta 3.1 min [nsf p2 chunk 5/5]
  batch 44000/51300 | loss -10.6361 | eta 3.6 min [nsf p2 chunk 5/5]
  batch 45000/51300 | loss -10.6368 | eta 2.5 min [nsf p2 chunk 5/5]
  batch 46000/51300 | loss -10.6374 | eta 2.9 min [nsf p2 chunk 5/5]
  batch 47000/51300 | loss -10.6376 | eta 1.6 min [nsf p2 chunk 5/5]
  batch 48000/51300 | loss -10.6377 | eta 1.3 min [nsf p2 chunk 5/5]
  batch 49000/51300 | loss -10.6372 | eta 0.9 min [nsf p2 chunk 5/5]
  batch 50000/51300 | loss -10.6378 | eta 0.6 min [nsf p2 chunk 5/5]
  batch 51000/51300 | loss -10.6381 | eta 0.1 min [nsf p2 chunk 5/5]
[nsf|p2] chunk 5/5 | train -10.6379 | val -9.5047
  saved best (-9.5047) -> /gscratch/ddehiwalage-don/sbi_master/cnn_vmim_/n1_jitter/seed_s3/nle/standard_t/nsf
[nsf] done. best val NLL -9.5047

===== summary [standard_t] (best val NLL) =====
  nsf     -9.5047
