[seed] global seed=42 deterministic=True
Stage2 arm=cnn_vmim_/n1_jitter/seed_s4 families=['nsf'] rows=9,120,000 t_dim=4 n_params=4 device=cpu split_seed=42 init_seed=42 seed_subdir=False
[t-scaling] STANDARDIZED: per-dim mean/std removed. outputs -> {arm}/nle/standard_t/<model>/

===== NLE family 'nsf' -> /gscratch/ddehiwalage-don/sbi_master/cnn_vmim_/n1_jitter/seed_s4/nle/standard_t/nsf =====
  batch 1000/25650 | loss 0.3473 | eta 6.7 min [nsf p1 chunk 1/10]
  batch 2000/25650 | loss -0.7743 | eta 5.9 min [nsf p1 chunk 1/10]
  batch 3000/25650 | loss -1.5444 | eta 5.6 min [nsf p1 chunk 1/10]
  batch 4000/25650 | loss -2.0885 | eta 5.4 min [nsf p1 chunk 1/10]
  batch 5000/25650 | loss -2.5203 | eta 5.2 min [nsf p1 chunk 1/10]
  batch 6000/25650 | loss -2.8680 | eta 4.9 min [nsf p1 chunk 1/10]
  batch 7000/25650 | loss -3.1631 | eta 4.7 min [nsf p1 chunk 1/10]
  batch 8000/25650 | loss -3.4255 | eta 4.3 min [nsf p1 chunk 1/10]
  batch 9000/25650 | loss -3.6484 | eta 4.1 min [nsf p1 chunk 1/10]
  batch 10000/25650 | loss -3.8417 | eta 3.9 min [nsf p1 chunk 1/10]
  batch 11000/25650 | loss -4.0115 | eta 3.6 min [nsf p1 chunk 1/10]
  batch 12000/25650 | loss -4.1682 | eta 3.4 min [nsf p1 chunk 1/10]
  batch 13000/25650 | loss -4.3150 | eta 3.1 min [nsf p1 chunk 1/10]
  batch 14000/25650 | loss -4.4497 | eta 2.9 min [nsf p1 chunk 1/10]
  batch 15000/25650 | loss -4.5773 | eta 2.6 min [nsf p1 chunk 1/10]
  batch 16000/25650 | loss -4.6968 | eta 10.8 min [nsf p1 chunk 1/10]
  batch 17000/25650 | loss -4.8078 | eta 8.3 min [nsf p1 chunk 1/10]
  batch 18000/25650 | loss -4.9099 | eta 2.0 min [nsf p1 chunk 1/10]
  batch 19000/25650 | loss -5.0047 | eta 1.6 min [nsf p1 chunk 1/10]
  batch 20000/25650 | loss -5.0953 | eta 1.4 min [nsf p1 chunk 1/10]
  batch 21000/25650 | loss -5.1787 | eta 1.1 min [nsf p1 chunk 1/10]
  batch 22000/25650 | loss -5.2588 | eta 0.9 min [nsf p1 chunk 1/10]
  batch 23000/25650 | loss -5.3382 | eta 0.7 min [nsf p1 chunk 1/10]
  batch 24000/25650 | loss -5.4119 | eta 0.4 min [nsf p1 chunk 1/10]
  batch 25000/25650 | loss -5.4856 | eta 0.2 min [nsf p1 chunk 1/10]
[nsf|p1] chunk 1/10 | train -5.5333 | val -6.5245
  saved best (-6.5245) -> /gscratch/ddehiwalage-don/sbi_master/cnn_vmim_/n1_jitter/seed_s4/nle/standard_t/nsf
  batch 1000/25650 | loss -7.3671 | eta 6.0 min [nsf p1 chunk 2/10]
  batch 2000/25650 | loss -7.4033 | eta 6.6 min [nsf p1 chunk 2/10]
  batch 3000/25650 | loss -7.4351 | eta 5.5 min [nsf p1 chunk 2/10]
  batch 4000/25650 | loss -7.4605 | eta 5.4 min [nsf p1 chunk 2/10]
  batch 5000/25650 | loss -7.4946 | eta 5.0 min [nsf p1 chunk 2/10]
  batch 6000/25650 | loss -7.5202 | eta 4.8 min [nsf p1 chunk 2/10]
  batch 7000/25650 | loss -7.5419 | eta 4.6 min [nsf p1 chunk 2/10]
  batch 8000/25650 | loss -7.5580 | eta 4.5 min [nsf p1 chunk 2/10]
  batch 9000/25650 | loss -7.5782 | eta 4.4 min [nsf p1 chunk 2/10]
  batch 10000/25650 | loss -7.6033 | eta 3.9 min [nsf p1 chunk 2/10]
  batch 11000/25650 | loss -7.6289 | eta 3.6 min [nsf p1 chunk 2/10]
  batch 12000/25650 | loss -7.6450 | eta 3.4 min [nsf p1 chunk 2/10]
  batch 13000/25650 | loss -7.6660 | eta 3.1 min [nsf p1 chunk 2/10]
  batch 14000/25650 | loss -7.6850 | eta 2.9 min [nsf p1 chunk 2/10]
  batch 15000/25650 | loss -7.7009 | eta 2.6 min [nsf p1 chunk 2/10]
  batch 16000/25650 | loss -7.7198 | eta 2.3 min [nsf p1 chunk 2/10]
  batch 17000/25650 | loss -7.7348 | eta 2.1 min [nsf p1 chunk 2/10]
  batch 18000/25650 | loss -7.7545 | eta 1.8 min [nsf p1 chunk 2/10]
  batch 19000/25650 | loss -7.7734 | eta 1.6 min [nsf p1 chunk 2/10]
  batch 20000/25650 | loss -7.7868 | eta 1.4 min [nsf p1 chunk 2/10]
  batch 21000/25650 | loss -7.8016 | eta 1.1 min [nsf p1 chunk 2/10]
  batch 22000/25650 | loss -7.8139 | eta 0.9 min [nsf p1 chunk 2/10]
  batch 23000/25650 | loss -7.8293 | eta 0.6 min [nsf p1 chunk 2/10]
  batch 24000/25650 | loss -7.8420 | eta 0.4 min [nsf p1 chunk 2/10]
  batch 25000/25650 | loss -7.8562 | eta 0.2 min [nsf p1 chunk 2/10]
[nsf|p1] chunk 2/10 | train -7.8651 | val -8.0960
  saved best (-8.0960) -> /gscratch/ddehiwalage-don/sbi_master/cnn_vmim_/n1_jitter/seed_s4/nle/standard_t/nsf
  batch 1000/25650 | loss -8.2600 | eta 6.1 min [nsf p1 chunk 3/10]
  batch 2000/25650 | loss -8.2327 | eta 6.0 min [nsf p1 chunk 3/10]
  batch 3000/25650 | loss -8.2441 | eta 5.7 min [nsf p1 chunk 3/10]
  batch 4000/25650 | loss -8.2445 | eta 5.5 min [nsf p1 chunk 3/10]
  batch 5000/25650 | loss -8.2494 | eta 5.2 min [nsf p1 chunk 3/10]
  batch 6000/25650 | loss -8.2606 | eta 4.9 min [nsf p1 chunk 3/10]
  batch 7000/25650 | loss -8.2769 | eta 4.7 min [nsf p1 chunk 3/10]
  batch 8000/25650 | loss -8.2838 | eta 4.3 min [nsf p1 chunk 3/10]
  batch 9000/25650 | loss -8.2904 | eta 4.1 min [nsf p1 chunk 3/10]
  batch 10000/25650 | loss -8.3037 | eta 3.8 min [nsf p1 chunk 3/10]
  batch 11000/25650 | loss -8.3125 | eta 3.7 min [nsf p1 chunk 3/10]
  batch 12000/25650 | loss -8.3209 | eta 3.4 min [nsf p1 chunk 3/10]
  batch 13000/25650 | loss -8.3309 | eta 3.2 min [nsf p1 chunk 3/10]
  batch 14000/25650 | loss -8.3382 | eta 2.8 min [nsf p1 chunk 3/10]
  batch 15000/25650 | loss -8.3454 | eta 2.6 min [nsf p1 chunk 3/10]
  batch 16000/25650 | loss -8.3530 | eta 2.4 min [nsf p1 chunk 3/10]
  batch 17000/25650 | loss -8.3589 | eta 2.1 min [nsf p1 chunk 3/10]
  batch 18000/25650 | loss -8.3651 | eta 2.0 min [nsf p1 chunk 3/10]
  batch 19000/25650 | loss -8.3709 | eta 1.6 min [nsf p1 chunk 3/10]
  batch 20000/25650 | loss -8.3772 | eta 2.7 min [nsf p1 chunk 3/10]
  batch 21000/25650 | loss -8.3859 | eta 1.1 min [nsf p1 chunk 3/10]
  batch 22000/25650 | loss -8.3928 | eta 0.9 min [nsf p1 chunk 3/10]
  batch 23000/25650 | loss -8.3974 | eta 0.6 min [nsf p1 chunk 3/10]
  batch 24000/25650 | loss -8.4045 | eta 0.4 min [nsf p1 chunk 3/10]
  batch 25000/25650 | loss -8.4117 | eta 0.2 min [nsf p1 chunk 3/10]
[nsf|p1] chunk 3/10 | train -8.4157 | val -7.8389
  batch 1000/25650 | loss -8.6049 | eta 6.7 min [nsf p1 chunk 4/10]
  batch 2000/25650 | loss -8.6067 | eta 6.2 min [nsf p1 chunk 4/10]
  batch 3000/25650 | loss -8.6229 | eta 5.5 min [nsf p1 chunk 4/10]
  batch 4000/25650 | loss -8.6203 | eta 5.4 min [nsf p1 chunk 4/10]
  batch 5000/25650 | loss -8.6256 | eta 5.1 min [nsf p1 chunk 4/10]
  batch 6000/25650 | loss -8.6335 | eta 4.9 min [nsf p1 chunk 4/10]
  batch 7000/25650 | loss -8.6409 | eta 5.3 min [nsf p1 chunk 4/10]
  batch 8000/25650 | loss -8.6472 | eta 5.5 min [nsf p1 chunk 4/10]
  batch 9000/25650 | loss -8.6449 | eta 4.1 min [nsf p1 chunk 4/10]
  batch 10000/25650 | loss -8.6453 | eta 3.9 min [nsf p1 chunk 4/10]
  batch 11000/25650 | loss -8.6493 | eta 4.8 min [nsf p1 chunk 4/10]
  batch 12000/25650 | loss -8.6523 | eta 3.6 min [nsf p1 chunk 4/10]
  batch 13000/25650 | loss -8.6518 | eta 3.2 min [nsf p1 chunk 4/10]
  batch 14000/25650 | loss -8.6523 | eta 2.9 min [nsf p1 chunk 4/10]
  batch 15000/25650 | loss -8.6550 | eta 3.7 min [nsf p1 chunk 4/10]
  batch 16000/25650 | loss -8.6583 | eta 3.7 min [nsf p1 chunk 4/10]
  batch 17000/25650 | loss -8.6639 | eta 2.2 min [nsf p1 chunk 4/10]
  batch 18000/25650 | loss -8.6673 | eta 1.9 min [nsf p1 chunk 4/10]
  batch 19000/25650 | loss -8.6723 | eta 1.7 min [nsf p1 chunk 4/10]
  batch 20000/25650 | loss -8.6772 | eta 2.1 min [nsf p1 chunk 4/10]
  batch 21000/25650 | loss -8.6813 | eta 1.6 min [nsf p1 chunk 4/10]
  batch 22000/25650 | loss -8.6863 | eta 0.9 min [nsf p1 chunk 4/10]
  batch 23000/25650 | loss -8.6898 | eta 0.7 min [nsf p1 chunk 4/10]
  batch 24000/25650 | loss -8.6941 | eta 0.4 min [nsf p1 chunk 4/10]
  batch 25000/25650 | loss -8.6997 | eta 0.2 min [nsf p1 chunk 4/10]
[nsf|p1] chunk 4/10 | train -8.7024 | val -8.2699
  saved best (-8.2699) -> /gscratch/ddehiwalage-don/sbi_master/cnn_vmim_/n1_jitter/seed_s4/nle/standard_t/nsf
  batch 1000/25650 | loss -8.7828 | eta 21.5 min [nsf p1 chunk 5/10]
  batch 2000/25650 | loss -8.7800 | eta 22.3 min [nsf p1 chunk 5/10]
  batch 3000/25650 | loss -8.8037 | eta 15.8 min [nsf p1 chunk 5/10]
  batch 4000/25650 | loss -8.8201 | eta 7.7 min [nsf p1 chunk 5/10]
  batch 5000/25650 | loss -8.8167 | eta 12.0 min [nsf p1 chunk 5/10]
  batch 6000/25650 | loss -8.8207 | eta 5.9 min [nsf p1 chunk 5/10]
  batch 7000/25650 | loss -8.8269 | eta 6.6 min [nsf p1 chunk 5/10]
  batch 8000/25650 | loss -8.8274 | eta 7.5 min [nsf p1 chunk 5/10]
  batch 9000/25650 | loss -8.8332 | eta 6.2 min [nsf p1 chunk 5/10]
  batch 10000/25650 | loss -8.8341 | eta 5.9 min [nsf p1 chunk 5/10]
  batch 11000/25650 | loss -8.8395 | eta 5.6 min [nsf p1 chunk 5/10]
  batch 12000/25650 | loss -8.8437 | eta 5.0 min [nsf p1 chunk 5/10]
  batch 13000/25650 | loss -8.8441 | eta 4.9 min [nsf p1 chunk 5/10]
  batch 14000/25650 | loss -8.8513 | eta 4.4 min [nsf p1 chunk 5/10]
  batch 15000/25650 | loss -8.8521 | eta 4.0 min [nsf p1 chunk 5/10]
  batch 16000/25650 | loss -8.8556 | eta 3.6 min [nsf p1 chunk 5/10]
  batch 17000/25650 | loss -8.8581 | eta 3.3 min [nsf p1 chunk 5/10]
  batch 18000/25650 | loss -8.8626 | eta 3.7 min [nsf p1 chunk 5/10]
  batch 19000/25650 | loss -8.8657 | eta 2.7 min [nsf p1 chunk 5/10]
  batch 20000/25650 | loss -8.8704 | eta 2.1 min [nsf p1 chunk 5/10]
  batch 21000/25650 | loss -8.8740 | eta 1.7 min [nsf p1 chunk 5/10]
  batch 22000/25650 | loss -8.8765 | eta 1.4 min [nsf p1 chunk 5/10]
  batch 23000/25650 | loss -8.8808 | eta 1.0 min [nsf p1 chunk 5/10]
  batch 24000/25650 | loss -8.8839 | eta 0.6 min [nsf p1 chunk 5/10]
  batch 25000/25650 | loss -8.8868 | eta 0.3 min [nsf p1 chunk 5/10]
[nsf|p1] chunk 5/10 | train -8.8885 | val -8.2833
  saved best (-8.2833) -> /gscratch/ddehiwalage-don/sbi_master/cnn_vmim_/n1_jitter/seed_s4/nle/standard_t/nsf
  batch 1000/25650 | loss -8.9086 | eta 10.2 min [nsf p1 chunk 6/10]
  batch 2000/25650 | loss -8.9583 | eta 10.1 min [nsf p1 chunk 6/10]
  batch 3000/25650 | loss -8.9715 | eta 9.5 min [nsf p1 chunk 6/10]
  batch 4000/25650 | loss -8.9751 | eta 14.8 min [nsf p1 chunk 6/10]
  batch 5000/25650 | loss -8.9780 | eta 8.1 min [nsf p1 chunk 6/10]
  batch 6000/25650 | loss -8.9728 | eta 7.7 min [nsf p1 chunk 6/10]
  batch 7000/25650 | loss -8.9770 | eta 6.8 min [nsf p1 chunk 6/10]
  batch 8000/25650 | loss -8.9802 | eta 8.5 min [nsf p1 chunk 6/10]
  batch 9000/25650 | loss -8.9865 | eta 25.9 min [nsf p1 chunk 6/10]
  batch 10000/25650 | loss -8.9875 | eta 6.4 min [nsf p1 chunk 6/10]
  batch 11000/25650 | loss -8.9919 | eta 5.5 min [nsf p1 chunk 6/10]
  batch 12000/25650 | loss -8.9939 | eta 7.2 min [nsf p1 chunk 6/10]
  batch 13000/25650 | loss -8.9942 | eta 5.1 min [nsf p1 chunk 6/10]
  batch 14000/25650 | loss -8.9969 | eta 4.8 min [nsf p1 chunk 6/10]
  batch 15000/25650 | loss -8.9979 | eta 4.3 min [nsf p1 chunk 6/10]
  batch 16000/25650 | loss -9.0008 | eta 3.7 min [nsf p1 chunk 6/10]
  batch 17000/25650 | loss -9.0030 | eta 3.4 min [nsf p1 chunk 6/10]
  batch 18000/25650 | loss -9.0047 | eta 3.0 min [nsf p1 chunk 6/10]
  batch 19000/25650 | loss -9.0036 | eta 2.6 min [nsf p1 chunk 6/10]
  batch 20000/25650 | loss -9.0084 | eta 2.2 min [nsf p1 chunk 6/10]
  batch 21000/25650 | loss -9.0101 | eta 1.8 min [nsf p1 chunk 6/10]
  batch 22000/25650 | loss -9.0128 | eta 1.5 min [nsf p1 chunk 6/10]
  batch 23000/25650 | loss -9.0145 | eta 1.0 min [nsf p1 chunk 6/10]
  batch 24000/25650 | loss -9.0160 | eta 1.6 min [nsf p1 chunk 6/10]
  batch 25000/25650 | loss -9.0176 | eta 0.2 min [nsf p1 chunk 6/10]
[nsf|p1] chunk 6/10 | train -9.0210 | val -8.3331
  saved best (-8.3331) -> /gscratch/ddehiwalage-don/sbi_master/cnn_vmim_/n1_jitter/seed_s4/nle/standard_t/nsf
  batch 1000/25650 | loss -9.0600 | eta 9.5 min [nsf p1 chunk 7/10]
  batch 2000/25650 | loss -9.0870 | eta 12.7 min [nsf p1 chunk 7/10]
  batch 3000/25650 | loss -9.0889 | eta 9.5 min [nsf p1 chunk 7/10]
  batch 4000/25650 | loss -9.0841 | eta 11.9 min [nsf p1 chunk 7/10]
  batch 5000/25650 | loss -9.0821 | eta 8.0 min [nsf p1 chunk 7/10]
  batch 6000/25650 | loss -9.0838 | eta 7.7 min [nsf p1 chunk 7/10]
  batch 7000/25650 | loss -9.0839 | eta 7.2 min [nsf p1 chunk 7/10]
  batch 8000/25650 | loss -9.0862 | eta 7.2 min [nsf p1 chunk 7/10]
  batch 9000/25650 | loss -9.0868 | eta 6.9 min [nsf p1 chunk 7/10]
  batch 10000/25650 | loss -9.0868 | eta 6.1 min [nsf p1 chunk 7/10]
  batch 11000/25650 | loss -9.0862 | eta 5.8 min [nsf p1 chunk 7/10]
  batch 12000/25650 | loss -9.0920 | eta 5.1 min [nsf p1 chunk 7/10]
  batch 13000/25650 | loss -9.0937 | eta 4.8 min [nsf p1 chunk 7/10]
  batch 14000/25650 | loss -9.0984 | eta 4.4 min [nsf p1 chunk 7/10]
  batch 15000/25650 | loss -9.1003 | eta 4.1 min [nsf p1 chunk 7/10]
  batch 16000/25650 | loss -9.1022 | eta 3.6 min [nsf p1 chunk 7/10]
  batch 17000/25650 | loss -9.1041 | eta 3.5 min [nsf p1 chunk 7/10]
  batch 18000/25650 | loss -9.1057 | eta 3.0 min [nsf p1 chunk 7/10]
  batch 19000/25650 | loss -9.1066 | eta 3.5 min [nsf p1 chunk 7/10]
  batch 20000/25650 | loss -9.1091 | eta 2.6 min [nsf p1 chunk 7/10]
  batch 21000/25650 | loss -9.1118 | eta 2.2 min [nsf p1 chunk 7/10]
  batch 22000/25650 | loss -9.1118 | eta 1.8 min [nsf p1 chunk 7/10]
  batch 23000/25650 | loss -9.1152 | eta 1.3 min [nsf p1 chunk 7/10]
  batch 24000/25650 | loss -9.1174 | eta 0.8 min [nsf p1 chunk 7/10]
  batch 25000/25650 | loss -9.1193 | eta 0.3 min [nsf p1 chunk 7/10]
[nsf|p1] chunk 7/10 | train -9.1198 | val -8.6656
  saved best (-8.6656) -> /gscratch/ddehiwalage-don/sbi_master/cnn_vmim_/n1_jitter/seed_s4/nle/standard_t/nsf
  batch 1000/25650 | loss -9.1256 | eta 10.0 min [nsf p1 chunk 8/10]
  batch 2000/25650 | loss -9.1418 | eta 8.9 min [nsf p1 chunk 8/10]
  batch 3000/25650 | loss -9.1468 | eta 8.5 min [nsf p1 chunk 8/10]
  batch 4000/25650 | loss -9.1541 | eta 18.1 min [nsf p1 chunk 8/10]
  batch 5000/25650 | loss -9.1684 | eta 9.4 min [nsf p1 chunk 8/10]
  batch 6000/25650 | loss -9.1695 | eta 7.8 min [nsf p1 chunk 8/10]
  batch 7000/25650 | loss -9.1771 | eta 7.0 min [nsf p1 chunk 8/10]
  batch 8000/25650 | loss -9.1777 | eta 7.0 min [nsf p1 chunk 8/10]
  batch 9000/25650 | loss -9.1757 | eta 6.3 min [nsf p1 chunk 8/10]
  batch 10000/25650 | loss -9.1812 | eta 5.9 min [nsf p1 chunk 8/10]
  batch 11000/25650 | loss -9.1823 | eta 5.6 min [nsf p1 chunk 8/10]
  batch 12000/25650 | loss -9.1850 | eta 5.3 min [nsf p1 chunk 8/10]
  batch 13000/25650 | loss -9.1890 | eta 4.9 min [nsf p1 chunk 8/10]
  batch 14000/25650 | loss -9.1895 | eta 4.5 min [nsf p1 chunk 8/10]
  batch 15000/25650 | loss -9.1943 | eta 3.9 min [nsf p1 chunk 8/10]
  batch 16000/25650 | loss -9.1938 | eta 3.7 min [nsf p1 chunk 8/10]
  batch 17000/25650 | loss -9.1958 | eta 3.3 min [nsf p1 chunk 8/10]
  batch 18000/25650 | loss -9.1987 | eta 3.3 min [nsf p1 chunk 8/10]
  batch 19000/25650 | loss -9.2022 | eta 2.5 min [nsf p1 chunk 8/10]
  batch 20000/25650 | loss -9.2046 | eta 2.2 min [nsf p1 chunk 8/10]
  batch 21000/25650 | loss -9.2061 | eta 1.8 min [nsf p1 chunk 8/10]
  batch 22000/25650 | loss -9.2083 | eta 1.3 min [nsf p1 chunk 8/10]
  batch 23000/25650 | loss -9.2094 | eta 1.0 min [nsf p1 chunk 8/10]
  batch 24000/25650 | loss -9.2123 | eta 0.6 min [nsf p1 chunk 8/10]
  batch 25000/25650 | loss -9.2139 | eta 0.3 min [nsf p1 chunk 8/10]
[nsf|p1] chunk 8/10 | train -9.2152 | val -8.2226
  batch 1000/25650 | loss -9.1906 | eta 10.3 min [nsf p1 chunk 9/10]
  batch 2000/25650 | loss -9.2305 | eta 11.2 min [nsf p1 chunk 9/10]
  batch 3000/25650 | loss -9.2416 | eta 9.8 min [nsf p1 chunk 9/10]
  batch 4000/25650 | loss -9.2553 | eta 8.3 min [nsf p1 chunk 9/10]
  batch 5000/25650 | loss -9.2547 | eta 8.0 min [nsf p1 chunk 9/10]
  batch 6000/25650 | loss -9.2572 | eta 7.5 min [nsf p1 chunk 9/10]
  batch 7000/25650 | loss -9.2579 | eta 7.1 min [nsf p1 chunk 9/10]
  batch 8000/25650 | loss -9.2649 | eta 6.8 min [nsf p1 chunk 9/10]
  batch 9000/25650 | loss -9.2644 | eta 6.3 min [nsf p1 chunk 9/10]
  batch 10000/25650 | loss -9.2673 | eta 6.1 min [nsf p1 chunk 9/10]
  batch 11000/25650 | loss -9.2687 | eta 5.5 min [nsf p1 chunk 9/10]
  batch 12000/25650 | loss -9.2666 | eta 5.3 min [nsf p1 chunk 9/10]
  batch 13000/25650 | loss -9.2692 | eta 4.9 min [nsf p1 chunk 9/10]
  batch 14000/25650 | loss -9.2723 | eta 4.5 min [nsf p1 chunk 9/10]
  batch 15000/25650 | loss -9.2713 | eta 4.2 min [nsf p1 chunk 9/10]
  batch 16000/25650 | loss -9.2725 | eta 3.6 min [nsf p1 chunk 9/10]
  batch 17000/25650 | loss -9.2710 | eta 3.4 min [nsf p1 chunk 9/10]
  batch 18000/25650 | loss -9.2723 | eta 2.9 min [nsf p1 chunk 9/10]
  batch 19000/25650 | loss -9.2732 | eta 2.6 min [nsf p1 chunk 9/10]
  batch 20000/25650 | loss -9.2760 | eta 2.2 min [nsf p1 chunk 9/10]
  batch 21000/25650 | loss -9.2791 | eta 1.8 min [nsf p1 chunk 9/10]
  batch 22000/25650 | loss -9.2818 | eta 1.4 min [nsf p1 chunk 9/10]
  batch 23000/25650 | loss -9.2831 | eta 1.1 min [nsf p1 chunk 9/10]
  batch 24000/25650 | loss -9.2829 | eta 0.6 min [nsf p1 chunk 9/10]
  batch 25000/25650 | loss -9.2835 | eta 0.3 min [nsf p1 chunk 9/10]
[nsf|p1] chunk 9/10 | train -9.2845 | val -8.6447
  batch 1000/25650 | loss -9.3423 | eta 9.9 min [nsf p1 chunk 10/10]
  batch 2000/25650 | loss -9.3196 | eta 9.3 min [nsf p1 chunk 10/10]
  batch 3000/25650 | loss -9.3230 | eta 9.6 min [nsf p1 chunk 10/10]
  batch 4000/25650 | loss -9.3335 | eta 9.1 min [nsf p1 chunk 10/10]
  batch 5000/25650 | loss -9.3271 | eta 7.4 min [nsf p1 chunk 10/10]
  batch 6000/25650 | loss -9.3267 | eta 8.7 min [nsf p1 chunk 10/10]
  batch 7000/25650 | loss -9.3316 | eta 7.8 min [nsf p1 chunk 10/10]
  batch 8000/25650 | loss -9.3331 | eta 7.7 min [nsf p1 chunk 10/10]
  batch 9000/25650 | loss -9.3362 | eta 7.5 min [nsf p1 chunk 10/10]
  batch 10000/25650 | loss -9.3345 | eta 6.9 min [nsf p1 chunk 10/10]
  batch 11000/25650 | loss -9.3328 | eta 6.6 min [nsf p1 chunk 10/10]
  batch 12000/25650 | loss -9.3326 | eta 6.5 min [nsf p1 chunk 10/10]
  batch 13000/25650 | loss -9.3347 | eta 5.6 min [nsf p1 chunk 10/10]
  batch 14000/25650 | loss -9.3345 | eta 5.1 min [nsf p1 chunk 10/10]
  batch 15000/25650 | loss -9.3370 | eta 4.9 min [nsf p1 chunk 10/10]
  batch 16000/25650 | loss -9.3410 | eta 4.3 min [nsf p1 chunk 10/10]
  batch 17000/25650 | loss -9.3398 | eta 5.5 min [nsf p1 chunk 10/10]
  batch 18000/25650 | loss -9.3414 | eta 3.7 min [nsf p1 chunk 10/10]
  batch 19000/25650 | loss -9.3438 | eta 2.9 min [nsf p1 chunk 10/10]
  batch 20000/25650 | loss -9.3447 | eta 2.5 min [nsf p1 chunk 10/10]
  batch 21000/25650 | loss -9.3464 | eta 2.1 min [nsf p1 chunk 10/10]
  batch 22000/25650 | loss -9.3466 | eta 1.6 min [nsf p1 chunk 10/10]
  batch 23000/25650 | loss -9.3473 | eta 1.2 min [nsf p1 chunk 10/10]
  batch 24000/25650 | loss -9.3485 | eta 0.8 min [nsf p1 chunk 10/10]
  batch 25000/25650 | loss -9.3505 | eta 0.3 min [nsf p1 chunk 10/10]
[nsf|p1] chunk 10/10 | train -9.3507 | val -8.7095
  saved best (-8.7095) -> /gscratch/ddehiwalage-don/sbi_master/cnn_vmim_/n1_jitter/seed_s4/nle/standard_t/nsf
  batch 1000/51300 | loss -10.0131 | eta 22.1 min [nsf p2 chunk 1/5]
  batch 2000/51300 | loss -10.0116 | eta 21.5 min [nsf p2 chunk 1/5]
  batch 3000/51300 | loss -10.0228 | eta 21.2 min [nsf p2 chunk 1/5]
  batch 4000/51300 | loss -10.0300 | eta 28.6 min [nsf p2 chunk 1/5]
  batch 5000/51300 | loss -10.0383 | eta 20.1 min [nsf p2 chunk 1/5]
  batch 6000/51300 | loss -10.0425 | eta 20.6 min [nsf p2 chunk 1/5]
  batch 7000/51300 | loss -10.0466 | eta 19.3 min [nsf p2 chunk 1/5]
  batch 8000/51300 | loss -10.0465 | eta 19.4 min [nsf p2 chunk 1/5]
  batch 9000/51300 | loss -10.0451 | eta 18.2 min [nsf p2 chunk 1/5]
  batch 10000/51300 | loss -10.0426 | eta 18.7 min [nsf p2 chunk 1/5]
  batch 11000/51300 | loss -10.0448 | eta 18.3 min [nsf p2 chunk 1/5]
  batch 12000/51300 | loss -10.0532 | eta 17.0 min [nsf p2 chunk 1/5]
  batch 13000/51300 | loss -10.0560 | eta 16.6 min [nsf p2 chunk 1/5]
  batch 14000/51300 | loss -10.0592 | eta 16.3 min [nsf p2 chunk 1/5]
  batch 15000/51300 | loss -10.0605 | eta 15.6 min [nsf p2 chunk 1/5]
  batch 16000/51300 | loss -10.0616 | eta 17.5 min [nsf p2 chunk 1/5]
  batch 17000/51300 | loss -10.0646 | eta 16.9 min [nsf p2 chunk 1/5]
  batch 18000/51300 | loss -10.0673 | eta 14.5 min [nsf p2 chunk 1/5]
  batch 19000/51300 | loss -10.0680 | eta 21.0 min [nsf p2 chunk 1/5]
  batch 20000/51300 | loss -10.0682 | eta 14.1 min [nsf p2 chunk 1/5]
  batch 21000/51300 | loss -10.0688 | eta 13.1 min [nsf p2 chunk 1/5]
  batch 22000/51300 | loss -10.0700 | eta 12.4 min [nsf p2 chunk 1/5]
  batch 23000/51300 | loss -10.0715 | eta 11.9 min [nsf p2 chunk 1/5]
  batch 24000/51300 | loss -10.0721 | eta 11.7 min [nsf p2 chunk 1/5]
  batch 25000/51300 | loss -10.0737 | eta 11.0 min [nsf p2 chunk 1/5]
  batch 26000/51300 | loss -10.0744 | eta 10.8 min [nsf p2 chunk 1/5]
  batch 27000/51300 | loss -10.0755 | eta 10.4 min [nsf p2 chunk 1/5]
  batch 28000/51300 | loss -10.0752 | eta 10.4 min [nsf p2 chunk 1/5]
  batch 29000/51300 | loss -10.0765 | eta 9.8 min [nsf p2 chunk 1/5]
  batch 30000/51300 | loss -10.0781 | eta 9.4 min [nsf p2 chunk 1/5]
  batch 31000/51300 | loss -10.0796 | eta 8.8 min [nsf p2 chunk 1/5]
  batch 32000/51300 | loss -10.0798 | eta 8.6 min [nsf p2 chunk 1/5]
  batch 33000/51300 | loss -10.0806 | eta 8.0 min [nsf p2 chunk 1/5]
  batch 34000/51300 | loss -10.0816 | eta 7.6 min [nsf p2 chunk 1/5]
  batch 35000/51300 | loss -10.0830 | eta 7.1 min [nsf p2 chunk 1/5]
  batch 36000/51300 | loss -10.0844 | eta 7.2 min [nsf p2 chunk 1/5]
  batch 37000/51300 | loss -10.0853 | eta 6.5 min [nsf p2 chunk 1/5]
  batch 38000/51300 | loss -10.0861 | eta 6.8 min [nsf p2 chunk 1/5]
  batch 39000/51300 | loss -10.0860 | eta 5.4 min [nsf p2 chunk 1/5]
  batch 40000/51300 | loss -10.0871 | eta 5.0 min [nsf p2 chunk 1/5]
  batch 41000/51300 | loss -10.0883 | eta 4.5 min [nsf p2 chunk 1/5]
  batch 42000/51300 | loss -10.0894 | eta 4.1 min [nsf p2 chunk 1/5]
  batch 43000/51300 | loss -10.0893 | eta 4.0 min [nsf p2 chunk 1/5]
  batch 44000/51300 | loss -10.0898 | eta 3.2 min [nsf p2 chunk 1/5]
  batch 45000/51300 | loss -10.0895 | eta 2.8 min [nsf p2 chunk 1/5]
  batch 46000/51300 | loss -10.0899 | eta 2.3 min [nsf p2 chunk 1/5]
  batch 47000/51300 | loss -10.0899 | eta 1.9 min [nsf p2 chunk 1/5]
  batch 48000/51300 | loss -10.0901 | eta 1.4 min [nsf p2 chunk 1/5]
  batch 49000/51300 | loss -10.0908 | eta 1.0 min [nsf p2 chunk 1/5]
  batch 50000/51300 | loss -10.0916 | eta 0.6 min [nsf p2 chunk 1/5]
  batch 51000/51300 | loss -10.0920 | eta 0.1 min [nsf p2 chunk 1/5]
[nsf|p2] chunk 1/5 | train -10.0919 | val -8.9845
  saved best (-8.9845) -> /gscratch/ddehiwalage-don/sbi_master/cnn_vmim_/n1_jitter/seed_s4/nle/standard_t/nsf
  batch 1000/51300 | loss -10.1390 | eta 23.9 min [nsf p2 chunk 2/5]
  batch 2000/51300 | loss -10.1280 | eta 22.1 min [nsf p2 chunk 2/5]
  batch 3000/51300 | loss -10.1203 | eta 23.6 min [nsf p2 chunk 2/5]
  batch 4000/51300 | loss -10.1194 | eta 21.4 min [nsf p2 chunk 2/5]
  batch 5000/51300 | loss -10.1139 | eta 20.3 min [nsf p2 chunk 2/5]
  batch 6000/51300 | loss -10.1163 | eta 20.1 min [nsf p2 chunk 2/5]
  batch 7000/51300 | loss -10.1218 | eta 19.5 min [nsf p2 chunk 2/5]
  batch 8000/51300 | loss -10.1185 | eta 19.7 min [nsf p2 chunk 2/5]
  batch 9000/51300 | loss -10.1188 | eta 18.6 min [nsf p2 chunk 2/5]
  batch 10000/51300 | loss -10.1226 | eta 18.2 min [nsf p2 chunk 2/5]
  batch 11000/51300 | loss -10.1249 | eta 18.4 min [nsf p2 chunk 2/5]
  batch 12000/51300 | loss -10.1251 | eta 17.3 min [nsf p2 chunk 2/5]
  batch 13000/51300 | loss -10.1246 | eta 18.1 min [nsf p2 chunk 2/5]
  batch 14000/51300 | loss -10.1260 | eta 16.3 min [nsf p2 chunk 2/5]
  batch 15000/51300 | loss -10.1284 | eta 15.7 min [nsf p2 chunk 2/5]
  batch 16000/51300 | loss -10.1293 | eta 15.4 min [nsf p2 chunk 2/5]
  batch 17000/51300 | loss -10.1299 | eta 15.2 min [nsf p2 chunk 2/5]
  batch 18000/51300 | loss -10.1308 | eta 14.5 min [nsf p2 chunk 2/5]
  batch 19000/51300 | loss -10.1306 | eta 14.3 min [nsf p2 chunk 2/5]
  batch 20000/51300 | loss -10.1306 | eta 13.6 min [nsf p2 chunk 2/5]
  batch 21000/51300 | loss -10.1310 | eta 13.2 min [nsf p2 chunk 2/5]
  batch 22000/51300 | loss -10.1320 | eta 12.8 min [nsf p2 chunk 2/5]
  batch 23000/51300 | loss -10.1339 | eta 12.3 min [nsf p2 chunk 2/5]
  batch 24000/51300 | loss -10.1346 | eta 12.2 min [nsf p2 chunk 2/5]
  batch 25000/51300 | loss -10.1357 | eta 11.5 min [nsf p2 chunk 2/5]
  batch 26000/51300 | loss -10.1348 | eta 11.3 min [nsf p2 chunk 2/5]
  batch 27000/51300 | loss -10.1347 | eta 10.3 min [nsf p2 chunk 2/5]
  batch 28000/51300 | loss -10.1343 | eta 9.9 min [nsf p2 chunk 2/5]
  batch 29000/51300 | loss -10.1344 | eta 9.7 min [nsf p2 chunk 2/5]
  batch 30000/51300 | loss -10.1355 | eta 9.0 min [nsf p2 chunk 2/5]
  batch 31000/51300 | loss -10.1357 | eta 8.5 min [nsf p2 chunk 2/5]
  batch 32000/51300 | loss -10.1362 | eta 8.1 min [nsf p2 chunk 2/5]
  batch 33000/51300 | loss -10.1360 | eta 7.8 min [nsf p2 chunk 2/5]
  batch 34000/51300 | loss -10.1360 | eta 7.2 min [nsf p2 chunk 2/5]
  batch 35000/51300 | loss -10.1368 | eta 7.2 min [nsf p2 chunk 2/5]
  batch 36000/51300 | loss -10.1360 | eta 6.4 min [nsf p2 chunk 2/5]
  batch 37000/51300 | loss -10.1363 | eta 5.8 min [nsf p2 chunk 2/5]
  batch 38000/51300 | loss -10.1366 | eta 5.5 min [nsf p2 chunk 2/5]
  batch 39000/51300 | loss -10.1366 | eta 5.0 min [nsf p2 chunk 2/5]
  batch 40000/51300 | loss -10.1374 | eta 4.7 min [nsf p2 chunk 2/5]
  batch 41000/51300 | loss -10.1376 | eta 4.3 min [nsf p2 chunk 2/5]
  batch 42000/51300 | loss -10.1377 | eta 3.9 min [nsf p2 chunk 2/5]
  batch 43000/51300 | loss -10.1387 | eta 3.5 min [nsf p2 chunk 2/5]
  batch 44000/51300 | loss -10.1390 | eta 3.0 min [nsf p2 chunk 2/5]
  batch 45000/51300 | loss -10.1388 | eta 2.6 min [nsf p2 chunk 2/5]
  batch 46000/51300 | loss -10.1389 | eta 2.2 min [nsf p2 chunk 2/5]
  batch 47000/51300 | loss -10.1385 | eta 1.7 min [nsf p2 chunk 2/5]
  batch 48000/51300 | loss -10.1392 | eta 2.2 min [nsf p2 chunk 2/5]
  batch 49000/51300 | loss -10.1395 | eta 0.9 min [nsf p2 chunk 2/5]
  batch 50000/51300 | loss -10.1399 | eta 0.5 min [nsf p2 chunk 2/5]
  batch 51000/51300 | loss -10.1405 | eta 0.1 min [nsf p2 chunk 2/5]
[nsf|p2] chunk 2/5 | train -10.1404 | val -9.0026
  saved best (-9.0026) -> /gscratch/ddehiwalage-don/sbi_master/cnn_vmim_/n1_jitter/seed_s4/nle/standard_t/nsf
  batch 1000/51300 | loss -10.1781 | eta 20.3 min [nsf p2 chunk 3/5]
  batch 2000/51300 | loss -10.1598 | eta 21.3 min [nsf p2 chunk 3/5]
  batch 3000/51300 | loss -10.1590 | eta 19.6 min [nsf p2 chunk 3/5]
  batch 4000/51300 | loss -10.1569 | eta 19.9 min [nsf p2 chunk 3/5]
  batch 5000/51300 | loss -10.1585 | eta 19.6 min [nsf p2 chunk 3/5]
  batch 6000/51300 | loss -10.1649 | eta 19.4 min [nsf p2 chunk 3/5]
  batch 7000/51300 | loss -10.1636 | eta 18.1 min [nsf p2 chunk 3/5]
  batch 8000/51300 | loss -10.1626 | eta 22.5 min [nsf p2 chunk 3/5]
  batch 9000/51300 | loss -10.1650 | eta 16.6 min [nsf p2 chunk 3/5]
  batch 10000/51300 | loss -10.1666 | eta 15.6 min [nsf p2 chunk 3/5]
  batch 11000/51300 | loss -10.1626 | eta 15.5 min [nsf p2 chunk 3/5]
  batch 12000/51300 | loss -10.1627 | eta 14.2 min [nsf p2 chunk 3/5]
  batch 13000/51300 | loss -10.1599 | eta 14.5 min [nsf p2 chunk 3/5]
  batch 14000/51300 | loss -10.1605 | eta 13.6 min [nsf p2 chunk 3/5]
  batch 15000/51300 | loss -10.1599 | eta 18.7 min [nsf p2 chunk 3/5]
  batch 16000/51300 | loss -10.1596 | eta 13.6 min [nsf p2 chunk 3/5]
  batch 17000/51300 | loss -10.1607 | eta 17.4 min [nsf p2 chunk 3/5]
  batch 18000/51300 | loss -10.1613 | eta 11.4 min [nsf p2 chunk 3/5]
  batch 19000/51300 | loss -10.1639 | eta 11.0 min [nsf p2 chunk 3/5]
  batch 20000/51300 | loss -10.1620 | eta 10.6 min [nsf p2 chunk 3/5]
  batch 21000/51300 | loss -10.1607 | eta 14.0 min [nsf p2 chunk 3/5]
  batch 22000/51300 | loss -10.1621 | eta 10.7 min [nsf p2 chunk 3/5]
  batch 23000/51300 | loss -10.1611 | eta 10.0 min [nsf p2 chunk 3/5]
  batch 24000/51300 | loss -10.1603 | eta 9.7 min [nsf p2 chunk 3/5]
  batch 25000/51300 | loss -10.1608 | eta 9.3 min [nsf p2 chunk 3/5]
  batch 26000/51300 | loss -10.1597 | eta 10.6 min [nsf p2 chunk 3/5]
  batch 27000/51300 | loss -10.1610 | eta 8.5 min [nsf p2 chunk 3/5]
  batch 28000/51300 | loss -10.1614 | eta 18.9 min [nsf p2 chunk 3/5]
  batch 29000/51300 | loss -10.1623 | eta 7.3 min [nsf p2 chunk 3/5]
  batch 30000/51300 | loss -10.1633 | eta 9.5 min [nsf p2 chunk 3/5]
  batch 31000/51300 | loss -10.1635 | eta 6.9 min [nsf p2 chunk 3/5]
  batch 32000/51300 | loss -10.1632 | eta 7.0 min [nsf p2 chunk 3/5]
  batch 33000/51300 | loss -10.1629 | eta 6.3 min [nsf p2 chunk 3/5]
  batch 34000/51300 | loss -10.1617 | eta 6.2 min [nsf p2 chunk 3/5]
  batch 35000/51300 | loss -10.1620 | eta 6.1 min [nsf p2 chunk 3/5]
  batch 36000/51300 | loss -10.1621 | eta 5.7 min [nsf p2 chunk 3/5]
  batch 37000/51300 | loss -10.1617 | eta 5.6 min [nsf p2 chunk 3/5]
  batch 38000/51300 | loss -10.1628 | eta 4.6 min [nsf p2 chunk 3/5]
  batch 39000/51300 | loss -10.1635 | eta 4.9 min [nsf p2 chunk 3/5]
  batch 40000/51300 | loss -10.1639 | eta 4.0 min [nsf p2 chunk 3/5]
  batch 41000/51300 | loss -10.1644 | eta 3.6 min [nsf p2 chunk 3/5]
  batch 42000/51300 | loss -10.1656 | eta 3.4 min [nsf p2 chunk 3/5]
  batch 43000/51300 | loss -10.1657 | eta 3.2 min [nsf p2 chunk 3/5]
  batch 44000/51300 | loss -10.1664 | eta 2.5 min [nsf p2 chunk 3/5]
  batch 45000/51300 | loss -10.1672 | eta 2.4 min [nsf p2 chunk 3/5]
  batch 46000/51300 | loss -10.1681 | eta 1.9 min [nsf p2 chunk 3/5]
  batch 47000/51300 | loss -10.1682 | eta 1.6 min [nsf p2 chunk 3/5]
  batch 48000/51300 | loss -10.1686 | eta 1.2 min [nsf p2 chunk 3/5]
  batch 49000/51300 | loss -10.1684 | eta 0.9 min [nsf p2 chunk 3/5]
  batch 50000/51300 | loss -10.1690 | eta 0.5 min [nsf p2 chunk 3/5]
  batch 51000/51300 | loss -10.1693 | eta 0.1 min [nsf p2 chunk 3/5]
[nsf|p2] chunk 3/5 | train -10.1696 | val -9.0115
  saved best (-9.0115) -> /gscratch/ddehiwalage-don/sbi_master/cnn_vmim_/n1_jitter/seed_s4/nle/standard_t/nsf
  batch 1000/51300 | loss -10.2050 | eta 22.9 min [nsf p2 chunk 4/5]
  batch 2000/51300 | loss -10.1780 | eta 20.0 min [nsf p2 chunk 4/5]
  batch 3000/51300 | loss -10.1780 | eta 18.2 min [nsf p2 chunk 4/5]
  batch 4000/51300 | loss -10.1854 | eta 17.4 min [nsf p2 chunk 4/5]
  batch 5000/51300 | loss -10.1859 | eta 15.3 min [nsf p2 chunk 4/5]
  batch 6000/51300 | loss -10.1834 | eta 14.7 min [nsf p2 chunk 4/5]
  batch 7000/51300 | loss -10.1817 | eta 14.2 min [nsf p2 chunk 4/5]
  batch 8000/51300 | loss -10.1819 | eta 14.6 min [nsf p2 chunk 4/5]
  batch 9000/51300 | loss -10.1823 | eta 12.7 min [nsf p2 chunk 4/5]
  batch 10000/51300 | loss -10.1779 | eta 11.7 min [nsf p2 chunk 4/5]
  batch 11000/51300 | loss -10.1775 | eta 11.3 min [nsf p2 chunk 4/5]
  batch 12000/51300 | loss -10.1775 | eta 11.0 min [nsf p2 chunk 4/5]
  batch 13000/51300 | loss -10.1808 | eta 12.7 min [nsf p2 chunk 4/5]
  batch 14000/51300 | loss -10.1791 | eta 10.3 min [nsf p2 chunk 4/5]
  batch 15000/51300 | loss -10.1816 | eta 12.2 min [nsf p2 chunk 4/5]
  batch 16000/51300 | loss -10.1814 | eta 9.9 min [nsf p2 chunk 4/5]
  batch 17000/51300 | loss -10.1827 | eta 9.7 min [nsf p2 chunk 4/5]
  batch 18000/51300 | loss -10.1828 | eta 9.3 min [nsf p2 chunk 4/5]
  batch 19000/51300 | loss -10.1841 | eta 9.0 min [nsf p2 chunk 4/5]
  batch 20000/51300 | loss -10.1841 | eta 10.2 min [nsf p2 chunk 4/5]
  batch 21000/51300 | loss -10.1836 | eta 8.6 min [nsf p2 chunk 4/5]
  batch 22000/51300 | loss -10.1845 | eta 8.2 min [nsf p2 chunk 4/5]
  batch 23000/51300 | loss -10.1824 | eta 7.9 min [nsf p2 chunk 4/5]
  batch 24000/51300 | loss -10.1827 | eta 7.6 min [nsf p2 chunk 4/5]
  batch 25000/51300 | loss -10.1824 | eta 7.2 min [nsf p2 chunk 4/5]
  batch 26000/51300 | loss -10.1823 | eta 7.0 min [nsf p2 chunk 4/5]
  batch 27000/51300 | loss -10.1819 | eta 15.6 min [nsf p2 chunk 4/5]
  batch 28000/51300 | loss -10.1823 | eta 6.5 min [nsf p2 chunk 4/5]
  batch 29000/51300 | loss -10.1811 | eta 6.3 min [nsf p2 chunk 4/5]
  batch 30000/51300 | loss -10.1819 | eta 5.9 min [nsf p2 chunk 4/5]
  batch 31000/51300 | loss -10.1830 | eta 5.7 min [nsf p2 chunk 4/5]
  batch 32000/51300 | loss -10.1833 | eta 5.5 min [nsf p2 chunk 4/5]
  batch 33000/51300 | loss -10.1840 | eta 5.2 min [nsf p2 chunk 4/5]
  batch 34000/51300 | loss -10.1834 | eta 4.8 min [nsf p2 chunk 4/5]
  batch 35000/51300 | loss -10.1838 | eta 5.2 min [nsf p2 chunk 4/5]
  batch 36000/51300 | loss -10.1833 | eta 4.7 min [nsf p2 chunk 4/5]
  batch 37000/51300 | loss -10.1844 | eta 4.1 min [nsf p2 chunk 4/5]
  batch 38000/51300 | loss -10.1843 | eta 4.0 min [nsf p2 chunk 4/5]
  batch 39000/51300 | loss -10.1842 | eta 3.6 min [nsf p2 chunk 4/5]
  batch 40000/51300 | loss -10.1843 | eta 3.5 min [nsf p2 chunk 4/5]
  batch 41000/51300 | loss -10.1852 | eta 3.2 min [nsf p2 chunk 4/5]
  batch 42000/51300 | loss -10.1852 | eta 2.9 min [nsf p2 chunk 4/5]
  batch 43000/51300 | loss -10.1852 | eta 2.6 min [nsf p2 chunk 4/5]
  batch 44000/51300 | loss -10.1850 | eta 2.4 min [nsf p2 chunk 4/5]
  batch 45000/51300 | loss -10.1854 | eta 2.1 min [nsf p2 chunk 4/5]
  batch 46000/51300 | loss -10.1862 | eta 1.9 min [nsf p2 chunk 4/5]
  batch 47000/51300 | loss -10.1863 | eta 1.4 min [nsf p2 chunk 4/5]
  batch 48000/51300 | loss -10.1868 | eta 1.1 min [nsf p2 chunk 4/5]
  batch 49000/51300 | loss -10.1876 | eta 0.8 min [nsf p2 chunk 4/5]
  batch 50000/51300 | loss -10.1877 | eta 0.4 min [nsf p2 chunk 4/5]
  batch 51000/51300 | loss -10.1877 | eta 0.1 min [nsf p2 chunk 4/5]
[nsf|p2] chunk 4/5 | train -10.1878 | val -8.9900
  batch 1000/51300 | loss -10.2197 | eta 21.4 min [nsf p2 chunk 5/5]
  batch 2000/51300 | loss -10.1960 | eta 19.9 min [nsf p2 chunk 5/5]
  batch 3000/51300 | loss -10.1947 | eta 19.6 min [nsf p2 chunk 5/5]
  batch 4000/51300 | loss -10.2057 | eta 20.4 min [nsf p2 chunk 5/5]
  batch 5000/51300 | loss -10.2069 | eta 17.9 min [nsf p2 chunk 5/5]
  batch 6000/51300 | loss -10.2089 | eta 17.4 min [nsf p2 chunk 5/5]
  batch 7000/51300 | loss -10.2072 | eta 17.9 min [nsf p2 chunk 5/5]
  batch 8000/51300 | loss -10.2029 | eta 18.7 min [nsf p2 chunk 5/5]
  batch 9000/51300 | loss -10.2000 | eta 18.5 min [nsf p2 chunk 5/5]
  batch 10000/51300 | loss -10.2008 | eta 17.7 min [nsf p2 chunk 5/5]
  batch 11000/51300 | loss -10.2027 | eta 16.9 min [nsf p2 chunk 5/5]
  batch 12000/51300 | loss -10.2019 | eta 15.8 min [nsf p2 chunk 5/5]
  batch 13000/51300 | loss -10.2038 | eta 16.6 min [nsf p2 chunk 5/5]
  batch 14000/51300 | loss -10.2056 | eta 15.1 min [nsf p2 chunk 5/5]
  batch 15000/51300 | loss -10.2048 | eta 14.9 min [nsf p2 chunk 5/5]
  batch 16000/51300 | loss -10.2025 | eta 14.4 min [nsf p2 chunk 5/5]
  batch 17000/51300 | loss -10.2032 | eta 13.8 min [nsf p2 chunk 5/5]
  batch 18000/51300 | loss -10.2037 | eta 11.9 min [nsf p2 chunk 5/5]
  batch 19000/51300 | loss -10.2027 | eta 12.4 min [nsf p2 chunk 5/5]
  batch 20000/51300 | loss -10.2025 | eta 12.7 min [nsf p2 chunk 5/5]
  batch 21000/51300 | loss -10.2018 | eta 10.9 min [nsf p2 chunk 5/5]
  batch 22000/51300 | loss -10.2007 | eta 10.9 min [nsf p2 chunk 5/5]
  batch 23000/51300 | loss -10.2028 | eta 10.7 min [nsf p2 chunk 5/5]
  batch 24000/51300 | loss -10.2021 | eta 10.2 min [nsf p2 chunk 5/5]
  batch 25000/51300 | loss -10.2006 | eta 10.3 min [nsf p2 chunk 5/5]
  batch 26000/51300 | loss -10.2001 | eta 9.4 min [nsf p2 chunk 5/5]
  batch 27000/51300 | loss -10.1997 | eta 9.0 min [nsf p2 chunk 5/5]
  batch 28000/51300 | loss -10.1998 | eta 8.9 min [nsf p2 chunk 5/5]
  batch 29000/51300 | loss -10.1985 | eta 8.5 min [nsf p2 chunk 5/5]
  batch 30000/51300 | loss -10.1998 | eta 8.2 min [nsf p2 chunk 5/5]
  batch 31000/51300 | loss -10.2007 | eta 7.5 min [nsf p2 chunk 5/5]
  batch 32000/51300 | loss -10.2015 | eta 7.3 min [nsf p2 chunk 5/5]
  batch 33000/51300 | loss -10.2018 | eta 6.8 min [nsf p2 chunk 5/5]
  batch 34000/51300 | loss -10.2004 | eta 6.5 min [nsf p2 chunk 5/5]
  batch 35000/51300 | loss -10.2003 | eta 6.1 min [nsf p2 chunk 5/5]
  batch 36000/51300 | loss -10.2007 | eta 5.9 min [nsf p2 chunk 5/5]
  batch 37000/51300 | loss -10.2006 | eta 5.5 min [nsf p2 chunk 5/5]
  batch 38000/51300 | loss -10.2002 | eta 5.0 min [nsf p2 chunk 5/5]
  batch 39000/51300 | loss -10.2008 | eta 4.8 min [nsf p2 chunk 5/5]
  batch 40000/51300 | loss -10.2010 | eta 4.4 min [nsf p2 chunk 5/5]
  batch 41000/51300 | loss -10.2011 | eta 4.0 min [nsf p2 chunk 5/5]
  batch 42000/51300 | loss -10.2012 | eta 3.5 min [nsf p2 chunk 5/5]
  batch 43000/51300 | loss -10.2016 | eta 3.1 min [nsf p2 chunk 5/5]
  batch 44000/51300 | loss -10.2014 | eta 2.7 min [nsf p2 chunk 5/5]
  batch 45000/51300 | loss -10.2022 | eta 2.4 min [nsf p2 chunk 5/5]
  batch 46000/51300 | loss -10.2027 | eta 2.1 min [nsf p2 chunk 5/5]
  batch 47000/51300 | loss -10.2028 | eta 1.6 min [nsf p2 chunk 5/5]
  batch 48000/51300 | loss -10.2028 | eta 1.2 min [nsf p2 chunk 5/5]
  batch 49000/51300 | loss -10.2023 | eta 0.9 min [nsf p2 chunk 5/5]
  batch 50000/51300 | loss -10.2031 | eta 0.5 min [nsf p2 chunk 5/5]
  batch 51000/51300 | loss -10.2034 | eta 0.1 min [nsf p2 chunk 5/5]
[nsf|p2] chunk 5/5 | train -10.2032 | val -8.9373
[nsf] done. best val NLL -9.0115

===== summary [standard_t] (best val NLL) =====
  nsf     -9.0115
