[seed] global seed=42 deterministic=True
Stage2 arm=cnn_vmim_/n1_jitter/seed_s1 families=['nsf'] rows=9,120,000 t_dim=4 n_params=4 device=cpu split_seed=42 init_seed=42 seed_subdir=False
[t-scaling] STANDARDIZED: per-dim mean/std removed. outputs -> {arm}/nle/standard_t/<model>/

===== NLE family 'nsf' -> /gscratch/ddehiwalage-don/sbi_master/cnn_vmim_/n1_jitter/seed_s1/nle/standard_t/nsf =====
  batch 1000/25650 | loss -0.0273 | eta 10.8 min [nsf p1 chunk 1/10]
  batch 2000/25650 | loss -1.2986 | eta 9.3 min [nsf p1 chunk 1/10]
  batch 3000/25650 | loss -2.0406 | eta 8.5 min [nsf p1 chunk 1/10]
  batch 4000/25650 | loss -2.5214 | eta 8.4 min [nsf p1 chunk 1/10]
  batch 5000/25650 | loss -2.9035 | eta 7.6 min [nsf p1 chunk 1/10]
  batch 6000/25650 | loss -3.2124 | eta 7.2 min [nsf p1 chunk 1/10]
  batch 7000/25650 | loss -3.4680 | eta 7.1 min [nsf p1 chunk 1/10]
  batch 8000/25650 | loss -3.6889 | eta 6.8 min [nsf p1 chunk 1/10]
  batch 9000/25650 | loss -3.8740 | eta 6.4 min [nsf p1 chunk 1/10]
  batch 10000/25650 | loss -4.0433 | eta 5.9 min [nsf p1 chunk 1/10]
  batch 11000/25650 | loss -4.2042 | eta 5.5 min [nsf p1 chunk 1/10]
  batch 12000/25650 | loss -4.3555 | eta 5.0 min [nsf p1 chunk 1/10]
  batch 13000/25650 | loss -4.4916 | eta 4.8 min [nsf p1 chunk 1/10]
  batch 14000/25650 | loss -4.6157 | eta 4.5 min [nsf p1 chunk 1/10]
  batch 15000/25650 | loss -4.7381 | eta 4.2 min [nsf p1 chunk 1/10]
  batch 16000/25650 | loss -4.8505 | eta 3.6 min [nsf p1 chunk 1/10]
  batch 17000/25650 | loss -4.9564 | eta 3.3 min [nsf p1 chunk 1/10]
  batch 18000/25650 | loss -5.0565 | eta 3.0 min [nsf p1 chunk 1/10]
  batch 19000/25650 | loss -5.1509 | eta 2.6 min [nsf p1 chunk 1/10]
  batch 20000/25650 | loss -5.2426 | eta 2.2 min [nsf p1 chunk 1/10]
  batch 21000/25650 | loss -5.3306 | eta 1.7 min [nsf p1 chunk 1/10]
  batch 22000/25650 | loss -5.4165 | eta 1.4 min [nsf p1 chunk 1/10]
  batch 23000/25650 | loss -5.4983 | eta 1.0 min [nsf p1 chunk 1/10]
  batch 24000/25650 | loss -5.5772 | eta 0.6 min [nsf p1 chunk 1/10]
  batch 25000/25650 | loss -5.6510 | eta 0.2 min [nsf p1 chunk 1/10]
[nsf|p1] chunk 1/10 | train -5.6977 | val -6.9112
  saved best (-6.9112) -> /gscratch/ddehiwalage-don/sbi_master/cnn_vmim_/n1_jitter/seed_s1/nle/standard_t/nsf
  batch 1000/25650 | loss -7.5719 | eta 11.6 min [nsf p1 chunk 2/10]
  batch 2000/25650 | loss -7.5926 | eta 8.9 min [nsf p1 chunk 2/10]
  batch 3000/25650 | loss -7.6191 | eta 9.6 min [nsf p1 chunk 2/10]
  batch 4000/25650 | loss -7.6435 | eta 8.6 min [nsf p1 chunk 2/10]
  batch 5000/25650 | loss -7.6736 | eta 7.8 min [nsf p1 chunk 2/10]
  batch 6000/25650 | loss -7.7024 | eta 7.6 min [nsf p1 chunk 2/10]
  batch 7000/25650 | loss -7.7202 | eta 7.9 min [nsf p1 chunk 2/10]
  batch 8000/25650 | loss -7.7446 | eta 7.1 min [nsf p1 chunk 2/10]
  batch 9000/25650 | loss -7.7666 | eta 6.6 min [nsf p1 chunk 2/10]
  batch 10000/25650 | loss -7.7884 | eta 5.9 min [nsf p1 chunk 2/10]
  batch 11000/25650 | loss -7.8047 | eta 6.7 min [nsf p1 chunk 2/10]
  batch 12000/25650 | loss -7.8203 | eta 6.2 min [nsf p1 chunk 2/10]
  batch 13000/25650 | loss -7.8409 | eta 5.0 min [nsf p1 chunk 2/10]
  batch 14000/25650 | loss -7.8561 | eta 5.2 min [nsf p1 chunk 2/10]
  batch 15000/25650 | loss -7.8730 | eta 4.5 min [nsf p1 chunk 2/10]
  batch 16000/25650 | loss -7.8912 | eta 3.8 min [nsf p1 chunk 2/10]
  batch 17000/25650 | loss -7.9053 | eta 3.3 min [nsf p1 chunk 2/10]
  batch 18000/25650 | loss -7.9221 | eta 2.9 min [nsf p1 chunk 2/10]
  batch 19000/25650 | loss -7.9375 | eta 2.8 min [nsf p1 chunk 2/10]
  batch 20000/25650 | loss -7.9531 | eta 2.4 min [nsf p1 chunk 2/10]
  batch 21000/25650 | loss -7.9687 | eta 3.1 min [nsf p1 chunk 2/10]
  batch 22000/25650 | loss -7.9833 | eta 1.7 min [nsf p1 chunk 2/10]
  batch 23000/25650 | loss -7.9966 | eta 1.1 min [nsf p1 chunk 2/10]
  batch 24000/25650 | loss -8.0086 | eta 0.7 min [nsf p1 chunk 2/10]
  batch 25000/25650 | loss -8.0200 | eta 0.4 min [nsf p1 chunk 2/10]
[nsf|p1] chunk 2/10 | train -8.0287 | val -7.8981
  saved best (-7.8981) -> /gscratch/ddehiwalage-don/sbi_master/cnn_vmim_/n1_jitter/seed_s1/nle/standard_t/nsf
  batch 1000/25650 | loss -8.4031 | eta 14.1 min [nsf p1 chunk 3/10]
  batch 2000/25650 | loss -8.3667 | eta 10.6 min [nsf p1 chunk 3/10]
  batch 3000/25650 | loss -8.3879 | eta 10.0 min [nsf p1 chunk 3/10]
  batch 4000/25650 | loss -8.3908 | eta 9.5 min [nsf p1 chunk 3/10]
  batch 5000/25650 | loss -8.3962 | eta 9.0 min [nsf p1 chunk 3/10]
  batch 6000/25650 | loss -8.4002 | eta 8.5 min [nsf p1 chunk 3/10]
  batch 7000/25650 | loss -8.4092 | eta 8.0 min [nsf p1 chunk 3/10]
  batch 8000/25650 | loss -8.4150 | eta 8.5 min [nsf p1 chunk 3/10]
  batch 9000/25650 | loss -8.4190 | eta 9.1 min [nsf p1 chunk 3/10]
  batch 10000/25650 | loss -8.4271 | eta 7.0 min [nsf p1 chunk 3/10]
  batch 11000/25650 | loss -8.4333 | eta 10.6 min [nsf p1 chunk 3/10]
  batch 12000/25650 | loss -8.4395 | eta 6.5 min [nsf p1 chunk 3/10]
  batch 13000/25650 | loss -8.4458 | eta 5.4 min [nsf p1 chunk 3/10]
  batch 14000/25650 | loss -8.4558 | eta 5.1 min [nsf p1 chunk 3/10]
  batch 15000/25650 | loss -8.4639 | eta 5.3 min [nsf p1 chunk 3/10]
  batch 16000/25650 | loss -8.4733 | eta 4.1 min [nsf p1 chunk 3/10]
  batch 17000/25650 | loss -8.4795 | eta 10.5 min [nsf p1 chunk 3/10]
  batch 18000/25650 | loss -8.4863 | eta 3.5 min [nsf p1 chunk 3/10]
  batch 19000/25650 | loss -8.4906 | eta 7.7 min [nsf p1 chunk 3/10]
  batch 20000/25650 | loss -8.4943 | eta 2.3 min [nsf p1 chunk 3/10]
  batch 21000/25650 | loss -8.5029 | eta 2.0 min [nsf p1 chunk 3/10]
  batch 22000/25650 | loss -8.5096 | eta 1.5 min [nsf p1 chunk 3/10]
  batch 23000/25650 | loss -8.5170 | eta 1.9 min [nsf p1 chunk 3/10]
  batch 24000/25650 | loss -8.5237 | eta 1.0 min [nsf p1 chunk 3/10]
  batch 25000/25650 | loss -8.5295 | eta 0.4 min [nsf p1 chunk 3/10]
[nsf|p1] chunk 3/10 | train -8.5327 | val -7.6685
  batch 1000/25650 | loss -8.7160 | eta 18.4 min [nsf p1 chunk 4/10]
  batch 2000/25650 | loss -8.6876 | eta 11.0 min [nsf p1 chunk 4/10]
  batch 3000/25650 | loss -8.6887 | eta 10.8 min [nsf p1 chunk 4/10]
  batch 4000/25650 | loss -8.6982 | eta 9.0 min [nsf p1 chunk 4/10]
  batch 5000/25650 | loss -8.7109 | eta 8.1 min [nsf p1 chunk 4/10]
  batch 6000/25650 | loss -8.7204 | eta 8.3 min [nsf p1 chunk 4/10]
  batch 7000/25650 | loss -8.7341 | eta 8.0 min [nsf p1 chunk 4/10]
  batch 8000/25650 | loss -8.7441 | eta 8.1 min [nsf p1 chunk 4/10]
  batch 9000/25650 | loss -8.7463 | eta 7.2 min [nsf p1 chunk 4/10]
  batch 10000/25650 | loss -8.7471 | eta 8.2 min [nsf p1 chunk 4/10]
  batch 11000/25650 | loss -8.7537 | eta 7.4 min [nsf p1 chunk 4/10]
  batch 12000/25650 | loss -8.7615 | eta 8.0 min [nsf p1 chunk 4/10]
  batch 13000/25650 | loss -8.7614 | eta 5.7 min [nsf p1 chunk 4/10]
  batch 14000/25650 | loss -8.7631 | eta 5.0 min [nsf p1 chunk 4/10]
  batch 15000/25650 | loss -8.7670 | eta 4.6 min [nsf p1 chunk 4/10]
  batch 16000/25650 | loss -8.7722 | eta 4.1 min [nsf p1 chunk 4/10]
  batch 17000/25650 | loss -8.7775 | eta 3.8 min [nsf p1 chunk 4/10]
  batch 18000/25650 | loss -8.7816 | eta 3.5 min [nsf p1 chunk 4/10]
  batch 19000/25650 | loss -8.7850 | eta 3.0 min [nsf p1 chunk 4/10]
  batch 20000/25650 | loss -8.7867 | eta 2.8 min [nsf p1 chunk 4/10]
  batch 21000/25650 | loss -8.7920 | eta 2.0 min [nsf p1 chunk 4/10]
  batch 22000/25650 | loss -8.7977 | eta 1.6 min [nsf p1 chunk 4/10]
  batch 23000/25650 | loss -8.8025 | eta 1.1 min [nsf p1 chunk 4/10]
  batch 24000/25650 | loss -8.8072 | eta 0.7 min [nsf p1 chunk 4/10]
  batch 25000/25650 | loss -8.8107 | eta 0.3 min [nsf p1 chunk 4/10]
[nsf|p1] chunk 4/10 | train -8.8134 | val -7.9564
  saved best (-7.9564) -> /gscratch/ddehiwalage-don/sbi_master/cnn_vmim_/n1_jitter/seed_s1/nle/standard_t/nsf
  batch 1000/25650 | loss -8.9306 | eta 11.0 min [nsf p1 chunk 5/10]
  batch 2000/25650 | loss -8.9209 | eta 10.4 min [nsf p1 chunk 5/10]
  batch 3000/25650 | loss -8.9253 | eta 10.1 min [nsf p1 chunk 5/10]
  batch 4000/25650 | loss -8.9289 | eta 9.8 min [nsf p1 chunk 5/10]
  batch 5000/25650 | loss -8.9392 | eta 8.9 min [nsf p1 chunk 5/10]
  batch 6000/25650 | loss -8.9407 | eta 9.5 min [nsf p1 chunk 5/10]
  batch 7000/25650 | loss -8.9428 | eta 11.6 min [nsf p1 chunk 5/10]
  batch 8000/25650 | loss -8.9401 | eta 7.9 min [nsf p1 chunk 5/10]
  batch 9000/25650 | loss -8.9435 | eta 7.3 min [nsf p1 chunk 5/10]
  batch 10000/25650 | loss -8.9462 | eta 6.4 min [nsf p1 chunk 5/10]
  batch 11000/25650 | loss -8.9528 | eta 7.8 min [nsf p1 chunk 5/10]
  batch 12000/25650 | loss -8.9554 | eta 8.5 min [nsf p1 chunk 5/10]
  batch 13000/25650 | loss -8.9569 | eta 6.4 min [nsf p1 chunk 5/10]
  batch 14000/25650 | loss -8.9652 | eta 5.0 min [nsf p1 chunk 5/10]
  batch 15000/25650 | loss -8.9657 | eta 8.4 min [nsf p1 chunk 5/10]
  batch 16000/25650 | loss -8.9703 | eta 5.3 min [nsf p1 chunk 5/10]
  batch 17000/25650 | loss -8.9751 | eta 3.9 min [nsf p1 chunk 5/10]
  batch 18000/25650 | loss -8.9791 | eta 3.3 min [nsf p1 chunk 5/10]
  batch 19000/25650 | loss -8.9798 | eta 3.0 min [nsf p1 chunk 5/10]
  batch 20000/25650 | loss -8.9841 | eta 2.5 min [nsf p1 chunk 5/10]
  batch 21000/25650 | loss -8.9873 | eta 2.0 min [nsf p1 chunk 5/10]
  batch 22000/25650 | loss -8.9893 | eta 1.6 min [nsf p1 chunk 5/10]
  batch 23000/25650 | loss -8.9933 | eta 1.2 min [nsf p1 chunk 5/10]
  batch 24000/25650 | loss -8.9966 | eta 0.7 min [nsf p1 chunk 5/10]
  batch 25000/25650 | loss -8.9985 | eta 0.3 min [nsf p1 chunk 5/10]
[nsf|p1] chunk 5/10 | train -9.0024 | val -8.3878
  saved best (-8.3878) -> /gscratch/ddehiwalage-don/sbi_master/cnn_vmim_/n1_jitter/seed_s1/nle/standard_t/nsf
  batch 1000/25650 | loss -9.1097 | eta 11.8 min [nsf p1 chunk 6/10]
  batch 2000/25650 | loss -9.1029 | eta 10.9 min [nsf p1 chunk 6/10]
  batch 3000/25650 | loss -9.0880 | eta 14.5 min [nsf p1 chunk 6/10]
  batch 4000/25650 | loss -9.0857 | eta 11.9 min [nsf p1 chunk 6/10]
  batch 5000/25650 | loss -9.0840 | eta 9.8 min [nsf p1 chunk 6/10]
  batch 6000/25650 | loss -9.0823 | eta 8.8 min [nsf p1 chunk 6/10]
  batch 7000/25650 | loss -9.0831 | eta 8.1 min [nsf p1 chunk 6/10]
  batch 8000/25650 | loss -9.0954 | eta 7.7 min [nsf p1 chunk 6/10]
  batch 9000/25650 | loss -9.0950 | eta 7.6 min [nsf p1 chunk 6/10]
  batch 10000/25650 | loss -9.1006 | eta 6.9 min [nsf p1 chunk 6/10]
  batch 11000/25650 | loss -9.1066 | eta 6.4 min [nsf p1 chunk 6/10]
  batch 12000/25650 | loss -9.1113 | eta 8.4 min [nsf p1 chunk 6/10]
  batch 13000/25650 | loss -9.1143 | eta 5.7 min [nsf p1 chunk 6/10]
  batch 14000/25650 | loss -9.1151 | eta 5.1 min [nsf p1 chunk 6/10]
  batch 15000/25650 | loss -9.1156 | eta 4.6 min [nsf p1 chunk 6/10]
  batch 16000/25650 | loss -9.1172 | eta 4.2 min [nsf p1 chunk 6/10]
  batch 17000/25650 | loss -9.1223 | eta 3.9 min [nsf p1 chunk 6/10]
  batch 18000/25650 | loss -9.1262 | eta 3.3 min [nsf p1 chunk 6/10]
  batch 19000/25650 | loss -9.1271 | eta 2.8 min [nsf p1 chunk 6/10]
  batch 20000/25650 | loss -9.1315 | eta 2.6 min [nsf p1 chunk 6/10]
  batch 21000/25650 | loss -9.1335 | eta 2.0 min [nsf p1 chunk 6/10]
  batch 22000/25650 | loss -9.1372 | eta 1.6 min [nsf p1 chunk 6/10]
  batch 23000/25650 | loss -9.1406 | eta 1.2 min [nsf p1 chunk 6/10]
  batch 24000/25650 | loss -9.1437 | eta 0.7 min [nsf p1 chunk 6/10]
  batch 25000/25650 | loss -9.1437 | eta 0.3 min [nsf p1 chunk 6/10]
[nsf|p1] chunk 6/10 | train -9.1446 | val -8.4730
  saved best (-8.4730) -> /gscratch/ddehiwalage-don/sbi_master/cnn_vmim_/n1_jitter/seed_s1/nle/standard_t/nsf
  batch 1000/25650 | loss -9.1793 | eta 11.1 min [nsf p1 chunk 7/10]
  batch 2000/25650 | loss -9.2054 | eta 10.6 min [nsf p1 chunk 7/10]
  batch 3000/25650 | loss -9.2202 | eta 9.7 min [nsf p1 chunk 7/10]
  batch 4000/25650 | loss -9.2120 | eta 10.2 min [nsf p1 chunk 7/10]
  batch 5000/25650 | loss -9.2091 | eta 9.1 min [nsf p1 chunk 7/10]
  batch 6000/25650 | loss -9.2188 | eta 8.6 min [nsf p1 chunk 7/10]
  batch 7000/25650 | loss -9.2155 | eta 8.1 min [nsf p1 chunk 7/10]
  batch 8000/25650 | loss -9.2154 | eta 7.6 min [nsf p1 chunk 7/10]
  batch 9000/25650 | loss -9.2151 | eta 7.3 min [nsf p1 chunk 7/10]
  batch 10000/25650 | loss -9.2140 | eta 6.7 min [nsf p1 chunk 7/10]
  batch 11000/25650 | loss -9.2151 | eta 6.4 min [nsf p1 chunk 7/10]
  batch 12000/25650 | loss -9.2170 | eta 5.9 min [nsf p1 chunk 7/10]
  batch 13000/25650 | loss -9.2185 | eta 5.5 min [nsf p1 chunk 7/10]
  batch 14000/25650 | loss -9.2221 | eta 5.2 min [nsf p1 chunk 7/10]
  batch 15000/25650 | loss -9.2236 | eta 4.6 min [nsf p1 chunk 7/10]
  batch 16000/25650 | loss -9.2242 | eta 4.3 min [nsf p1 chunk 7/10]
  batch 17000/25650 | loss -9.2273 | eta 3.7 min [nsf p1 chunk 7/10]
  batch 18000/25650 | loss -9.2299 | eta 3.5 min [nsf p1 chunk 7/10]
  batch 19000/25650 | loss -9.2315 | eta 2.9 min [nsf p1 chunk 7/10]
  batch 20000/25650 | loss -9.2332 | eta 2.4 min [nsf p1 chunk 7/10]
  batch 21000/25650 | loss -9.2362 | eta 2.0 min [nsf p1 chunk 7/10]
  batch 22000/25650 | loss -9.2376 | eta 1.6 min [nsf p1 chunk 7/10]
  batch 23000/25650 | loss -9.2401 | eta 1.2 min [nsf p1 chunk 7/10]
  batch 24000/25650 | loss -9.2441 | eta 0.7 min [nsf p1 chunk 7/10]
  batch 25000/25650 | loss -9.2452 | eta 0.3 min [nsf p1 chunk 7/10]
[nsf|p1] chunk 7/10 | train -9.2454 | val -8.7401
  saved best (-8.7401) -> /gscratch/ddehiwalage-don/sbi_master/cnn_vmim_/n1_jitter/seed_s1/nle/standard_t/nsf
  batch 1000/25650 | loss -9.3021 | eta 11.5 min [nsf p1 chunk 8/10]
  batch 2000/25650 | loss -9.3189 | eta 10.2 min [nsf p1 chunk 8/10]
  batch 3000/25650 | loss -9.2996 | eta 10.2 min [nsf p1 chunk 8/10]
  batch 4000/25650 | loss -9.3026 | eta 9.4 min [nsf p1 chunk 8/10]
  batch 5000/25650 | loss -9.3136 | eta 8.6 min [nsf p1 chunk 8/10]
  batch 6000/25650 | loss -9.3149 | eta 8.5 min [nsf p1 chunk 8/10]
  batch 7000/25650 | loss -9.3257 | eta 7.7 min [nsf p1 chunk 8/10]
  batch 8000/25650 | loss -9.3272 | eta 7.1 min [nsf p1 chunk 8/10]
  batch 9000/25650 | loss -9.3254 | eta 6.6 min [nsf p1 chunk 8/10]
  batch 10000/25650 | loss -9.3293 | eta 5.7 min [nsf p1 chunk 8/10]
  batch 11000/25650 | loss -9.3298 | eta 5.9 min [nsf p1 chunk 8/10]
  batch 12000/25650 | loss -9.3315 | eta 5.1 min [nsf p1 chunk 8/10]
  batch 13000/25650 | loss -9.3339 | eta 4.6 min [nsf p1 chunk 8/10]
  batch 14000/25650 | loss -9.3327 | eta 3.9 min [nsf p1 chunk 8/10]
  batch 15000/25650 | loss -9.3332 | eta 4.0 min [nsf p1 chunk 8/10]
  batch 16000/25650 | loss -9.3320 | eta 3.6 min [nsf p1 chunk 8/10]
  batch 17000/25650 | loss -9.3315 | eta 2.9 min [nsf p1 chunk 8/10]
  batch 18000/25650 | loss -9.3322 | eta 2.6 min [nsf p1 chunk 8/10]
  batch 19000/25650 | loss -9.3336 | eta 2.2 min [nsf p1 chunk 8/10]
  batch 20000/25650 | loss -9.3361 | eta 1.8 min [nsf p1 chunk 8/10]
  batch 21000/25650 | loss -9.3363 | eta 1.5 min [nsf p1 chunk 8/10]
  batch 22000/25650 | loss -9.3387 | eta 1.2 min [nsf p1 chunk 8/10]
  batch 23000/25650 | loss -9.3382 | eta 0.9 min [nsf p1 chunk 8/10]
  batch 24000/25650 | loss -9.3399 | eta 0.6 min [nsf p1 chunk 8/10]
  batch 25000/25650 | loss -9.3415 | eta 0.2 min [nsf p1 chunk 8/10]
[nsf|p1] chunk 8/10 | train -9.3425 | val -8.6146
  batch 1000/25650 | loss -9.3227 | eta 10.2 min [nsf p1 chunk 9/10]
  batch 2000/25650 | loss -9.3373 | eta 9.4 min [nsf p1 chunk 9/10]
  batch 3000/25650 | loss -9.3619 | eta 7.9 min [nsf p1 chunk 9/10]
  batch 4000/25650 | loss -9.3713 | eta 7.3 min [nsf p1 chunk 9/10]
  batch 5000/25650 | loss -9.3767 | eta 7.0 min [nsf p1 chunk 9/10]
  batch 6000/25650 | loss -9.3802 | eta 5.8 min [nsf p1 chunk 9/10]
  batch 7000/25650 | loss -9.3797 | eta 6.1 min [nsf p1 chunk 9/10]
  batch 8000/25650 | loss -9.3798 | eta 5.3 min [nsf p1 chunk 9/10]
  batch 9000/25650 | loss -9.3755 | eta 5.1 min [nsf p1 chunk 9/10]
  batch 10000/25650 | loss -9.3763 | eta 4.8 min [nsf p1 chunk 9/10]
  batch 11000/25650 | loss -9.3817 | eta 5.6 min [nsf p1 chunk 9/10]
  batch 12000/25650 | loss -9.3821 | eta 4.3 min [nsf p1 chunk 9/10]
  batch 13000/25650 | loss -9.3852 | eta 4.2 min [nsf p1 chunk 9/10]
  batch 14000/25650 | loss -9.3867 | eta 13.1 min [nsf p1 chunk 9/10]
  batch 15000/25650 | loss -9.3852 | eta 4.0 min [nsf p1 chunk 9/10]
  batch 16000/25650 | loss -9.3872 | eta 4.0 min [nsf p1 chunk 9/10]
  batch 17000/25650 | loss -9.3855 | eta 3.6 min [nsf p1 chunk 9/10]
  batch 18000/25650 | loss -9.3879 | eta 3.1 min [nsf p1 chunk 9/10]
  batch 19000/25650 | loss -9.3886 | eta 2.8 min [nsf p1 chunk 9/10]
  batch 20000/25650 | loss -9.3931 | eta 2.3 min [nsf p1 chunk 9/10]
  batch 21000/25650 | loss -9.3940 | eta 1.9 min [nsf p1 chunk 9/10]
  batch 22000/25650 | loss -9.3974 | eta 1.5 min [nsf p1 chunk 9/10]
  batch 23000/25650 | loss -9.3985 | eta 1.1 min [nsf p1 chunk 9/10]
  batch 24000/25650 | loss -9.3980 | eta 0.7 min [nsf p1 chunk 9/10]
  batch 25000/25650 | loss -9.3985 | eta 0.3 min [nsf p1 chunk 9/10]
[nsf|p1] chunk 9/10 | train -9.4007 | val -8.7066
  batch 1000/25650 | loss -9.4730 | eta 10.2 min [nsf p1 chunk 10/10]
  batch 2000/25650 | loss -9.4466 | eta 9.9 min [nsf p1 chunk 10/10]
  batch 3000/25650 | loss -9.4477 | eta 9.1 min [nsf p1 chunk 10/10]
  batch 4000/25650 | loss -9.4422 | eta 9.0 min [nsf p1 chunk 10/10]
  batch 5000/25650 | loss -9.4355 | eta 8.6 min [nsf p1 chunk 10/10]
  batch 6000/25650 | loss -9.4361 | eta 8.1 min [nsf p1 chunk 10/10]
  batch 7000/25650 | loss -9.4458 | eta 7.8 min [nsf p1 chunk 10/10]
  batch 8000/25650 | loss -9.4444 | eta 7.1 min [nsf p1 chunk 10/10]
  batch 9000/25650 | loss -9.4446 | eta 6.9 min [nsf p1 chunk 10/10]
  batch 10000/25650 | loss -9.4452 | eta 6.4 min [nsf p1 chunk 10/10]
  batch 11000/25650 | loss -9.4498 | eta 6.7 min [nsf p1 chunk 10/10]
  batch 12000/25650 | loss -9.4475 | eta 5.7 min [nsf p1 chunk 10/10]
  batch 13000/25650 | loss -9.4482 | eta 6.7 min [nsf p1 chunk 10/10]
  batch 14000/25650 | loss -9.4519 | eta 7.8 min [nsf p1 chunk 10/10]
  batch 15000/25650 | loss -9.4532 | eta 4.4 min [nsf p1 chunk 10/10]
  batch 16000/25650 | loss -9.4573 | eta 4.0 min [nsf p1 chunk 10/10]
  batch 17000/25650 | loss -9.4574 | eta 3.6 min [nsf p1 chunk 10/10]
  batch 18000/25650 | loss -9.4595 | eta 3.2 min [nsf p1 chunk 10/10]
  batch 19000/25650 | loss -9.4617 | eta 2.7 min [nsf p1 chunk 10/10]
  batch 20000/25650 | loss -9.4645 | eta 2.3 min [nsf p1 chunk 10/10]
  batch 21000/25650 | loss -9.4668 | eta 2.1 min [nsf p1 chunk 10/10]
  batch 22000/25650 | loss -9.4663 | eta 1.5 min [nsf p1 chunk 10/10]
  batch 23000/25650 | loss -9.4677 | eta 1.1 min [nsf p1 chunk 10/10]
  batch 24000/25650 | loss -9.4692 | eta 0.7 min [nsf p1 chunk 10/10]
  batch 25000/25650 | loss -9.4705 | eta 0.3 min [nsf p1 chunk 10/10]
[nsf|p1] chunk 10/10 | train -9.4697 | val -8.9131
  saved best (-8.9131) -> /gscratch/ddehiwalage-don/sbi_master/cnn_vmim_/n1_jitter/seed_s1/nle/standard_t/nsf
  batch 1000/51300 | loss -10.1268 | eta 22.7 min [nsf p2 chunk 1/5]
  batch 2000/51300 | loss -10.1242 | eta 25.0 min [nsf p2 chunk 1/5]
  batch 3000/51300 | loss -10.1380 | eta 19.7 min [nsf p2 chunk 1/5]
  batch 4000/51300 | loss -10.1454 | eta 21.9 min [nsf p2 chunk 1/5]
  batch 5000/51300 | loss -10.1530 | eta 17.6 min [nsf p2 chunk 1/5]
  batch 6000/51300 | loss -10.1581 | eta 17.5 min [nsf p2 chunk 1/5]
  batch 7000/51300 | loss -10.1616 | eta 17.5 min [nsf p2 chunk 1/5]
  batch 8000/51300 | loss -10.1639 | eta 17.7 min [nsf p2 chunk 1/5]
  batch 9000/51300 | loss -10.1632 | eta 17.8 min [nsf p2 chunk 1/5]
  batch 10000/51300 | loss -10.1624 | eta 26.4 min [nsf p2 chunk 1/5]
  batch 11000/51300 | loss -10.1658 | eta 18.3 min [nsf p2 chunk 1/5]
  batch 12000/51300 | loss -10.1727 | eta 12.9 min [nsf p2 chunk 1/5]
  batch 13000/51300 | loss -10.1764 | eta 13.7 min [nsf p2 chunk 1/5]
  batch 14000/51300 | loss -10.1797 | eta 12.3 min [nsf p2 chunk 1/5]
  batch 15000/51300 | loss -10.1819 | eta 12.0 min [nsf p2 chunk 1/5]
  batch 16000/51300 | loss -10.1842 | eta 11.8 min [nsf p2 chunk 1/5]
  batch 17000/51300 | loss -10.1878 | eta 12.7 min [nsf p2 chunk 1/5]
  batch 18000/51300 | loss -10.1891 | eta 11.7 min [nsf p2 chunk 1/5]
  batch 19000/51300 | loss -10.1910 | eta 10.9 min [nsf p2 chunk 1/5]
  batch 20000/51300 | loss -10.1912 | eta 10.8 min [nsf p2 chunk 1/5]
  batch 21000/51300 | loss -10.1915 | eta 10.1 min [nsf p2 chunk 1/5]
  batch 22000/51300 | loss -10.1927 | eta 9.0 min [nsf p2 chunk 1/5]
  batch 23000/51300 | loss -10.1946 | eta 9.6 min [nsf p2 chunk 1/5]
  batch 24000/51300 | loss -10.1957 | eta 9.0 min [nsf p2 chunk 1/5]
  batch 25000/51300 | loss -10.1971 | eta 8.9 min [nsf p2 chunk 1/5]
  batch 26000/51300 | loss -10.1976 | eta 8.3 min [nsf p2 chunk 1/5]
  batch 27000/51300 | loss -10.1984 | eta 8.1 min [nsf p2 chunk 1/5]
  batch 28000/51300 | loss -10.1984 | eta 10.6 min [nsf p2 chunk 1/5]
  batch 29000/51300 | loss -10.1993 | eta 8.0 min [nsf p2 chunk 1/5]
  batch 30000/51300 | loss -10.2012 | eta 6.5 min [nsf p2 chunk 1/5]
  batch 31000/51300 | loss -10.2026 | eta 5.7 min [nsf p2 chunk 1/5]
  batch 32000/51300 | loss -10.2027 | eta 5.8 min [nsf p2 chunk 1/5]
  batch 33000/51300 | loss -10.2033 | eta 5.9 min [nsf p2 chunk 1/5]
  batch 34000/51300 | loss -10.2044 | eta 5.3 min [nsf p2 chunk 1/5]
  batch 35000/51300 | loss -10.2053 | eta 4.8 min [nsf p2 chunk 1/5]
  batch 36000/51300 | loss -10.2069 | eta 4.5 min [nsf p2 chunk 1/5]
  batch 37000/51300 | loss -10.2074 | eta 4.5 min [nsf p2 chunk 1/5]
  batch 38000/51300 | loss -10.2081 | eta 3.8 min [nsf p2 chunk 1/5]
  batch 39000/51300 | loss -10.2082 | eta 3.7 min [nsf p2 chunk 1/5]
  batch 40000/51300 | loss -10.2099 | eta 3.7 min [nsf p2 chunk 1/5]
  batch 41000/51300 | loss -10.2113 | eta 2.9 min [nsf p2 chunk 1/5]
  batch 42000/51300 | loss -10.2122 | eta 2.8 min [nsf p2 chunk 1/5]
  batch 43000/51300 | loss -10.2122 | eta 2.7 min [nsf p2 chunk 1/5]
  batch 44000/51300 | loss -10.2125 | eta 2.2 min [nsf p2 chunk 1/5]
  batch 45000/51300 | loss -10.2123 | eta 1.8 min [nsf p2 chunk 1/5]
  batch 46000/51300 | loss -10.2124 | eta 1.7 min [nsf p2 chunk 1/5]
  batch 47000/51300 | loss -10.2129 | eta 1.5 min [nsf p2 chunk 1/5]
  batch 48000/51300 | loss -10.2134 | eta 1.1 min [nsf p2 chunk 1/5]
  batch 49000/51300 | loss -10.2144 | eta 0.7 min [nsf p2 chunk 1/5]
  batch 50000/51300 | loss -10.2149 | eta 0.4 min [nsf p2 chunk 1/5]
  batch 51000/51300 | loss -10.2151 | eta 0.1 min [nsf p2 chunk 1/5]
[nsf|p2] chunk 1/5 | train -10.2153 | val -9.2218
  saved best (-9.2218) -> /gscratch/ddehiwalage-don/sbi_master/cnn_vmim_/n1_jitter/seed_s1/nle/standard_t/nsf
  batch 1000/51300 | loss -10.2594 | eta 19.1 min [nsf p2 chunk 2/5]
  batch 2000/51300 | loss -10.2535 | eta 15.5 min [nsf p2 chunk 2/5]
  batch 3000/51300 | loss -10.2394 | eta 15.5 min [nsf p2 chunk 2/5]
  batch 4000/51300 | loss -10.2389 | eta 18.1 min [nsf p2 chunk 2/5]
  batch 5000/51300 | loss -10.2355 | eta 16.4 min [nsf p2 chunk 2/5]
  batch 6000/51300 | loss -10.2397 | eta 15.3 min [nsf p2 chunk 2/5]
  batch 7000/51300 | loss -10.2422 | eta 14.0 min [nsf p2 chunk 2/5]
  batch 8000/51300 | loss -10.2387 | eta 15.9 min [nsf p2 chunk 2/5]
  batch 9000/51300 | loss -10.2414 | eta 22.9 min [nsf p2 chunk 2/5]
  batch 10000/51300 | loss -10.2447 | eta 16.4 min [nsf p2 chunk 2/5]
  batch 11000/51300 | loss -10.2472 | eta 18.6 min [nsf p2 chunk 2/5]
  batch 12000/51300 | loss -10.2485 | eta 14.7 min [nsf p2 chunk 2/5]
  batch 13000/51300 | loss -10.2478 | eta 19.0 min [nsf p2 chunk 2/5]
  batch 14000/51300 | loss -10.2484 | eta 11.7 min [nsf p2 chunk 2/5]
  batch 15000/51300 | loss -10.2503 | eta 12.6 min [nsf p2 chunk 2/5]
  batch 16000/51300 | loss -10.2508 | eta 13.9 min [nsf p2 chunk 2/5]
  batch 17000/51300 | loss -10.2516 | eta 18.1 min [nsf p2 chunk 2/5]
  batch 18000/51300 | loss -10.2517 | eta 18.0 min [nsf p2 chunk 2/5]
  batch 19000/51300 | loss -10.2514 | eta 13.1 min [nsf p2 chunk 2/5]
  batch 20000/51300 | loss -10.2507 | eta 12.7 min [nsf p2 chunk 2/5]
  batch 21000/51300 | loss -10.2516 | eta 9.2 min [nsf p2 chunk 2/5]
  batch 22000/51300 | loss -10.2528 | eta 14.6 min [nsf p2 chunk 2/5]
  batch 23000/51300 | loss -10.2542 | eta 8.0 min [nsf p2 chunk 2/5]
  batch 24000/51300 | loss -10.2544 | eta 7.2 min [nsf p2 chunk 2/5]
  batch 25000/51300 | loss -10.2560 | eta 6.9 min [nsf p2 chunk 2/5]
  batch 26000/51300 | loss -10.2555 | eta 6.7 min [nsf p2 chunk 2/5]
  batch 27000/51300 | loss -10.2551 | eta 6.4 min [nsf p2 chunk 2/5]
  batch 28000/51300 | loss -10.2554 | eta 6.1 min [nsf p2 chunk 2/5]
  batch 29000/51300 | loss -10.2556 | eta 8.4 min [nsf p2 chunk 2/5]
  batch 30000/51300 | loss -10.2568 | eta 7.2 min [nsf p2 chunk 2/5]
  batch 31000/51300 | loss -10.2572 | eta 8.9 min [nsf p2 chunk 2/5]
  batch 32000/51300 | loss -10.2578 | eta 9.9 min [nsf p2 chunk 2/5]
  batch 33000/51300 | loss -10.2574 | eta 6.8 min [nsf p2 chunk 2/5]
  batch 34000/51300 | loss -10.2576 | eta 6.3 min [nsf p2 chunk 2/5]
  batch 35000/51300 | loss -10.2580 | eta 4.8 min [nsf p2 chunk 2/5]
  batch 36000/51300 | loss -10.2579 | eta 4.2 min [nsf p2 chunk 2/5]
  batch 37000/51300 | loss -10.2584 | eta 3.8 min [nsf p2 chunk 2/5]
  batch 38000/51300 | loss -10.2587 | eta 3.4 min [nsf p2 chunk 2/5]
  batch 39000/51300 | loss -10.2581 | eta 4.0 min [nsf p2 chunk 2/5]
  batch 40000/51300 | loss -10.2592 | eta 6.2 min [nsf p2 chunk 2/5]
  batch 41000/51300 | loss -10.2599 | eta 4.7 min [nsf p2 chunk 2/5]
  batch 42000/51300 | loss -10.2604 | eta 3.2 min [nsf p2 chunk 2/5]
  batch 43000/51300 | loss -10.2615 | eta 2.3 min [nsf p2 chunk 2/5]
  batch 44000/51300 | loss -10.2616 | eta 2.0 min [nsf p2 chunk 2/5]
  batch 45000/51300 | loss -10.2617 | eta 1.7 min [nsf p2 chunk 2/5]
  batch 46000/51300 | loss -10.2624 | eta 1.4 min [nsf p2 chunk 2/5]
  batch 47000/51300 | loss -10.2621 | eta 1.5 min [nsf p2 chunk 2/5]
  batch 48000/51300 | loss -10.2623 | eta 1.2 min [nsf p2 chunk 2/5]
  batch 49000/51300 | loss -10.2627 | eta 1.0 min [nsf p2 chunk 2/5]
  batch 50000/51300 | loss -10.2629 | eta 0.6 min [nsf p2 chunk 2/5]
  batch 51000/51300 | loss -10.2634 | eta 0.1 min [nsf p2 chunk 2/5]
[nsf|p2] chunk 2/5 | train -10.2634 | val -9.0498
  batch 1000/51300 | loss -10.2951 | eta 15.0 min [nsf p2 chunk 3/5]
  batch 2000/51300 | loss -10.2720 | eta 12.5 min [nsf p2 chunk 3/5]
  batch 3000/51300 | loss -10.2795 | eta 12.3 min [nsf p2 chunk 3/5]
  batch 4000/51300 | loss -10.2773 | eta 11.8 min [nsf p2 chunk 3/5]
  batch 5000/51300 | loss -10.2751 | eta 11.7 min [nsf p2 chunk 3/5]
  batch 6000/51300 | loss -10.2823 | eta 11.4 min [nsf p2 chunk 3/5]
  batch 7000/51300 | loss -10.2805 | eta 11.0 min [nsf p2 chunk 3/5]
  batch 8000/51300 | loss -10.2823 | eta 10.8 min [nsf p2 chunk 3/5]
  batch 9000/51300 | loss -10.2835 | eta 10.5 min [nsf p2 chunk 3/5]
  batch 10000/51300 | loss -10.2838 | eta 10.1 min [nsf p2 chunk 3/5]
  batch 11000/51300 | loss -10.2798 | eta 10.0 min [nsf p2 chunk 3/5]
  batch 12000/51300 | loss -10.2790 | eta 9.8 min [nsf p2 chunk 3/5]
  batch 13000/51300 | loss -10.2777 | eta 9.3 min [nsf p2 chunk 3/5]
  batch 14000/51300 | loss -10.2785 | eta 9.2 min [nsf p2 chunk 3/5]
  batch 15000/51300 | loss -10.2792 | eta 8.9 min [nsf p2 chunk 3/5]
  batch 16000/51300 | loss -10.2795 | eta 8.9 min [nsf p2 chunk 3/5]
  batch 17000/51300 | loss -10.2811 | eta 8.7 min [nsf p2 chunk 3/5]
  batch 18000/51300 | loss -10.2819 | eta 8.3 min [nsf p2 chunk 3/5]
  batch 19000/51300 | loss -10.2845 | eta 7.9 min [nsf p2 chunk 3/5]
  batch 20000/51300 | loss -10.2828 | eta 7.6 min [nsf p2 chunk 3/5]
  batch 21000/51300 | loss -10.2823 | eta 12.4 min [nsf p2 chunk 3/5]
  batch 22000/51300 | loss -10.2833 | eta 7.1 min [nsf p2 chunk 3/5]
  batch 23000/51300 | loss -10.2832 | eta 6.9 min [nsf p2 chunk 3/5]
  batch 24000/51300 | loss -10.2835 | eta 6.7 min [nsf p2 chunk 3/5]
  batch 25000/51300 | loss -10.2844 | eta 6.4 min [nsf p2 chunk 3/5]
  batch 26000/51300 | loss -10.2837 | eta 6.3 min [nsf p2 chunk 3/5]
  batch 27000/51300 | loss -10.2849 | eta 5.9 min [nsf p2 chunk 3/5]
  batch 28000/51300 | loss -10.2854 | eta 5.7 min [nsf p2 chunk 3/5]
  batch 29000/51300 | loss -10.2856 | eta 6.1 min [nsf p2 chunk 3/5]
  batch 30000/51300 | loss -10.2863 | eta 5.3 min [nsf p2 chunk 3/5]
  batch 31000/51300 | loss -10.2864 | eta 4.9 min [nsf p2 chunk 3/5]
  batch 32000/51300 | loss -10.2858 | eta 4.8 min [nsf p2 chunk 3/5]
  batch 33000/51300 | loss -10.2857 | eta 5.0 min [nsf p2 chunk 3/5]
  batch 34000/51300 | loss -10.2848 | eta 4.3 min [nsf p2 chunk 3/5]
  batch 35000/51300 | loss -10.2855 | eta 4.0 min [nsf p2 chunk 3/5]
  batch 36000/51300 | loss -10.2858 | eta 3.8 min [nsf p2 chunk 3/5]
  batch 37000/51300 | loss -10.2852 | eta 3.5 min [nsf p2 chunk 3/5]
  batch 38000/51300 | loss -10.2860 | eta 3.3 min [nsf p2 chunk 3/5]
  batch 39000/51300 | loss -10.2871 | eta 3.1 min [nsf p2 chunk 3/5]
  batch 40000/51300 | loss -10.2878 | eta 2.8 min [nsf p2 chunk 3/5]
  batch 41000/51300 | loss -10.2882 | eta 2.6 min [nsf p2 chunk 3/5]
  batch 42000/51300 | loss -10.2893 | eta 2.4 min [nsf p2 chunk 3/5]
  batch 43000/51300 | loss -10.2896 | eta 2.1 min [nsf p2 chunk 3/5]
  batch 44000/51300 | loss -10.2902 | eta 1.9 min [nsf p2 chunk 3/5]
  batch 45000/51300 | loss -10.2910 | eta 2.3 min [nsf p2 chunk 3/5]
  batch 46000/51300 | loss -10.2919 | eta 1.4 min [nsf p2 chunk 3/5]
  batch 47000/51300 | loss -10.2921 | eta 1.1 min [nsf p2 chunk 3/5]
  batch 48000/51300 | loss -10.2930 | eta 0.8 min [nsf p2 chunk 3/5]
  batch 49000/51300 | loss -10.2927 | eta 0.6 min [nsf p2 chunk 3/5]
  batch 50000/51300 | loss -10.2931 | eta 0.3 min [nsf p2 chunk 3/5]
  batch 51000/51300 | loss -10.2931 | eta 0.1 min [nsf p2 chunk 3/5]
[nsf|p2] chunk 3/5 | train -10.2933 | val -9.2027
  batch 1000/51300 | loss -10.3350 | eta 12.5 min [nsf p2 chunk 4/5]
  batch 2000/51300 | loss -10.3031 | eta 11.9 min [nsf p2 chunk 4/5]
  batch 3000/51300 | loss -10.2985 | eta 11.8 min [nsf p2 chunk 4/5]
  batch 4000/51300 | loss -10.3054 | eta 11.5 min [nsf p2 chunk 4/5]
  batch 5000/51300 | loss -10.3106 | eta 11.4 min [nsf p2 chunk 4/5]
  batch 6000/51300 | loss -10.3058 | eta 11.4 min [nsf p2 chunk 4/5]
  batch 7000/51300 | loss -10.3047 | eta 10.9 min [nsf p2 chunk 4/5]
  batch 8000/51300 | loss -10.3052 | eta 10.7 min [nsf p2 chunk 4/5]
  batch 9000/51300 | loss -10.3051 | eta 10.2 min [nsf p2 chunk 4/5]
  batch 10000/51300 | loss -10.3010 | eta 10.1 min [nsf p2 chunk 4/5]
  batch 11000/51300 | loss -10.3018 | eta 10.0 min [nsf p2 chunk 4/5]
  batch 12000/51300 | loss -10.3034 | eta 9.8 min [nsf p2 chunk 4/5]
  batch 13000/51300 | loss -10.3053 | eta 9.7 min [nsf p2 chunk 4/5]
  batch 14000/51300 | loss -10.3043 | eta 9.5 min [nsf p2 chunk 4/5]
  batch 15000/51300 | loss -10.3055 | eta 8.8 min [nsf p2 chunk 4/5]
  batch 16000/51300 | loss -10.3039 | eta 9.0 min [nsf p2 chunk 4/5]
  batch 17000/51300 | loss -10.3045 | eta 8.5 min [nsf p2 chunk 4/5]
  batch 18000/51300 | loss -10.3054 | eta 8.1 min [nsf p2 chunk 4/5]
  batch 19000/51300 | loss -10.3069 | eta 7.9 min [nsf p2 chunk 4/5]
  batch 20000/51300 | loss -10.3062 | eta 7.6 min [nsf p2 chunk 4/5]
  batch 21000/51300 | loss -10.3059 | eta 7.6 min [nsf p2 chunk 4/5]
  batch 22000/51300 | loss -10.3071 | eta 7.3 min [nsf p2 chunk 4/5]
  batch 23000/51300 | loss -10.3060 | eta 7.0 min [nsf p2 chunk 4/5]
  batch 24000/51300 | loss -10.3052 | eta 6.7 min [nsf p2 chunk 4/5]
  batch 25000/51300 | loss -10.3059 | eta 6.4 min [nsf p2 chunk 4/5]
  batch 26000/51300 | loss -10.3057 | eta 6.3 min [nsf p2 chunk 4/5]
  batch 27000/51300 | loss -10.3055 | eta 5.9 min [nsf p2 chunk 4/5]
  batch 28000/51300 | loss -10.3069 | eta 5.8 min [nsf p2 chunk 4/5]
  batch 29000/51300 | loss -10.3049 | eta 5.6 min [nsf p2 chunk 4/5]
  batch 30000/51300 | loss -10.3053 | eta 5.3 min [nsf p2 chunk 4/5]
  batch 31000/51300 | loss -10.3059 | eta 5.0 min [nsf p2 chunk 4/5]
  batch 32000/51300 | loss -10.3061 | eta 4.7 min [nsf p2 chunk 4/5]
  batch 33000/51300 | loss -10.3071 | eta 4.5 min [nsf p2 chunk 4/5]
  batch 34000/51300 | loss -10.3064 | eta 4.2 min [nsf p2 chunk 4/5]
  batch 35000/51300 | loss -10.3068 | eta 4.0 min [nsf p2 chunk 4/5]
  batch 36000/51300 | loss -10.3066 | eta 3.8 min [nsf p2 chunk 4/5]
  batch 37000/51300 | loss -10.3074 | eta 3.5 min [nsf p2 chunk 4/5]
  batch 38000/51300 | loss -10.3073 | eta 3.2 min [nsf p2 chunk 4/5]
  batch 39000/51300 | loss -10.3069 | eta 3.1 min [nsf p2 chunk 4/5]
  batch 40000/51300 | loss -10.3066 | eta 2.8 min [nsf p2 chunk 4/5]
  batch 41000/51300 | loss -10.3074 | eta 2.5 min [nsf p2 chunk 4/5]
  batch 42000/51300 | loss -10.3077 | eta 2.3 min [nsf p2 chunk 4/5]
  batch 43000/51300 | loss -10.3078 | eta 2.1 min [nsf p2 chunk 4/5]
  batch 44000/51300 | loss -10.3081 | eta 1.8 min [nsf p2 chunk 4/5]
  batch 45000/51300 | loss -10.3085 | eta 1.6 min [nsf p2 chunk 4/5]
  batch 46000/51300 | loss -10.3093 | eta 1.3 min [nsf p2 chunk 4/5]
  batch 47000/51300 | loss -10.3095 | eta 1.1 min [nsf p2 chunk 4/5]
  batch 48000/51300 | loss -10.3104 | eta 0.8 min [nsf p2 chunk 4/5]
  batch 49000/51300 | loss -10.3113 | eta 0.6 min [nsf p2 chunk 4/5]
  batch 50000/51300 | loss -10.3115 | eta 0.3 min [nsf p2 chunk 4/5]
  batch 51000/51300 | loss -10.3113 | eta 0.1 min [nsf p2 chunk 4/5]
[nsf|p2] chunk 4/5 | train -10.3112 | val -9.1728
  batch 1000/51300 | loss -10.3336 | eta 14.0 min [nsf p2 chunk 5/5]
  batch 2000/51300 | loss -10.3293 | eta 12.1 min [nsf p2 chunk 5/5]
  batch 3000/51300 | loss -10.3208 | eta 11.7 min [nsf p2 chunk 5/5]
  batch 4000/51300 | loss -10.3247 | eta 11.4 min [nsf p2 chunk 5/5]
  batch 5000/51300 | loss -10.3247 | eta 11.2 min [nsf p2 chunk 5/5]
  batch 6000/51300 | loss -10.3287 | eta 11.2 min [nsf p2 chunk 5/5]
  batch 7000/51300 | loss -10.3272 | eta 10.8 min [nsf p2 chunk 5/5]
  batch 8000/51300 | loss -10.3239 | eta 10.8 min [nsf p2 chunk 5/5]
  batch 9000/51300 | loss -10.3219 | eta 10.5 min [nsf p2 chunk 5/5]
  batch 10000/51300 | loss -10.3228 | eta 10.1 min [nsf p2 chunk 5/5]
  batch 11000/51300 | loss -10.3243 | eta 9.8 min [nsf p2 chunk 5/5]
  batch 12000/51300 | loss -10.3235 | eta 9.6 min [nsf p2 chunk 5/5]
  batch 13000/51300 | loss -10.3253 | eta 11.2 min [nsf p2 chunk 5/5]
  batch 14000/51300 | loss -10.3244 | eta 9.3 min [nsf p2 chunk 5/5]
  batch 15000/51300 | loss -10.3233 | eta 8.9 min [nsf p2 chunk 5/5]
  batch 16000/51300 | loss -10.3228 | eta 9.2 min [nsf p2 chunk 5/5]
  batch 17000/51300 | loss -10.3228 | eta 8.7 min [nsf p2 chunk 5/5]
  batch 18000/51300 | loss -10.3236 | eta 8.1 min [nsf p2 chunk 5/5]
  batch 19000/51300 | loss -10.3229 | eta 7.9 min [nsf p2 chunk 5/5]
  batch 20000/51300 | loss -10.3232 | eta 7.5 min [nsf p2 chunk 5/5]
  batch 21000/51300 | loss -10.3228 | eta 7.5 min [nsf p2 chunk 5/5]
  batch 22000/51300 | loss -10.3221 | eta 7.1 min [nsf p2 chunk 5/5]
  batch 23000/51300 | loss -10.3241 | eta 6.9 min [nsf p2 chunk 5/5]
  batch 24000/51300 | loss -10.3238 | eta 6.7 min [nsf p2 chunk 5/5]
  batch 25000/51300 | loss -10.3225 | eta 6.6 min [nsf p2 chunk 5/5]
  batch 26000/51300 | loss -10.3218 | eta 6.1 min [nsf p2 chunk 5/5]
  batch 27000/51300 | loss -10.3213 | eta 5.9 min [nsf p2 chunk 5/5]
  batch 28000/51300 | loss -10.3214 | eta 5.8 min [nsf p2 chunk 5/5]
  batch 29000/51300 | loss -10.3204 | eta 5.5 min [nsf p2 chunk 5/5]
  batch 30000/51300 | loss -10.3214 | eta 5.6 min [nsf p2 chunk 5/5]
  batch 31000/51300 | loss -10.3225 | eta 5.0 min [nsf p2 chunk 5/5]
  batch 32000/51300 | loss -10.3229 | eta 4.9 min [nsf p2 chunk 5/5]
  batch 33000/51300 | loss -10.3230 | eta 4.6 min [nsf p2 chunk 5/5]
  batch 34000/51300 | loss -10.3217 | eta 4.3 min [nsf p2 chunk 5/5]
  batch 35000/51300 | loss -10.3217 | eta 4.2 min [nsf p2 chunk 5/5]
  batch 36000/51300 | loss -10.3222 | eta 3.8 min [nsf p2 chunk 5/5]
  batch 37000/51300 | loss -10.3223 | eta 3.4 min [nsf p2 chunk 5/5]
  batch 38000/51300 | loss -10.3221 | eta 3.3 min [nsf p2 chunk 5/5]
  batch 39000/51300 | loss -10.3227 | eta 3.0 min [nsf p2 chunk 5/5]
  batch 40000/51300 | loss -10.3231 | eta 2.7 min [nsf p2 chunk 5/5]
  batch 41000/51300 | loss -10.3232 | eta 2.5 min [nsf p2 chunk 5/5]
  batch 42000/51300 | loss -10.3231 | eta 2.3 min [nsf p2 chunk 5/5]
  batch 43000/51300 | loss -10.3235 | eta 2.2 min [nsf p2 chunk 5/5]
  batch 44000/51300 | loss -10.3230 | eta 1.8 min [nsf p2 chunk 5/5]
  batch 45000/51300 | loss -10.3239 | eta 1.5 min [nsf p2 chunk 5/5]
  batch 46000/51300 | loss -10.3243 | eta 1.3 min [nsf p2 chunk 5/5]
  batch 47000/51300 | loss -10.3243 | eta 1.1 min [nsf p2 chunk 5/5]
  batch 48000/51300 | loss -10.3238 | eta 0.8 min [nsf p2 chunk 5/5]
  batch 49000/51300 | loss -10.3231 | eta 0.6 min [nsf p2 chunk 5/5]
  batch 50000/51300 | loss -10.3240 | eta 0.3 min [nsf p2 chunk 5/5]
  batch 51000/51300 | loss -10.3242 | eta 0.1 min [nsf p2 chunk 5/5]
[nsf|p2] chunk 5/5 | train -10.3239 | val -9.2069
[nsf] done. best val NLL -9.2218

===== summary [standard_t] (best val NLL) =====
  nsf     -9.2218
