[seed] global seed=42 deterministic=True
Stage2 arm=cnn_vmim_/n1/seed_s0 families=['nsf'] rows=9,120,000 t_dim=4 n_params=4 device=cpu split_seed=42 init_seed=42 seed_subdir=False
[t-scaling] STANDARDIZED: per-dim mean/std removed. outputs -> {arm}/nle/standard_t/<model>/

===== NLE family 'nsf' -> /gscratch/ddehiwalage-don/sbi_master/cnn_vmim_/n1/seed_s0/nle/standard_t/nsf =====
  batch 1000/25650 | loss 0.1806 | eta 20.0 min [nsf p1 chunk 1/10]
  batch 2000/25650 | loss -1.2264 | eta 18.8 min [nsf p1 chunk 1/10]
  batch 3000/25650 | loss -2.0478 | eta 17.7 min [nsf p1 chunk 1/10]
  batch 4000/25650 | loss -2.5860 | eta 16.9 min [nsf p1 chunk 1/10]
  batch 5000/25650 | loss -3.0061 | eta 16.1 min [nsf p1 chunk 1/10]
  batch 6000/25650 | loss -3.3441 | eta 15.4 min [nsf p1 chunk 1/10]
  batch 7000/25650 | loss -3.6322 | eta 14.6 min [nsf p1 chunk 1/10]
  batch 8000/25650 | loss -3.8925 | eta 14.0 min [nsf p1 chunk 1/10]
  batch 9000/25650 | loss -4.1293 | eta 13.1 min [nsf p1 chunk 1/10]
  batch 10000/25650 | loss -4.3274 | eta 12.3 min [nsf p1 chunk 1/10]
  batch 11000/25650 | loss -4.5157 | eta 11.5 min [nsf p1 chunk 1/10]
  batch 12000/25650 | loss -4.6769 | eta 10.8 min [nsf p1 chunk 1/10]
  batch 13000/25650 | loss -4.8240 | eta 9.9 min [nsf p1 chunk 1/10]
  batch 14000/25650 | loss -4.9613 | eta 9.2 min [nsf p1 chunk 1/10]
  batch 15000/25650 | loss -5.0896 | eta 8.4 min [nsf p1 chunk 1/10]
  batch 16000/25650 | loss -5.2084 | eta 7.7 min [nsf p1 chunk 1/10]
  batch 17000/25650 | loss -5.3172 | eta 6.8 min [nsf p1 chunk 1/10]
  batch 18000/25650 | loss -5.4208 | eta 6.0 min [nsf p1 chunk 1/10]
  batch 19000/25650 | loss -5.5158 | eta 5.2 min [nsf p1 chunk 1/10]
  batch 20000/25650 | loss -5.6065 | eta 4.5 min [nsf p1 chunk 1/10]
  batch 21000/25650 | loss -5.6858 | eta 3.6 min [nsf p1 chunk 1/10]
  batch 22000/25650 | loss -5.7633 | eta 2.9 min [nsf p1 chunk 1/10]
  batch 23000/25650 | loss -5.8418 | eta 2.1 min [nsf p1 chunk 1/10]
  batch 24000/25650 | loss -5.9118 | eta 1.3 min [nsf p1 chunk 1/10]
  batch 25000/25650 | loss -5.9790 | eta 0.5 min [nsf p1 chunk 1/10]
[nsf|p1] chunk 1/10 | train -6.0218 | val -7.4504
  saved best (-7.4504) -> /gscratch/ddehiwalage-don/sbi_master/cnn_vmim_/n1/seed_s0/nle/standard_t/nsf
  batch 1000/25650 | loss -7.6389 | eta 19.5 min [nsf p1 chunk 2/10]
  batch 2000/25650 | loss -7.7018 | eta 18.5 min [nsf p1 chunk 2/10]
  batch 3000/25650 | loss -7.7061 | eta 17.5 min [nsf p1 chunk 2/10]
  batch 4000/25650 | loss -7.7192 | eta 16.8 min [nsf p1 chunk 2/10]
  batch 5000/25650 | loss -7.7308 | eta 16.1 min [nsf p1 chunk 2/10]
  batch 6000/25650 | loss -7.7357 | eta 15.2 min [nsf p1 chunk 2/10]
  batch 7000/25650 | loss -7.7562 | eta 14.6 min [nsf p1 chunk 2/10]
  batch 8000/25650 | loss -7.7650 | eta 13.7 min [nsf p1 chunk 2/10]
  batch 9000/25650 | loss -7.7801 | eta 12.9 min [nsf p1 chunk 2/10]
  batch 10000/25650 | loss -7.8011 | eta 12.2 min [nsf p1 chunk 2/10]
  batch 11000/25650 | loss -7.8215 | eta 11.4 min [nsf p1 chunk 2/10]
  batch 12000/25650 | loss -7.8337 | eta 10.6 min [nsf p1 chunk 2/10]
  batch 13000/25650 | loss -7.8479 | eta 9.9 min [nsf p1 chunk 2/10]
  batch 14000/25650 | loss -7.8642 | eta 9.0 min [nsf p1 chunk 2/10]
  batch 15000/25650 | loss -7.8747 | eta 8.3 min [nsf p1 chunk 2/10]
  batch 16000/25650 | loss -7.8910 | eta 7.5 min [nsf p1 chunk 2/10]
  batch 17000/25650 | loss -7.9019 | eta 6.7 min [nsf p1 chunk 2/10]
  batch 18000/25650 | loss -7.9165 | eta 5.9 min [nsf p1 chunk 2/10]
  batch 19000/25650 | loss -7.9280 | eta 5.2 min [nsf p1 chunk 2/10]
  batch 20000/25650 | loss -7.9396 | eta 4.4 min [nsf p1 chunk 2/10]
  batch 21000/25650 | loss -7.9509 | eta 3.6 min [nsf p1 chunk 2/10]
  batch 22000/25650 | loss -7.9610 | eta 2.8 min [nsf p1 chunk 2/10]
  batch 23000/25650 | loss -7.9725 | eta 2.1 min [nsf p1 chunk 2/10]
  batch 24000/25650 | loss -7.9799 | eta 1.3 min [nsf p1 chunk 2/10]
  batch 25000/25650 | loss -7.9905 | eta 0.5 min [nsf p1 chunk 2/10]
[nsf|p1] chunk 2/10 | train -7.9966 | val -7.5121
  saved best (-7.5121) -> /gscratch/ddehiwalage-don/sbi_master/cnn_vmim_/n1/seed_s0/nle/standard_t/nsf
  batch 1000/25650 | loss -8.2859 | eta 19.6 min [nsf p1 chunk 3/10]
  batch 2000/25650 | loss -8.2513 | eta 18.8 min [nsf p1 chunk 3/10]
  batch 3000/25650 | loss -8.2737 | eta 18.0 min [nsf p1 chunk 3/10]
  batch 4000/25650 | loss -8.2846 | eta 17.3 min [nsf p1 chunk 3/10]
  batch 5000/25650 | loss -8.2878 | eta 16.5 min [nsf p1 chunk 3/10]
  batch 6000/25650 | loss -8.2937 | eta 15.8 min [nsf p1 chunk 3/10]
  batch 7000/25650 | loss -8.2978 | eta 14.8 min [nsf p1 chunk 3/10]
  batch 8000/25650 | loss -8.3022 | eta 14.1 min [nsf p1 chunk 3/10]
  batch 9000/25650 | loss -8.3105 | eta 13.2 min [nsf p1 chunk 3/10]
  batch 10000/25650 | loss -8.3203 | eta 12.7 min [nsf p1 chunk 3/10]
  batch 11000/25650 | loss -8.3294 | eta 11.8 min [nsf p1 chunk 3/10]
  batch 12000/25650 | loss -8.3364 | eta 11.8 min [nsf p1 chunk 3/10]
  batch 13000/25650 | loss -8.3434 | eta 10.0 min [nsf p1 chunk 3/10]
  batch 14000/25650 | loss -8.3507 | eta 13.0 min [nsf p1 chunk 3/10]
  batch 15000/25650 | loss -8.3607 | eta 9.1 min [nsf p1 chunk 3/10]
  batch 16000/25650 | loss -8.3643 | eta 10.5 min [nsf p1 chunk 3/10]
  batch 17000/25650 | loss -8.3718 | eta 7.4 min [nsf p1 chunk 3/10]
  batch 18000/25650 | loss -8.3801 | eta 6.1 min [nsf p1 chunk 3/10]
  batch 19000/25650 | loss -8.3845 | eta 5.3 min [nsf p1 chunk 3/10]
  batch 20000/25650 | loss -8.3876 | eta 4.5 min [nsf p1 chunk 3/10]
  batch 21000/25650 | loss -8.3947 | eta 3.7 min [nsf p1 chunk 3/10]
  batch 22000/25650 | loss -8.4015 | eta 3.1 min [nsf p1 chunk 3/10]
  batch 23000/25650 | loss -8.4084 | eta 2.3 min [nsf p1 chunk 3/10]
  batch 24000/25650 | loss -8.4154 | eta 1.3 min [nsf p1 chunk 3/10]
  batch 25000/25650 | loss -8.4214 | eta 0.5 min [nsf p1 chunk 3/10]
[nsf|p1] chunk 3/10 | train -8.4234 | val -8.0764
  saved best (-8.0764) -> /gscratch/ddehiwalage-don/sbi_master/cnn_vmim_/n1/seed_s0/nle/standard_t/nsf
  batch 1000/25650 | loss -8.5711 | eta 19.7 min [nsf p1 chunk 4/10]
  batch 2000/25650 | loss -8.5848 | eta 18.9 min [nsf p1 chunk 4/10]
  batch 3000/25650 | loss -8.5636 | eta 18.3 min [nsf p1 chunk 4/10]
  batch 4000/25650 | loss -8.5719 | eta 17.3 min [nsf p1 chunk 4/10]
  batch 5000/25650 | loss -8.5903 | eta 16.5 min [nsf p1 chunk 4/10]
  batch 6000/25650 | loss -8.6004 | eta 15.7 min [nsf p1 chunk 4/10]
  batch 7000/25650 | loss -8.6134 | eta 14.8 min [nsf p1 chunk 4/10]
  batch 8000/25650 | loss -8.6179 | eta 14.0 min [nsf p1 chunk 4/10]
  batch 9000/25650 | loss -8.6240 | eta 13.3 min [nsf p1 chunk 4/10]
  batch 10000/25650 | loss -8.6279 | eta 12.5 min [nsf p1 chunk 4/10]
  batch 11000/25650 | loss -8.6338 | eta 11.7 min [nsf p1 chunk 4/10]
  batch 12000/25650 | loss -8.6350 | eta 10.9 min [nsf p1 chunk 4/10]
  batch 13000/25650 | loss -8.6373 | eta 10.1 min [nsf p1 chunk 4/10]
  batch 14000/25650 | loss -8.6379 | eta 9.2 min [nsf p1 chunk 4/10]
  batch 15000/25650 | loss -8.6417 | eta 8.5 min [nsf p1 chunk 4/10]
  batch 16000/25650 | loss -8.6421 | eta 7.8 min [nsf p1 chunk 4/10]
  batch 17000/25650 | loss -8.6462 | eta 6.9 min [nsf p1 chunk 4/10]
  batch 18000/25650 | loss -8.6483 | eta 6.1 min [nsf p1 chunk 4/10]
  batch 19000/25650 | loss -8.6510 | eta 5.3 min [nsf p1 chunk 4/10]
  batch 20000/25650 | loss -8.6533 | eta 4.5 min [nsf p1 chunk 4/10]
  batch 21000/25650 | loss -8.6581 | eta 3.7 min [nsf p1 chunk 4/10]
  batch 22000/25650 | loss -8.6626 | eta 2.9 min [nsf p1 chunk 4/10]
  batch 23000/25650 | loss -8.6681 | eta 2.1 min [nsf p1 chunk 4/10]
  batch 24000/25650 | loss -8.6729 | eta 1.3 min [nsf p1 chunk 4/10]
  batch 25000/25650 | loss -8.6773 | eta 0.5 min [nsf p1 chunk 4/10]
[nsf|p1] chunk 4/10 | train -8.6798 | val -8.0296
  batch 1000/25650 | loss -8.7502 | eta 19.7 min [nsf p1 chunk 5/10]
  batch 2000/25650 | loss -8.7526 | eta 18.7 min [nsf p1 chunk 5/10]
  batch 3000/25650 | loss -8.7550 | eta 18.2 min [nsf p1 chunk 5/10]
  batch 4000/25650 | loss -8.7770 | eta 16.9 min [nsf p1 chunk 5/10]
  batch 5000/25650 | loss -8.7841 | eta 16.3 min [nsf p1 chunk 5/10]
  batch 6000/25650 | loss -8.7919 | eta 15.4 min [nsf p1 chunk 5/10]
  batch 7000/25650 | loss -8.8008 | eta 14.6 min [nsf p1 chunk 5/10]
  batch 8000/25650 | loss -8.8019 | eta 14.1 min [nsf p1 chunk 5/10]
  batch 9000/25650 | loss -8.8026 | eta 13.2 min [nsf p1 chunk 5/10]
  batch 10000/25650 | loss -8.8022 | eta 12.3 min [nsf p1 chunk 5/10]
  batch 11000/25650 | loss -8.8023 | eta 11.5 min [nsf p1 chunk 5/10]
  batch 12000/25650 | loss -8.8020 | eta 10.7 min [nsf p1 chunk 5/10]
  batch 13000/25650 | loss -8.8039 | eta 10.0 min [nsf p1 chunk 5/10]
  batch 14000/25650 | loss -8.8065 | eta 9.3 min [nsf p1 chunk 5/10]
  batch 15000/25650 | loss -8.8059 | eta 8.4 min [nsf p1 chunk 5/10]
  batch 16000/25650 | loss -8.8110 | eta 7.6 min [nsf p1 chunk 5/10]
  batch 17000/25650 | loss -8.8154 | eta 6.8 min [nsf p1 chunk 5/10]
