[seed] global seed=42 deterministic=True
Stage2 arm=cnn_vmim_/n1/seed_s2 families=['nsf'] rows=9,120,000 t_dim=4 n_params=4 device=cpu split_seed=42 init_seed=42 seed_subdir=False
[t-scaling] STANDARDIZED: per-dim mean/std removed. outputs -> {arm}/nle/standard_t/<model>/

===== NLE family 'nsf' -> /gscratch/ddehiwalage-don/sbi_master/cnn_vmim_/n1/seed_s2/nle/standard_t/nsf =====
  batch 1000/25650 | loss 0.1240 | eta 12.4 min [nsf p1 chunk 1/10]
  batch 2000/25650 | loss -1.1567 | eta 12.8 min [nsf p1 chunk 1/10]
  batch 3000/25650 | loss -1.9286 | eta 12.3 min [nsf p1 chunk 1/10]
  batch 4000/25650 | loss -2.4593 | eta 10.3 min [nsf p1 chunk 1/10]
  batch 5000/25650 | loss -2.8882 | eta 8.5 min [nsf p1 chunk 1/10]
  batch 6000/25650 | loss -3.2451 | eta 8.0 min [nsf p1 chunk 1/10]
  batch 7000/25650 | loss -3.5462 | eta 8.1 min [nsf p1 chunk 1/10]
  batch 8000/25650 | loss -3.8059 | eta 8.8 min [nsf p1 chunk 1/10]
  batch 9000/25650 | loss -4.0334 | eta 8.0 min [nsf p1 chunk 1/10]
  batch 10000/25650 | loss -4.2304 | eta 8.1 min [nsf p1 chunk 1/10]
  batch 11000/25650 | loss -4.4106 | eta 7.0 min [nsf p1 chunk 1/10]
  batch 12000/25650 | loss -4.5689 | eta 6.5 min [nsf p1 chunk 1/10]
  batch 13000/25650 | loss -4.7087 | eta 5.9 min [nsf p1 chunk 1/10]
  batch 14000/25650 | loss -4.8370 | eta 5.6 min [nsf p1 chunk 1/10]
  batch 15000/25650 | loss -4.9540 | eta 5.0 min [nsf p1 chunk 1/10]
  batch 16000/25650 | loss -5.0620 | eta 4.8 min [nsf p1 chunk 1/10]
  batch 17000/25650 | loss -5.1585 | eta 4.5 min [nsf p1 chunk 1/10]
  batch 18000/25650 | loss -5.2512 | eta 3.6 min [nsf p1 chunk 1/10]
  batch 19000/25650 | loss -5.3339 | eta 4.5 min [nsf p1 chunk 1/10]
  batch 20000/25650 | loss -5.4134 | eta 2.9 min [nsf p1 chunk 1/10]
  batch 21000/25650 | loss -5.4907 | eta 2.4 min [nsf p1 chunk 1/10]
  batch 22000/25650 | loss -5.5648 | eta 1.7 min [nsf p1 chunk 1/10]
  batch 23000/25650 | loss -5.6399 | eta 1.2 min [nsf p1 chunk 1/10]
  batch 24000/25650 | loss -5.7121 | eta 0.8 min [nsf p1 chunk 1/10]
  batch 25000/25650 | loss -5.7827 | eta 0.3 min [nsf p1 chunk 1/10]
[nsf|p1] chunk 1/10 | train -5.8287 | val -7.1890
  saved best (-7.1890) -> /gscratch/ddehiwalage-don/sbi_master/cnn_vmim_/n1/seed_s2/nle/standard_t/nsf
  batch 1000/25650 | loss -7.6715 | eta 12.0 min [nsf p1 chunk 2/10]
  batch 2000/25650 | loss -7.7135 | eta 12.0 min [nsf p1 chunk 2/10]
  batch 3000/25650 | loss -7.7712 | eta 10.0 min [nsf p1 chunk 2/10]
  batch 4000/25650 | loss -7.8010 | eta 9.9 min [nsf p1 chunk 2/10]
  batch 5000/25650 | loss -7.8391 | eta 9.8 min [nsf p1 chunk 2/10]
  batch 6000/25650 | loss -7.8760 | eta 8.5 min [nsf p1 chunk 2/10]
  batch 7000/25650 | loss -7.9136 | eta 9.3 min [nsf p1 chunk 2/10]
  batch 8000/25650 | loss -7.9443 | eta 8.8 min [nsf p1 chunk 2/10]
  batch 9000/25650 | loss -7.9754 | eta 8.4 min [nsf p1 chunk 2/10]
  batch 10000/25650 | loss -8.0078 | eta 7.5 min [nsf p1 chunk 2/10]
  batch 11000/25650 | loss -8.0375 | eta 6.9 min [nsf p1 chunk 2/10]
  batch 12000/25650 | loss -8.0620 | eta 6.2 min [nsf p1 chunk 2/10]
  batch 13000/25650 | loss -8.0865 | eta 6.7 min [nsf p1 chunk 2/10]
  batch 14000/25650 | loss -8.1069 | eta 6.4 min [nsf p1 chunk 2/10]
  batch 15000/25650 | loss -8.1276 | eta 5.8 min [nsf p1 chunk 2/10]
  batch 16000/25650 | loss -8.1528 | eta 4.9 min [nsf p1 chunk 2/10]
  batch 17000/25650 | loss -8.1755 | eta 3.8 min [nsf p1 chunk 2/10]
  batch 18000/25650 | loss -8.1988 | eta 4.0 min [nsf p1 chunk 2/10]
  batch 19000/25650 | loss -8.2208 | eta 3.3 min [nsf p1 chunk 2/10]
  batch 20000/25650 | loss -8.2388 | eta 2.9 min [nsf p1 chunk 2/10]
  batch 21000/25650 | loss -8.2576 | eta 2.5 min [nsf p1 chunk 2/10]
  batch 22000/25650 | loss -8.2750 | eta 1.6 min [nsf p1 chunk 2/10]
  batch 23000/25650 | loss -8.2945 | eta 1.4 min [nsf p1 chunk 2/10]
  batch 24000/25650 | loss -8.3097 | eta 0.8 min [nsf p1 chunk 2/10]
  batch 25000/25650 | loss -8.3256 | eta 0.3 min [nsf p1 chunk 2/10]
[nsf|p1] chunk 2/10 | train -8.3346 | val -8.3493
  saved best (-8.3493) -> /gscratch/ddehiwalage-don/sbi_master/cnn_vmim_/n1/seed_s2/nle/standard_t/nsf
  batch 1000/25650 | loss -8.7935 | eta 12.5 min [nsf p1 chunk 3/10]
  batch 2000/25650 | loss -8.7820 | eta 10.6 min [nsf p1 chunk 3/10]
  batch 3000/25650 | loss -8.7932 | eta 10.9 min [nsf p1 chunk 3/10]
  batch 4000/25650 | loss -8.7994 | eta 9.8 min [nsf p1 chunk 3/10]
  batch 5000/25650 | loss -8.7932 | eta 10.0 min [nsf p1 chunk 3/10]
  batch 6000/25650 | loss -8.8022 | eta 9.3 min [nsf p1 chunk 3/10]
  batch 7000/25650 | loss -8.8163 | eta 8.7 min [nsf p1 chunk 3/10]
  batch 8000/25650 | loss -8.8193 | eta 8.5 min [nsf p1 chunk 3/10]
  batch 9000/25650 | loss -8.8246 | eta 7.7 min [nsf p1 chunk 3/10]
  batch 10000/25650 | loss -8.8356 | eta 7.1 min [nsf p1 chunk 3/10]
  batch 11000/25650 | loss -8.8454 | eta 7.0 min [nsf p1 chunk 3/10]
  batch 12000/25650 | loss -8.8557 | eta 7.5 min [nsf p1 chunk 3/10]
  batch 13000/25650 | loss -8.8635 | eta 6.3 min [nsf p1 chunk 3/10]
  batch 14000/25650 | loss -8.8720 | eta 6.9 min [nsf p1 chunk 3/10]
  batch 15000/25650 | loss -8.8797 | eta 5.4 min [nsf p1 chunk 3/10]
  batch 16000/25650 | loss -8.8875 | eta 5.0 min [nsf p1 chunk 3/10]
  batch 17000/25650 | loss -8.8919 | eta 4.0 min [nsf p1 chunk 3/10]
  batch 18000/25650 | loss -8.8989 | eta 3.9 min [nsf p1 chunk 3/10]
  batch 19000/25650 | loss -8.9068 | eta 2.8 min [nsf p1 chunk 3/10]
  batch 20000/25650 | loss -8.9103 | eta 2.3 min [nsf p1 chunk 3/10]
  batch 21000/25650 | loss -8.9199 | eta 1.9 min [nsf p1 chunk 3/10]
  batch 22000/25650 | loss -8.9254 | eta 1.5 min [nsf p1 chunk 3/10]
  batch 23000/25650 | loss -8.9337 | eta 1.1 min [nsf p1 chunk 3/10]
  batch 24000/25650 | loss -8.9365 | eta 0.7 min [nsf p1 chunk 3/10]
  batch 25000/25650 | loss -8.9423 | eta 0.3 min [nsf p1 chunk 3/10]
[nsf|p1] chunk 3/10 | train -8.9453 | val -7.3475
  batch 1000/25650 | loss -9.1692 | eta 12.8 min [nsf p1 chunk 4/10]
  batch 2000/25650 | loss -9.1399 | eta 11.5 min [nsf p1 chunk 4/10]
  batch 3000/25650 | loss -9.1408 | eta 19.0 min [nsf p1 chunk 4/10]
  batch 4000/25650 | loss -9.1492 | eta 10.4 min [nsf p1 chunk 4/10]
  batch 5000/25650 | loss -9.1608 | eta 9.3 min [nsf p1 chunk 4/10]
  batch 6000/25650 | loss -9.1658 | eta 10.1 min [nsf p1 chunk 4/10]
  batch 7000/25650 | loss -9.1759 | eta 8.5 min [nsf p1 chunk 4/10]
  batch 8000/25650 | loss -9.1791 | eta 8.2 min [nsf p1 chunk 4/10]
  batch 9000/25650 | loss -9.1828 | eta 9.0 min [nsf p1 chunk 4/10]
  batch 10000/25650 | loss -9.1874 | eta 8.4 min [nsf p1 chunk 4/10]
  batch 11000/25650 | loss -9.1928 | eta 8.2 min [nsf p1 chunk 4/10]
  batch 12000/25650 | loss -9.1952 | eta 7.2 min [nsf p1 chunk 4/10]
  batch 13000/25650 | loss -9.1937 | eta 6.8 min [nsf p1 chunk 4/10]
  batch 14000/25650 | loss -9.1932 | eta 6.2 min [nsf p1 chunk 4/10]
  batch 15000/25650 | loss -9.1958 | eta 5.8 min [nsf p1 chunk 4/10]
  batch 16000/25650 | loss -9.1966 | eta 5.2 min [nsf p1 chunk 4/10]
  batch 17000/25650 | loss -9.2012 | eta 4.7 min [nsf p1 chunk 4/10]
  batch 18000/25650 | loss -9.2036 | eta 3.5 min [nsf p1 chunk 4/10]
  batch 19000/25650 | loss -9.2091 | eta 2.7 min [nsf p1 chunk 4/10]
  batch 20000/25650 | loss -9.2116 | eta 2.3 min [nsf p1 chunk 4/10]
  batch 21000/25650 | loss -9.2145 | eta 1.9 min [nsf p1 chunk 4/10]
  batch 22000/25650 | loss -9.2186 | eta 1.5 min [nsf p1 chunk 4/10]
  batch 23000/25650 | loss -9.2231 | eta 1.1 min [nsf p1 chunk 4/10]
  batch 24000/25650 | loss -9.2281 | eta 0.7 min [nsf p1 chunk 4/10]
  batch 25000/25650 | loss -9.2321 | eta 0.3 min [nsf p1 chunk 4/10]
[nsf|p1] chunk 4/10 | train -9.2328 | val -8.7634
  saved best (-8.7634) -> /gscratch/ddehiwalage-don/sbi_master/cnn_vmim_/n1/seed_s2/nle/standard_t/nsf
  batch 1000/25650 | loss -9.3389 | eta 10.8 min [nsf p1 chunk 5/10]
  batch 2000/25650 | loss -9.3365 | eta 10.4 min [nsf p1 chunk 5/10]
  batch 3000/25650 | loss -9.3381 | eta 10.2 min [nsf p1 chunk 5/10]
  batch 4000/25650 | loss -9.3517 | eta 10.1 min [nsf p1 chunk 5/10]
  batch 5000/25650 | loss -9.3570 | eta 9.9 min [nsf p1 chunk 5/10]
  batch 6000/25650 | loss -9.3581 | eta 9.0 min [nsf p1 chunk 5/10]
  batch 7000/25650 | loss -9.3623 | eta 12.5 min [nsf p1 chunk 5/10]
  batch 8000/25650 | loss -9.3576 | eta 7.8 min [nsf p1 chunk 5/10]
  batch 9000/25650 | loss -9.3598 | eta 7.3 min [nsf p1 chunk 5/10]
  batch 10000/25650 | loss -9.3586 | eta 6.8 min [nsf p1 chunk 5/10]
  batch 11000/25650 | loss -9.3625 | eta 6.5 min [nsf p1 chunk 5/10]
  batch 12000/25650 | loss -9.3659 | eta 5.9 min [nsf p1 chunk 5/10]
  batch 13000/25650 | loss -9.3701 | eta 5.5 min [nsf p1 chunk 5/10]
  batch 14000/25650 | loss -9.3774 | eta 5.1 min [nsf p1 chunk 5/10]
  batch 15000/25650 | loss -9.3805 | eta 4.9 min [nsf p1 chunk 5/10]
  batch 16000/25650 | loss -9.3864 | eta 4.5 min [nsf p1 chunk 5/10]
  batch 17000/25650 | loss -9.3897 | eta 4.7 min [nsf p1 chunk 5/10]
  batch 18000/25650 | loss -9.3968 | eta 4.0 min [nsf p1 chunk 5/10]
  batch 19000/25650 | loss -9.3970 | eta 3.5 min [nsf p1 chunk 5/10]
  batch 20000/25650 | loss -9.4025 | eta 2.7 min [nsf p1 chunk 5/10]
  batch 21000/25650 | loss -9.4078 | eta 2.3 min [nsf p1 chunk 5/10]
  batch 22000/25650 | loss -9.4111 | eta 1.9 min [nsf p1 chunk 5/10]
  batch 23000/25650 | loss -9.4141 | eta 1.2 min [nsf p1 chunk 5/10]
  batch 24000/25650 | loss -9.4176 | eta 0.9 min [nsf p1 chunk 5/10]
  batch 25000/25650 | loss -9.4196 | eta 0.3 min [nsf p1 chunk 5/10]
[nsf|p1] chunk 5/10 | train -9.4213 | val -8.6604
  batch 1000/25650 | loss -9.4971 | eta 10.9 min [nsf p1 chunk 6/10]
  batch 2000/25650 | loss -9.5221 | eta 10.9 min [nsf p1 chunk 6/10]
  batch 3000/25650 | loss -9.5268 | eta 10.4 min [nsf p1 chunk 6/10]
  batch 4000/25650 | loss -9.5236 | eta 9.3 min [nsf p1 chunk 6/10]
  batch 5000/25650 | loss -9.5246 | eta 9.5 min [nsf p1 chunk 6/10]
  batch 6000/25650 | loss -9.5266 | eta 8.9 min [nsf p1 chunk 6/10]
  batch 7000/25650 | loss -9.5289 | eta 8.0 min [nsf p1 chunk 6/10]
  batch 8000/25650 | loss -9.5366 | eta 7.7 min [nsf p1 chunk 6/10]
  batch 9000/25650 | loss -9.5416 | eta 8.0 min [nsf p1 chunk 6/10]
  batch 10000/25650 | loss -9.5450 | eta 6.6 min [nsf p1 chunk 6/10]
  batch 11000/25650 | loss -9.5482 | eta 7.0 min [nsf p1 chunk 6/10]
  batch 12000/25650 | loss -9.5506 | eta 6.2 min [nsf p1 chunk 6/10]
  batch 13000/25650 | loss -9.5483 | eta 6.2 min [nsf p1 chunk 6/10]
  batch 14000/25650 | loss -9.5514 | eta 5.2 min [nsf p1 chunk 6/10]
  batch 15000/25650 | loss -9.5531 | eta 4.8 min [nsf p1 chunk 6/10]
  batch 16000/25650 | loss -9.5548 | eta 4.7 min [nsf p1 chunk 6/10]
  batch 17000/25650 | loss -9.5564 | eta 4.8 min [nsf p1 chunk 6/10]
  batch 18000/25650 | loss -9.5597 | eta 3.9 min [nsf p1 chunk 6/10]
  batch 19000/25650 | loss -9.5594 | eta 3.0 min [nsf p1 chunk 6/10]
  batch 20000/25650 | loss -9.5625 | eta 2.9 min [nsf p1 chunk 6/10]
  batch 21000/25650 | loss -9.5649 | eta 2.3 min [nsf p1 chunk 6/10]
  batch 22000/25650 | loss -9.5665 | eta 1.9 min [nsf p1 chunk 6/10]
  batch 23000/25650 | loss -9.5699 | eta 1.4 min [nsf p1 chunk 6/10]
  batch 24000/25650 | loss -9.5736 | eta 0.9 min [nsf p1 chunk 6/10]
  batch 25000/25650 | loss -9.5740 | eta 0.3 min [nsf p1 chunk 6/10]
[nsf|p1] chunk 6/10 | train -9.5763 | val -8.5238
  batch 1000/25650 | loss -9.6380 | eta 11.4 min [nsf p1 chunk 7/10]
  batch 2000/25650 | loss -9.6590 | eta 11.7 min [nsf p1 chunk 7/10]
  batch 3000/25650 | loss -9.6407 | eta 10.7 min [nsf p1 chunk 7/10]
  batch 4000/25650 | loss -9.6330 | eta 12.5 min [nsf p1 chunk 7/10]
  batch 5000/25650 | loss -9.6337 | eta 10.5 min [nsf p1 chunk 7/10]
  batch 6000/25650 | loss -9.6351 | eta 9.4 min [nsf p1 chunk 7/10]
  batch 7000/25650 | loss -9.6362 | eta 9.6 min [nsf p1 chunk 7/10]
  batch 8000/25650 | loss -9.6366 | eta 8.6 min [nsf p1 chunk 7/10]
  batch 9000/25650 | loss -9.6425 | eta 8.1 min [nsf p1 chunk 7/10]
  batch 10000/25650 | loss -9.6455 | eta 6.7 min [nsf p1 chunk 7/10]
  batch 11000/25650 | loss -9.6457 | eta 6.4 min [nsf p1 chunk 7/10]
  batch 12000/25650 | loss -9.6486 | eta 5.6 min [nsf p1 chunk 7/10]
  batch 13000/25650 | loss -9.6482 | eta 5.1 min [nsf p1 chunk 7/10]
  batch 14000/25650 | loss -9.6513 | eta 4.8 min [nsf p1 chunk 7/10]
  batch 15000/25650 | loss -9.6550 | eta 5.2 min [nsf p1 chunk 7/10]
  batch 16000/25650 | loss -9.6554 | eta 5.2 min [nsf p1 chunk 7/10]
  batch 17000/25650 | loss -9.6596 | eta 4.5 min [nsf p1 chunk 7/10]
  batch 18000/25650 | loss -9.6589 | eta 3.8 min [nsf p1 chunk 7/10]
  batch 19000/25650 | loss -9.6611 | eta 2.9 min [nsf p1 chunk 7/10]
  batch 20000/25650 | loss -9.6633 | eta 3.0 min [nsf p1 chunk 7/10]
  batch 21000/25650 | loss -9.6656 | eta 2.3 min [nsf p1 chunk 7/10]
  batch 22000/25650 | loss -9.6661 | eta 1.7 min [nsf p1 chunk 7/10]
  batch 23000/25650 | loss -9.6689 | eta 1.2 min [nsf p1 chunk 7/10]
  batch 24000/25650 | loss -9.6705 | eta 0.9 min [nsf p1 chunk 7/10]
  batch 25000/25650 | loss -9.6727 | eta 0.3 min [nsf p1 chunk 7/10]
[nsf|p1] chunk 7/10 | train -9.6737 | val -9.2021
  saved best (-9.2021) -> /gscratch/ddehiwalage-don/sbi_master/cnn_vmim_/n1/seed_s2/nle/standard_t/nsf
  batch 1000/25650 | loss -9.6992 | eta 13.5 min [nsf p1 chunk 8/10]
  batch 2000/25650 | loss -9.7052 | eta 11.6 min [nsf p1 chunk 8/10]
  batch 3000/25650 | loss -9.7103 | eta 9.9 min [nsf p1 chunk 8/10]
  batch 4000/25650 | loss -9.7153 | eta 9.3 min [nsf p1 chunk 8/10]
  batch 5000/25650 | loss -9.7299 | eta 11.2 min [nsf p1 chunk 8/10]
  batch 6000/25650 | loss -9.7338 | eta 8.6 min [nsf p1 chunk 8/10]
  batch 7000/25650 | loss -9.7393 | eta 8.0 min [nsf p1 chunk 8/10]
  batch 8000/25650 | loss -9.7405 | eta 7.1 min [nsf p1 chunk 8/10]
  batch 9000/25650 | loss -9.7359 | eta 6.7 min [nsf p1 chunk 8/10]
  batch 10000/25650 | loss -9.7371 | eta 6.4 min [nsf p1 chunk 8/10]
  batch 11000/25650 | loss -9.7409 | eta 6.0 min [nsf p1 chunk 8/10]
  batch 12000/25650 | loss -9.7428 | eta 7.1 min [nsf p1 chunk 8/10]
  batch 13000/25650 | loss -9.7438 | eta 6.8 min [nsf p1 chunk 8/10]
  batch 14000/25650 | loss -9.7441 | eta 5.7 min [nsf p1 chunk 8/10]
  batch 15000/25650 | loss -9.7467 | eta 5.6 min [nsf p1 chunk 8/10]
  batch 16000/25650 | loss -9.7496 | eta 4.8 min [nsf p1 chunk 8/10]
  batch 17000/25650 | loss -9.7489 | eta 3.9 min [nsf p1 chunk 8/10]
  batch 18000/25650 | loss -9.7495 | eta 3.7 min [nsf p1 chunk 8/10]
  batch 19000/25650 | loss -9.7525 | eta 3.7 min [nsf p1 chunk 8/10]
  batch 20000/25650 | loss -9.7543 | eta 3.1 min [nsf p1 chunk 8/10]
  batch 21000/25650 | loss -9.7540 | eta 2.6 min [nsf p1 chunk 8/10]
  batch 22000/25650 | loss -9.7557 | eta 1.9 min [nsf p1 chunk 8/10]
  batch 23000/25650 | loss -9.7572 | eta 1.4 min [nsf p1 chunk 8/10]
  batch 24000/25650 | loss -9.7597 | eta 0.8 min [nsf p1 chunk 8/10]
  batch 25000/25650 | loss -9.7610 | eta 0.4 min [nsf p1 chunk 8/10]
[nsf|p1] chunk 8/10 | train -9.7627 | val -9.1347
  batch 1000/25650 | loss -9.7812 | eta 13.4 min [nsf p1 chunk 9/10]
  batch 2000/25650 | loss -9.8075 | eta 11.1 min [nsf p1 chunk 9/10]
  batch 3000/25650 | loss -9.8099 | eta 11.7 min [nsf p1 chunk 9/10]
  batch 4000/25650 | loss -9.8200 | eta 10.8 min [nsf p1 chunk 9/10]
  batch 5000/25650 | loss -9.8183 | eta 10.1 min [nsf p1 chunk 9/10]
  batch 6000/25650 | loss -9.8167 | eta 8.9 min [nsf p1 chunk 9/10]
  batch 7000/25650 | loss -9.8177 | eta 10.6 min [nsf p1 chunk 9/10]
  batch 8000/25650 | loss -9.8176 | eta 9.2 min [nsf p1 chunk 9/10]
  batch 9000/25650 | loss -9.8176 | eta 8.0 min [nsf p1 chunk 9/10]
  batch 10000/25650 | loss -9.8154 | eta 8.0 min [nsf p1 chunk 9/10]
  batch 11000/25650 | loss -9.8181 | eta 7.1 min [nsf p1 chunk 9/10]
  batch 12000/25650 | loss -9.8166 | eta 7.0 min [nsf p1 chunk 9/10]
  batch 13000/25650 | loss -9.8178 | eta 6.0 min [nsf p1 chunk 9/10]
  batch 14000/25650 | loss -9.8205 | eta 5.7 min [nsf p1 chunk 9/10]
  batch 15000/25650 | loss -9.8189 | eta 6.2 min [nsf p1 chunk 9/10]
  batch 16000/25650 | loss -9.8228 | eta 4.9 min [nsf p1 chunk 9/10]
  batch 17000/25650 | loss -9.8206 | eta 4.3 min [nsf p1 chunk 9/10]
  batch 18000/25650 | loss -9.8210 | eta 4.3 min [nsf p1 chunk 9/10]
  batch 19000/25650 | loss -9.8227 | eta 3.3 min [nsf p1 chunk 9/10]
  batch 20000/25650 | loss -9.8257 | eta 2.8 min [nsf p1 chunk 9/10]
  batch 21000/25650 | loss -9.8268 | eta 2.5 min [nsf p1 chunk 9/10]
  batch 22000/25650 | loss -9.8307 | eta 2.0 min [nsf p1 chunk 9/10]
  batch 23000/25650 | loss -9.8326 | eta 1.4 min [nsf p1 chunk 9/10]
  batch 24000/25650 | loss -9.8339 | eta 0.9 min [nsf p1 chunk 9/10]
  batch 25000/25650 | loss -9.8349 | eta 0.4 min [nsf p1 chunk 9/10]
[nsf|p1] chunk 9/10 | train -9.8359 | val -9.2397
  saved best (-9.2397) -> /gscratch/ddehiwalage-don/sbi_master/cnn_vmim_/n1/seed_s2/nle/standard_t/nsf
  batch 1000/25650 | loss -9.9005 | eta 14.3 min [nsf p1 chunk 10/10]
  batch 2000/25650 | loss -9.8715 | eta 14.1 min [nsf p1 chunk 10/10]
  batch 3000/25650 | loss -9.8751 | eta 11.8 min [nsf p1 chunk 10/10]
  batch 4000/25650 | loss -9.8823 | eta 11.8 min [nsf p1 chunk 10/10]
  batch 5000/25650 | loss -9.8809 | eta 10.4 min [nsf p1 chunk 10/10]
  batch 6000/25650 | loss -9.8830 | eta 9.8 min [nsf p1 chunk 10/10]
  batch 7000/25650 | loss -9.8884 | eta 9.8 min [nsf p1 chunk 10/10]
  batch 8000/25650 | loss -9.8870 | eta 9.3 min [nsf p1 chunk 10/10]
  batch 9000/25650 | loss -9.8910 | eta 9.0 min [nsf p1 chunk 10/10]
  batch 10000/25650 | loss -9.8897 | eta 8.4 min [nsf p1 chunk 10/10]
  batch 11000/25650 | loss -9.8901 | eta 7.9 min [nsf p1 chunk 10/10]
  batch 12000/25650 | loss -9.8882 | eta 7.4 min [nsf p1 chunk 10/10]
  batch 13000/25650 | loss -9.8888 | eta 6.3 min [nsf p1 chunk 10/10]
  batch 14000/25650 | loss -9.8920 | eta 6.7 min [nsf p1 chunk 10/10]
  batch 15000/25650 | loss -9.8938 | eta 5.8 min [nsf p1 chunk 10/10]
  batch 16000/25650 | loss -9.8971 | eta 5.3 min [nsf p1 chunk 10/10]
  batch 17000/25650 | loss -9.8978 | eta 4.7 min [nsf p1 chunk 10/10]
  batch 18000/25650 | loss -9.9007 | eta 4.2 min [nsf p1 chunk 10/10]
  batch 19000/25650 | loss -9.9024 | eta 3.5 min [nsf p1 chunk 10/10]
  batch 20000/25650 | loss -9.9054 | eta 2.6 min [nsf p1 chunk 10/10]
  batch 21000/25650 | loss -9.9050 | eta 1.9 min [nsf p1 chunk 10/10]
  batch 22000/25650 | loss -9.9057 | eta 2.0 min [nsf p1 chunk 10/10]
  batch 23000/25650 | loss -9.9076 | eta 1.3 min [nsf p1 chunk 10/10]
  batch 24000/25650 | loss -9.9093 | eta 0.8 min [nsf p1 chunk 10/10]
  batch 25000/25650 | loss -9.9101 | eta 0.3 min [nsf p1 chunk 10/10]
[nsf|p1] chunk 10/10 | train -9.9092 | val -9.1958
  batch 1000/51300 | loss -10.6174 | eta 22.4 min [nsf p2 chunk 1/5]
  batch 2000/51300 | loss -10.6307 | eta 21.8 min [nsf p2 chunk 1/5]
  batch 3000/51300 | loss -10.6393 | eta 23.9 min [nsf p2 chunk 1/5]
  batch 4000/51300 | loss -10.6464 | eta 25.5 min [nsf p2 chunk 1/5]
  batch 5000/51300 | loss -10.6543 | eta 21.8 min [nsf p2 chunk 1/5]
  batch 6000/51300 | loss -10.6590 | eta 20.5 min [nsf p2 chunk 1/5]
  batch 7000/51300 | loss -10.6618 | eta 22.0 min [nsf p2 chunk 1/5]
  batch 8000/51300 | loss -10.6636 | eta 19.6 min [nsf p2 chunk 1/5]
  batch 9000/51300 | loss -10.6636 | eta 19.3 min [nsf p2 chunk 1/5]
  batch 10000/51300 | loss -10.6622 | eta 20.7 min [nsf p2 chunk 1/5]
  batch 11000/51300 | loss -10.6668 | eta 20.1 min [nsf p2 chunk 1/5]
  batch 12000/51300 | loss -10.6745 | eta 18.9 min [nsf p2 chunk 1/5]
  batch 13000/51300 | loss -10.6766 | eta 16.7 min [nsf p2 chunk 1/5]
  batch 14000/51300 | loss -10.6799 | eta 16.9 min [nsf p2 chunk 1/5]
  batch 15000/51300 | loss -10.6816 | eta 20.9 min [nsf p2 chunk 1/5]
  batch 16000/51300 | loss -10.6844 | eta 17.7 min [nsf p2 chunk 1/5]
  batch 17000/51300 | loss -10.6889 | eta 16.3 min [nsf p2 chunk 1/5]
  batch 18000/51300 | loss -10.6912 | eta 14.6 min [nsf p2 chunk 1/5]
  batch 19000/51300 | loss -10.6924 | eta 14.6 min [nsf p2 chunk 1/5]
  batch 20000/51300 | loss -10.6935 | eta 14.7 min [nsf p2 chunk 1/5]
  batch 21000/51300 | loss -10.6935 | eta 13.4 min [nsf p2 chunk 1/5]
  batch 22000/51300 | loss -10.6946 | eta 13.5 min [nsf p2 chunk 1/5]
  batch 23000/51300 | loss -10.6967 | eta 15.5 min [nsf p2 chunk 1/5]
  batch 24000/51300 | loss -10.6982 | eta 14.9 min [nsf p2 chunk 1/5]
  batch 25000/51300 | loss -10.6999 | eta 14.3 min [nsf p2 chunk 1/5]
  batch 26000/51300 | loss -10.7004 | eta 12.7 min [nsf p2 chunk 1/5]
  batch 27000/51300 | loss -10.7012 | eta 12.7 min [nsf p2 chunk 1/5]
  batch 28000/51300 | loss -10.7019 | eta 13.2 min [nsf p2 chunk 1/5]
  batch 29000/51300 | loss -10.7030 | eta 10.5 min [nsf p2 chunk 1/5]
  batch 30000/51300 | loss -10.7049 | eta 9.1 min [nsf p2 chunk 1/5]
  batch 31000/51300 | loss -10.7068 | eta 9.6 min [nsf p2 chunk 1/5]
  batch 32000/51300 | loss -10.7072 | eta 8.6 min [nsf p2 chunk 1/5]
  batch 33000/51300 | loss -10.7081 | eta 9.5 min [nsf p2 chunk 1/5]
  batch 34000/51300 | loss -10.7084 | eta 9.5 min [nsf p2 chunk 1/5]
  batch 35000/51300 | loss -10.7100 | eta 8.2 min [nsf p2 chunk 1/5]
  batch 36000/51300 | loss -10.7119 | eta 7.0 min [nsf p2 chunk 1/5]
  batch 37000/51300 | loss -10.7125 | eta 6.5 min [nsf p2 chunk 1/5]
  batch 38000/51300 | loss -10.7136 | eta 6.5 min [nsf p2 chunk 1/5]
  batch 39000/51300 | loss -10.7137 | eta 6.2 min [nsf p2 chunk 1/5]
  batch 40000/51300 | loss -10.7150 | eta 5.3 min [nsf p2 chunk 1/5]
  batch 41000/51300 | loss -10.7160 | eta 5.5 min [nsf p2 chunk 1/5]
  batch 42000/51300 | loss -10.7171 | eta 4.8 min [nsf p2 chunk 1/5]
  batch 43000/51300 | loss -10.7178 | eta 4.0 min [nsf p2 chunk 1/5]
  batch 44000/51300 | loss -10.7181 | eta 4.4 min [nsf p2 chunk 1/5]
  batch 45000/51300 | loss -10.7184 | eta 2.8 min [nsf p2 chunk 1/5]
  batch 46000/51300 | loss -10.7187 | eta 2.3 min [nsf p2 chunk 1/5]
  batch 47000/51300 | loss -10.7192 | eta 2.1 min [nsf p2 chunk 1/5]
  batch 48000/51300 | loss -10.7196 | eta 1.8 min [nsf p2 chunk 1/5]
  batch 49000/51300 | loss -10.7205 | eta 1.3 min [nsf p2 chunk 1/5]
  batch 50000/51300 | loss -10.7212 | eta 0.7 min [nsf p2 chunk 1/5]
  batch 51000/51300 | loss -10.7217 | eta 0.2 min [nsf p2 chunk 1/5]
[nsf|p2] chunk 1/5 | train -10.7216 | val -9.6472
  saved best (-9.6472) -> /gscratch/ddehiwalage-don/sbi_master/cnn_vmim_/n1/seed_s2/nle/standard_t/nsf
  batch 1000/51300 | loss -10.7832 | eta 28.1 min [nsf p2 chunk 2/5]
  batch 2000/51300 | loss -10.7689 | eta 24.8 min [nsf p2 chunk 2/5]
  batch 3000/51300 | loss -10.7571 | eta 23.7 min [nsf p2 chunk 2/5]
  batch 4000/51300 | loss -10.7558 | eta 20.7 min [nsf p2 chunk 2/5]
  batch 5000/51300 | loss -10.7509 | eta 20.0 min [nsf p2 chunk 2/5]
  batch 6000/51300 | loss -10.7520 | eta 19.7 min [nsf p2 chunk 2/5]
  batch 7000/51300 | loss -10.7547 | eta 19.4 min [nsf p2 chunk 2/5]
  batch 8000/51300 | loss -10.7537 | eta 18.9 min [nsf p2 chunk 2/5]
  batch 9000/51300 | loss -10.7535 | eta 22.1 min [nsf p2 chunk 2/5]
  batch 10000/51300 | loss -10.7576 | eta 20.7 min [nsf p2 chunk 2/5]
  batch 11000/51300 | loss -10.7593 | eta 18.5 min [nsf p2 chunk 2/5]
  batch 12000/51300 | loss -10.7607 | eta 17.9 min [nsf p2 chunk 2/5]
  batch 13000/51300 | loss -10.7594 | eta 19.2 min [nsf p2 chunk 2/5]
  batch 14000/51300 | loss -10.7599 | eta 20.7 min [nsf p2 chunk 2/5]
  batch 15000/51300 | loss -10.7614 | eta 19.8 min [nsf p2 chunk 2/5]
  batch 16000/51300 | loss -10.7620 | eta 19.8 min [nsf p2 chunk 2/5]
  batch 17000/51300 | loss -10.7629 | eta 18.1 min [nsf p2 chunk 2/5]
  batch 18000/51300 | loss -10.7623 | eta 16.9 min [nsf p2 chunk 2/5]
  batch 19000/51300 | loss -10.7618 | eta 14.5 min [nsf p2 chunk 2/5]
  batch 20000/51300 | loss -10.7611 | eta 15.1 min [nsf p2 chunk 2/5]
  batch 21000/51300 | loss -10.7611 | eta 14.3 min [nsf p2 chunk 2/5]
  batch 22000/51300 | loss -10.7625 | eta 14.3 min [nsf p2 chunk 2/5]
  batch 23000/51300 | loss -10.7643 | eta 12.4 min [nsf p2 chunk 2/5]
  batch 24000/51300 | loss -10.7648 | eta 15.3 min [nsf p2 chunk 2/5]
  batch 25000/51300 | loss -10.7660 | eta 13.7 min [nsf p2 chunk 2/5]
  batch 26000/51300 | loss -10.7656 | eta 11.9 min [nsf p2 chunk 2/5]
  batch 27000/51300 | loss -10.7646 | eta 11.6 min [nsf p2 chunk 2/5]
  batch 28000/51300 | loss -10.7641 | eta 10.2 min [nsf p2 chunk 2/5]
  batch 29000/51300 | loss -10.7649 | eta 12.0 min [nsf p2 chunk 2/5]
  batch 30000/51300 | loss -10.7660 | eta 11.5 min [nsf p2 chunk 2/5]
  batch 31000/51300 | loss -10.7664 | eta 10.8 min [nsf p2 chunk 2/5]
  batch 32000/51300 | loss -10.7667 | eta 10.4 min [nsf p2 chunk 2/5]
  batch 33000/51300 | loss -10.7671 | eta 9.9 min [nsf p2 chunk 2/5]
  batch 34000/51300 | loss -10.7676 | eta 7.8 min [nsf p2 chunk 2/5]
  batch 35000/51300 | loss -10.7684 | eta 7.3 min [nsf p2 chunk 2/5]
  batch 36000/51300 | loss -10.7682 | eta 8.1 min [nsf p2 chunk 2/5]
  batch 37000/51300 | loss -10.7689 | eta 7.7 min [nsf p2 chunk 2/5]
  batch 38000/51300 | loss -10.7691 | eta 7.0 min [nsf p2 chunk 2/5]
  batch 39000/51300 | loss -10.7692 | eta 5.8 min [nsf p2 chunk 2/5]
  batch 40000/51300 | loss -10.7703 | eta 4.9 min [nsf p2 chunk 2/5]
  batch 41000/51300 | loss -10.7705 | eta 4.3 min [nsf p2 chunk 2/5]
  batch 42000/51300 | loss -10.7703 | eta 4.6 min [nsf p2 chunk 2/5]
  batch 43000/51300 | loss -10.7715 | eta 4.2 min [nsf p2 chunk 2/5]
  batch 44000/51300 | loss -10.7717 | eta 3.5 min [nsf p2 chunk 2/5]
  batch 45000/51300 | loss -10.7713 | eta 2.9 min [nsf p2 chunk 2/5]
  batch 46000/51300 | loss -10.7721 | eta 2.7 min [nsf p2 chunk 2/5]
  batch 47000/51300 | loss -10.7718 | eta 2.1 min [nsf p2 chunk 2/5]
  batch 48000/51300 | loss -10.7719 | eta 1.5 min [nsf p2 chunk 2/5]
  batch 49000/51300 | loss -10.7727 | eta 1.0 min [nsf p2 chunk 2/5]
  batch 50000/51300 | loss -10.7736 | eta 0.6 min [nsf p2 chunk 2/5]
  batch 51000/51300 | loss -10.7742 | eta 0.1 min [nsf p2 chunk 2/5]
[nsf|p2] chunk 2/5 | train -10.7742 | val -9.5683
  batch 1000/51300 | loss -10.8122 | eta 25.6 min [nsf p2 chunk 3/5]
  batch 2000/51300 | loss -10.7936 | eta 25.8 min [nsf p2 chunk 3/5]
  batch 3000/51300 | loss -10.7935 | eta 29.1 min [nsf p2 chunk 3/5]
  batch 4000/51300 | loss -10.7968 | eta 24.3 min [nsf p2 chunk 3/5]
  batch 5000/51300 | loss -10.8022 | eta 25.4 min [nsf p2 chunk 3/5]
  batch 6000/51300 | loss -10.8055 | eta 25.3 min [nsf p2 chunk 3/5]
  batch 7000/51300 | loss -10.8020 | eta 20.1 min [nsf p2 chunk 3/5]
  batch 8000/51300 | loss -10.8007 | eta 22.0 min [nsf p2 chunk 3/5]
  batch 9000/51300 | loss -10.8048 | eta 20.6 min [nsf p2 chunk 3/5]
  batch 10000/51300 | loss -10.8051 | eta 19.0 min [nsf p2 chunk 3/5]
  batch 11000/51300 | loss -10.7995 | eta 20.9 min [nsf p2 chunk 3/5]
  batch 12000/51300 | loss -10.7975 | eta 22.0 min [nsf p2 chunk 3/5]
  batch 13000/51300 | loss -10.7958 | eta 20.8 min [nsf p2 chunk 3/5]
  batch 14000/51300 | loss -10.7963 | eta 15.6 min [nsf p2 chunk 3/5]
  batch 15000/51300 | loss -10.7966 | eta 14.9 min [nsf p2 chunk 3/5]
  batch 16000/51300 | loss -10.7972 | eta 14.3 min [nsf p2 chunk 3/5]
  batch 17000/51300 | loss -10.7988 | eta 14.1 min [nsf p2 chunk 3/5]
  batch 18000/51300 | loss -10.7987 | eta 13.4 min [nsf p2 chunk 3/5]
  batch 19000/51300 | loss -10.8012 | eta 13.3 min [nsf p2 chunk 3/5]
  batch 20000/51300 | loss -10.7998 | eta 13.0 min [nsf p2 chunk 3/5]
  batch 21000/51300 | loss -10.7991 | eta 12.5 min [nsf p2 chunk 3/5]
  batch 22000/51300 | loss -10.8006 | eta 11.9 min [nsf p2 chunk 3/5]
  batch 23000/51300 | loss -10.8000 | eta 11.6 min [nsf p2 chunk 3/5]
  batch 24000/51300 | loss -10.8005 | eta 11.3 min [nsf p2 chunk 3/5]
  batch 25000/51300 | loss -10.8005 | eta 10.8 min [nsf p2 chunk 3/5]
  batch 26000/51300 | loss -10.8002 | eta 10.5 min [nsf p2 chunk 3/5]
  batch 27000/51300 | loss -10.8011 | eta 10.1 min [nsf p2 chunk 3/5]
  batch 28000/51300 | loss -10.8015 | eta 9.7 min [nsf p2 chunk 3/5]
  batch 29000/51300 | loss -10.8020 | eta 9.2 min [nsf p2 chunk 3/5]
  batch 30000/51300 | loss -10.8027 | eta 9.3 min [nsf p2 chunk 3/5]
  batch 31000/51300 | loss -10.8036 | eta 9.7 min [nsf p2 chunk 3/5]
  batch 32000/51300 | loss -10.8030 | eta 8.8 min [nsf p2 chunk 3/5]
  batch 33000/51300 | loss -10.8026 | eta 8.2 min [nsf p2 chunk 3/5]
  batch 34000/51300 | loss -10.8015 | eta 7.9 min [nsf p2 chunk 3/5]
  batch 35000/51300 | loss -10.8013 | eta 7.5 min [nsf p2 chunk 3/5]
  batch 36000/51300 | loss -10.8019 | eta 7.3 min [nsf p2 chunk 3/5]
  batch 37000/51300 | loss -10.8018 | eta 6.5 min [nsf p2 chunk 3/5]
  batch 38000/51300 | loss -10.8027 | eta 6.9 min [nsf p2 chunk 3/5]
  batch 39000/51300 | loss -10.8036 | eta 6.0 min [nsf p2 chunk 3/5]
  batch 40000/51300 | loss -10.8046 | eta 5.1 min [nsf p2 chunk 3/5]
  batch 41000/51300 | loss -10.8047 | eta 4.7 min [nsf p2 chunk 3/5]
  batch 42000/51300 | loss -10.8058 | eta 4.4 min [nsf p2 chunk 3/5]
  batch 43000/51300 | loss -10.8061 | eta 4.6 min [nsf p2 chunk 3/5]
  batch 44000/51300 | loss -10.8065 | eta 3.5 min [nsf p2 chunk 3/5]
  batch 45000/51300 | loss -10.8072 | eta 3.0 min [nsf p2 chunk 3/5]
  batch 46000/51300 | loss -10.8083 | eta 2.4 min [nsf p2 chunk 3/5]
  batch 47000/51300 | loss -10.8079 | eta 1.9 min [nsf p2 chunk 3/5]
  batch 48000/51300 | loss -10.8086 | eta 1.6 min [nsf p2 chunk 3/5]
  batch 49000/51300 | loss -10.8082 | eta 1.1 min [nsf p2 chunk 3/5]
  batch 50000/51300 | loss -10.8087 | eta 0.7 min [nsf p2 chunk 3/5]
  batch 51000/51300 | loss -10.8087 | eta 0.2 min [nsf p2 chunk 3/5]
[nsf|p2] chunk 3/5 | train -10.8090 | val -9.6085
  batch 1000/51300 | loss -10.8499 | eta 28.6 min [nsf p2 chunk 4/5]
  batch 2000/51300 | loss -10.8171 | eta 22.3 min [nsf p2 chunk 4/5]
  batch 3000/51300 | loss -10.8073 | eta 23.3 min [nsf p2 chunk 4/5]
  batch 4000/51300 | loss -10.8172 | eta 21.1 min [nsf p2 chunk 4/5]
  batch 5000/51300 | loss -10.8177 | eta 20.4 min [nsf p2 chunk 4/5]
  batch 6000/51300 | loss -10.8176 | eta 21.7 min [nsf p2 chunk 4/5]
  batch 7000/51300 | loss -10.8133 | eta 18.4 min [nsf p2 chunk 4/5]
  batch 8000/51300 | loss -10.8156 | eta 17.6 min [nsf p2 chunk 4/5]
  batch 9000/51300 | loss -10.8170 | eta 17.1 min [nsf p2 chunk 4/5]
  batch 10000/51300 | loss -10.8138 | eta 16.7 min [nsf p2 chunk 4/5]
  batch 11000/51300 | loss -10.8143 | eta 17.2 min [nsf p2 chunk 4/5]
  batch 12000/51300 | loss -10.8162 | eta 17.7 min [nsf p2 chunk 4/5]
  batch 13000/51300 | loss -10.8181 | eta 19.9 min [nsf p2 chunk 4/5]
  batch 14000/51300 | loss -10.8173 | eta 17.9 min [nsf p2 chunk 4/5]
  batch 15000/51300 | loss -10.8189 | eta 17.6 min [nsf p2 chunk 4/5]
  batch 16000/51300 | loss -10.8192 | eta 18.7 min [nsf p2 chunk 4/5]
  batch 17000/51300 | loss -10.8198 | eta 16.6 min [nsf p2 chunk 4/5]
  batch 18000/51300 | loss -10.8203 | eta 16.9 min [nsf p2 chunk 4/5]
  batch 19000/51300 | loss -10.8224 | eta 15.3 min [nsf p2 chunk 4/5]
  batch 20000/51300 | loss -10.8221 | eta 16.9 min [nsf p2 chunk 4/5]
  batch 21000/51300 | loss -10.8211 | eta 14.8 min [nsf p2 chunk 4/5]
  batch 22000/51300 | loss -10.8228 | eta 14.8 min [nsf p2 chunk 4/5]
  batch 23000/51300 | loss -10.8212 | eta 13.7 min [nsf p2 chunk 4/5]
  batch 24000/51300 | loss -10.8207 | eta 13.4 min [nsf p2 chunk 4/5]
  batch 25000/51300 | loss -10.8217 | eta 12.2 min [nsf p2 chunk 4/5]
  batch 26000/51300 | loss -10.8214 | eta 12.9 min [nsf p2 chunk 4/5]
  batch 27000/51300 | loss -10.8213 | eta 11.7 min [nsf p2 chunk 4/5]
  batch 28000/51300 | loss -10.8217 | eta 11.2 min [nsf p2 chunk 4/5]
  batch 29000/51300 | loss -10.8199 | eta 9.9 min [nsf p2 chunk 4/5]
  batch 30000/51300 | loss -10.8201 | eta 9.8 min [nsf p2 chunk 4/5]
  batch 31000/51300 | loss -10.8204 | eta 9.3 min [nsf p2 chunk 4/5]
  batch 32000/51300 | loss -10.8204 | eta 10.1 min [nsf p2 chunk 4/5]
  batch 33000/51300 | loss -10.8212 | eta 8.0 min [nsf p2 chunk 4/5]
  batch 34000/51300 | loss -10.8203 | eta 9.7 min [nsf p2 chunk 4/5]
  batch 35000/51300 | loss -10.8211 | eta 6.6 min [nsf p2 chunk 4/5]
  batch 36000/51300 | loss -10.8210 | eta 6.2 min [nsf p2 chunk 4/5]
  batch 37000/51300 | loss -10.8223 | eta 7.6 min [nsf p2 chunk 4/5]
  batch 38000/51300 | loss -10.8226 | eta 7.2 min [nsf p2 chunk 4/5]
  batch 39000/51300 | loss -10.8226 | eta 6.6 min [nsf p2 chunk 4/5]
  batch 40000/51300 | loss -10.8225 | eta 6.1 min [nsf p2 chunk 4/5]
  batch 41000/51300 | loss -10.8232 | eta 5.3 min [nsf p2 chunk 4/5]
  batch 42000/51300 | loss -10.8232 | eta 5.0 min [nsf p2 chunk 4/5]
  batch 43000/51300 | loss -10.8235 | eta 3.6 min [nsf p2 chunk 4/5]
  batch 44000/51300 | loss -10.8235 | eta 3.9 min [nsf p2 chunk 4/5]
  batch 45000/51300 | loss -10.8242 | eta 2.8 min [nsf p2 chunk 4/5]
  batch 46000/51300 | loss -10.8254 | eta 2.9 min [nsf p2 chunk 4/5]
  batch 47000/51300 | loss -10.8258 | eta 2.2 min [nsf p2 chunk 4/5]
  batch 48000/51300 | loss -10.8264 | eta 1.5 min [nsf p2 chunk 4/5]
  batch 49000/51300 | loss -10.8273 | eta 1.1 min [nsf p2 chunk 4/5]
  batch 50000/51300 | loss -10.8274 | eta 0.7 min [nsf p2 chunk 4/5]
  batch 51000/51300 | loss -10.8276 | eta 0.2 min [nsf p2 chunk 4/5]
[nsf|p2] chunk 4/5 | train -10.8277 | val -9.6429
  batch 1000/51300 | loss -10.8495 | eta 22.8 min [nsf p2 chunk 5/5]
  batch 2000/51300 | loss -10.8390 | eta 25.1 min [nsf p2 chunk 5/5]
  batch 3000/51300 | loss -10.8314 | eta 24.7 min [nsf p2 chunk 5/5]
  batch 4000/51300 | loss -10.8437 | eta 22.6 min [nsf p2 chunk 5/5]
  batch 5000/51300 | loss -10.8413 | eta 23.8 min [nsf p2 chunk 5/5]
  batch 6000/51300 | loss -10.8388 | eta 24.0 min [nsf p2 chunk 5/5]
  batch 7000/51300 | loss -10.8418 | eta 24.3 min [nsf p2 chunk 5/5]
  batch 8000/51300 | loss -10.8389 | eta 21.1 min [nsf p2 chunk 5/5]
  batch 9000/51300 | loss -10.8365 | eta 19.1 min [nsf p2 chunk 5/5]
  batch 10000/51300 | loss -10.8351 | eta 21.0 min [nsf p2 chunk 5/5]
  batch 11000/51300 | loss -10.8376 | eta 19.3 min [nsf p2 chunk 5/5]
  batch 12000/51300 | loss -10.8386 | eta 19.1 min [nsf p2 chunk 5/5]
  batch 13000/51300 | loss -10.8390 | eta 16.5 min [nsf p2 chunk 5/5]
  batch 14000/51300 | loss -10.8386 | eta 17.8 min [nsf p2 chunk 5/5]
  batch 15000/51300 | loss -10.8393 | eta 15.7 min [nsf p2 chunk 5/5]
  batch 16000/51300 | loss -10.8384 | eta 15.4 min [nsf p2 chunk 5/5]
  batch 17000/51300 | loss -10.8397 | eta 15.4 min [nsf p2 chunk 5/5]
  batch 18000/51300 | loss -10.8405 | eta 16.4 min [nsf p2 chunk 5/5]
  batch 19000/51300 | loss -10.8397 | eta 15.9 min [nsf p2 chunk 5/5]
  batch 20000/51300 | loss -10.8398 | eta 15.3 min [nsf p2 chunk 5/5]
  batch 21000/51300 | loss -10.8391 | eta 14.8 min [nsf p2 chunk 5/5]
  batch 22000/51300 | loss -10.8377 | eta 14.6 min [nsf p2 chunk 5/5]
  batch 23000/51300 | loss -10.8400 | eta 12.5 min [nsf p2 chunk 5/5]
  batch 24000/51300 | loss -10.8400 | eta 12.2 min [nsf p2 chunk 5/5]
  batch 25000/51300 | loss -10.8386 | eta 12.7 min [nsf p2 chunk 5/5]
  batch 26000/51300 | loss -10.8380 | eta 11.6 min [nsf p2 chunk 5/5]
  batch 27000/51300 | loss -10.8372 | eta 11.5 min [nsf p2 chunk 5/5]
  batch 28000/51300 | loss -10.8374 | eta 10.5 min [nsf p2 chunk 5/5]
  batch 29000/51300 | loss -10.8363 | eta 10.2 min [nsf p2 chunk 5/5]
  batch 30000/51300 | loss -10.8374 | eta 10.5 min [nsf p2 chunk 5/5]
  batch 31000/51300 | loss -10.8393 | eta 11.6 min [nsf p2 chunk 5/5]
  batch 32000/51300 | loss -10.8399 | eta 9.5 min [nsf p2 chunk 5/5]
  batch 33000/51300 | loss -10.8397 | eta 9.2 min [nsf p2 chunk 5/5]
  batch 34000/51300 | loss -10.8382 | eta 8.7 min [nsf p2 chunk 5/5]
  batch 35000/51300 | loss -10.8385 | eta 8.2 min [nsf p2 chunk 5/5]
  batch 36000/51300 | loss -10.8389 | eta 6.4 min [nsf p2 chunk 5/5]
  batch 37000/51300 | loss -10.8391 | eta 7.4 min [nsf p2 chunk 5/5]
  batch 38000/51300 | loss -10.8391 | eta 6.8 min [nsf p2 chunk 5/5]
  batch 39000/51300 | loss -10.8393 | eta 6.3 min [nsf p2 chunk 5/5]
  batch 40000/51300 | loss -10.8400 | eta 4.7 min [nsf p2 chunk 5/5]
  batch 41000/51300 | loss -10.8401 | eta 4.1 min [nsf p2 chunk 5/5]
  batch 42000/51300 | loss -10.8401 | eta 3.7 min [nsf p2 chunk 5/5]
  batch 43000/51300 | loss -10.8402 | eta 3.2 min [nsf p2 chunk 5/5]
  batch 44000/51300 | loss -10.8399 | eta 3.3 min [nsf p2 chunk 5/5]
  batch 45000/51300 | loss -10.8412 | eta 3.1 min [nsf p2 chunk 5/5]
  batch 46000/51300 | loss -10.8417 | eta 2.6 min [nsf p2 chunk 5/5]
  batch 47000/51300 | loss -10.8418 | eta 2.2 min [nsf p2 chunk 5/5]
  batch 48000/51300 | loss -10.8419 | eta 1.3 min [nsf p2 chunk 5/5]
  batch 49000/51300 | loss -10.8414 | eta 0.9 min [nsf p2 chunk 5/5]
  batch 50000/51300 | loss -10.8420 | eta 0.5 min [nsf p2 chunk 5/5]
  batch 51000/51300 | loss -10.8421 | eta 0.1 min [nsf p2 chunk 5/5]
[nsf|p2] chunk 5/5 | train -10.8421 | val -9.6835
  saved best (-9.6835) -> /gscratch/ddehiwalage-don/sbi_master/cnn_vmim_/n1/seed_s2/nle/standard_t/nsf
[nsf] done. best val NLL -9.6835

===== summary [standard_t] (best val NLL) =====
  nsf     -9.6835
