[seed] global seed=42 deterministic=True
Stage2 arm=cnn_vmim_/n1_jitter/seed_s2 families=['nsf'] rows=9,120,000 t_dim=4 n_params=4 device=cpu split_seed=42 init_seed=42 seed_subdir=False
[t-scaling] STANDARDIZED: per-dim mean/std removed. outputs -> {arm}/nle/standard_t/<model>/

===== NLE family 'nsf' -> /gscratch/ddehiwalage-don/sbi_master/cnn_vmim_/n1_jitter/seed_s2/nle/standard_t/nsf =====
  batch 1000/25650 | loss 0.1817 | eta 6.3 min [nsf p1 chunk 1/10]
  batch 2000/25650 | loss -0.9647 | eta 5.7 min [nsf p1 chunk 1/10]
  batch 3000/25650 | loss -1.7234 | eta 5.4 min [nsf p1 chunk 1/10]
  batch 4000/25650 | loss -2.2391 | eta 5.2 min [nsf p1 chunk 1/10]
  batch 5000/25650 | loss -2.6753 | eta 4.9 min [nsf p1 chunk 1/10]
  batch 6000/25650 | loss -3.0706 | eta 4.7 min [nsf p1 chunk 1/10]
  batch 7000/25650 | loss -3.4392 | eta 4.4 min [nsf p1 chunk 1/10]
  batch 8000/25650 | loss -3.7652 | eta 4.4 min [nsf p1 chunk 1/10]
  batch 9000/25650 | loss -4.0563 | eta 4.0 min [nsf p1 chunk 1/10]
  batch 10000/25650 | loss -4.3047 | eta 3.9 min [nsf p1 chunk 1/10]
  batch 11000/25650 | loss -4.5298 | eta 3.5 min [nsf p1 chunk 1/10]
  batch 12000/25650 | loss -4.7281 | eta 3.3 min [nsf p1 chunk 1/10]
  batch 13000/25650 | loss -4.8989 | eta 3.0 min [nsf p1 chunk 1/10]
  batch 14000/25650 | loss -5.0577 | eta 2.8 min [nsf p1 chunk 1/10]
  batch 15000/25650 | loss -5.2056 | eta 2.6 min [nsf p1 chunk 1/10]
  batch 16000/25650 | loss -5.3411 | eta 2.4 min [nsf p1 chunk 1/10]
  batch 17000/25650 | loss -5.4659 | eta 2.1 min [nsf p1 chunk 1/10]
  batch 18000/25650 | loss -5.5799 | eta 1.9 min [nsf p1 chunk 1/10]
  batch 19000/25650 | loss -5.6833 | eta 1.6 min [nsf p1 chunk 1/10]
  batch 20000/25650 | loss -5.7799 | eta 1.4 min [nsf p1 chunk 1/10]
  batch 21000/25650 | loss -5.8707 | eta 1.1 min [nsf p1 chunk 1/10]
  batch 22000/25650 | loss -5.9537 | eta 0.9 min [nsf p1 chunk 1/10]
  batch 23000/25650 | loss -6.0350 | eta 0.6 min [nsf p1 chunk 1/10]
  batch 24000/25650 | loss -6.1112 | eta 0.4 min [nsf p1 chunk 1/10]
  batch 25000/25650 | loss -6.1820 | eta 0.2 min [nsf p1 chunk 1/10]
[nsf|p1] chunk 1/10 | train -6.2275 | val -6.8864
  saved best (-6.8864) -> /gscratch/ddehiwalage-don/sbi_master/cnn_vmim_/n1_jitter/seed_s2/nle/standard_t/nsf
  batch 1000/25650 | loss -7.9773 | eta 6.0 min [nsf p1 chunk 2/10]
  batch 2000/25650 | loss -7.9913 | eta 5.8 min [nsf p1 chunk 2/10]
  batch 3000/25650 | loss -8.0203 | eta 5.5 min [nsf p1 chunk 2/10]
  batch 4000/25650 | loss -8.0360 | eta 5.3 min [nsf p1 chunk 2/10]
  batch 5000/25650 | loss -8.0659 | eta 5.1 min [nsf p1 chunk 2/10]
  batch 6000/25650 | loss -8.0794 | eta 4.8 min [nsf p1 chunk 2/10]
  batch 7000/25650 | loss -8.0993 | eta 4.5 min [nsf p1 chunk 2/10]
  batch 8000/25650 | loss -8.1082 | eta 4.2 min [nsf p1 chunk 2/10]
  batch 9000/25650 | loss -8.1224 | eta 4.3 min [nsf p1 chunk 2/10]
  batch 10000/25650 | loss -8.1423 | eta 4.1 min [nsf p1 chunk 2/10]
  batch 11000/25650 | loss -8.1561 | eta 3.6 min [nsf p1 chunk 2/10]
  batch 12000/25650 | loss -8.1683 | eta 3.6 min [nsf p1 chunk 2/10]
  batch 13000/25650 | loss -8.1815 | eta 3.1 min [nsf p1 chunk 2/10]
  batch 14000/25650 | loss -8.1902 | eta 4.9 min [nsf p1 chunk 2/10]
  batch 15000/25650 | loss -8.2037 | eta 2.6 min [nsf p1 chunk 2/10]
  batch 16000/25650 | loss -8.2160 | eta 2.4 min [nsf p1 chunk 2/10]
  batch 17000/25650 | loss -8.2291 | eta 2.1 min [nsf p1 chunk 2/10]
  batch 18000/25650 | loss -8.2415 | eta 1.8 min [nsf p1 chunk 2/10]
  batch 19000/25650 | loss -8.2540 | eta 1.6 min [nsf p1 chunk 2/10]
  batch 20000/25650 | loss -8.2647 | eta 1.4 min [nsf p1 chunk 2/10]
  batch 21000/25650 | loss -8.2759 | eta 1.1 min [nsf p1 chunk 2/10]
  batch 22000/25650 | loss -8.2848 | eta 0.9 min [nsf p1 chunk 2/10]
  batch 23000/25650 | loss -8.2959 | eta 0.6 min [nsf p1 chunk 2/10]
  batch 24000/25650 | loss -8.3046 | eta 0.4 min [nsf p1 chunk 2/10]
  batch 25000/25650 | loss -8.3143 | eta 0.2 min [nsf p1 chunk 2/10]
[nsf|p1] chunk 2/10 | train -8.3216 | val -8.1307
  saved best (-8.1307) -> /gscratch/ddehiwalage-don/sbi_master/cnn_vmim_/n1_jitter/seed_s2/nle/standard_t/nsf
  batch 1000/25650 | loss -8.6143 | eta 6.1 min [nsf p1 chunk 3/10]
  batch 2000/25650 | loss -8.5867 | eta 5.6 min [nsf p1 chunk 3/10]
  batch 3000/25650 | loss -8.5991 | eta 5.4 min [nsf p1 chunk 3/10]
  batch 4000/25650 | loss -8.6118 | eta 5.2 min [nsf p1 chunk 3/10]
  batch 5000/25650 | loss -8.6122 | eta 5.0 min [nsf p1 chunk 3/10]
  batch 6000/25650 | loss -8.6206 | eta 4.8 min [nsf p1 chunk 3/10]
  batch 7000/25650 | loss -8.6318 | eta 4.5 min [nsf p1 chunk 3/10]
  batch 8000/25650 | loss -8.6306 | eta 4.3 min [nsf p1 chunk 3/10]
  batch 9000/25650 | loss -8.6317 | eta 4.0 min [nsf p1 chunk 3/10]
  batch 10000/25650 | loss -8.6450 | eta 3.7 min [nsf p1 chunk 3/10]
  batch 11000/25650 | loss -8.6497 | eta 3.5 min [nsf p1 chunk 3/10]
  batch 12000/25650 | loss -8.6553 | eta 3.2 min [nsf p1 chunk 3/10]
  batch 13000/25650 | loss -8.6615 | eta 3.0 min [nsf p1 chunk 3/10]
  batch 14000/25650 | loss -8.6680 | eta 2.8 min [nsf p1 chunk 3/10]
  batch 15000/25650 | loss -8.6727 | eta 2.5 min [nsf p1 chunk 3/10]
  batch 16000/25650 | loss -8.6791 | eta 2.3 min [nsf p1 chunk 3/10]
  batch 17000/25650 | loss -8.6848 | eta 2.1 min [nsf p1 chunk 3/10]
  batch 18000/25650 | loss -8.6886 | eta 1.8 min [nsf p1 chunk 3/10]
  batch 19000/25650 | loss -8.6945 | eta 1.6 min [nsf p1 chunk 3/10]
  batch 20000/25650 | loss -8.6989 | eta 1.3 min [nsf p1 chunk 3/10]
  batch 21000/25650 | loss -8.7063 | eta 1.1 min [nsf p1 chunk 3/10]
  batch 22000/25650 | loss -8.7111 | eta 0.9 min [nsf p1 chunk 3/10]
  batch 23000/25650 | loss -8.7173 | eta 0.6 min [nsf p1 chunk 3/10]
  batch 24000/25650 | loss -8.7223 | eta 0.4 min [nsf p1 chunk 3/10]
  batch 25000/25650 | loss -8.7275 | eta 0.2 min [nsf p1 chunk 3/10]
[nsf|p1] chunk 3/10 | train -8.7315 | val -8.2591
  saved best (-8.2591) -> /gscratch/ddehiwalage-don/sbi_master/cnn_vmim_/n1_jitter/seed_s2/nle/standard_t/nsf
  batch 1000/25650 | loss -8.8942 | eta 6.1 min [nsf p1 chunk 4/10]
  batch 2000/25650 | loss -8.9044 | eta 5.9 min [nsf p1 chunk 4/10]
  batch 3000/25650 | loss -8.9087 | eta 5.6 min [nsf p1 chunk 4/10]
  batch 4000/25650 | loss -8.9044 | eta 5.4 min [nsf p1 chunk 4/10]
  batch 5000/25650 | loss -8.9167 | eta 5.2 min [nsf p1 chunk 4/10]
  batch 6000/25650 | loss -8.9258 | eta 4.9 min [nsf p1 chunk 4/10]
  batch 7000/25650 | loss -8.9315 | eta 4.5 min [nsf p1 chunk 4/10]
  batch 8000/25650 | loss -8.9350 | eta 4.2 min [nsf p1 chunk 4/10]
  batch 9000/25650 | loss -8.9399 | eta 4.1 min [nsf p1 chunk 4/10]
  batch 10000/25650 | loss -8.9375 | eta 3.8 min [nsf p1 chunk 4/10]
  batch 11000/25650 | loss -8.9427 | eta 3.6 min [nsf p1 chunk 4/10]
  batch 12000/25650 | loss -8.9443 | eta 3.3 min [nsf p1 chunk 4/10]
  batch 13000/25650 | loss -8.9403 | eta 3.1 min [nsf p1 chunk 4/10]
  batch 14000/25650 | loss -8.9396 | eta 2.9 min [nsf p1 chunk 4/10]
  batch 15000/25650 | loss -8.9417 | eta 2.7 min [nsf p1 chunk 4/10]
  batch 16000/25650 | loss -8.9451 | eta 2.4 min [nsf p1 chunk 4/10]
  batch 17000/25650 | loss -8.9480 | eta 2.1 min [nsf p1 chunk 4/10]
  batch 18000/25650 | loss -8.9502 | eta 1.9 min [nsf p1 chunk 4/10]
  batch 19000/25650 | loss -8.9533 | eta 1.6 min [nsf p1 chunk 4/10]
  batch 20000/25650 | loss -8.9563 | eta 1.4 min [nsf p1 chunk 4/10]
  batch 21000/25650 | loss -8.9593 | eta 1.1 min [nsf p1 chunk 4/10]
  batch 22000/25650 | loss -8.9637 | eta 0.9 min [nsf p1 chunk 4/10]
  batch 23000/25650 | loss -8.9673 | eta 0.7 min [nsf p1 chunk 4/10]
  batch 24000/25650 | loss -8.9721 | eta 0.4 min [nsf p1 chunk 4/10]
  batch 25000/25650 | loss -8.9751 | eta 0.2 min [nsf p1 chunk 4/10]
[nsf|p1] chunk 4/10 | train -8.9768 | val -8.6606
  saved best (-8.6606) -> /gscratch/ddehiwalage-don/sbi_master/cnn_vmim_/n1_jitter/seed_s2/nle/standard_t/nsf
  batch 1000/25650 | loss -9.0389 | eta 6.1 min [nsf p1 chunk 5/10]
  batch 2000/25650 | loss -9.0513 | eta 5.7 min [nsf p1 chunk 5/10]
  batch 3000/25650 | loss -9.0621 | eta 5.4 min [nsf p1 chunk 5/10]
  batch 4000/25650 | loss -9.0768 | eta 5.3 min [nsf p1 chunk 5/10]
  batch 5000/25650 | loss -9.0817 | eta 5.0 min [nsf p1 chunk 5/10]
  batch 6000/25650 | loss -9.0815 | eta 4.8 min [nsf p1 chunk 5/10]
  batch 7000/25650 | loss -9.0875 | eta 4.5 min [nsf p1 chunk 5/10]
  batch 8000/25650 | loss -9.0834 | eta 4.2 min [nsf p1 chunk 5/10]
  batch 9000/25650 | loss -9.0904 | eta 4.1 min [nsf p1 chunk 5/10]
  batch 10000/25650 | loss -9.0885 | eta 3.7 min [nsf p1 chunk 5/10]
  batch 11000/25650 | loss -9.0925 | eta 3.6 min [nsf p1 chunk 5/10]
  batch 12000/25650 | loss -9.0948 | eta 3.3 min [nsf p1 chunk 5/10]
  batch 13000/25650 | loss -9.0956 | eta 3.1 min [nsf p1 chunk 5/10]
  batch 14000/25650 | loss -9.1034 | eta 2.8 min [nsf p1 chunk 5/10]
  batch 15000/25650 | loss -9.1057 | eta 2.6 min [nsf p1 chunk 5/10]
  batch 16000/25650 | loss -9.1103 | eta 2.4 min [nsf p1 chunk 5/10]
  batch 17000/25650 | loss -9.1144 | eta 2.1 min [nsf p1 chunk 5/10]
  batch 18000/25650 | loss -9.1186 | eta 1.9 min [nsf p1 chunk 5/10]
  batch 19000/25650 | loss -9.1174 | eta 1.6 min [nsf p1 chunk 5/10]
  batch 20000/25650 | loss -9.1231 | eta 1.4 min [nsf p1 chunk 5/10]
  batch 21000/25650 | loss -9.1275 | eta 1.2 min [nsf p1 chunk 5/10]
  batch 22000/25650 | loss -9.1295 | eta 0.9 min [nsf p1 chunk 5/10]
  batch 23000/25650 | loss -9.1327 | eta 0.6 min [nsf p1 chunk 5/10]
  batch 24000/25650 | loss -9.1344 | eta 0.4 min [nsf p1 chunk 5/10]
  batch 25000/25650 | loss -9.1378 | eta 0.2 min [nsf p1 chunk 5/10]
[nsf|p1] chunk 5/10 | train -9.1390 | val -8.7107
  saved best (-8.7107) -> /gscratch/ddehiwalage-don/sbi_master/cnn_vmim_/n1_jitter/seed_s2/nle/standard_t/nsf
  batch 1000/25650 | loss -9.2019 | eta 6.0 min [nsf p1 chunk 6/10]
  batch 2000/25650 | loss -9.2029 | eta 5.9 min [nsf p1 chunk 6/10]
  batch 3000/25650 | loss -9.2146 | eta 5.6 min [nsf p1 chunk 6/10]
  batch 4000/25650 | loss -9.2167 | eta 5.3 min [nsf p1 chunk 6/10]
  batch 5000/25650 | loss -9.2218 | eta 5.1 min [nsf p1 chunk 6/10]
  batch 6000/25650 | loss -9.2179 | eta 4.9 min [nsf p1 chunk 6/10]
  batch 7000/25650 | loss -9.2219 | eta 4.6 min [nsf p1 chunk 6/10]
  batch 8000/25650 | loss -9.2282 | eta 4.5 min [nsf p1 chunk 6/10]
  batch 9000/25650 | loss -9.2295 | eta 4.2 min [nsf p1 chunk 6/10]
  batch 10000/25650 | loss -9.2301 | eta 3.9 min [nsf p1 chunk 6/10]
  batch 11000/25650 | loss -9.2329 | eta 3.7 min [nsf p1 chunk 6/10]
  batch 12000/25650 | loss -9.2361 | eta 3.4 min [nsf p1 chunk 6/10]
  batch 13000/25650 | loss -9.2370 | eta 3.2 min [nsf p1 chunk 6/10]
  batch 14000/25650 | loss -9.2410 | eta 2.9 min [nsf p1 chunk 6/10]
  batch 15000/25650 | loss -9.2430 | eta 2.7 min [nsf p1 chunk 6/10]
  batch 16000/25650 | loss -9.2456 | eta 2.4 min [nsf p1 chunk 6/10]
  batch 17000/25650 | loss -9.2484 | eta 2.1 min [nsf p1 chunk 6/10]
  batch 18000/25650 | loss -9.2524 | eta 1.9 min [nsf p1 chunk 6/10]
  batch 19000/25650 | loss -9.2565 | eta 1.7 min [nsf p1 chunk 6/10]
  batch 20000/25650 | loss -9.2607 | eta 1.4 min [nsf p1 chunk 6/10]
  batch 21000/25650 | loss -9.2628 | eta 1.2 min [nsf p1 chunk 6/10]
  batch 22000/25650 | loss -9.2647 | eta 0.9 min [nsf p1 chunk 6/10]
  batch 23000/25650 | loss -9.2673 | eta 0.7 min [nsf p1 chunk 6/10]
  batch 24000/25650 | loss -9.2695 | eta 0.4 min [nsf p1 chunk 6/10]
  batch 25000/25650 | loss -9.2695 | eta 0.2 min [nsf p1 chunk 6/10]
[nsf|p1] chunk 6/10 | train -9.2721 | val -8.5801
  batch 1000/25650 | loss -9.3370 | eta 6.1 min [nsf p1 chunk 7/10]
  batch 2000/25650 | loss -9.3502 | eta 5.8 min [nsf p1 chunk 7/10]
  batch 3000/25650 | loss -9.3404 | eta 5.5 min [nsf p1 chunk 7/10]
  batch 4000/25650 | loss -9.3392 | eta 5.2 min [nsf p1 chunk 7/10]
  batch 5000/25650 | loss -9.3388 | eta 5.0 min [nsf p1 chunk 7/10]
  batch 6000/25650 | loss -9.3377 | eta 4.7 min [nsf p1 chunk 7/10]
  batch 7000/25650 | loss -9.3333 | eta 4.7 min [nsf p1 chunk 7/10]
  batch 8000/25650 | loss -9.3370 | eta 4.3 min [nsf p1 chunk 7/10]
  batch 9000/25650 | loss -9.3404 | eta 4.0 min [nsf p1 chunk 7/10]
  batch 10000/25650 | loss -9.3401 | eta 3.8 min [nsf p1 chunk 7/10]
  batch 11000/25650 | loss -9.3425 | eta 3.5 min [nsf p1 chunk 7/10]
  batch 12000/25650 | loss -9.3431 | eta 3.3 min [nsf p1 chunk 7/10]
  batch 13000/25650 | loss -9.3451 | eta 3.0 min [nsf p1 chunk 7/10]
  batch 14000/25650 | loss -9.3493 | eta 2.8 min [nsf p1 chunk 7/10]
  batch 15000/25650 | loss -9.3519 | eta 2.6 min [nsf p1 chunk 7/10]
  batch 16000/25650 | loss -9.3547 | eta 2.3 min [nsf p1 chunk 7/10]
  batch 17000/25650 | loss -9.3566 | eta 2.1 min [nsf p1 chunk 7/10]
  batch 18000/25650 | loss -9.3577 | eta 1.8 min [nsf p1 chunk 7/10]
  batch 19000/25650 | loss -9.3601 | eta 1.6 min [nsf p1 chunk 7/10]
  batch 20000/25650 | loss -9.3622 | eta 1.4 min [nsf p1 chunk 7/10]
  batch 21000/25650 | loss -9.3643 | eta 1.1 min [nsf p1 chunk 7/10]
  batch 22000/25650 | loss -9.3656 | eta 0.9 min [nsf p1 chunk 7/10]
  batch 23000/25650 | loss -9.3663 | eta 0.7 min [nsf p1 chunk 7/10]
  batch 24000/25650 | loss -9.3683 | eta 0.4 min [nsf p1 chunk 7/10]
  batch 25000/25650 | loss -9.3704 | eta 0.2 min [nsf p1 chunk 7/10]
[nsf|p1] chunk 7/10 | train -9.3702 | val -8.9472
  saved best (-8.9472) -> /gscratch/ddehiwalage-don/sbi_master/cnn_vmim_/n1_jitter/seed_s2/nle/standard_t/nsf
  batch 1000/25650 | loss -9.3991 | eta 6.7 min [nsf p1 chunk 8/10]
  batch 2000/25650 | loss -9.4189 | eta 5.9 min [nsf p1 chunk 8/10]
  batch 3000/25650 | loss -9.4106 | eta 5.7 min [nsf p1 chunk 8/10]
  batch 4000/25650 | loss -9.4119 | eta 5.6 min [nsf p1 chunk 8/10]
  batch 5000/25650 | loss -9.4220 | eta 5.1 min [nsf p1 chunk 8/10]
  batch 6000/25650 | loss -9.4224 | eta 4.9 min [nsf p1 chunk 8/10]
  batch 7000/25650 | loss -9.4287 | eta 4.6 min [nsf p1 chunk 8/10]
  batch 8000/25650 | loss -9.4266 | eta 4.4 min [nsf p1 chunk 8/10]
  batch 9000/25650 | loss -9.4262 | eta 4.1 min [nsf p1 chunk 8/10]
  batch 10000/25650 | loss -9.4308 | eta 3.8 min [nsf p1 chunk 8/10]
  batch 11000/25650 | loss -9.4309 | eta 3.6 min [nsf p1 chunk 8/10]
  batch 12000/25650 | loss -9.4334 | eta 3.3 min [nsf p1 chunk 8/10]
  batch 13000/25650 | loss -9.4344 | eta 3.2 min [nsf p1 chunk 8/10]
  batch 14000/25650 | loss -9.4354 | eta 2.9 min [nsf p1 chunk 8/10]
  batch 15000/25650 | loss -9.4407 | eta 2.7 min [nsf p1 chunk 8/10]
  batch 16000/25650 | loss -9.4423 | eta 2.4 min [nsf p1 chunk 8/10]
  batch 17000/25650 | loss -9.4416 | eta 2.2 min [nsf p1 chunk 8/10]
  batch 18000/25650 | loss -9.4392 | eta 1.9 min [nsf p1 chunk 8/10]
  batch 19000/25650 | loss -9.4409 | eta 1.6 min [nsf p1 chunk 8/10]
  batch 20000/25650 | loss -9.4435 | eta 1.4 min [nsf p1 chunk 8/10]
  batch 21000/25650 | loss -9.4422 | eta 1.2 min [nsf p1 chunk 8/10]
  batch 22000/25650 | loss -9.4454 | eta 0.9 min [nsf p1 chunk 8/10]
  batch 23000/25650 | loss -9.4476 | eta 0.6 min [nsf p1 chunk 8/10]
  batch 24000/25650 | loss -9.4494 | eta 0.4 min [nsf p1 chunk 8/10]
  batch 25000/25650 | loss -9.4509 | eta 0.2 min [nsf p1 chunk 8/10]
[nsf|p1] chunk 8/10 | train -9.4520 | val -8.8038
  batch 1000/25650 | loss -9.4636 | eta 6.1 min [nsf p1 chunk 9/10]
  batch 2000/25650 | loss -9.4817 | eta 5.8 min [nsf p1 chunk 9/10]
  batch 3000/25650 | loss -9.4834 | eta 5.6 min [nsf p1 chunk 9/10]
  batch 4000/25650 | loss -9.4949 | eta 5.3 min [nsf p1 chunk 9/10]
  batch 5000/25650 | loss -9.4980 | eta 5.0 min [nsf p1 chunk 9/10]
  batch 6000/25650 | loss -9.4955 | eta 4.9 min [nsf p1 chunk 9/10]
  batch 7000/25650 | loss -9.4945 | eta 4.6 min [nsf p1 chunk 9/10]
  batch 8000/25650 | loss -9.4985 | eta 4.5 min [nsf p1 chunk 9/10]
  batch 9000/25650 | loss -9.5009 | eta 4.2 min [nsf p1 chunk 9/10]
  batch 10000/25650 | loss -9.5015 | eta 3.9 min [nsf p1 chunk 9/10]
  batch 11000/25650 | loss -9.5038 | eta 3.6 min [nsf p1 chunk 9/10]
  batch 12000/25650 | loss -9.5054 | eta 3.3 min [nsf p1 chunk 9/10]
  batch 13000/25650 | loss -9.5089 | eta 3.0 min [nsf p1 chunk 9/10]
  batch 14000/25650 | loss -9.5107 | eta 2.8 min [nsf p1 chunk 9/10]
  batch 15000/25650 | loss -9.5113 | eta 2.6 min [nsf p1 chunk 9/10]
  batch 16000/25650 | loss -9.5123 | eta 2.3 min [nsf p1 chunk 9/10]
  batch 17000/25650 | loss -9.5096 | eta 2.1 min [nsf p1 chunk 9/10]
  batch 18000/25650 | loss -9.5094 | eta 1.8 min [nsf p1 chunk 9/10]
  batch 19000/25650 | loss -9.5113 | eta 1.6 min [nsf p1 chunk 9/10]
  batch 20000/25650 | loss -9.5139 | eta 1.4 min [nsf p1 chunk 9/10]
  batch 21000/25650 | loss -9.5147 | eta 1.1 min [nsf p1 chunk 9/10]
  batch 22000/25650 | loss -9.5178 | eta 0.9 min [nsf p1 chunk 9/10]
  batch 23000/25650 | loss -9.5198 | eta 0.6 min [nsf p1 chunk 9/10]
  batch 24000/25650 | loss -9.5176 | eta 0.4 min [nsf p1 chunk 9/10]
  batch 25000/25650 | loss -9.5200 | eta 0.2 min [nsf p1 chunk 9/10]
[nsf|p1] chunk 9/10 | train -9.5221 | val -9.0528
  saved best (-9.0528) -> /gscratch/ddehiwalage-don/sbi_master/cnn_vmim_/n1_jitter/seed_s2/nle/standard_t/nsf
  batch 1000/25650 | loss -9.5863 | eta 6.0 min [nsf p1 chunk 10/10]
  batch 2000/25650 | loss -9.5661 | eta 5.7 min [nsf p1 chunk 10/10]
  batch 3000/25650 | loss -9.5643 | eta 5.5 min [nsf p1 chunk 10/10]
  batch 4000/25650 | loss -9.5736 | eta 5.3 min [nsf p1 chunk 10/10]
  batch 5000/25650 | loss -9.5693 | eta 5.0 min [nsf p1 chunk 10/10]
  batch 6000/25650 | loss -9.5700 | eta 4.8 min [nsf p1 chunk 10/10]
  batch 7000/25650 | loss -9.5734 | eta 4.5 min [nsf p1 chunk 10/10]
  batch 8000/25650 | loss -9.5717 | eta 4.3 min [nsf p1 chunk 10/10]
  batch 9000/25650 | loss -9.5718 | eta 4.0 min [nsf p1 chunk 10/10]
  batch 10000/25650 | loss -9.5734 | eta 3.8 min [nsf p1 chunk 10/10]
  batch 11000/25650 | loss -9.5790 | eta 3.6 min [nsf p1 chunk 10/10]
  batch 12000/25650 | loss -9.5761 | eta 3.3 min [nsf p1 chunk 10/10]
  batch 13000/25650 | loss -9.5765 | eta 3.1 min [nsf p1 chunk 10/10]
  batch 14000/25650 | loss -9.5792 | eta 2.8 min [nsf p1 chunk 10/10]
  batch 15000/25650 | loss -9.5807 | eta 2.6 min [nsf p1 chunk 10/10]
  batch 16000/25650 | loss -9.5831 | eta 2.3 min [nsf p1 chunk 10/10]
  batch 17000/25650 | loss -9.5841 | eta 2.1 min [nsf p1 chunk 10/10]
  batch 18000/25650 | loss -9.5853 | eta 1.8 min [nsf p1 chunk 10/10]
  batch 19000/25650 | loss -9.5863 | eta 1.6 min [nsf p1 chunk 10/10]
  batch 20000/25650 | loss -9.5875 | eta 1.4 min [nsf p1 chunk 10/10]
  batch 21000/25650 | loss -9.5867 | eta 1.1 min [nsf p1 chunk 10/10]
  batch 22000/25650 | loss -9.5869 | eta 0.9 min [nsf p1 chunk 10/10]
  batch 23000/25650 | loss -9.5879 | eta 0.7 min [nsf p1 chunk 10/10]
  batch 24000/25650 | loss -9.5893 | eta 0.4 min [nsf p1 chunk 10/10]
  batch 25000/25650 | loss -9.5919 | eta 0.2 min [nsf p1 chunk 10/10]
[nsf|p1] chunk 10/10 | train -9.5909 | val -8.4935
  batch 1000/51300 | loss -10.2553 | eta 12.1 min [nsf p2 chunk 1/5]
  batch 2000/51300 | loss -10.2560 | eta 11.8 min [nsf p2 chunk 1/5]
  batch 3000/51300 | loss -10.2734 | eta 11.5 min [nsf p2 chunk 1/5]
  batch 4000/51300 | loss -10.2763 | eta 11.4 min [nsf p2 chunk 1/5]
  batch 5000/51300 | loss -10.2845 | eta 11.2 min [nsf p2 chunk 1/5]
  batch 6000/51300 | loss -10.2898 | eta 10.8 min [nsf p2 chunk 1/5]
  batch 7000/51300 | loss -10.2919 | eta 10.7 min [nsf p2 chunk 1/5]
  batch 8000/51300 | loss -10.2934 | eta 10.5 min [nsf p2 chunk 1/5]
  batch 9000/51300 | loss -10.2947 | eta 10.6 min [nsf p2 chunk 1/5]
  batch 10000/51300 | loss -10.2938 | eta 10.0 min [nsf p2 chunk 1/5]
  batch 11000/51300 | loss -10.2978 | eta 9.8 min [nsf p2 chunk 1/5]
  batch 12000/51300 | loss -10.3056 | eta 9.5 min [nsf p2 chunk 1/5]
  batch 13000/51300 | loss -10.3078 | eta 9.2 min [nsf p2 chunk 1/5]
  batch 14000/51300 | loss -10.3101 | eta 9.1 min [nsf p2 chunk 1/5]
  batch 15000/51300 | loss -10.3129 | eta 8.9 min [nsf p2 chunk 1/5]
  batch 16000/51300 | loss -10.3150 | eta 8.6 min [nsf p2 chunk 1/5]
  batch 17000/51300 | loss -10.3179 | eta 8.2 min [nsf p2 chunk 1/5]
  batch 18000/51300 | loss -10.3199 | eta 8.5 min [nsf p2 chunk 1/5]
  batch 19000/51300 | loss -10.3201 | eta 8.1 min [nsf p2 chunk 1/5]
  batch 20000/51300 | loss -10.3206 | eta 7.6 min [nsf p2 chunk 1/5]
  batch 21000/51300 | loss -10.3209 | eta 7.3 min [nsf p2 chunk 1/5]
  batch 22000/51300 | loss -10.3223 | eta 7.2 min [nsf p2 chunk 1/5]
  batch 23000/51300 | loss -10.3241 | eta 6.8 min [nsf p2 chunk 1/5]
  batch 24000/51300 | loss -10.3254 | eta 6.5 min [nsf p2 chunk 1/5]
  batch 25000/51300 | loss -10.3265 | eta 6.6 min [nsf p2 chunk 1/5]
  batch 26000/51300 | loss -10.3271 | eta 6.1 min [nsf p2 chunk 1/5]
  batch 27000/51300 | loss -10.3280 | eta 5.8 min [nsf p2 chunk 1/5]
  batch 28000/51300 | loss -10.3279 | eta 5.6 min [nsf p2 chunk 1/5]
  batch 29000/51300 | loss -10.3290 | eta 5.5 min [nsf p2 chunk 1/5]
  batch 30000/51300 | loss -10.3309 | eta 5.2 min [nsf p2 chunk 1/5]
  batch 31000/51300 | loss -10.3325 | eta 4.9 min [nsf p2 chunk 1/5]
  batch 32000/51300 | loss -10.3328 | eta 4.6 min [nsf p2 chunk 1/5]
  batch 33000/51300 | loss -10.3337 | eta 4.5 min [nsf p2 chunk 1/5]
  batch 34000/51300 | loss -10.3343 | eta 4.2 min [nsf p2 chunk 1/5]
  batch 35000/51300 | loss -10.3352 | eta 4.0 min [nsf p2 chunk 1/5]
  batch 36000/51300 | loss -10.3370 | eta 3.7 min [nsf p2 chunk 1/5]
  batch 37000/51300 | loss -10.3374 | eta 3.5 min [nsf p2 chunk 1/5]
  batch 38000/51300 | loss -10.3378 | eta 3.2 min [nsf p2 chunk 1/5]
  batch 39000/51300 | loss -10.3379 | eta 3.0 min [nsf p2 chunk 1/5]
  batch 40000/51300 | loss -10.3391 | eta 2.8 min [nsf p2 chunk 1/5]
  batch 41000/51300 | loss -10.3404 | eta 2.5 min [nsf p2 chunk 1/5]
  batch 42000/51300 | loss -10.3414 | eta 2.3 min [nsf p2 chunk 1/5]
  batch 43000/51300 | loss -10.3416 | eta 2.0 min [nsf p2 chunk 1/5]
  batch 44000/51300 | loss -10.3419 | eta 1.7 min [nsf p2 chunk 1/5]
  batch 45000/51300 | loss -10.3417 | eta 1.5 min [nsf p2 chunk 1/5]
  batch 46000/51300 | loss -10.3422 | eta 1.3 min [nsf p2 chunk 1/5]
  batch 47000/51300 | loss -10.3426 | eta 1.0 min [nsf p2 chunk 1/5]
  batch 48000/51300 | loss -10.3427 | eta 0.8 min [nsf p2 chunk 1/5]
  batch 49000/51300 | loss -10.3434 | eta 0.6 min [nsf p2 chunk 1/5]
  batch 50000/51300 | loss -10.3442 | eta 0.3 min [nsf p2 chunk 1/5]
  batch 51000/51300 | loss -10.3446 | eta 0.1 min [nsf p2 chunk 1/5]
[nsf|p2] chunk 1/5 | train -10.3445 | val -9.3419
  saved best (-9.3419) -> /gscratch/ddehiwalage-don/sbi_master/cnn_vmim_/n1_jitter/seed_s2/nle/standard_t/nsf
  batch 1000/51300 | loss -10.3988 | eta 12.3 min [nsf p2 chunk 2/5]
  batch 2000/51300 | loss -10.3825 | eta 11.8 min [nsf p2 chunk 2/5]
  batch 3000/51300 | loss -10.3749 | eta 11.8 min [nsf p2 chunk 2/5]
  batch 4000/51300 | loss -10.3732 | eta 11.3 min [nsf p2 chunk 2/5]
  batch 5000/51300 | loss -10.3678 | eta 11.1 min [nsf p2 chunk 2/5]
  batch 6000/51300 | loss -10.3719 | eta 11.2 min [nsf p2 chunk 2/5]
  batch 7000/51300 | loss -10.3756 | eta 10.9 min [nsf p2 chunk 2/5]
  batch 8000/51300 | loss -10.3731 | eta 10.4 min [nsf p2 chunk 2/5]
  batch 9000/51300 | loss -10.3736 | eta 10.1 min [nsf p2 chunk 2/5]
  batch 10000/51300 | loss -10.3767 | eta 9.9 min [nsf p2 chunk 2/5]
  batch 11000/51300 | loss -10.3784 | eta 9.6 min [nsf p2 chunk 2/5]
  batch 12000/51300 | loss -10.3793 | eta 9.4 min [nsf p2 chunk 2/5]
  batch 13000/51300 | loss -10.3795 | eta 9.2 min [nsf p2 chunk 2/5]
  batch 14000/51300 | loss -10.3795 | eta 9.1 min [nsf p2 chunk 2/5]
  batch 15000/51300 | loss -10.3820 | eta 8.8 min [nsf p2 chunk 2/5]
  batch 16000/51300 | loss -10.3833 | eta 8.6 min [nsf p2 chunk 2/5]
  batch 17000/51300 | loss -10.3838 | eta 8.3 min [nsf p2 chunk 2/5]
  batch 18000/51300 | loss -10.3846 | eta 8.0 min [nsf p2 chunk 2/5]
  batch 19000/51300 | loss -10.3834 | eta 7.8 min [nsf p2 chunk 2/5]
  batch 20000/51300 | loss -10.3833 | eta 7.7 min [nsf p2 chunk 2/5]
  batch 21000/51300 | loss -10.3842 | eta 7.3 min [nsf p2 chunk 2/5]
  batch 22000/51300 | loss -10.3852 | eta 7.0 min [nsf p2 chunk 2/5]
  batch 23000/51300 | loss -10.3873 | eta 6.8 min [nsf p2 chunk 2/5]
  batch 24000/51300 | loss -10.3881 | eta 6.6 min [nsf p2 chunk 2/5]
  batch 25000/51300 | loss -10.3887 | eta 6.3 min [nsf p2 chunk 2/5]
  batch 26000/51300 | loss -10.3882 | eta 6.0 min [nsf p2 chunk 2/5]
  batch 27000/51300 | loss -10.3877 | eta 6.0 min [nsf p2 chunk 2/5]
  batch 28000/51300 | loss -10.3877 | eta 5.6 min [nsf p2 chunk 2/5]
  batch 29000/51300 | loss -10.3882 | eta 5.4 min [nsf p2 chunk 2/5]
  batch 30000/51300 | loss -10.3895 | eta 5.1 min [nsf p2 chunk 2/5]
  batch 31000/51300 | loss -10.3894 | eta 4.8 min [nsf p2 chunk 2/5]
  batch 32000/51300 | loss -10.3897 | eta 4.6 min [nsf p2 chunk 2/5]
  batch 33000/51300 | loss -10.3896 | eta 4.4 min [nsf p2 chunk 2/5]
  batch 34000/51300 | loss -10.3896 | eta 4.2 min [nsf p2 chunk 2/5]
  batch 35000/51300 | loss -10.3902 | eta 3.9 min [nsf p2 chunk 2/5]
  batch 36000/51300 | loss -10.3900 | eta 3.7 min [nsf p2 chunk 2/5]
  batch 37000/51300 | loss -10.3904 | eta 3.5 min [nsf p2 chunk 2/5]
  batch 38000/51300 | loss -10.3903 | eta 3.2 min [nsf p2 chunk 2/5]
  batch 39000/51300 | loss -10.3908 | eta 3.0 min [nsf p2 chunk 2/5]
  batch 40000/51300 | loss -10.3916 | eta 2.7 min [nsf p2 chunk 2/5]
  batch 41000/51300 | loss -10.3923 | eta 2.5 min [nsf p2 chunk 2/5]
  batch 42000/51300 | loss -10.3920 | eta 2.3 min [nsf p2 chunk 2/5]
  batch 43000/51300 | loss -10.3929 | eta 2.0 min [nsf p2 chunk 2/5]
  batch 44000/51300 | loss -10.3930 | eta 1.8 min [nsf p2 chunk 2/5]
  batch 45000/51300 | loss -10.3929 | eta 1.6 min [nsf p2 chunk 2/5]
  batch 46000/51300 | loss -10.3937 | eta 1.3 min [nsf p2 chunk 2/5]
  batch 47000/51300 | loss -10.3936 | eta 1.0 min [nsf p2 chunk 2/5]
  batch 48000/51300 | loss -10.3941 | eta 0.8 min [nsf p2 chunk 2/5]
  batch 49000/51300 | loss -10.3943 | eta 0.6 min [nsf p2 chunk 2/5]
  batch 50000/51300 | loss -10.3951 | eta 0.3 min [nsf p2 chunk 2/5]
  batch 51000/51300 | loss -10.3955 | eta 0.1 min [nsf p2 chunk 2/5]
[nsf|p2] chunk 2/5 | train -10.3955 | val -9.3164
  batch 1000/51300 | loss -10.4151 | eta 12.2 min [nsf p2 chunk 3/5]
  batch 2000/51300 | loss -10.3909 | eta 12.0 min [nsf p2 chunk 3/5]
  batch 3000/51300 | loss -10.3992 | eta 11.6 min [nsf p2 chunk 3/5]
  batch 4000/51300 | loss -10.4045 | eta 11.5 min [nsf p2 chunk 3/5]
  batch 5000/51300 | loss -10.4090 | eta 11.3 min [nsf p2 chunk 3/5]
  batch 6000/51300 | loss -10.4135 | eta 10.8 min [nsf p2 chunk 3/5]
  batch 7000/51300 | loss -10.4127 | eta 10.7 min [nsf p2 chunk 3/5]
  batch 8000/51300 | loss -10.4138 | eta 10.6 min [nsf p2 chunk 3/5]
  batch 9000/51300 | loss -10.4157 | eta 10.3 min [nsf p2 chunk 3/5]
  batch 10000/51300 | loss -10.4167 | eta 9.9 min [nsf p2 chunk 3/5]
  batch 11000/51300 | loss -10.4125 | eta 9.9 min [nsf p2 chunk 3/5]
  batch 12000/51300 | loss -10.4113 | eta 9.7 min [nsf p2 chunk 3/5]
  batch 13000/51300 | loss -10.4108 | eta 9.3 min [nsf p2 chunk 3/5]
  batch 14000/51300 | loss -10.4115 | eta 9.0 min [nsf p2 chunk 3/5]
  batch 15000/51300 | loss -10.4122 | eta 8.9 min [nsf p2 chunk 3/5]
  batch 16000/51300 | loss -10.4122 | eta 8.5 min [nsf p2 chunk 3/5]
  batch 17000/51300 | loss -10.4138 | eta 8.3 min [nsf p2 chunk 3/5]
  batch 18000/51300 | loss -10.4139 | eta 8.1 min [nsf p2 chunk 3/5]
  batch 19000/51300 | loss -10.4168 | eta 8.0 min [nsf p2 chunk 3/5]
  batch 20000/51300 | loss -10.4149 | eta 7.6 min [nsf p2 chunk 3/5]
  batch 21000/51300 | loss -10.4137 | eta 7.5 min [nsf p2 chunk 3/5]
  batch 22000/51300 | loss -10.4154 | eta 7.1 min [nsf p2 chunk 3/5]
  batch 23000/51300 | loss -10.4153 | eta 7.0 min [nsf p2 chunk 3/5]
  batch 24000/51300 | loss -10.4154 | eta 6.6 min [nsf p2 chunk 3/5]
  batch 25000/51300 | loss -10.4157 | eta 6.6 min [nsf p2 chunk 3/5]
  batch 26000/51300 | loss -10.4156 | eta 6.2 min [nsf p2 chunk 3/5]
  batch 27000/51300 | loss -10.4172 | eta 6.0 min [nsf p2 chunk 3/5]
  batch 28000/51300 | loss -10.4178 | eta 5.7 min [nsf p2 chunk 3/5]
  batch 29000/51300 | loss -10.4180 | eta 5.4 min [nsf p2 chunk 3/5]
  batch 30000/51300 | loss -10.4187 | eta 5.3 min [nsf p2 chunk 3/5]
  batch 31000/51300 | loss -10.4194 | eta 5.0 min [nsf p2 chunk 3/5]
  batch 32000/51300 | loss -10.4181 | eta 4.7 min [nsf p2 chunk 3/5]
  batch 33000/51300 | loss -10.4182 | eta 4.5 min [nsf p2 chunk 3/5]
  batch 34000/51300 | loss -10.4175 | eta 4.2 min [nsf p2 chunk 3/5]
  batch 35000/51300 | loss -10.4177 | eta 4.0 min [nsf p2 chunk 3/5]
  batch 36000/51300 | loss -10.4180 | eta 3.8 min [nsf p2 chunk 3/5]
  batch 37000/51300 | loss -10.4176 | eta 3.5 min [nsf p2 chunk 3/5]
  batch 38000/51300 | loss -10.4186 | eta 3.3 min [nsf p2 chunk 3/5]
  batch 39000/51300 | loss -10.4195 | eta 3.1 min [nsf p2 chunk 3/5]
  batch 40000/51300 | loss -10.4199 | eta 2.7 min [nsf p2 chunk 3/5]
  batch 41000/51300 | loss -10.4208 | eta 2.5 min [nsf p2 chunk 3/5]
  batch 42000/51300 | loss -10.4220 | eta 2.3 min [nsf p2 chunk 3/5]
  batch 43000/51300 | loss -10.4224 | eta 2.0 min [nsf p2 chunk 3/5]
  batch 44000/51300 | loss -10.4231 | eta 1.8 min [nsf p2 chunk 3/5]
  batch 45000/51300 | loss -10.4234 | eta 1.5 min [nsf p2 chunk 3/5]
  batch 46000/51300 | loss -10.4246 | eta 1.3 min [nsf p2 chunk 3/5]
  batch 47000/51300 | loss -10.4243 | eta 1.0 min [nsf p2 chunk 3/5]
  batch 48000/51300 | loss -10.4251 | eta 0.8 min [nsf p2 chunk 3/5]
  batch 49000/51300 | loss -10.4248 | eta 0.6 min [nsf p2 chunk 3/5]
  batch 50000/51300 | loss -10.4252 | eta 0.3 min [nsf p2 chunk 3/5]
  batch 51000/51300 | loss -10.4254 | eta 0.1 min [nsf p2 chunk 3/5]
[nsf|p2] chunk 3/5 | train -10.4257 | val -9.3440
  saved best (-9.3440) -> /gscratch/ddehiwalage-don/sbi_master/cnn_vmim_/n1_jitter/seed_s2/nle/standard_t/nsf
  batch 1000/51300 | loss -10.4554 | eta 12.5 min [nsf p2 chunk 4/5]
  batch 2000/51300 | loss -10.4287 | eta 12.2 min [nsf p2 chunk 4/5]
  batch 3000/51300 | loss -10.4322 | eta 11.6 min [nsf p2 chunk 4/5]
  batch 4000/51300 | loss -10.4377 | eta 11.3 min [nsf p2 chunk 4/5]
  batch 5000/51300 | loss -10.4404 | eta 11.3 min [nsf p2 chunk 4/5]
  batch 6000/51300 | loss -10.4394 | eta 10.9 min [nsf p2 chunk 4/5]
  batch 7000/51300 | loss -10.4374 | eta 10.8 min [nsf p2 chunk 4/5]
  batch 8000/51300 | loss -10.4395 | eta 10.4 min [nsf p2 chunk 4/5]
  batch 9000/51300 | loss -10.4400 | eta 10.3 min [nsf p2 chunk 4/5]
  batch 10000/51300 | loss -10.4363 | eta 10.0 min [nsf p2 chunk 4/5]
  batch 11000/51300 | loss -10.4377 | eta 9.7 min [nsf p2 chunk 4/5]
  batch 12000/51300 | loss -10.4399 | eta 9.6 min [nsf p2 chunk 4/5]
  batch 13000/51300 | loss -10.4429 | eta 9.1 min [nsf p2 chunk 4/5]
  batch 14000/51300 | loss -10.4407 | eta 9.0 min [nsf p2 chunk 4/5]
  batch 15000/51300 | loss -10.4421 | eta 8.7 min [nsf p2 chunk 4/5]
  batch 16000/51300 | loss -10.4417 | eta 8.4 min [nsf p2 chunk 4/5]
  batch 17000/51300 | loss -10.4432 | eta 8.3 min [nsf p2 chunk 4/5]
  batch 18000/51300 | loss -10.4434 | eta 8.0 min [nsf p2 chunk 4/5]
  batch 19000/51300 | loss -10.4448 | eta 7.8 min [nsf p2 chunk 4/5]
  batch 20000/51300 | loss -10.4450 | eta 7.6 min [nsf p2 chunk 4/5]
  batch 21000/51300 | loss -10.4447 | eta 7.3 min [nsf p2 chunk 4/5]
  batch 22000/51300 | loss -10.4453 | eta 7.0 min [nsf p2 chunk 4/5]
  batch 23000/51300 | loss -10.4435 | eta 6.9 min [nsf p2 chunk 4/5]
  batch 24000/51300 | loss -10.4424 | eta 6.7 min [nsf p2 chunk 4/5]
  batch 25000/51300 | loss -10.4429 | eta 6.4 min [nsf p2 chunk 4/5]
  batch 26000/51300 | loss -10.4421 | eta 6.3 min [nsf p2 chunk 4/5]
  batch 27000/51300 | loss -10.4416 | eta 5.8 min [nsf p2 chunk 4/5]
  batch 28000/51300 | loss -10.4423 | eta 5.8 min [nsf p2 chunk 4/5]
  batch 29000/51300 | loss -10.4404 | eta 5.5 min [nsf p2 chunk 4/5]
  batch 30000/51300 | loss -10.4404 | eta 5.2 min [nsf p2 chunk 4/5]
  batch 31000/51300 | loss -10.4406 | eta 5.0 min [nsf p2 chunk 4/5]
  batch 32000/51300 | loss -10.4410 | eta 4.7 min [nsf p2 chunk 4/5]
  batch 33000/51300 | loss -10.4418 | eta 4.4 min [nsf p2 chunk 4/5]
  batch 34000/51300 | loss -10.4409 | eta 4.2 min [nsf p2 chunk 4/5]
  batch 35000/51300 | loss -10.4415 | eta 4.0 min [nsf p2 chunk 4/5]
  batch 36000/51300 | loss -10.4411 | eta 3.7 min [nsf p2 chunk 4/5]
  batch 37000/51300 | loss -10.4424 | eta 3.4 min [nsf p2 chunk 4/5]
  batch 38000/51300 | loss -10.4422 | eta 3.2 min [nsf p2 chunk 4/5]
  batch 39000/51300 | loss -10.4418 | eta 3.0 min [nsf p2 chunk 4/5]
  batch 40000/51300 | loss -10.4417 | eta 2.8 min [nsf p2 chunk 4/5]
  batch 41000/51300 | loss -10.4424 | eta 2.6 min [nsf p2 chunk 4/5]
  batch 42000/51300 | loss -10.4424 | eta 2.3 min [nsf p2 chunk 4/5]
  batch 43000/51300 | loss -10.4427 | eta 2.0 min [nsf p2 chunk 4/5]
  batch 44000/51300 | loss -10.4426 | eta 1.8 min [nsf p2 chunk 4/5]
  batch 45000/51300 | loss -10.4436 | eta 1.5 min [nsf p2 chunk 4/5]
  batch 46000/51300 | loss -10.4444 | eta 1.3 min [nsf p2 chunk 4/5]
  batch 47000/51300 | loss -10.4443 | eta 1.0 min [nsf p2 chunk 4/5]
  batch 48000/51300 | loss -10.4449 | eta 0.8 min [nsf p2 chunk 4/5]
  batch 49000/51300 | loss -10.4458 | eta 0.6 min [nsf p2 chunk 4/5]
  batch 50000/51300 | loss -10.4460 | eta 0.3 min [nsf p2 chunk 4/5]
  batch 51000/51300 | loss -10.4460 | eta 0.1 min [nsf p2 chunk 4/5]
[nsf|p2] chunk 4/5 | train -10.4462 | val -9.3105
  batch 1000/51300 | loss -10.4644 | eta 12.4 min [nsf p2 chunk 5/5]
  batch 2000/51300 | loss -10.4555 | eta 11.9 min [nsf p2 chunk 5/5]
  batch 3000/51300 | loss -10.4462 | eta 11.8 min [nsf p2 chunk 5/5]
  batch 4000/51300 | loss -10.4556 | eta 11.5 min [nsf p2 chunk 5/5]
  batch 5000/51300 | loss -10.4556 | eta 11.4 min [nsf p2 chunk 5/5]
  batch 6000/51300 | loss -10.4566 | eta 11.1 min [nsf p2 chunk 5/5]
  batch 7000/51300 | loss -10.4570 | eta 10.6 min [nsf p2 chunk 5/5]
  batch 8000/51300 | loss -10.4551 | eta 10.5 min [nsf p2 chunk 5/5]
  batch 9000/51300 | loss -10.4522 | eta 10.3 min [nsf p2 chunk 5/5]
  batch 10000/51300 | loss -10.4523 | eta 10.3 min [nsf p2 chunk 5/5]
  batch 11000/51300 | loss -10.4539 | eta 9.7 min [nsf p2 chunk 5/5]
  batch 12000/51300 | loss -10.4548 | eta 9.7 min [nsf p2 chunk 5/5]
  batch 13000/51300 | loss -10.4576 | eta 9.6 min [nsf p2 chunk 5/5]
  batch 14000/51300 | loss -10.4582 | eta 9.2 min [nsf p2 chunk 5/5]
  batch 15000/51300 | loss -10.4582 | eta 8.9 min [nsf p2 chunk 5/5]
  batch 16000/51300 | loss -10.4573 | eta 8.7 min [nsf p2 chunk 5/5]
  batch 17000/51300 | loss -10.4576 | eta 8.3 min [nsf p2 chunk 5/5]
  batch 18000/51300 | loss -10.4581 | eta 8.2 min [nsf p2 chunk 5/5]
  batch 19000/51300 | loss -10.4580 | eta 7.9 min [nsf p2 chunk 5/5]
  batch 20000/51300 | loss -10.4573 | eta 7.5 min [nsf p2 chunk 5/5]
  batch 21000/51300 | loss -10.4566 | eta 7.3 min [nsf p2 chunk 5/5]
  batch 22000/51300 | loss -10.4552 | eta 7.2 min [nsf p2 chunk 5/5]
  batch 23000/51300 | loss -10.4573 | eta 6.8 min [nsf p2 chunk 5/5]
  batch 24000/51300 | loss -10.4571 | eta 6.6 min [nsf p2 chunk 5/5]
  batch 25000/51300 | loss -10.4558 | eta 6.4 min [nsf p2 chunk 5/5]
  batch 26000/51300 | loss -10.4552 | eta 6.1 min [nsf p2 chunk 5/5]
  batch 27000/51300 | loss -10.4549 | eta 5.9 min [nsf p2 chunk 5/5]
  batch 28000/51300 | loss -10.4548 | eta 5.6 min [nsf p2 chunk 5/5]
  batch 29000/51300 | loss -10.4539 | eta 5.4 min [nsf p2 chunk 5/5]
  batch 30000/51300 | loss -10.4554 | eta 5.2 min [nsf p2 chunk 5/5]
  batch 31000/51300 | loss -10.4571 | eta 5.0 min [nsf p2 chunk 5/5]
  batch 32000/51300 | loss -10.4583 | eta 4.7 min [nsf p2 chunk 5/5]
  batch 33000/51300 | loss -10.4581 | eta 4.5 min [nsf p2 chunk 5/5]
  batch 34000/51300 | loss -10.4567 | eta 4.3 min [nsf p2 chunk 5/5]
  batch 35000/51300 | loss -10.4569 | eta 4.0 min [nsf p2 chunk 5/5]
  batch 36000/51300 | loss -10.4570 | eta 3.7 min [nsf p2 chunk 5/5]
  batch 37000/51300 | loss -10.4574 | eta 3.6 min [nsf p2 chunk 5/5]
  batch 38000/51300 | loss -10.4575 | eta 3.2 min [nsf p2 chunk 5/5]
  batch 39000/51300 | loss -10.4579 | eta 3.0 min [nsf p2 chunk 5/5]
  batch 40000/51300 | loss -10.4580 | eta 2.8 min [nsf p2 chunk 5/5]
  batch 41000/51300 | loss -10.4579 | eta 2.6 min [nsf p2 chunk 5/5]
  batch 42000/51300 | loss -10.4579 | eta 2.3 min [nsf p2 chunk 5/5]
  batch 43000/51300 | loss -10.4583 | eta 2.0 min [nsf p2 chunk 5/5]
  batch 44000/51300 | loss -10.4581 | eta 1.8 min [nsf p2 chunk 5/5]
  batch 45000/51300 | loss -10.4590 | eta 1.5 min [nsf p2 chunk 5/5]
  batch 46000/51300 | loss -10.4592 | eta 1.3 min [nsf p2 chunk 5/5]
  batch 47000/51300 | loss -10.4594 | eta 1.0 min [nsf p2 chunk 5/5]
  batch 48000/51300 | loss -10.4593 | eta 0.8 min [nsf p2 chunk 5/5]
  batch 49000/51300 | loss -10.4588 | eta 0.6 min [nsf p2 chunk 5/5]
  batch 50000/51300 | loss -10.4594 | eta 0.3 min [nsf p2 chunk 5/5]
  batch 51000/51300 | loss -10.4597 | eta 0.1 min [nsf p2 chunk 5/5]
[nsf|p2] chunk 5/5 | train -10.4596 | val -9.2347
[nsf] done. best val NLL -9.3440

===== summary [standard_t] (best val NLL) =====
  nsf     -9.3440
