[stage3] arm=cnn_vmim_/n1/seed_s4  nle=/gscratch/ddehiwalage-don/sbi_master/cnn_vmim_/n1/seed_s4/nle
[NLE] scope=standard_t family=nsf loaded from /gscratch/ddehiwalage-don/sbi_master/cnn_vmim_/n1/seed_s4/nle/standard_t/nsf
targets this task: 151 | family=standard_t_nsf | chains -> /gscratch/ddehiwalage-don/sbi_master/cnn_vmim_/n1/seed_s4/chains/standard_t_nsf
skip SBC_CHAINS_cnn_vmim__n1_seed_s4_sim1921_row1532106_noise4646_4825_5004
skip SBC_CHAINS_cnn_vmim__n1_seed_s4_sim2859_row2454550_noise9430_9609_9788
skip SBC_CHAINS_cnn_vmim__n1_seed_s4_sim2907_row2502394_noise8134_8313_8492
skip SBC_CHAINS_cnn_vmim__n1_seed_s4_sim1978_row1589578_noise3150_3329_3508
skip SBC_CHAINS_cnn_vmim__n1_seed_s4_sim2463_row2062311_noise6311_6490_6669
skip SBC_CHAINS_cnn_vmim__n1_seed_s4_sim951_row900776_noise8288_8467_8646
skip SBC_CHAINS_cnn_vmim__n1_seed_s4_sim682_row633814_noise4682_4861_5040
skip SBC_CHAINS_cnn_vmim__n1_seed_s4_sim1189_row1007200_noise12_191_370
skip SBC_CHAINS_cnn_vmim__n1_seed_s4_sim2943_row2538268_noise4696_4875_5054
skip SBC_CHAINS_cnn_vmim__n1_seed_s4_sim873_row822256_noise8392_8571_8750
skip SBC_CHAINS_cnn_vmim__n1_seed_s4_sim884_row833666_noise146_325_504
skip SBC_CHAINS_cnn_vmim__n1_seed_s4_sim1419_row1201936_noise4704_4883_5062
skip SBC_CHAINS_cnn_vmim__n1_seed_s4_sim1424_row1206426_noise9194_9373_9552
skip SBC_CHAINS_cnn_vmim__n1_seed_s4_sim110_row109891_noise2783_2962_3141
skip SBC_CHAINS_cnn_vmim__n1_seed_s4_sim952_row901437_noise8949_9128_9307
skip SBC_CHAINS_cnn_vmim__n1_seed_s4_sim2944_row2539211_noise5639_5818_5997
skip SBC_CHAINS_cnn_vmim__n1_seed_s4_sim836_row785525_noise1145_1324_1503
skip SBC_CHAINS_cnn_vmim__n1_seed_s4_sim1531_row1308647_noise8307_8486_8665
skip SBC_CHAINS_cnn_vmim__n1_seed_s4_sim135_row126316_noise7552_7731_7910
skip SBC_CHAINS_cnn_vmim__n1_seed_s4_sim3081_row2676400_noise5236_5415_5594
skip SBC_CHAINS_cnn_vmim__n1_seed_s4_sim2901_row2496488_noise2228_2407_2586
skip SBC_CHAINS_cnn_vmim__n1_seed_s4_sim214_row200506_noise8118_8297_8476
skip SBC_CHAINS_cnn_vmim__n1_seed_s4_sim1996_row1607999_noise1915_2094_2273
skip SBC_CHAINS_cnn_vmim__n1_seed_s4_sim820_row769936_noise5212_5391_5570
skip SBC_CHAINS_cnn_vmim__n1_seed_s4_sim739_row688581_noise2481_2660_2839
skip SBC_CHAINS_cnn_vmim__n1_seed_s4_sim878_row827901_noise4209_4388_4567
skip SBC_CHAINS_cnn_vmim__n1_seed_s4_sim2552_row2151519_noise7067_7246_7425
skip SBC_CHAINS_cnn_vmim__n1_seed_s4_sim3093_row2688026_noise7034_7213_7392
skip SBC_CHAINS_cnn_vmim__n1_seed_s4_sim2455_row2054153_noise7981_8160_8339
skip SBC_CHAINS_cnn_vmim__n1_seed_s4_sim950_row899914_noise7426_7605_7784
skip SBC_CHAINS_cnn_vmim__n1_seed_s4_sim2984_row2579299_noise6415_6594_6773
skip SBC_CHAINS_cnn_vmim__n1_seed_s4_sim2872_row2467754_noise2978_3157_3336
skip SBC_CHAINS_cnn_vmim__n1_seed_s4_sim1993_row1604277_noise8021_8200_8379
skip SBC_CHAINS_cnn_vmim__n1_seed_s4_sim199_row185427_noise2867_3046_3225
skip SBC_CHAINS_cnn_vmim__n1_seed_s4_sim885_row834312_noise792_971_1150
skip SBC_CHAINS_cnn_vmim__n1_seed_s4_sim346_row332956_noise2976_3155_3334
skip SBC_CHAINS_cnn_vmim__n1_seed_s4_sim2458_row2057485_noise1485_1664_1843
skip SBC_CHAINS_cnn_vmim__n1_seed_s4_sim343_row329637_noise9485_9664_15
skip SBC_CHAINS_cnn_vmim__n1_seed_s4_sim1195_row1013358_noise6170_6349_6528
skip SBC_CHAINS_cnn_vmim__n1_seed_s4_sim207_row193414_noise1026_1205_1384
skip SBC_CHAINS_cnn_vmim__n1_seed_s4_sim1312_row1121189_noise5065_5244_5423
skip SBC_CHAINS_cnn_vmim__n1_seed_s4_sim2611_row2210532_noise7112_7291_7470
skip SBC_CHAINS_cnn_vmim__n1_seed_s4_sim2476_row2075973_noise317_496_675
skip SBC_CHAINS_cnn_vmim__n1_seed_s4_sim1432_row1214123_noise7063_7242_7421
skip SBC_CHAINS_cnn_vmim__n1_seed_s4_sim2854_row2449441_noise4321_4500_4679
skip SBC_CHAINS_cnn_vmim__n1_seed_s4_sim2620_row2219961_noise6713_6892_7071
skip SBC_CHAINS_cnn_vmim__n1_seed_s4_sim2541_row2140805_noise6181_6360_6539
skip SBC_CHAINS_cnn_vmim__n1_seed_s4_sim1756_row1509799_noise7415_7594_7773
skip SBC_CHAINS_cnn_vmim__n1_seed_s4_sim1231_row1049524_noise3024_3203_3382
skip SBC_CHAINS_cnn_vmim__n1_seed_s4_sim1453_row1235411_noise8695_8874_9053
skip SBC_CHAINS_cnn_vmim__n1_seed_s4_sim2398_row1997831_noise799_978_1157
skip SBC_CHAINS_cnn_vmim__n1_seed_s4_sim2055_row1665265_noise1213_1392_1571
skip SBC_CHAINS_cnn_vmim__n1_seed_s4_sim652_row605737_noise4089_4268_4447
skip SBC_CHAINS_cnn_vmim__n1_seed_s4_sim3094_row2689117_noise8125_8304_8483
skip SBC_CHAINS_cnn_vmim__n1_seed_s4_sim2374_row1973204_noise5656_5835_6014
skip SBC_CHAINS_cnn_vmim__n1_seed_s4_sim325_row311710_noise1386_1565_1744
skip SBC_CHAINS_cnn_vmim__n1_seed_s4_sim970_row919448_noise7304_7483_7662
skip SBC_CHAINS_cnn_vmim__n1_seed_s4_sim1731_row1484028_noise1300_1479_1658
skip SBC_CHAINS_cnn_vmim__n1_seed_s4_sim274_row260056_noise8700_8879_9058
skip SBC_CHAINS_cnn_vmim__n1_seed_s4_sim3004_row2599459_noise6919_7098_7277
skip SBC_CHAINS_cnn_vmim__n1_seed_s4_sim271_row257310_noise5954_6133_6312
skip SBC_CHAINS_cnn_vmim__n1_seed_s4_sim1232_row1050307_noise3807_3986_4165
skip SBC_CHAINS_cnn_vmim__n1_seed_s4_sim742_row691140_noise5040_5219_5398
skip SBC_CHAINS_cnn_vmim__n1_seed_s4_sim2367_row1966342_noise8622_8801_8980
skip SBC_CHAINS_cnn_vmim__n1_seed_s4_sim1533_row1310693_noise525_704_883
skip SBC_CHAINS_cnn_vmim__n1_seed_s4_sim1994_row1605056_noise8800_8979_9158
skip SBC_CHAINS_cnn_vmim__n1_seed_s4_sim975_row924811_noise2839_3018_3197
skip SBC_CHAINS_cnn_vmim__n1_seed_s4_sim2902_row2497351_noise3091_3270_3449
skip SBC_CHAINS_cnn_vmim__n1_seed_s4_sim2011_row1622397_noise6485_6664_6843
skip SBC_CHAINS_cnn_vmim__n1_seed_s4_sim452_row430321_noise233_412_591
skip SBC_CHAINS_cnn_vmim__n1_seed_s4_sim2853_row2448375_noise3255_3434_3613
skip SBC_CHAINS_cnn_vmim__n1_seed_s4_sim2995_row2590054_noise7342_7521_7700
skip SBC_CHAINS_cnn_vmim__n1_seed_s4_sim921_row870549_noise7545_7724_7903
skip SBC_CHAINS_cnn_vmim__n1_seed_s4_sim178_row169670_noise1766_1945_2124
skip SBC_CHAINS_cnn_vmim__n1_seed_s4_sim962_row911270_noise8954_9133_9312
skip SBC_CHAINS_cnn_vmim__n1_seed_s4_sim673_row624627_noise5323_5502_5681
skip SBC_CHAINS_cnn_vmim__n1_seed_s4_sim2528_row2127459_noise2663_2842_3021
skip SBC_CHAINS_cnn_vmim__n1_seed_s4_sim2365_row1964408_noise6688_6867_7046
skip SBC_CHAINS_cnn_vmim__n1_seed_s4_sim910_row859642_noise6466_6645_6824
skip SBC_CHAINS_cnn_vmim__n1_seed_s4_sim428_row406915_noise6311_6490_6669
skip SBC_CHAINS_cnn_vmim__n1_seed_s4_sim1216_row1034406_noise7562_7741_7920
skip SBC_CHAINS_cnn_vmim__n1_seed_s4_sim289_row275122_noise4110_4289_4468
skip SBC_CHAINS_cnn_vmim__n1_seed_s4_sim2839_row2434295_noise8831_9010_9189
skip SBC_CHAINS_cnn_vmim__n1_seed_s4_sim3074_row2669123_noise7787_7966_8145
skip SBC_CHAINS_cnn_vmim__n1_seed_s4_sim826_row775349_noise797_976_1155
skip SBC_CHAINS_cnn_vmim__n1_seed_s4_sim886_row835795_noise2275_2454_2633
skip SBC_CHAINS_cnn_vmim__n1_seed_s4_sim3022_row2617953_noise5757_5936_6115
skip SBC_CHAINS_cnn_vmim__n1_seed_s4_sim2474_row2073468_noise7640_7819_7998
skip SBC_CHAINS_cnn_vmim__n1_seed_s4_sim2588_row2187658_noise3894_4073_4252
skip SBC_CHAINS_cnn_vmim__n1_seed_s4_sim685_row636543_noise7411_7590_7769
skip SBC_CHAINS_cnn_vmim__n1_seed_s4_sim3085_row2680362_noise9198_9377_9556
skip SBC_CHAINS_cnn_vmim__n1_seed_s4_sim2542_row2141145_noise6521_6700_6879
skip SBC_CHAINS_cnn_vmim__n1_seed_s4_sim640_row593102_noise1282_1461_1640
skip SBC_CHAINS_cnn_vmim__n1_seed_s4_sim3082_row2677109_noise5945_6124_6303
skip SBC_CHAINS_cnn_vmim__n1_seed_s4_sim2871_row2466823_noise2047_2226_2405
skip SBC_CHAINS_cnn_vmim__n1_seed_s4_sim2990_row2585572_noise2860_3039_3218
skip SBC_CHAINS_cnn_vmim__n1_seed_s4_sim2823_row2418855_noise3219_3398_3577
skip SBC_CHAINS_cnn_vmim__n1_seed_s4_sim754_row703535_noise7607_7786_7965
skip SBC_CHAINS_cnn_vmim__n1_seed_s4_sim1288_row1105153_noise685_864_1043
skip SBC_CHAINS_cnn_vmim__n1_seed_s4_sim116_row115960_noise8852_9031_9210
skip SBC_CHAINS_cnn_vmim__n1_seed_s4_sim364_row350166_noise530_709_888
skip SBC_CHAINS_cnn_vmim__n1_seed_s4_sim1761_row1514685_noise2473_2652_2831
skip SBC_CHAINS_cnn_vmim__n1_seed_s4_sim1502_row1279399_noise8543_8722_8901
skip SBC_CHAINS_cnn_vmim__n1_seed_s4_sim339_row325834_noise5682_5861_6040
skip SBC_CHAINS_cnn_vmim__n1_seed_s4_sim2461_row2060014_noise4014_4193_4372
skip SBC_CHAINS_cnn_vmim__n1_seed_s4_sim259_row245178_noise3650_3829_4008
skip SBC_CHAINS_cnn_vmim__n1_seed_s4_sim1207_row1025711_noise8695_8874_9053
skip SBC_CHAINS_cnn_vmim__n1_seed_s4_sim285_row271384_noise372_551_730
skip SBC_CHAINS_cnn_vmim__n1_seed_s4_sim440_row418505_noise8073_8252_8431
skip SBC_CHAINS_cnn_vmim__n1_seed_s4_sim2836_row2431968_noise6504_6683_6862
skip SBC_CHAINS_cnn_vmim__n1_seed_s4_sim2515_row2114111_noise8971_9150_9329
skip SBC_CHAINS_cnn_vmim__n1_seed_s4_sim2602_row2201353_noise7761_7940_8119
skip SBC_CHAINS_cnn_vmim__n1_seed_s4_sim2535_row2134052_noise9256_9435_9614
skip SBC_CHAINS_cnn_vmim__n1_seed_s4_sim1513_row1290294_noise9610_9789_140
skip SBC_CHAINS_cnn_vmim__n1_seed_s4_sim2637_row2236978_noise4074_4253_4432
skip SBC_CHAINS_cnn_vmim__n1_seed_s4_sim1527_row1304078_noise3738_3917_4096
skip SBC_CHAINS_cnn_vmim__n1_seed_s4_sim903_row852003_noise8655_8834_9013
skip SBC_CHAINS_cnn_vmim__n1_seed_s4_sim992_row941802_noise174_353_532
skip SBC_CHAINS_cnn_vmim__n1_seed_s4_sim2462_row2061324_noise5324_5503_5682
skip SBC_CHAINS_cnn_vmim__n1_seed_s4_sim1437_row1219102_noise2214_2393_2572
skip SBC_CHAINS_cnn_vmim__n1_seed_s4_sim1286_row1103713_noise9073_9252_9431
skip SBC_CHAINS_cnn_vmim__n1_seed_s4_sim2449_row2048779_noise2607_2786_2965
  step 0/1999 best -15.142
  step 50/1999 best 10.562
  step 100/1999 best 15.728
  step 150/1999 best 16.488
  step 200/1999 best 16.859
  step 250/1999 best 17.524
  step 300/1999 best 17.493
  step 350/1999 best 17.540
  step 400/1999 best 17.469
  step 450/1999 best 17.162
  step 500/1999 best 17.320
  step 550/1999 best 17.542
  step 600/1999 best 17.470
  step 650/1999 best 17.563
  step 700/1999 best 17.520
  step 750/1999 best 17.623
  step 800/1999 best 17.673
  step 850/1999 best 17.623
  step 900/1999 best 17.723
  step 950/1999 best 17.569
  step 1000/1999 best 17.707
  step 1050/1999 best 17.412
  step 1100/1999 best 17.564
  step 1150/1999 best 17.577
  step 1200/1999 best 17.640
  step 1250/1999 best 17.356
  step 1300/1999 best 17.636
  step 1350/1999 best 17.609
  step 1400/1999 best 17.693
  step 1450/1999 best 17.584
  step 1500/1999 best 17.696
  step 1550/1999 best 17.601
  step 1600/1999 best 17.446
  step 1650/1999 best 17.707
  step 1700/1999 best 17.468
  step 1750/1999 best 17.676
  step 1800/1999 best 17.633
  step 1850/1999 best 17.644
  step 1900/1999 best 17.506
  step 1950/1999 best 17.703
saved SBC_CHAINS_cnn_vmim__n1_seed_s4_sim1287_row1104531_noise63_242_421 (240000, 4) acc=0.191
  step 0/1999 best -17.456
  step 50/1999 best 12.892
  step 100/1999 best 14.393
  step 150/1999 best 17.083
  step 200/1999 best 16.601
  step 250/1999 best 16.976
  step 300/1999 best 17.161
  step 350/1999 best 16.993
  step 400/1999 best 17.137
  step 450/1999 best 17.054
  step 500/1999 best 17.097
  step 550/1999 best 17.094
  step 600/1999 best 17.043
  step 650/1999 best 16.858
  step 700/1999 best 17.088
  step 750/1999 best 17.086
  step 800/1999 best 17.085
  step 850/1999 best 16.982
  step 900/1999 best 17.026
  step 950/1999 best 17.027
  step 1000/1999 best 17.028
  step 1050/1999 best 17.047
  step 1100/1999 best 17.009
  step 1150/1999 best 17.023
  step 1200/1999 best 16.951
  step 1250/1999 best 17.102
  step 1300/1999 best 17.067
  step 1350/1999 best 17.030
  step 1400/1999 best 16.931
  step 1450/1999 best 16.957
  step 1500/1999 best 17.033
  step 1550/1999 best 17.087
  step 1600/1999 best 17.138
  step 1650/1999 best 17.009
  step 1700/1999 best 17.084
  step 1750/1999 best 17.047
  step 1800/1999 best 17.083
  step 1850/1999 best 17.142
  step 1900/1999 best 17.069
  step 1950/1999 best 16.992
saved SBC_CHAINS_cnn_vmim__n1_seed_s4_sim200_row186111_noise3551_3730_3909 (240000, 4) acc=0.344
  step 0/1999 best -20.130
  step 50/1999 best -2.091
  step 100/1999 best -0.498
  step 150/1999 best -0.271
  step 200/1999 best -0.077
  step 250/1999 best 1.564
  step 300/1999 best 5.817
  step 350/1999 best 6.760
  step 400/1999 best 7.920
  step 450/1999 best 8.935
  step 500/1999 best 9.948
  step 550/1999 best 12.577
  step 600/1999 best 11.477
  step 650/1999 best 12.763
  step 700/1999 best 14.035
  step 750/1999 best 13.693
  step 800/1999 best 13.707
  step 850/1999 best 13.405
  step 900/1999 best 13.405
  step 950/1999 best 14.018
  step 1000/1999 best 14.995
  step 1050/1999 best 15.032
  step 1100/1999 best 15.442
  step 1150/1999 best 15.134
  step 1200/1999 best 14.679
  step 1250/1999 best 15.010
  step 1300/1999 best 15.677
  step 1350/1999 best 15.439
  step 1400/1999 best 16.534
  step 1450/1999 best 16.429
  step 1500/1999 best 16.510
  step 1550/1999 best 16.888
  step 1600/1999 best 16.756
  step 1650/1999 best 16.461
  step 1700/1999 best 16.777
  step 1750/1999 best 16.759
  step 1800/1999 best 16.568
  step 1850/1999 best 16.428
  step 1900/1999 best 16.947
  step 1950/1999 best 16.523
saved SBC_CHAINS_cnn_vmim__n1_seed_s4_sim730_row679385_noise3113_3292_3471 (240000, 4) acc=0.157
  step 0/1999 best -14.883
  step 50/1999 best 1.857
  step 100/1999 best 8.857
  step 150/1999 best 15.342
  step 200/1999 best 16.308
  step 250/1999 best 17.071
  step 300/1999 best 17.334
  step 350/1999 best 17.192
  step 400/1999 best 17.330
  step 450/1999 best 17.343
  step 500/1999 best 17.289
  step 550/1999 best 17.315
  step 600/1999 best 17.197
  step 650/1999 best 17.247
  step 700/1999 best 17.294
  step 750/1999 best 17.386
  step 800/1999 best 17.116
  step 850/1999 best 17.173
  step 900/1999 best 17.316
  step 950/1999 best 17.369
  step 1000/1999 best 17.214
  step 1050/1999 best 17.304
  step 1100/1999 best 17.266
  step 1150/1999 best 17.297
  step 1200/1999 best 17.300
  step 1250/1999 best 17.272
  step 1300/1999 best 17.234
  step 1350/1999 best 17.211
  step 1400/1999 best 17.403
  step 1450/1999 best 17.339
  step 1500/1999 best 17.412
  step 1550/1999 best 17.231
  step 1600/1999 best 17.210
  step 1650/1999 best 17.238
  step 1700/1999 best 17.297
  step 1750/1999 best 17.281
  step 1800/1999 best 17.244
  step 1850/1999 best 17.082
  step 1900/1999 best 17.234
  step 1950/1999 best 17.092
saved SBC_CHAINS_cnn_vmim__n1_seed_s4_sim1450_row1232158_noise5442_5621_5800 (240000, 4) acc=0.198
  step 0/1999 best -19.614
  step 50/1999 best -0.633
  step 100/1999 best 11.293
  step 150/1999 best 11.427
  step 200/1999 best 11.555
  step 250/1999 best 11.206
  step 300/1999 best 12.054
  step 350/1999 best 13.505
  step 400/1999 best 13.252
  step 450/1999 best 13.594
  step 500/1999 best 13.660
  step 550/1999 best 13.630
  step 600/1999 best 13.815
  step 650/1999 best 14.006
  step 700/1999 best 14.051
  step 750/1999 best 14.016
  step 800/1999 best 13.529
  step 850/1999 best 14.095
  step 900/1999 best 14.003
  step 950/1999 best 14.183
  step 1000/1999 best 13.876
  step 1050/1999 best 14.177
  step 1100/1999 best 13.966
  step 1150/1999 best 13.945
  step 1200/1999 best 14.014
  step 1250/1999 best 14.030
  step 1300/1999 best 14.130
  step 1350/1999 best 14.114
  step 1400/1999 best 14.044
  step 1450/1999 best 13.831
  step 1500/1999 best 13.957
  step 1550/1999 best 13.918
  step 1600/1999 best 14.161
  step 1650/1999 best 13.843
  step 1700/1999 best 13.935
  step 1750/1999 best 13.890
  step 1800/1999 best 14.093
  step 1850/1999 best 14.009
  step 1900/1999 best 13.966
  step 1950/1999 best 14.073
saved SBC_CHAINS_cnn_vmim__n1_seed_s4_sim406_row384695_noise3747_3926_4105 (240000, 4) acc=0.215
  step 0/1999 best -28.673
  step 50/1999 best -3.983
  step 100/1999 best 3.909
  step 150/1999 best 6.300
  step 200/1999 best 7.045
  step 250/1999 best 10.250
  step 300/1999 best 10.752
  step 350/1999 best 11.053
  step 400/1999 best 11.692
  step 450/1999 best 12.004
  step 500/1999 best 11.926
  step 550/1999 best 11.833
  step 600/1999 best 12.059
  step 650/1999 best 11.892
  step 700/1999 best 11.837
  step 750/1999 best 11.935
  step 800/1999 best 11.682
  step 850/1999 best 12.046
  step 900/1999 best 12.062
  step 950/1999 best 11.750
  step 1000/1999 best 11.904
  step 1050/1999 best 11.837
  step 1100/1999 best 12.083
  step 1150/1999 best 11.913
  step 1200/1999 best 12.034
  step 1250/1999 best 11.746
  step 1300/1999 best 11.942
  step 1350/1999 best 11.955
  step 1400/1999 best 12.039
  step 1450/1999 best 12.056
  step 1500/1999 best 11.965
  step 1550/1999 best 11.916
  step 1600/1999 best 11.880
  step 1650/1999 best 11.777
  step 1700/1999 best 11.747
  step 1750/1999 best 12.077
  step 1800/1999 best 12.064
  step 1850/1999 best 11.885
  step 1900/1999 best 12.035
  step 1950/1999 best 12.014
saved SBC_CHAINS_cnn_vmim__n1_seed_s4_sim2595_row2194484_noise892_1071_1250 (240000, 4) acc=0.143
  step 0/1999 best -28.086
  step 50/1999 best 1.787
  step 100/1999 best 6.825
  step 150/1999 best 7.547
  step 200/1999 best 7.808
  step 250/1999 best 7.768
  step 300/1999 best 8.010
  step 350/1999 best 7.931
  step 400/1999 best 8.032
  step 450/1999 best 7.888
  step 500/1999 best 7.940
  step 550/1999 best 8.138
  step 600/1999 best 8.145
  step 650/1999 best 8.104
  step 700/1999 best 8.155
  step 750/1999 best 8.104
  step 800/1999 best 8.061
  step 850/1999 best 8.025
  step 900/1999 best 8.159
  step 950/1999 best 8.100
  step 1000/1999 best 8.118
  step 1050/1999 best 8.089
  step 1100/1999 best 8.169
  step 1150/1999 best 7.944
  step 1200/1999 best 8.072
  step 1250/1999 best 8.126
  step 1300/1999 best 8.137
  step 1350/1999 best 8.088
  step 1400/1999 best 8.084
  step 1450/1999 best 7.927
  step 1500/1999 best 7.940
  step 1550/1999 best 8.048
  step 1600/1999 best 8.132
  step 1650/1999 best 8.123
  step 1700/1999 best 7.924
  step 1750/1999 best 8.132
  step 1800/1999 best 7.871
  step 1850/1999 best 8.021
  step 1900/1999 best 8.171
  step 1950/1999 best 7.970
saved SBC_CHAINS_cnn_vmim__n1_seed_s4_sim2857_row2452597_noise7477_7656_7835 (240000, 4) acc=0.273
  step 0/1999 best -25.389
  step 50/1999 best 11.595
  step 100/1999 best 16.359
  step 150/1999 best 17.176
  step 200/1999 best 17.320
  step 250/1999 best 17.411
  step 300/1999 best 17.555
  step 350/1999 best 17.422
  step 400/1999 best 17.600
  step 450/1999 best 17.503
  step 500/1999 best 17.438
  step 550/1999 best 17.568
  step 600/1999 best 17.435
  step 650/1999 best 17.529
  step 700/1999 best 17.489
  step 750/1999 best 17.240
  step 800/1999 best 17.495
  step 850/1999 best 17.563
  step 900/1999 best 17.390
  step 950/1999 best 17.484
  step 1000/1999 best 17.546
  step 1050/1999 best 17.507
  step 1100/1999 best 17.513
  step 1150/1999 best 17.548
  step 1200/1999 best 17.509
  step 1250/1999 best 17.441
  step 1300/1999 best 17.534
  step 1350/1999 best 17.543
  step 1400/1999 best 17.380
  step 1450/1999 best 17.558
  step 1500/1999 best 17.546
  step 1550/1999 best 17.460
  step 1600/1999 best 17.572
  step 1650/1999 best 17.468
  step 1700/1999 best 17.396
  step 1750/1999 best 17.481
  step 1800/1999 best 17.560
  step 1850/1999 best 17.440
  step 1900/1999 best 17.429
  step 1950/1999 best 17.569
saved SBC_CHAINS_cnn_vmim__n1_seed_s4_sim1364_row1172107_noise7843_8022_8201 (240000, 4) acc=0.332
  step 0/1999 best -19.409
  step 50/1999 best -5.099
  step 100/1999 best -1.844
  step 150/1999 best 6.232
  step 200/1999 best 6.008
  step 250/1999 best 10.067
  step 300/1999 best 11.409
  step 350/1999 best 12.493
  step 400/1999 best 9.916
  step 450/1999 best 12.537
  step 500/1999 best 13.658
  step 550/1999 best 14.821
  step 600/1999 best 14.902
  step 650/1999 best 15.191
  step 700/1999 best 15.718
  step 750/1999 best 15.748
  step 800/1999 best 15.168
  step 850/1999 best 15.876
  step 900/1999 best 15.712
  step 950/1999 best 15.839
  step 1000/1999 best 15.578
  step 1050/1999 best 15.745
  step 1100/1999 best 15.580
  step 1150/1999 best 15.689
  step 1200/1999 best 15.915
  step 1250/1999 best 15.964
  step 1300/1999 best 15.744
  step 1350/1999 best 15.521
  step 1400/1999 best 15.702
  step 1450/1999 best 15.806
  step 1500/1999 best 15.800
  step 1550/1999 best 15.925
  step 1600/1999 best 15.923
  step 1650/1999 best 15.923
  step 1700/1999 best 15.763
  step 1750/1999 best 15.946
  step 1800/1999 best 15.765
  step 1850/1999 best 15.910
  step 1900/1999 best 15.880
  step 1950/1999 best 15.592
saved SBC_CHAINS_cnn_vmim__n1_seed_s4_sim650_row603035_noise1387_1566_1745 (240000, 4) acc=0.167
  step 0/1999 best -13.661
  step 50/1999 best -3.100
  step 100/1999 best 2.171
  step 150/1999 best 9.246
  step 200/1999 best 12.004
  step 250/1999 best 12.329
  step 300/1999 best 13.480
  step 350/1999 best 13.286
  step 400/1999 best 13.330
  step 450/1999 best 13.238
  step 500/1999 best 13.504
  step 550/1999 best 13.288
  step 600/1999 best 13.565
  step 650/1999 best 13.621
  step 700/1999 best 13.499
  step 750/1999 best 12.958
  step 800/1999 best 13.299
  step 850/1999 best 13.306
  step 900/1999 best 13.352
  step 950/1999 best 13.649
  step 1000/1999 best 13.317
  step 1050/1999 best 13.504
  step 1100/1999 best 13.162
  step 1150/1999 best 13.424
  step 1200/1999 best 13.559
  step 1250/1999 best 13.668
  step 1300/1999 best 13.395
  step 1350/1999 best 13.510
  step 1400/1999 best 13.244
  step 1450/1999 best 13.324
  step 1500/1999 best 13.464
  step 1550/1999 best 13.643
  step 1600/1999 best 13.573
  step 1650/1999 best 13.343
  step 1700/1999 best 13.484
  step 1750/1999 best 13.475
  step 1800/1999 best 13.330
  step 1850/1999 best 13.498
  step 1900/1999 best 13.256
  step 1950/1999 best 13.515
saved SBC_CHAINS_cnn_vmim__n1_seed_s4_sim2931_row2526247_noise2503_2682_2861 (240000, 4) acc=0.312
  step 0/1999 best -24.801
  step 50/1999 best 10.976
  step 100/1999 best 12.877
  step 150/1999 best 14.799
  step 200/1999 best 15.991
  step 250/1999 best 16.289
  step 300/1999 best 16.621
  step 350/1999 best 16.548
  step 400/1999 best 16.290
  step 450/1999 best 16.636
  step 500/1999 best 16.369
  step 550/1999 best 16.432
  step 600/1999 best 16.548
  step 650/1999 best 16.517
  step 700/1999 best 16.415
  step 750/1999 best 16.642
  step 800/1999 best 16.617
  step 850/1999 best 16.617
  step 900/1999 best 16.546
  step 950/1999 best 16.506
  step 1000/1999 best 16.538
  step 1050/1999 best 16.541
  step 1100/1999 best 16.511
  step 1150/1999 best 16.581
  step 1200/1999 best 16.466
  step 1250/1999 best 16.511
  step 1300/1999 best 16.536
  step 1350/1999 best 16.628
  step 1400/1999 best 16.553
  step 1450/1999 best 16.553
  step 1500/1999 best 16.669
  step 1550/1999 best 16.466
  step 1600/1999 best 16.554
  step 1650/1999 best 16.682
  step 1700/1999 best 16.449
  step 1750/1999 best 16.661
  step 1800/1999 best 16.476
  step 1850/1999 best 16.623
  step 1900/1999 best 16.632
  step 1950/1999 best 16.566
saved SBC_CHAINS_cnn_vmim__n1_seed_s4_sim1435_row1217426_noise538_717_896 (240000, 4) acc=0.266
  step 0/1999 best -21.670
  step 50/1999 best 11.793
  step 100/1999 best 17.155
  step 150/1999 best 17.038
  step 200/1999 best 17.475
  step 250/1999 best 17.571
  step 300/1999 best 17.619
  step 350/1999 best 17.448
  step 400/1999 best 17.588
  step 450/1999 best 17.674
  step 500/1999 best 17.332
  step 550/1999 best 17.363
  step 600/1999 best 17.497
  step 650/1999 best 17.606
  step 700/1999 best 17.744
  step 750/1999 best 17.637
  step 800/1999 best 17.523
  step 850/1999 best 17.610
  step 900/1999 best 17.719
  step 950/1999 best 17.414
  step 1000/1999 best 17.567
  step 1050/1999 best 17.661
  step 1100/1999 best 17.505
  step 1150/1999 best 17.753
  step 1200/1999 best 17.699
  step 1250/1999 best 17.577
  step 1300/1999 best 17.577
  step 1350/1999 best 17.716
  step 1400/1999 best 17.609
  step 1450/1999 best 17.759
  step 1500/1999 best 17.690
  step 1550/1999 best 17.681
  step 1600/1999 best 17.737
  step 1650/1999 best 17.563
  step 1700/1999 best 17.615
  step 1750/1999 best 17.511
  step 1800/1999 best 17.638
  step 1850/1999 best 17.696
  step 1900/1999 best 17.407
  step 1950/1999 best 17.651
saved SBC_CHAINS_cnn_vmim__n1_seed_s4_sim273_row259153_noise7797_7976_8155 (240000, 4) acc=0.201
  step 0/1999 best -12.923
  step 50/1999 best 15.294
  step 100/1999 best 13.262
  step 150/1999 best 17.014
  step 200/1999 best 16.736
  step 250/1999 best 17.087
  step 300/1999 best 17.335
  step 350/1999 best 17.272
  step 400/1999 best 17.253
  step 450/1999 best 17.298
  step 500/1999 best 17.148
  step 550/1999 best 17.071
  step 600/1999 best 17.260
  step 650/1999 best 17.094
  step 700/1999 best 17.062
  step 750/1999 best 17.150
  step 800/1999 best 16.996
  step 850/1999 best 17.222
  step 900/1999 best 17.350
  step 950/1999 best 17.229
  step 1000/1999 best 17.196
  step 1050/1999 best 17.378
  step 1100/1999 best 17.108
  step 1150/1999 best 17.277
  step 1200/1999 best 17.242
  step 1250/1999 best 17.220
  step 1300/1999 best 17.372
  step 1350/1999 best 17.261
  step 1400/1999 best 17.365
  step 1450/1999 best 17.356
  step 1500/1999 best 17.108
  step 1550/1999 best 17.250
  step 1600/1999 best 17.197
  step 1650/1999 best 17.324
  step 1700/1999 best 17.175
  step 1750/1999 best 17.177
  step 1800/1999 best 17.247
  step 1850/1999 best 17.257
  step 1900/1999 best 17.105
  step 1950/1999 best 17.207
saved SBC_CHAINS_cnn_vmim__n1_seed_s4_sim1352_row1161796_noise6360_6539_6718 (240000, 4) acc=0.246
  step 0/1999 best -26.818
  step 50/1999 best -3.954
  step 100/1999 best 6.701
  step 150/1999 best 10.554
  step 200/1999 best 10.556
  step 250/1999 best 11.595
  step 300/1999 best 13.517
  step 350/1999 best 13.478
  step 400/1999 best 13.922
  step 450/1999 best 14.008
  step 500/1999 best 14.043
  step 550/1999 best 14.032
  step 600/1999 best 14.151
  step 650/1999 best 14.191
  step 700/1999 best 13.787
  step 750/1999 best 13.980
  step 800/1999 best 14.236
  step 850/1999 best 14.212
  step 900/1999 best 14.074
  step 950/1999 best 14.195
  step 1000/1999 best 13.902
  step 1050/1999 best 13.976
  step 1100/1999 best 13.988
  step 1150/1999 best 14.210
  step 1200/1999 best 14.100
  step 1250/1999 best 14.189
  step 1300/1999 best 14.130
  step 1350/1999 best 14.241
  step 1400/1999 best 14.110
  step 1450/1999 best 14.086
  step 1500/1999 best 14.027
  step 1550/1999 best 14.210
  step 1600/1999 best 14.222
  step 1650/1999 best 14.058
  step 1700/1999 best 14.003
  step 1750/1999 best 14.030
  step 1800/1999 best 13.788
  step 1850/1999 best 14.171
  step 1900/1999 best 13.978
  step 1950/1999 best 14.156
saved SBC_CHAINS_cnn_vmim__n1_seed_s4_sim2452_row2051155_noise4983_5162_5341 (240000, 4) acc=0.140
  step 0/1999 best -22.821
  step 50/1999 best 0.871
  step 100/1999 best 7.503
  step 150/1999 best 11.785
  step 200/1999 best 10.582
  step 250/1999 best 14.217
  step 300/1999 best 14.228
  step 350/1999 best 14.228
  step 400/1999 best 14.758
  step 450/1999 best 15.392
  step 500/1999 best 15.247
  step 550/1999 best 16.026
  step 600/1999 best 16.023
  step 650/1999 best 15.569
  step 700/1999 best 15.959
  step 750/1999 best 16.039
  step 800/1999 best 16.059
  step 850/1999 best 15.492
  step 900/1999 best 15.990
  step 950/1999 best 15.982
  step 1000/1999 best 16.156
  step 1050/1999 best 16.110
  step 1100/1999 best 15.985
  step 1150/1999 best 16.000
  step 1200/1999 best 16.150
  step 1250/1999 best 16.056
  step 1300/1999 best 15.728
  step 1350/1999 best 15.913
  step 1400/1999 best 15.830
  step 1450/1999 best 15.934
  step 1500/1999 best 15.681
  step 1550/1999 best 15.927
  step 1600/1999 best 16.056
  step 1650/1999 best 16.122
  step 1700/1999 best 15.826
  step 1750/1999 best 15.952
  step 1800/1999 best 16.090
  step 1850/1999 best 15.725
  step 1900/1999 best 16.059
  step 1950/1999 best 15.929
saved SBC_CHAINS_cnn_vmim__n1_seed_s4_sim1768_row1520863_noise9651_2_181 (240000, 4) acc=0.184
  step 0/1999 best -12.169
  step 50/1999 best 14.059
  step 100/1999 best 16.053
  step 150/1999 best 17.357
  step 200/1999 best 17.213
  step 250/1999 best 17.348
  step 300/1999 best 17.215
  step 350/1999 best 17.386
  step 400/1999 best 17.421
  step 450/1999 best 17.380
  step 500/1999 best 17.468
  step 550/1999 best 17.437
  step 600/1999 best 17.419
  step 650/1999 best 17.468
  step 700/1999 best 17.483
  step 750/1999 best 17.429
  step 800/1999 best 17.406
  step 850/1999 best 17.416
  step 900/1999 best 17.342
  step 950/1999 best 17.483
  step 1000/1999 best 17.461
  step 1050/1999 best 17.467
  step 1100/1999 best 17.261
  step 1150/1999 best 17.470
  step 1200/1999 best 17.481
  step 1250/1999 best 17.424
  step 1300/1999 best 17.343
  step 1350/1999 best 17.428
  step 1400/1999 best 17.396
  step 1450/1999 best 17.355
  step 1500/1999 best 17.233
  step 1550/1999 best 17.375
  step 1600/1999 best 17.432
  step 1650/1999 best 17.319
  step 1700/1999 best 17.332
  step 1750/1999 best 17.424
  step 1800/1999 best 17.430
  step 1850/1999 best 17.371
  step 1900/1999 best 17.387
  step 1950/1999 best 17.444
saved SBC_CHAINS_cnn_vmim__n1_seed_s4_sim1358_row1167255_noise1991_2170_2349 (240000, 4) acc=0.328
  step 0/1999 best -20.491
  step 50/1999 best 11.303
  step 100/1999 best 11.008
  step 150/1999 best 12.100
  step 200/1999 best 12.311
  step 250/1999 best 14.629
  step 300/1999 best 14.145
  step 350/1999 best 16.128
  step 400/1999 best 15.836
  step 450/1999 best 15.848
  step 500/1999 best 15.827
  step 550/1999 best 16.037
  step 600/1999 best 16.126
  step 650/1999 best 15.958
  step 700/1999 best 16.141
  step 750/1999 best 16.043
  step 800/1999 best 16.182
  step 850/1999 best 15.917
  step 900/1999 best 15.973
  step 950/1999 best 15.922
  step 1000/1999 best 15.887
  step 1050/1999 best 15.944
  step 1100/1999 best 15.968
  step 1150/1999 best 16.052
  step 1200/1999 best 16.034
  step 1250/1999 best 15.958
  step 1300/1999 best 16.018
  step 1350/1999 best 15.867
  step 1400/1999 best 16.037
  step 1450/1999 best 16.174
  step 1500/1999 best 15.975
  step 1550/1999 best 16.026
  step 1600/1999 best 16.121
  step 1650/1999 best 15.967
  step 1700/1999 best 16.103
  step 1750/1999 best 16.173
  step 1800/1999 best 16.041
  step 1850/1999 best 16.210
  step 1900/1999 best 16.092
  step 1950/1999 best 15.967
saved SBC_CHAINS_cnn_vmim__n1_seed_s4_sim1426_row1208498_noise1438_1617_1796 (240000, 4) acc=0.136
  step 0/1999 best -22.517
  step 50/1999 best 11.046
  step 100/1999 best 15.011
  step 150/1999 best 15.801
  step 200/1999 best 15.677
  step 250/1999 best 15.646
  step 300/1999 best 15.779
  step 350/1999 best 15.940
  step 400/1999 best 15.842
  step 450/1999 best 16.084
  step 500/1999 best 16.099
  step 550/1999 best 15.973
  step 600/1999 best 15.872
  step 650/1999 best 15.978
  step 700/1999 best 16.021
  step 750/1999 best 16.048
  step 800/1999 best 15.756
  step 850/1999 best 15.788
  step 900/1999 best 15.936
  step 950/1999 best 16.037
  step 1000/1999 best 16.092
  step 1050/1999 best 16.040
  step 1100/1999 best 16.003
  step 1150/1999 best 15.892
  step 1200/1999 best 16.122
  step 1250/1999 best 15.837
  step 1300/1999 best 16.084
  step 1350/1999 best 16.112
  step 1400/1999 best 15.891
  step 1450/1999 best 16.092
  step 1500/1999 best 16.007
  step 1550/1999 best 16.016
  step 1600/1999 best 15.878
  step 1650/1999 best 15.823
  step 1700/1999 best 16.100
  step 1750/1999 best 15.892
  step 1800/1999 best 15.960
  step 1850/1999 best 16.008
  step 1900/1999 best 15.920
  step 1950/1999 best 16.050
saved SBC_CHAINS_cnn_vmim__n1_seed_s4_sim902_row851169_noise7821_8000_8179 (240000, 4) acc=0.162
  step 0/1999 best -18.589
  step 50/1999 best 0.883
  step 100/1999 best 7.011
  step 150/1999 best 12.127
  step 200/1999 best 15.030
  step 250/1999 best 16.005
  step 300/1999 best 15.995
  step 350/1999 best 16.005
  step 400/1999 best 15.812
  step 450/1999 best 16.025
  step 500/1999 best 15.861
  step 550/1999 best 15.940
  step 600/1999 best 16.118
  step 650/1999 best 16.131
  step 700/1999 best 16.079
  step 750/1999 best 16.102
  step 800/1999 best 15.763
  step 850/1999 best 16.139
  step 900/1999 best 15.920
  step 950/1999 best 16.089
  step 1000/1999 best 16.123
  step 1050/1999 best 15.848
  step 1100/1999 best 16.098
  step 1150/1999 best 16.095
  step 1200/1999 best 16.132
  step 1250/1999 best 16.091
  step 1300/1999 best 16.017
  step 1350/1999 best 16.035
  step 1400/1999 best 15.891
  step 1450/1999 best 16.145
  step 1500/1999 best 16.127
  step 1550/1999 best 16.144
  step 1600/1999 best 16.031
  step 1650/1999 best 16.108
  step 1700/1999 best 16.007
  step 1750/1999 best 15.930
  step 1800/1999 best 16.038
  step 1850/1999 best 16.052
  step 1900/1999 best 15.916
  step 1950/1999 best 16.067
saved SBC_CHAINS_cnn_vmim__n1_seed_s4_sim441_row419665_noise9233_9412_9591 (240000, 4) acc=0.231
  step 0/1999 best -20.075
  step 50/1999 best -3.127
  step 100/1999 best 10.343
  step 150/1999 best 12.691
  step 200/1999 best 12.691
  step 250/1999 best 12.633
  step 300/1999 best 12.664
  step 350/1999 best 14.603
  step 400/1999 best 14.732
  step 450/1999 best 14.178
  step 500/1999 best 14.566
  step 550/1999 best 14.840
  step 600/1999 best 14.389
  step 650/1999 best 14.445
  step 700/1999 best 14.394
  step 750/1999 best 14.648
  step 800/1999 best 14.914
  step 850/1999 best 14.452
  step 900/1999 best 14.948
  step 950/1999 best 14.510
  step 1000/1999 best 15.044
  step 1050/1999 best 15.099
  step 1100/1999 best 14.895
  step 1150/1999 best 14.889
  step 1200/1999 best 14.900
  step 1250/1999 best 14.928
  step 1300/1999 best 14.780
  step 1350/1999 best 15.053
  step 1400/1999 best 14.950
  step 1450/1999 best 14.603
  step 1500/1999 best 15.064
  step 1550/1999 best 14.912
  step 1600/1999 best 15.024
  step 1650/1999 best 14.698
  step 1700/1999 best 15.031
  step 1750/1999 best 14.876
  step 1800/1999 best 14.704
  step 1850/1999 best 14.816
  step 1900/1999 best 14.647
  step 1950/1999 best 14.633
saved SBC_CHAINS_cnn_vmim__n1_seed_s4_sim2920_row2515749_noise1833_2012_2191 (240000, 4) acc=0.325
  step 0/1999 best -14.333
  step 50/1999 best -5.579
  step 100/1999 best -4.370
  step 150/1999 best 2.375
  step 200/1999 best 1.386
  step 250/1999 best 6.067
  step 300/1999 best 9.615
  step 350/1999 best 14.636
  step 400/1999 best 16.508
  step 450/1999 best 16.508
  step 500/1999 best 16.165
  step 550/1999 best 16.663
  step 600/1999 best 16.255
  step 650/1999 best 16.448
  step 700/1999 best 16.478
  step 750/1999 best 16.758
  step 800/1999 best 16.577
  step 850/1999 best 16.620
  step 900/1999 best 16.697
  step 950/1999 best 16.624
  step 1000/1999 best 16.733
  step 1050/1999 best 16.687
  step 1100/1999 best 16.515
  step 1150/1999 best 16.534
  step 1200/1999 best 16.582
  step 1250/1999 best 16.308
  step 1300/1999 best 16.673
  step 1350/1999 best 16.552
  step 1400/1999 best 16.430
  step 1450/1999 best 16.625
  step 1500/1999 best 16.424
  step 1550/1999 best 16.702
  step 1600/1999 best 16.525
  step 1650/1999 best 16.527
  step 1700/1999 best 16.317
  step 1750/1999 best 16.456
  step 1800/1999 best 16.542
  step 1850/1999 best 16.677
  step 1900/1999 best 16.679
  step 1950/1999 best 16.664
saved SBC_CHAINS_cnn_vmim__n1_seed_s4_sim175_row166693_noise8617_8796_8975 (240000, 4) acc=0.178
  step 0/1999 best -11.175
  step 50/1999 best -7.487
  step 100/1999 best -7.011
  step 150/1999 best -4.941
  step 200/1999 best -4.266
  step 250/1999 best -0.715
  step 300/1999 best 6.661
  step 350/1999 best 8.301
  step 400/1999 best 9.266
  step 450/1999 best 9.553
  step 500/1999 best 9.553
  step 550/1999 best 9.674
  step 600/1999 best 9.607
  step 650/1999 best 11.549
  step 700/1999 best 14.877
  step 750/1999 best 14.726
  step 800/1999 best 15.506
  step 850/1999 best 15.635
  step 900/1999 best 15.550
  step 950/1999 best 15.630
  step 1000/1999 best 15.483
  step 1050/1999 best 15.596
  step 1100/1999 best 15.408
  step 1150/1999 best 15.464
  step 1200/1999 best 15.276
  step 1250/1999 best 15.610
  step 1300/1999 best 15.136
  step 1350/1999 best 15.588
  step 1400/1999 best 15.396
  step 1450/1999 best 15.305
  step 1500/1999 best 15.362
  step 1550/1999 best 15.343
  step 1600/1999 best 15.288
  step 1650/1999 best 15.539
  step 1700/1999 best 15.545
  step 1750/1999 best 15.428
  step 1800/1999 best 15.483
  step 1850/1999 best 15.546
  step 1900/1999 best 15.561
  step 1950/1999 best 15.260
saved SBC_CHAINS_cnn_vmim__n1_seed_s4_sim1183_row1001908_noise4548_4727_4906 (240000, 4) acc=0.240
  step 0/1999 best -12.941
  step 50/1999 best 0.697
  step 100/1999 best 9.698
  step 150/1999 best 16.082
  step 200/1999 best 16.230
  step 250/1999 best 16.000
  step 300/1999 best 16.161
  step 350/1999 best 16.253
  step 400/1999 best 16.358
  step 450/1999 best 16.183
  step 500/1999 best 16.103
  step 550/1999 best 16.207
  step 600/1999 best 16.250
  step 650/1999 best 16.332
  step 700/1999 best 16.331
  step 750/1999 best 16.385
  step 800/1999 best 16.378
  step 850/1999 best 16.349
  step 900/1999 best 16.394
  step 950/1999 best 16.316
  step 1000/1999 best 16.271
  step 1050/1999 best 16.295
  step 1100/1999 best 16.353
  step 1150/1999 best 16.296
  step 1200/1999 best 16.431
  step 1250/1999 best 16.328
  step 1300/1999 best 16.397
  step 1350/1999 best 16.409
  step 1400/1999 best 16.196
  step 1450/1999 best 16.270
  step 1500/1999 best 16.288
  step 1550/1999 best 16.275
  step 1600/1999 best 16.205
  step 1650/1999 best 16.096
  step 1700/1999 best 16.296
  step 1750/1999 best 16.409
  step 1800/1999 best 16.157
  step 1850/1999 best 16.227
  step 1900/1999 best 16.417
  step 1950/1999 best 16.309
saved SBC_CHAINS_cnn_vmim__n1_seed_s4_sim369_row355819_noise6183_6362_6541 (240000, 4) acc=0.249
  step 0/1999 best -24.958
  step 50/1999 best 1.183
  step 100/1999 best 13.975
  step 150/1999 best 13.975
  step 200/1999 best 12.066
  step 250/1999 best 13.063
  step 300/1999 best 13.928
  step 350/1999 best 13.461
  step 400/1999 best 14.021
  step 450/1999 best 13.879
  step 500/1999 best 14.035
  step 550/1999 best 14.022
  step 600/1999 best 13.767
  step 650/1999 best 13.915
  step 700/1999 best 14.134
  step 750/1999 best 14.070
  step 800/1999 best 14.255
  step 850/1999 best 14.078
  step 900/1999 best 14.033
  step 950/1999 best 14.221
  step 1000/1999 best 14.277
  step 1050/1999 best 14.153
  step 1100/1999 best 14.241
  step 1150/1999 best 13.997
  step 1200/1999 best 14.265
  step 1250/1999 best 14.035
  step 1300/1999 best 14.270
  step 1350/1999 best 14.252
  step 1400/1999 best 14.219
  step 1450/1999 best 14.246
  step 1500/1999 best 14.145
  step 1550/1999 best 14.182
  step 1600/1999 best 14.129
  step 1650/1999 best 14.205
  step 1700/1999 best 14.164
  step 1750/1999 best 14.026
  step 1800/1999 best 14.261
  step 1850/1999 best 14.293
  step 1900/1999 best 14.190
  step 1950/1999 best 14.247
saved SBC_CHAINS_cnn_vmim__n1_seed_s4_sim3064_row2659794_noise8286_8465_8644 (240000, 4) acc=0.162
  step 0/1999 best -20.365
  step 50/1999 best -0.907
  step 100/1999 best 8.014
  step 150/1999 best 13.584
  step 200/1999 best 13.584
  step 250/1999 best 13.490
  step 300/1999 best 13.490
  step 350/1999 best 13.872
  step 400/1999 best 13.582
  step 450/1999 best 13.060
  step 500/1999 best 13.923
  step 550/1999 best 14.102
  step 600/1999 best 13.961
  step 650/1999 best 13.550
  step 700/1999 best 13.823
  step 750/1999 best 13.938
  step 800/1999 best 13.989
  step 850/1999 best 13.912
  step 900/1999 best 13.983
  step 950/1999 best 13.741
  step 1000/1999 best 14.179
  step 1050/1999 best 13.924
  step 1100/1999 best 13.769
  step 1150/1999 best 13.994
  step 1200/1999 best 13.780
  step 1250/1999 best 14.252
  step 1300/1999 best 14.153
  step 1350/1999 best 13.730
  step 1400/1999 best 14.058
  step 1450/1999 best 14.162
  step 1500/1999 best 13.979
  step 1550/1999 best 14.029
  step 1600/1999 best 14.160
  step 1650/1999 best 14.244
  step 1700/1999 best 13.775
  step 1750/1999 best 14.225
  step 1800/1999 best 14.089
  step 1850/1999 best 13.948
  step 1900/1999 best 14.064
  step 1950/1999 best 13.995
saved SBC_CHAINS_cnn_vmim__n1_seed_s4_sim2925_row2520641_noise6725_6904_7083 (240000, 4) acc=0.262
  step 0/1999 best -22.741
  step 50/1999 best 8.082
  step 100/1999 best 9.396
  step 150/1999 best 13.049
  step 200/1999 best 11.761
  step 250/1999 best 14.147
  step 300/1999 best 15.541
  step 350/1999 best 15.337
  step 400/1999 best 15.610
  step 450/1999 best 15.439
  step 500/1999 best 15.493
  step 550/1999 best 15.142
  step 600/1999 best 15.343
  step 650/1999 best 15.429
  step 700/1999 best 15.675
  step 750/1999 best 15.541
  step 800/1999 best 15.486
  step 850/1999 best 15.722
  step 900/1999 best 15.706
  step 950/1999 best 15.537
  step 1000/1999 best 15.656
  step 1050/1999 best 15.546
  step 1100/1999 best 15.591
  step 1150/1999 best 15.624
  step 1200/1999 best 15.572
  step 1250/1999 best 15.643
  step 1300/1999 best 15.522
  step 1350/1999 best 15.536
  step 1400/1999 best 15.533
  step 1450/1999 best 15.669
  step 1500/1999 best 15.378
  step 1550/1999 best 15.567
  step 1600/1999 best 15.505
  step 1650/1999 best 15.460
  step 1700/1999 best 15.500
  step 1750/1999 best 15.689
  step 1800/1999 best 15.622
  step 1850/1999 best 15.699
  step 1900/1999 best 15.384
  step 1950/1999 best 15.369
saved SBC_CHAINS_cnn_vmim__n1_seed_s4_sim733_row682525_noise6253_6432_6611 (240000, 4) acc=0.185
  step 0/1999 best -20.132
  step 50/1999 best -0.679
  step 100/1999 best 10.112
  step 150/1999 best 14.074
  step 200/1999 best 14.074
  step 250/1999 best 14.089
  step 300/1999 best 14.234
  step 350/1999 best 14.764
  step 400/1999 best 14.726
  step 450/1999 best 14.821
  step 500/1999 best 14.920
  step 550/1999 best 14.801
  step 600/1999 best 14.974
  step 650/1999 best 14.839
  step 700/1999 best 14.938
  step 750/1999 best 14.949
  step 800/1999 best 14.844
  step 850/1999 best 15.058
  step 900/1999 best 14.969
  step 950/1999 best 15.080
  step 1000/1999 best 15.118
  step 1050/1999 best 15.015
  step 1100/1999 best 14.819
  step 1150/1999 best 14.852
  step 1200/1999 best 14.974
  step 1250/1999 best 15.084
  step 1300/1999 best 14.838
  step 1350/1999 best 14.966
  step 1400/1999 best 14.965
  step 1450/1999 best 15.033
  step 1500/1999 best 15.079
  step 1550/1999 best 15.151
  step 1600/1999 best 14.906
  step 1650/1999 best 15.114
  step 1700/1999 best 15.104
  step 1750/1999 best 15.051
  step 1800/1999 best 15.101
  step 1850/1999 best 14.900
  step 1900/1999 best 14.670
  step 1950/1999 best 15.092
saved SBC_CHAINS_cnn_vmim__n1_seed_s4_sim844_row793768_noise9388_9567_9746 (240000, 4) acc=0.166
  step 0/1999 best -22.324
  step 50/1999 best -0.006
  step 100/1999 best 1.685
  step 150/1999 best 4.176
  step 200/1999 best 11.696
  step 250/1999 best 11.647
  step 300/1999 best 11.606
  step 350/1999 best 13.521
  step 400/1999 best 13.357
  step 450/1999 best 14.162
  step 500/1999 best 14.299
  step 550/1999 best 14.296
  step 600/1999 best 14.303
  step 650/1999 best 14.230
  step 700/1999 best 14.492
  step 750/1999 best 14.427
  step 800/1999 best 14.427
  step 850/1999 best 14.278
  step 900/1999 best 14.293
  step 950/1999 best 14.221
  step 1000/1999 best 14.182
  step 1050/1999 best 14.359
  step 1100/1999 best 14.363
  step 1150/1999 best 14.467
  step 1200/1999 best 14.411
  step 1250/1999 best 14.408
  step 1300/1999 best 14.415
  step 1350/1999 best 14.420
  step 1400/1999 best 14.188
  step 1450/1999 best 14.377
  step 1500/1999 best 14.364
  step 1550/1999 best 14.477
  step 1600/1999 best 14.512
  step 1650/1999 best 14.145
  step 1700/1999 best 14.327
  step 1750/1999 best 14.445
  step 1800/1999 best 14.275
  step 1850/1999 best 14.164
  step 1900/1999 best 14.265
  step 1950/1999 best 14.087
saved SBC_CHAINS_cnn_vmim__n1_seed_s4_sim655_row608501_noise6853_7032_7211 (240000, 4) acc=0.207
  step 0/1999 best -14.352
  step 50/1999 best 5.666
  step 100/1999 best 10.189
  step 150/1999 best 10.415
  step 200/1999 best 11.172
  step 250/1999 best 11.780
  step 300/1999 best 11.789
  step 350/1999 best 11.581
  step 400/1999 best 11.626
  step 450/1999 best 11.529
  step 500/1999 best 11.572
  step 550/1999 best 11.608
  step 600/1999 best 11.740
  step 650/1999 best 11.538
  step 700/1999 best 11.688
  step 750/1999 best 11.715
  step 800/1999 best 11.648
  step 850/1999 best 11.302
  step 900/1999 best 11.777
  step 950/1999 best 11.600
  step 1000/1999 best 11.786
  step 1050/1999 best 11.815
  step 1100/1999 best 11.699
  step 1150/1999 best 11.780
  step 1200/1999 best 11.794
  step 1250/1999 best 11.685
  step 1300/1999 best 11.827
  step 1350/1999 best 11.775
  step 1400/1999 best 11.545
  step 1450/1999 best 11.479
  step 1500/1999 best 11.583
  step 1550/1999 best 11.542
  step 1600/1999 best 11.540
  step 1650/1999 best 11.786
  step 1700/1999 best 11.651
  step 1750/1999 best 11.773
  step 1800/1999 best 11.643
  step 1850/1999 best 11.776
  step 1900/1999 best 11.716
  step 1950/1999 best 11.665
saved SBC_CHAINS_cnn_vmim__n1_seed_s4_sim1771_row1523190_noise2150_2329_2508 (240000, 4) acc=0.224
