report : SBC_OUTPUT/n1_sweep_no_jit
items  :
  --item
  configs_seeds/noise/arm_cnn_vmim_no_jitter_n1.yaml|nsf|std|no-jit 100 h (ns=1)
extra  : --all-seeds

[all-seeds] cnn_vmim_/n1/seed [standard_t_nsf] -> seeds [1, 2, 4]
arms:
   no-jit 100 h (ns=1) s1       <- seed_s1[standard_t_nsf]  (/gscratch/ddehiwalage-don/sbi_master/cnn_vmim_/n1/seed_s1/chains/standard_t_nsf)
   no-jit 100 h (ns=1) s2       <- seed_s2[standard_t_nsf]  (/gscratch/ddehiwalage-don/sbi_master/cnn_vmim_/n1/seed_s2/chains/standard_t_nsf)
   no-jit 100 h (ns=1) s4       <- seed_s4[standard_t_nsf]  (/gscratch/ddehiwalage-don/sbi_master/cnn_vmim_/n1/seed_s4/chains/standard_t_nsf)
shared sims across arms: 908
[mode] filtered dlogp10
[table] wrote SBC_OUTPUT/n1_sweep_no_jit/metrics.csv  (filtered dlogp10)
[table] wrote SBC_OUTPUT/n1_sweep_no_jit/metrics.tex

=== GV (median sqrt|Sigma_4x4|) / sigma (median IQR) / chi^2-to-flat ===
  no-jit 100 h (ns=1) s1     N= 908 GV=5.389e-10 sigma=[0.004, 0.0076, 0.0177, 0.0062] chi2=[0.038, 0.058, 0.041, 0.067]
  no-jit 100 h (ns=1) s2     N= 908 GV=4.048e-10 sigma=[0.0033, 0.0097, 0.0126, 0.0077] chi2=[0.037, 0.046, 0.041, 0.035]
  no-jit 100 h (ns=1) s4     N= 908 GV=7.046e-10 sigma=[0.0038, 0.0128, 0.0166, 0.0088] chi2=[0.026, 0.03, 0.051, 0.028]
[sbc] wrote SBC_OUTPUT/n1_sweep_no_jit/sbc_filtered_dlogp10.pdf
[corner] shared sims: 908
[corner] median-GV sim (ref 'no-jit 100 h (ns=1) s1'): 375
[corner] wrote SBC_OUTPUT/n1_sweep_no_jit/corner_sim375.pdf

done -> SBC_OUTPUT/n1_sweep_no_jit/  (metrics.csv, metrics.tex, metrics.json, sbc_filtered_dlogp10.pdf, corner_sim375.pdf)
done -> SBC_OUTPUT/n1_sweep_no_jit/ (metrics.csv, metrics.tex, sbc_filtered_dlogp10.pdf, corner_sim*.pdf)
