report : SBC_OUTPUT/n1_sweep
items  :
  --item
  configs_seeds/noise/arm_cnn_vmim_jitter_n1.yaml|nsf|std|jit 100 h (ns=1)
extra  : --all-seeds

[all-seeds] cnn_vmim_/n1_jitter/seed [standard_t_nsf] -> seeds [0, 1, 2, 3, 4]
arms:
   jit 100 h (ns=1) s0          <- seed_s0[standard_t_nsf]  (/gscratch/ddehiwalage-don/sbi_master/cnn_vmim_/n1_jitter/seed_s0/chains/standard_t_nsf)
   jit 100 h (ns=1) s1          <- seed_s1[standard_t_nsf]  (/gscratch/ddehiwalage-don/sbi_master/cnn_vmim_/n1_jitter/seed_s1/chains/standard_t_nsf)
   jit 100 h (ns=1) s2          <- seed_s2[standard_t_nsf]  (/gscratch/ddehiwalage-don/sbi_master/cnn_vmim_/n1_jitter/seed_s2/chains/standard_t_nsf)
   jit 100 h (ns=1) s3          <- seed_s3[standard_t_nsf]  (/gscratch/ddehiwalage-don/sbi_master/cnn_vmim_/n1_jitter/seed_s3/chains/standard_t_nsf)
   jit 100 h (ns=1) s4          <- seed_s4[standard_t_nsf]  (/gscratch/ddehiwalage-don/sbi_master/cnn_vmim_/n1_jitter/seed_s4/chains/standard_t_nsf)
shared sims across arms: 908
[mode] filtered dlogp10
[table] wrote SBC_OUTPUT/n1_sweep/metrics.csv  (filtered dlogp10)
[table] wrote SBC_OUTPUT/n1_sweep/metrics.tex

=== GV (median sqrt|Sigma_4x4|) / sigma (median IQR) / chi^2-to-flat ===
  jit 100 h (ns=1) s0        N= 908 GV=1.511e-09 sigma=[0.0051, 0.0117, 0.0264, 0.0086] chi2=[0.037, 0.043, 0.038, 0.029]
  jit 100 h (ns=1) s1        N= 908 GV=8.238e-10 sigma=[0.0045, 0.0099, 0.0239, 0.0069] chi2=[0.032, 0.032, 0.091, 0.054]
  jit 100 h (ns=1) s2        N= 908 GV=5.989e-10 sigma=[0.0039, 0.0091, 0.0188, 0.0071] chi2=[0.051, 0.046, 0.056, 0.042]
  jit 100 h (ns=1) s3        N= 908 GV=6.547e-10 sigma=[0.0041, 0.0109, 0.0182, 0.0072] chi2=[0.031, 0.051, 0.048, 0.045]
  jit 100 h (ns=1) s4        N= 908 GV=8.006e-10 sigma=[0.0043, 0.0097, 0.0213, 0.007] chi2=[0.021, 0.031, 0.043, 0.037]
[sbc] wrote SBC_OUTPUT/n1_sweep/sbc_filtered_dlogp10.pdf
[corner] shared sims: 908
[corner] median-GV sim (ref 'jit 100 h (ns=1) s0'): 878
[corner] wrote SBC_OUTPUT/n1_sweep/corner_sim878.pdf

done -> SBC_OUTPUT/n1_sweep/  (metrics.csv, metrics.tex, metrics.json, sbc_filtered_dlogp10.pdf, corner_sim878.pdf)
done -> SBC_OUTPUT/n1_sweep/ (metrics.csv, metrics.tex, sbc_filtered_dlogp10.pdf, corner_sim*.pdf)
